ASxxxx Linker V03.00/V05.40 + sdld,  page 1.
Hexadecimal  [32-Bits]

Area                       Addr        Size        Decimal Bytes (Attributes)
--------------------       ----        ----        ------- ----- ------------
.  .ABS.               00000000    00000000 =           0. bytes (ABS,CON)

        Value  Global            Value  Global            Value  Global    
        -----  ------            -----  ------            -----  ------    
     00000000  .__.ABS.  |    00000000  l__BASE   |    00000000  l__BSEG  
     00000000  l__BSS    |    00000000  l__CABS   |    00000000  l__CODE_0
     00000000  l__DABS   |    00000000  l__FLIP_T |    00000000  l__HEADER
     00000000  l__HEAP   |    00000000  l__HEAP_E |    00000000  l__LIT   
     00000000  s__CABS   |    00000000  s__DABS   |    00000000  s__FLIP_T
     00000000  s__FLIP_T |    00000000  s__HEADER |    00000000  s__HEADER
     00000000  s__HEADER |    00000000  s__HEADER |    00000000  s__HEADER
     00000000  s__HEADER |    00000000  s__HEADER |    00000000  s__HEADER
     00000001  ___bank_S |    00000001  ___bank_S |    00000001  ___bank_f
     00000001  ___bank_m |    00000001  ___bank_p |    00000001  ___bank_t
     00000001  b_FadeIn  |    00000001  b_FadeOut |    00000001  b_InitSpr
     00000001  b_InitSta |    00000001  b_SetDefa |    00000001  l__GSFINA
     00000001  l__HEADER |    00000003  l__HEADER |    00000003  l__HEADER
     00000006  l__HEADER |    00000009  l__HEADER |    00000009  l__HEADER
     00000014  l__GSINIT |    0000005D  l__INITIA |    0000005D  l__INITIA
     0000007C  l__HEADER |    00000100  l__FLIP_T |    00000100  s__CODE  
     00000637  l__HOME   |    000006A5  l__DATA   |    00000F82  l__CODE_1
     00002047  l__CODE   |    00002147  s__HOME   |    0000277E  s__BASE  
     0000277E  s__CODE_0 |    0000277E  s__INITIA |    0000277E  s__LIT   
     000027DB  s__GSINIT |    000027EF  s__GSFINA |    0000C000  _shadow_O
     0000C0C0  s__DATA   |    0000C765  s__INITIA |    0000C7C2  s__BSEG  
     0000C7C2  s__BSS    |    0000C7C2  s__HEAP   |    0000C7C2  s__HEAP_E
     0000DEA0  .STACK    |    0000DEA0  _font_rec |    0000DF00  _mirror_O
     00014000  s__CODE_1
ASxxxx Linker V03.00/V05.40 + sdld,  page 2.
Hexadecimal  [32-Bits]

Area                       Addr        Size        Decimal Bytes (Attributes)
--------------------       ----        ----        ------- ----- ------------
_CODE                  00000100    00002047 =        8263. bytes (REL,CON)

        Value  Global            Value  Global            Value  Global    
        -----  ------            -----  ------            -----  ------    
     00000100  _GetTileR |    00000134  _SetState |    0000013C  _main    
     000002E8  _ScrollSe |    000003DB  _UpdateMa |    0000043C  _LoadMap 
     0000065A  _ScrollSe |    00000708  _ScrollIn |    00000766  _ScrollCo
     00000774  _ScrollIn |    00000786  _ScrollIn |    0000079D  _ScrollRe
     000007B7  _ScrollIn |    000007D2  _ScrollSc |    00000831  _InitScro
     0000085B  _ScrollUp |    000008BB  _ScrollUp |    0000090E  _ScrollUp
     0000099E  _ScrollUp |    00000A04  _ScrollUp |    00000A57  _ScrollUp
     00000B0E  _RefreshS |    00000B89  _MoveScro |    00000CE1  _GetScrol
     00000D10  _GetMapSi |    00000D64  _SpriteMa |    00000E55  _SpriteMa
     00001112  _SpriteMa |    00001250  _SpriteMa |    0000126F  _SpriteMa
     0000127B  _SpriteMa |    00001348  _SpriteMa |    0000148D  _SwapOAMs
     000014EB  _ClearOAM |    000014FA  _InitOAMs |    00001515  __mulint 
     00001517  __mul16   |    0000152C  _BufferEx |    00001542  _BufferRo
     00001555  _VectorRe |    00001585  ___sdcc_c |    00001596  _InitSpri
     000016C8  _SetSprit |    00001725  _DrawSpri |    00001AAC  _CheckCol
     00001C09  _set_spri |    00001C8D  ___move_m |    00001D0A  ___sdcc_c
     00001D0B  _memset   |    00001D20  ___memcpy |    00001D20  _memcpy  
     00001D66  _InitWind |    00001D67  ___move_m |    00001DEA  ___move_m
     00001E6D  ___move_m |    00001EF4  _ClampScr |    00001F77  _sfx_soun
     00001F90  _UPDATE_T |    000020C3  ___sdcc_b |    000020D6  ___sdcc_c
     000020D8  __moducha |    000020DF  __moduint |    000020E4  _GetSprit
     00002113  __divucha |    00002115  __divu8   |    00002118  __divu16 
     00002118  __divuint
ASxxxx Linker V03.00/V05.40 + sdld,  page 3.
Hexadecimal  [32-Bits]

Area                       Addr        Size        Decimal Bytes (Attributes)
--------------------       ----        ----        ------- ----- ------------
_HEADER0               00000000    00000006 =           6. bytes (ABS,CON)

        Value  Global            Value  Global            Value  Global    
        -----  ------            -----  ------            -----  ------    
ASxxxx Linker V03.00/V05.40 + sdld,  page 4.
Hexadecimal  [32-Bits]

Area                       Addr        Size        Decimal Bytes (Attributes)
--------------------       ----        ----        ------- ----- ------------
_HEADER1               00000000    00000009 =           9. bytes (ABS,CON)

        Value  Global            Value  Global            Value  Global    
        -----  ------            -----  ------            -----  ------    
     00000010  _WRITE_VD
ASxxxx Linker V03.00/V05.40 + sdld,  page 5.
Hexadecimal  [32-Bits]

Area                       Addr        Size        Decimal Bytes (Attributes)
--------------------       ----        ----        ------- ----- ------------
_HEADER2               00000000    00000009 =           9. bytes (ABS,CON)

        Value  Global            Value  Global            Value  Global    
        -----  ------            -----  ------            -----  ------    
     00000020  _WRITE_VD
ASxxxx Linker V03.00/V05.40 + sdld,  page 6.
Hexadecimal  [32-Bits]

Area                       Addr        Size        Decimal Bytes (Attributes)
--------------------       ----        ----        ------- ----- ------------
_HEADER3               00000000    00000001 =           1. bytes (ABS,CON)

        Value  Global            Value  Global            Value  Global    
        -----  ------            -----  ------            -----  ------    
     00000030  .call_hl 
ASxxxx Linker V03.00/V05.40 + sdld,  page 7.
Hexadecimal  [32-Bits]

Area                       Addr        Size        Decimal Bytes (Attributes)
--------------------       ----        ----        ------- ----- ------------
_HEADER4               00000000    00000003 =           3. bytes (ABS,CON)

        Value  Global            Value  Global            Value  Global    
        -----  ------            -----  ------            -----  ------    
ASxxxx Linker V03.00/V05.40 + sdld,  page 8.
Hexadecimal  [32-Bits]

Area                       Addr        Size        Decimal Bytes (Attributes)
--------------------       ----        ----        ------- ----- ------------
_HEADER5               00000000    00000003 =           3. bytes (ABS,CON)

        Value  Global            Value  Global            Value  Global    
        -----  ------            -----  ------            -----  ------    
ASxxxx Linker V03.00/V05.40 + sdld,  page 9.
Hexadecimal  [32-Bits]

Area                       Addr        Size        Decimal Bytes (Attributes)
--------------------       ----        ----        ------- ----- ------------
_HEADER6               00000000    0000007C =         124. bytes (ABS,CON)

        Value  Global            Value  Global            Value  Global    
        -----  ------            -----  ------            -----  ------    
     00000080  .init    
ASxxxx Linker V03.00/V05.40 + sdld,  page 10.
Hexadecimal  [32-Bits]

Area                       Addr        Size        Decimal Bytes (Attributes)
--------------------       ----        ----        ------- ----- ------------
_HOME                  00002147    00000637 =        1591. bytes (REL,CON)

        Value  Global            Value  Global            Value  Global    
        -----  ------            -----  ------            -----  ------    
     00002176  .CRT_DEFA |    00002186  .memset_s |    0000218F  .memcpy_s
     00002195  .wait_vbl |    00002195  _vsync    |    00002195  _wait_vbl
     000021A7  _StateDes |    000021A8  _INT_ISR  |    00002234  .remove_L
     00002234  _remove_L |    00002237  .add_LCD  |    00002237  _add_LCD 
     0000223B  _add_VBL  |    0000223D  .add_VBL  |    00002240  .add_int 
     0000224C  _remove_V |    0000224E  .remove_V |    00002251  .remove_i
     0000226D  _add_JOY  |    0000226D  _add_SIO  |    0000226D  _remove_J
     0000226D  _remove_S |    0000226E  _MUSIC_is |    000022C3  ___PlayMu
     00002307  _NMI_ISR  |    00002309  _SetPalet |    000023C7  .OUTI128 
     00002447  .OUTI64   |    00002487  .OUTI32   |    000024A7  .OUTI16  
     000024C7  .OUTI_END |    000024C8  _set_vram |    000024E3  _set_spri
     000024E3  _set_spri |    000024E6  _set_bkg_ |    000024E6  _set_bkg_
     000024E6  _set_nati |    0000251A  _joypad_i |    00002540  _joypad_e
     00002567  _sfx_play |    000025A9  _VBL_isr  |    000025ED  _set_pale
     0000260A  _set_pale |    0000263D  _SyncVBla |    00002658  .coords_t
     000026C6  _get_bkg_ |    000026CE  _set_spri |    000026D1  _set_nati
     00002710  _set_vram |    00002722  _set_attr |    0000273E  _set_tile
     0000275D  _set_attr
ASxxxx Linker V03.00/V05.40 + sdld,  page 11.
Hexadecimal  [32-Bits]

Area                       Addr        Size        Decimal Bytes (Attributes)
--------------------       ----        ----        ------- ----- ------------
_INITIALIZER           0000277E    0000005D =          93. bytes (REL,CON)

        Value  Global            Value  Global            Value  Global    
        -----  ------            -----  ------            -----  ------    
ASxxxx Linker V03.00/V05.40 + sdld,  page 12.
Hexadecimal  [32-Bits]

Area                       Addr        Size        Decimal Bytes (Attributes)
--------------------       ----        ----        ------- ----- ------------
_GSINIT                000027DB    00000014 =          20. bytes (REL,CON)

        Value  Global            Value  Global            Value  Global    
        -----  ------            -----  ------            -----  ------    
     000027DB  .gsinit  
ASxxxx Linker V03.00/V05.40 + sdld,  page 13.
Hexadecimal  [32-Bits]

Area                       Addr        Size        Decimal Bytes (Attributes)
--------------------       ----        ----        ------- ----- ------------
_GSFINAL               000027EF    00000001 =           1. bytes (REL,CON)

        Value  Global            Value  Global            Value  Global    
        -----  ------            -----  ------            -----  ------    
ASxxxx Linker V03.00/V05.40 + sdld,  page 14.
Hexadecimal  [32-Bits]

Area                       Addr        Size        Decimal Bytes (Attributes)
--------------------       ----        ----        ------- ----- ------------
_DATA                  0000C0C0    000006A5 =        1701. bytes (REL,CON)

        Value  Global            Value  Global            Value  Global    
        -----  ------            -----  ------            -----  ------    
     0000C0C0  __BIOS    |    0000C0C1  __SYSTEM  |    0000C0C2  _stateBan
     0000C0C3  _startFun |    0000C0C5  _updateFu |    0000C0C7  _destroyF
     0000C0C9  _spriteBa |    0000C0CA  _spriteDa |    0000C0CB  _spriteSt
     0000C0CD  _spriteUp |    0000C0CF  _spriteDe |    0000C0D1  _spriteDa
     0000C0D3  _spriteFl |    0000C0D4  _spriteId |    0000C0D5  _spriteId
     0000C0D6  _spriteId |    0000C0D7  _spriteId |    0000C0D8  _spritePa
     0000C0D9  _delta_ti |    0000C0DA  _current_ |    0000C0DB  _scroll_w
     0000C0DD  _scroll_h |    0000C0DF  _scroll_t |    0000C0E1  _scroll_t
     0000C0E3  _scroll_c |    0000C1E3  _scroll_t |    0000C2E3  _scroll_b
     0000C2E4  _pending_ |    0000C2E6  _pending_ |    0000C2E8  _pending_
     0000C2E9  _pending_ |    0000C2EB  _pending_ |    0000C2ED  _pending_
     0000C2EE  _hud_map_ |    0000C2F0  _tiles_ba |    0000C2F1  _tiles_0 
     0000C2F3  _scroll_p |    0000C2F5  _scroll_c |    0000C302  _ZGB_Fadi
     0000C312  _ZGB_Fadi |    0000C342  _compensa |    0000C345  _sprite_m
     0000C6B5  _sprite_m |    0000C6DD  _sprite_m |    0000C6F1  _sprite_m
     0000C706  _sprite_m |    0000C707  _last_spr |    0000C709  _last_spr
     0000C70A  _prev_scr |    0000C70D  _joypads  |    0000C712  _old_joyp
     0000C75B  ___curren |    0000C75D  ___curren |    0000C75E  _sfx_fram
ASxxxx Linker V03.00/V05.40 + sdld,  page 15.
Hexadecimal  [32-Bits]

Area                       Addr        Size        Decimal Bytes (Attributes)
--------------------       ----        ----        ------- ----- ------------
_INITIALIZED           0000C765    0000005D =          93. bytes (REL,CON)

        Value  Global            Value  Global            Value  Global    
        -----  ------            -----  ------            -----  ------    
     0000C765  _shadow_V |    0000C766  _shadow_V |    0000C767  _shadow_V
     0000C768  _shadow_V |    0000C769  _shadow_V |    0000C76A  _shadow_V
     0000C76B  _shadow_V |    0000C76C  _shadow_V |    0000C76C  _shadow_V
     0000C76D  _shadow_V |    0000C76D  _shadow_V |    0000C76E  _shadow_V
     0000C76E  _shadow_V |    0000C76F  _shadow_V |    0000C770  .shadow_V
     0000C770  .sys_time |    0000C770  _sys_time |    0000C772  .vbl_done
     0000C772  __vbl_don |    0000C773  .vdp_shif |    0000C773  _VDP_ATTR
     0000C774  __shadow_ |    0000C775  __shadow_ |    0000C776  __sprites
     0000C777  .mode     |    0000C778  _next_sta |    0000C779  __is_SGB 
     0000C77A  _state_ru |    0000C77B  _fade_mod |    0000C77C  _vbl_coun
     0000C77D  _scroll_t |    0000C77E  _scroll_b |    0000C77F  _scroll_m
     0000C781  _scroll_c |    0000C783  _scroll_x |    0000C785  _scroll_y
     0000C787  _scroll_x |    0000C789  _scroll_y |    0000C78B  _scroll_t
     0000C78D  _scroll_o |    0000C78E  _scroll_o |    0000C78F  _scroll_h
     0000C791  _clamp_en |    0000C792  _pending_ |    0000C794  _pending_
     0000C796  _pending_ |    0000C798  _pending_ |    0000C79A  _last_til
     0000C79B  .TIM_DISP |    0000C7A7  _music_pa |    0000C7A8  _music_mu
     0000C7A9  _sfx_prio |    0000C7AA  _last_mus |    0000C7AC  _last_mus
     0000C7AD  _stop_mus |    0000C7AE  _last_bg_ |    0000C7AF  _sprite_m
     0000C7B1  _sprite_t |    0000C7B3  _enable_f |    0000C7B4  _THIS_IDX
     0000C7B5  _THIS     |    0000C7B7  _next_oam |    0000C7B8  _oam     
     0000C7BA  _oam0     |    0000C7BC  _oam1     |    0000C7BE  ___render
     0000C7BF  _sfx_play |    0000C7C0  _sfx_play
ASxxxx Linker V03.00/V05.40 + sdld,  page 16.
Hexadecimal  [32-Bits]

Area                       Addr        Size        Decimal Bytes (Attributes)
--------------------       ----        ----        ------- ----- ------------
_CODE_1                00014000    00000F82 =        3970. bytes (REL,CON)

        Value  Global            Value  Global            Value  Global    
        -----  ------            -----  ------            -----  ------    
     00014000  ___func_f |    00014000  _font_pal |    00014010  _font_tab
     00014090  _font_til |    00014670  _font_fon |    00014678  _font    
     00014680  ___func_m |    00014680  _map_map  |    00014950  _map     
     0001495E  _Start_Sp |    00014968  _Update_S |    00014AA3  _Destroy_
     00014AA4  _InitStat |    00014AE0  _InitSpri |    00014B52  ___func_p
     00014B52  _player_p |    00014B62  _player_t |    00014BE2  _player_m
     00014BEB  _player_m |    00014BED  _player   |    00014BF8  ___func_t
     00014BF8  _tiles_pa |    00014C08  _tiles_ti |    00014C48  _tiles_ti
     00014C4A  _tiles    |    00014C52  _Start_St |    00014C74  _Update_S
     00014C75  _UpdateCo |    00014E67  _FadeStep |    00014F07  _FadeIn  
     00014F2E  _FadeOut  |    00014F41  _SetDefau |    00014F72  _default_
ASxxxx Linker V03.00/V05.40 + sdld,  page 17.
Hexadecimal  [32-Bits]

Area                       Addr        Size        Decimal Bytes (Attributes)
--------------------       ----        ----        ------- ----- ------------
_FLIP_TABLE0           00000000    00000100 =         256. bytes (ABS,CON)

        Value  Global            Value  Global            Value  Global    
        -----  ------            -----  ------            -----  ------    
     00003F00  _flip_rec
ASxxxx Linker V03.00/V05.40 + sdld,  page 18.

Files Linked                              [ module(s) ]

C:\Users\franc\Documents\Projets\Perso\GameBoyProjects\GBDK\lib/sms/crt0.o
                                          [ Runtime ]
../obj/Release/sms/ZGBMain.rel            [ ZGBMain ]
../obj/Release/sms/res/font.png.rel       [ font_png ]
../obj/Release/sms/res/map.png.rel        [ map_png ]
../obj/Release/sms/SpritePlayer.rel       [ SpritePlayer ]
../obj/Release/sms/ZGBMain_Init.rel       [ ZGBMain_Init ]
../obj/Release/sms/res/sprites/player.png.rel
                                          [ player_png ]
../obj/Release/sms/res/tiles.png.rel      [ tiles_png ]
../obj/Release/sms/StateGame.rel          [ StateGame ]


Libraries Linked                          [ object file ]

../obj/Release/sms/zgb/zgb.lib            [ main.o ]
../obj/Release/sms/zgb/zgb.lib            [ Scroll.o ]
../obj/Release/sms/zgb/zgb.lib            [ Fade.o ]
C:\Users\franc\Documents\Projets\Perso\GameBoyProjects\GBDK\lib/sms/sms.lib
                                          [ sms_int.o ]
../obj/Release/sms/zgb/zgb.lib            [ Music.o ]
C:\Users\franc\Documents\Projets\Perso\GameBoyProjects\GBDK\lib/sms/sms.lib
                                          [ nmi.o ]
../obj/Release/sms/zgb/zgb.lib            [ Palette.o ]
../obj/Release/sms/zgb/zgb.lib            [ SpriteManager.o ]
../obj/Release/sms/zgb/zgb.lib            [ OAMManager.o ]
C:\Users\franc\Documents\Projets\Perso\GameBoyProjects\GBDK\lib/sms/sms.lib
                                          [ outi.o ]
C:\Users\franc\Documents\Projets\Perso\GameBoyProjects\GBDK\lib/z80/z80.lib
                                          [ mul.o ]
../obj/Release/sms/zgb/zgb.lib            [ Keys.o ]
../obj/Release/sms/zgb/zgb.lib            [ uram_utils.o ]
../obj/Release/sms/zgb/zgb.lib            [ Vector.o ]
C:\Users\franc\Documents\Projets\Perso\GameBoyProjects\GBDK\lib/sms/sms.lib
                                          [ sms_set_native_data.o ]
C:\Users\franc\Documents\Projets\Perso\GameBoyProjects\GBDK\lib/z80/z80.lib
                                          [ __sdcc_critical.o ]
C:\Users\franc\Documents\Projets\Perso\GameBoyProjects\GBDK\lib/sms/sms.lib
                                          [ pad_ex.o ]
../obj/Release/sms/zgb/zgb.lib            [ Sprite.o ]
../obj/Release/sms/zgb/zgb.lib            [ Flip.o ]
C:\Users\franc\Documents\Projets\Perso\GameBoyProjects\GBDK\lib/sms/sms.lib
                                          [ sms_metasprites.o ]
C:\Users\franc\Documents\Projets\Perso\GameBoyProjects\GBDK\lib/z80/z80.lib
                                          [ __sdcc_call_hl.o ]
C:\Users\franc\Documents\Projets\Perso\GameBoyProjects\GBDK\lib/z80/z80.lib
                                          [ memset.o ]
C:\Users\franc\Documents\Projets\Perso\GameBoyProjects\GBDK\lib/z80/z80.lib
                                          [ memcpy.o ]
../obj/Release/sms/zgb/zgb.lib            [ Window.o ]
C:\Users\franc\Documents\Projets\Perso\GameBoyProjects\GBDK\lib/sms/sms.lib
                                          [ sms_metasprites_flip.o ]
../obj/Release/sms/zgb/zgb.lib            [ DefScrollLimits.o ]
../obj/Release/sms/zgb/zgb.lib            [ sfxplayer.o ]
../obj/Release/sms/zgb/zgb.lib            [ ScrollUpdateTile.o ]
C:\Users\franc\Documents\Projets\Perso\GameBoyProjects\GBDK\lib/sms/sms.lib
                                          [ ___sdcc_bcall_ehl.o ]
../obj/Release/sms/zgb/zgb.lib            [ DefVBlankHandler.o ]
C:\Users\franc\Documents\Projets\Perso\GameBoyProjects\GBDK\lib/z80/z80.lib
                                          [ __sdcc_call_iy.o ]
C:\Users\franc\Documents\Projets\Perso\GameBoyProjects\GBDK\lib/sms/sms.lib
                                          [ palette.o ]
../obj/Release/sms/zgb/zgb.lib            [ DefVSync.o ]
C:\Users\franc\Documents\Projets\Perso\GameBoyProjects\GBDK\lib/sms/sms.lib
                                          [ coords_to_address.o ]
C:\Users\franc\Documents\Projets\Perso\GameBoyProjects\GBDK\lib/z80/z80.lib
                                          [ modunsigned.o ]
../obj/Release/sms/zgb/zgb.lib            [ sms_set_native_tiles_flip.o ]
../obj/Release/sms/zgb/zgb.lib            [ flip_table.o ]
../obj/Release/sms/zgb/zgb.lib            [ DefAnimHandler.o ]
C:\Users\franc\Documents\Projets\Perso\GameBoyProjects\GBDK\lib/z80/z80.lib
                                          [ divunsigned.o ]
C:\Users\franc\Documents\Projets\Perso\GameBoyProjects\GBDK\lib/sms/sms.lib
                                          [ set_tile.o ]

ASxxxx Linker V03.00/V05.40 + sdld,  page 19.

User Base Address Definitions

_DATA=0xC0C0
_CODE=0x0100
ASxxxx Linker V03.00/V05.40 + sdld,  page 20.

User Global Definitions

.STACK=0xDEA0
_mirror_OAM=0xDF00
_font_recode_table=0xDEA0
_shadow_OAM=0xC000

