                                      1 ;--------------------------------------------------------
                                      2 ; File Created by SDCC : free open source ISO C Compiler
                                      3 ; Version 4.5.1 #15267 (MINGW64)
                                      4 ;--------------------------------------------------------
                                      5 	.module StateGame
                                      6 	
                                      7 ;--------------------------------------------------------
                                      8 ; Public variables in this module
                                      9 ;--------------------------------------------------------
                                     10 	.globl _Update_StateGame
                                     11 	.globl _Start_StateGame
                                     12 	.globl _InitScroll
                                     13 	.globl _SpriteManagerAddEx
                                     14 	.globl ___bank_StateGame
                                     15 ;--------------------------------------------------------
                                     16 ; special function registers
                                     17 ;--------------------------------------------------------
                         00000000    18 _GG_STATE	=	0x0000
                         00000001    19 _GG_EXT_7BIT	=	0x0001
                         00000002    20 _GG_EXT_CTL	=	0x0002
                         00000003    21 _GG_SIO_SEND	=	0x0003
                         00000004    22 _GG_SIO_RECV	=	0x0004
                         00000005    23 _GG_SIO_CTL	=	0x0005
                         00000006    24 _GG_SOUND_PAN	=	0x0006
                         0000003E    25 _MEMORY_CTL	=	0x003e
                         0000003F    26 _JOY_CTL	=	0x003f
                         0000007E    27 _VCOUNTER	=	0x007e
                         0000007F    28 _PSG	=	0x007f
                         0000007F    29 _HCOUNTER	=	0x007f
                         000000BE    30 _VDP_DATA	=	0x00be
                         000000BF    31 _VDP_CMD	=	0x00bf
                         000000BF    32 _VDP_STATUS	=	0x00bf
                         000000DC    33 _JOY_PORT1	=	0x00dc
                         000000DD    34 _JOY_PORT2	=	0x00dd
                         000000F0    35 _FMADDRESS	=	0x00f0
                         000000F1    36 _FMDATA	=	0x00f1
                         000000F2    37 _AUDIOCTRL	=	0x00f2
                                     38 ;--------------------------------------------------------
                                     39 ; ram data
                                     40 ;--------------------------------------------------------
                                     41 	.area _DATA
                         0000FFFC    42 _RAM_CONTROL	=	0xfffc
                         0000FFF8    43 _GLASSES_3D	=	0xfff8
                         0000FFFD    44 _MAP_FRAME0	=	0xfffd
                         0000FFFE    45 _MAP_FRAME1	=	0xfffe
                         0000FFFF    46 _MAP_FRAME2	=	0xffff
                                     47 ;--------------------------------------------------------
                                     48 ; ram data
                                     49 ;--------------------------------------------------------
                                     50 	.area _INITIALIZED
                                     51 ;--------------------------------------------------------
                                     52 ; absolute external ram data
                                     53 ;--------------------------------------------------------
                                     54 	.area _DABS (ABS)
                                     55 ;--------------------------------------------------------
                                     56 ; global & static initialisations
                                     57 ;--------------------------------------------------------
                                     58 	.area _HOME
                                     59 	.area _GSINIT
                                     60 	.area _GSFINAL
                                     61 	.area _GSINIT
                                     62 ;--------------------------------------------------------
                                     63 ; Home
                                     64 ;--------------------------------------------------------
                                     65 	.area _HOME
                                     66 	.area _HOME
                                     67 ;--------------------------------------------------------
                                     68 ; code
                                     69 ;--------------------------------------------------------
                                     70 	.area _CODE_255
                                     71 ;StateGame.c:9: void START(void) {
                                     72 ;	---------------------------------
                                     73 ; Function Start_StateGame
                                     74 ; ---------------------------------
    00000000                         75 _Start_StateGame::
                                     76 ;C:/Users/franc/Documents/Projets/Perso/GameBoyProjects/CrossZGB/common/include/SpriteManager.h:45: return SpriteManagerAddEx(sprite_type, x, y, NULL);
    00000000 21 00 00         [10]   77 	ld	hl, #0x0000
    00000003 E5               [11]   78 	push	hl
    00000004 2E 78            [ 7]   79 	ld	l, #0x78
    00000006 E5               [11]   80 	push	hl
    00000007 11 50 00         [10]   81 	ld	de, #0x0050
    0000000A AF               [ 4]   82 	xor	a, a
    0000000B CDr00r00         [17]   83 	call	_SpriteManagerAddEx
                                     84 ;StateGame.c:11: InitScroll(BANK(map), &map, 0, 0);
    0000000E 3Er00            [ 7]   85 	ld	a, #<(___bank_map)
    00000010 21 00 00         [10]   86 	ld	hl, #0x0000
    00000013 E5               [11]   87 	push	hl
    00000014 E5               [11]   88 	push	hl
    00000015 11r00r00         [10]   89 	ld	de, #_map
    00000018 CDr00r00         [17]   90 	call	_InitScroll
                                     91 ;StateGame.c:12: scroll_target = NULL;
    0000001B 21 00 00         [10]   92 	ld	hl, #0x0000
    0000001E 22r00r00         [16]   93 	ld	(_scroll_target), hl
                                     94 ;StateGame.c:13: }
    00000021 C9               [10]   95 	ret
                         000000FF    96 ___bank_StateGame	=	0x00ff
                                     97 ;StateGame.c:15: void UPDATE(void) {
                                     98 ;	---------------------------------
                                     99 ; Function Update_StateGame
                                    100 ; ---------------------------------
    00000022                        101 _Update_StateGame::
                                    102 ;StateGame.c:16: }
    00000022 C9               [10]  103 	ret
                                    104 	.area _CODE_255
                                    105 	.area _INITIALIZER
                                    106 	.area _CABS (ABS)
