                                      1 ;--------------------------------------------------------
                                      2 ; File Created by SDCC : free open source ISO C Compiler
                                      3 ; Version 4.5.1 #15267 (MINGW64)
                                      4 ;--------------------------------------------------------
                                      5 	.module ZGBMain
                                      6 	
                                      7 ;--------------------------------------------------------
                                      8 ; Public variables in this module
                                      9 ;--------------------------------------------------------
                                     10 	.globl _GetTileReplacement
                                     11 	.globl _next_state
                                     12 ;--------------------------------------------------------
                                     13 ; special function registers
                                     14 ;--------------------------------------------------------
                         00000000    15 _GG_STATE	=	0x0000
                         00000001    16 _GG_EXT_7BIT	=	0x0001
                         00000002    17 _GG_EXT_CTL	=	0x0002
                         00000003    18 _GG_SIO_SEND	=	0x0003
                         00000004    19 _GG_SIO_RECV	=	0x0004
                         00000005    20 _GG_SIO_CTL	=	0x0005
                         00000006    21 _GG_SOUND_PAN	=	0x0006
                         0000003E    22 _MEMORY_CTL	=	0x003e
                         0000003F    23 _JOY_CTL	=	0x003f
                         0000007E    24 _VCOUNTER	=	0x007e
                         0000007F    25 _PSG	=	0x007f
                         0000007F    26 _HCOUNTER	=	0x007f
                         000000BE    27 _VDP_DATA	=	0x00be
                         000000BF    28 _VDP_CMD	=	0x00bf
                         000000BF    29 _VDP_STATUS	=	0x00bf
                         000000DC    30 _JOY_PORT1	=	0x00dc
                         000000DD    31 _JOY_PORT2	=	0x00dd
                         000000F0    32 _FMADDRESS	=	0x00f0
                         000000F1    33 _FMDATA	=	0x00f1
                         000000F2    34 _AUDIOCTRL	=	0x00f2
                                     35 ;--------------------------------------------------------
                                     36 ; ram data
                                     37 ;--------------------------------------------------------
                                     38 	.area _DATA
                         0000FFFC    39 _RAM_CONTROL	=	0xfffc
                         0000FFF8    40 _GLASSES_3D	=	0xfff8
                         0000FFFD    41 _MAP_FRAME0	=	0xfffd
                         0000FFFE    42 _MAP_FRAME1	=	0xfffe
                         0000FFFF    43 _MAP_FRAME2	=	0xffff
                                     44 ;--------------------------------------------------------
                                     45 ; ram data
                                     46 ;--------------------------------------------------------
                                     47 	.area _INITIALIZED
    00000000                         48 _next_state::
    00000000                         49 	.ds 1
                                     50 ;--------------------------------------------------------
                                     51 ; absolute external ram data
                                     52 ;--------------------------------------------------------
                                     53 	.area _DABS (ABS)
                                     54 ;--------------------------------------------------------
                                     55 ; global & static initialisations
                                     56 ;--------------------------------------------------------
                                     57 	.area _HOME
                                     58 	.area _GSINIT
                                     59 	.area _GSFINAL
                                     60 	.area _GSINIT
                                     61 ;--------------------------------------------------------
                                     62 ; Home
                                     63 ;--------------------------------------------------------
                                     64 	.area _HOME
                                     65 	.area _HOME
                                     66 ;--------------------------------------------------------
                                     67 ; code
                                     68 ;--------------------------------------------------------
                                     69 	.area _CODE
                                     70 ;ZGBMain.c:6: UINT8 GetTileReplacement(UINT8* tile_ptr, UINT8* tile) {
                                     71 ;	---------------------------------
                                     72 ; Function GetTileReplacement
                                     73 ; ---------------------------------
    00000000                         74 _GetTileReplacement::
    00000000 DD E5            [15]   75 	push	ix
    00000002 DD 21 00 00      [14]   76 	ld	ix,#0
    00000006 DD 39            [15]   77 	add	ix,sp
    00000008 3B               [ 6]   78 	dec	sp
    00000009 4D               [ 4]   79 	ld	c, l
    0000000A 44               [ 4]   80 	ld	b, h
                                     81 ;ZGBMain.c:7: if(current_state == StateGame) {
    0000000B 3Ar00r00         [13]   82 	ld	a, (_current_state+0)
    0000000E B7               [ 4]   83 	or	a, a
    0000000F 20 1D            [12]   84 	jr	NZ, 00104$
                                     85 ;ZGBMain.c:8: if(U_LESS_THAN(255 - (UINT16)*tile_ptr, N_SPRITE_TYPES)) {
    00000011 0A               [ 7]   86 	ld	a, (bc)
    00000012 DD 77 FF         [19]   87 	ld	-1 (ix), a
    00000015 6F               [ 4]   88 	ld	l, a
    00000016 26 00            [ 7]   89 	ld	h, #0x00
    00000018 3E FE            [ 7]   90 	ld	a, #0xfe
    0000001A 95               [ 4]   91 	sub	a, l
    0000001B 9F               [ 4]   92 	sbc	a, a
    0000001C 94               [ 4]   93 	sub	a, h
    0000001D CB 7F            [ 8]   94 	bit	7,a
    0000001F 28 09            [12]   95 	jr	Z, 00102$
                                     96 ;ZGBMain.c:9: *tile = 0;
    00000021 AF               [ 4]   97 	xor	a, a
    00000022 12               [ 7]   98 	ld	(de), a
                                     99 ;ZGBMain.c:10: return 255 - (UINT16)*tile_ptr;
    00000023 0A               [ 7]  100 	ld	a, (bc)
    00000024 4F               [ 4]  101 	ld	c, a
    00000025 3E FF            [ 7]  102 	ld	a, #0xff
    00000027 91               [ 4]  103 	sub	a, c
    00000028 18 06            [12]  104 	jr	00105$
    0000002A                        105 00102$:
                                    106 ;ZGBMain.c:13: *tile = *tile_ptr;
    0000002A DD 7E FF         [19]  107 	ld	a, -1 (ix)
    0000002D 12               [ 7]  108 	ld	(de), a
    0000002E                        109 00104$:
                                    110 ;ZGBMain.c:16: return 255u;
    0000002E 3E FF            [ 7]  111 	ld	a, #0xff
    00000030                        112 00105$:
                                    113 ;ZGBMain.c:17: }
    00000030 33               [ 6]  114 	inc	sp
    00000031 DD E1            [14]  115 	pop	ix
    00000033 C9               [10]  116 	ret
                                    117 	.area _CODE
                                    118 	.area _INITIALIZER
    00000000                        119 __xinit__next_state:
    00000000 00                     120 	.db #0x00	; 0
                                    121 	.area _CABS (ABS)
