                                      1 ;--------------------------------------------------------
                                      2 ; File Created by SDCC : free open source ISO C Compiler
                                      3 ; Version 4.5.1 #15267 (MINGW64)
                                      4 ;--------------------------------------------------------
                                      5 	.module font_png
                                      6 	
                                      7 ;--------------------------------------------------------
                                      8 ; Public variables in this module
                                      9 ;--------------------------------------------------------
                                     10 	.globl _font
                                     11 	.globl _font_font
                                     12 	.globl _font_tiles
                                     13 	.globl _font_table
                                     14 	.globl _font_palettes
                                     15 	.globl b___func_font
                                     16 	.globl ___func_font
                                     17 ;--------------------------------------------------------
                                     18 ; special function registers
                                     19 ;--------------------------------------------------------
                         00000000    20 _GG_STATE	=	0x0000
                         00000001    21 _GG_EXT_7BIT	=	0x0001
                         00000002    22 _GG_EXT_CTL	=	0x0002
                         00000003    23 _GG_SIO_SEND	=	0x0003
                         00000004    24 _GG_SIO_RECV	=	0x0004
                         00000005    25 _GG_SIO_CTL	=	0x0005
                         00000006    26 _GG_SOUND_PAN	=	0x0006
                         0000003E    27 _MEMORY_CTL	=	0x003e
                         0000003F    28 _JOY_CTL	=	0x003f
                         0000007E    29 _VCOUNTER	=	0x007e
                         0000007F    30 _PSG	=	0x007f
                         0000007F    31 _HCOUNTER	=	0x007f
                         000000BE    32 _VDP_DATA	=	0x00be
                         000000BF    33 _VDP_CMD	=	0x00bf
                         000000BF    34 _VDP_STATUS	=	0x00bf
                         000000DC    35 _JOY_PORT1	=	0x00dc
                         000000DD    36 _JOY_PORT2	=	0x00dd
                         000000F0    37 _FMADDRESS	=	0x00f0
                         000000F1    38 _FMDATA	=	0x00f1
                         000000F2    39 _AUDIOCTRL	=	0x00f2
                                     40 ;--------------------------------------------------------
                                     41 ; ram data
                                     42 ;--------------------------------------------------------
                                     43 	.area _DATA
                         0000FFFC    44 _RAM_CONTROL	=	0xfffc
                         0000FFF8    45 _GLASSES_3D	=	0xfff8
                         0000FFFD    46 _MAP_FRAME0	=	0xfffd
                         0000FFFE    47 _MAP_FRAME1	=	0xfffe
                         0000FFFF    48 _MAP_FRAME2	=	0xffff
                                     49 ;--------------------------------------------------------
                                     50 ; ram data
                                     51 ;--------------------------------------------------------
                                     52 	.area _INITIALIZED
                                     53 ;--------------------------------------------------------
                                     54 ; absolute external ram data
                                     55 ;--------------------------------------------------------
                                     56 	.area _DABS (ABS)
                                     57 ;--------------------------------------------------------
                                     58 ; global & static initialisations
                                     59 ;--------------------------------------------------------
                                     60 	.area _HOME
                                     61 	.area _GSINIT
                                     62 	.area _GSFINAL
                                     63 	.area _GSINIT
                                     64 ;--------------------------------------------------------
                                     65 ; Home
                                     66 ;--------------------------------------------------------
                                     67 	.area _HOME
                                     68 	.area _HOME
                                     69 ;--------------------------------------------------------
                                     70 ; code
                                     71 ;--------------------------------------------------------
                                     72 	.area _CODE_255
                                     73 ;../obj/Release/sms/res/font.png.c:6: BANKREF(font)
                                     74 ;	---------------------------------
                                     75 ; Function __func_font
                                     76 ; ---------------------------------
                         000000FF    77 	b___func_font	= 255
    00000000                         78 ___func_font::
                                     79 	.local b___func_font 
                         000000FF    80 	___bank_font = b___func_font 
                                     81 	.globl ___bank_font 
                                     82 	.area _CODE_255
    00000000                         83 _font_palettes:
    00000000 0F                      84 	.db #0x0f	; 15
    00000001 18                      85 	.db #0x18	; 24
    00000002 04                      86 	.db #0x04	; 4
    00000003 00                      87 	.db #0x00	; 0
    00000004 00                      88 	.db #0x00	; 0
    00000005 00                      89 	.db #0x00	; 0
    00000006 00                      90 	.db #0x00	; 0
    00000007 00                      91 	.db #0x00	; 0
    00000008 00                      92 	.db #0x00	; 0
    00000009 00                      93 	.db #0x00	; 0
    0000000A 00                      94 	.db #0x00	; 0
    0000000B 00                      95 	.db #0x00	; 0
    0000000C 00                      96 	.db #0x00	; 0
    0000000D 00                      97 	.db #0x00	; 0
    0000000E 00                      98 	.db #0x00	; 0
    0000000F 00                      99 	.db #0x00	; 0
    00000010                        100 _font_table:
    00000010 00                     101 	.db #0x00	; 0
    00000011 00                     102 	.db #0x00	; 0
    00000012 00                     103 	.db #0x00	; 0
    00000013 00                     104 	.db #0x00	; 0
    00000014 00                     105 	.db #0x00	; 0
    00000015 00                     106 	.db #0x00	; 0
    00000016 00                     107 	.db #0x00	; 0
    00000017 00                     108 	.db #0x00	; 0
    00000018 00                     109 	.db #0x00	; 0
    00000019 00                     110 	.db #0x00	; 0
    0000001A 00                     111 	.db #0x00	; 0
    0000001B 00                     112 	.db #0x00	; 0
    0000001C 00                     113 	.db #0x00	; 0
    0000001D 00                     114 	.db #0x00	; 0
    0000001E 00                     115 	.db #0x00	; 0
    0000001F 00                     116 	.db #0x00	; 0
    00000020 00                     117 	.db #0x00	; 0
    00000021 00                     118 	.db #0x00	; 0
    00000022 00                     119 	.db #0x00	; 0
    00000023 00                     120 	.db #0x00	; 0
    00000024 00                     121 	.db #0x00	; 0
    00000025 00                     122 	.db #0x00	; 0
    00000026 00                     123 	.db #0x00	; 0
    00000027 00                     124 	.db #0x00	; 0
    00000028 00                     125 	.db #0x00	; 0
    00000029 00                     126 	.db #0x00	; 0
    0000002A 00                     127 	.db #0x00	; 0
    0000002B 00                     128 	.db #0x00	; 0
    0000002C 00                     129 	.db #0x00	; 0
    0000002D 00                     130 	.db #0x00	; 0
    0000002E 00                     131 	.db #0x00	; 0
    0000002F 00                     132 	.db #0x00	; 0
    00000030 00                     133 	.db #0x00	; 0
    00000031 01                     134 	.db #0x01	; 1
    00000032 02                     135 	.db #0x02	; 2
    00000033 00                     136 	.db #0x00	; 0
    00000034 00                     137 	.db #0x00	; 0
    00000035 00                     138 	.db #0x00	; 0
    00000036 00                     139 	.db #0x00	; 0
    00000037 02                     140 	.db #0x02	; 2
    00000038 03                     141 	.db #0x03	; 3
    00000039 04                     142 	.db #0x04	; 4
    0000003A 00                     143 	.db #0x00	; 0
    0000003B 00                     144 	.db #0x00	; 0
    0000003C 00                     145 	.db #0x00	; 0
    0000003D 05                     146 	.db #0x05	; 5
    0000003E 06                     147 	.db #0x06	; 6
    0000003F 00                     148 	.db #0x00	; 0
    00000040 07                     149 	.db #0x07	; 7
    00000041 08                     150 	.db #0x08	; 8
    00000042 09                     151 	.db #0x09	; 9
    00000043 0A                     152 	.db #0x0a	; 10
    00000044 0B                     153 	.db #0x0b	; 11
    00000045 0C                     154 	.db #0x0c	; 12
    00000046 0D                     155 	.db #0x0d	; 13
    00000047 0E                     156 	.db #0x0e	; 14
    00000048 0F                     157 	.db #0x0f	; 15
    00000049 10                     158 	.db #0x10	; 16
    0000004A 11                     159 	.db #0x11	; 17
    0000004B 00                     160 	.db #0x00	; 0
    0000004C 03                     161 	.db #0x03	; 3
    0000004D 00                     162 	.db #0x00	; 0
    0000004E 04                     163 	.db #0x04	; 4
    0000004F 12                     164 	.db #0x12	; 18
    00000050 00                     165 	.db #0x00	; 0
    00000051 13                     166 	.db #0x13	; 19
    00000052 14                     167 	.db #0x14	; 20
    00000053 15                     168 	.db #0x15	; 21
    00000054 16                     169 	.db #0x16	; 22
    00000055 17                     170 	.db #0x17	; 23
    00000056 18                     171 	.db #0x18	; 24
    00000057 19                     172 	.db #0x19	; 25
    00000058 1A                     173 	.db #0x1a	; 26
    00000059 1B                     174 	.db #0x1b	; 27
    0000005A 1C                     175 	.db #0x1c	; 28
    0000005B 1D                     176 	.db #0x1d	; 29
    0000005C 1E                     177 	.db #0x1e	; 30
    0000005D 1F                     178 	.db #0x1f	; 31
    0000005E 20                     179 	.db #0x20	; 32
    0000005F 21                     180 	.db #0x21	; 33
    00000060 22                     181 	.db #0x22	; 34
    00000061 23                     182 	.db #0x23	; 35
    00000062 24                     183 	.db #0x24	; 36
    00000063 25                     184 	.db #0x25	; 37
    00000064 26                     185 	.db #0x26	; 38
    00000065 27                     186 	.db #0x27	; 39
    00000066 28                     187 	.db #0x28	; 40
    00000067 29                     188 	.db #0x29	; 41
    00000068 2A                     189 	.db #0x2a	; 42
    00000069 2B                     190 	.db #0x2b	; 43
    0000006A 2C                     191 	.db #0x2c	; 44
    0000006B 2D                     192 	.db #0x2d	; 45
    0000006C 00                     193 	.db #0x00	; 0
    0000006D 2E                     194 	.db #0x2e	; 46
    0000006E 00                     195 	.db #0x00	; 0
    0000006F 00                     196 	.db #0x00	; 0
    00000070 02                     197 	.db #0x02	; 2
    00000071 13                     198 	.db #0x13	; 19
    00000072 14                     199 	.db #0x14	; 20
    00000073 15                     200 	.db #0x15	; 21
    00000074 16                     201 	.db #0x16	; 22
    00000075 17                     202 	.db #0x17	; 23
    00000076 18                     203 	.db #0x18	; 24
    00000077 19                     204 	.db #0x19	; 25
    00000078 1A                     205 	.db #0x1a	; 26
    00000079 1B                     206 	.db #0x1b	; 27
    0000007A 1C                     207 	.db #0x1c	; 28
    0000007B 1D                     208 	.db #0x1d	; 29
    0000007C 1E                     209 	.db #0x1e	; 30
    0000007D 1F                     210 	.db #0x1f	; 31
    0000007E 20                     211 	.db #0x20	; 32
    0000007F 21                     212 	.db #0x21	; 33
    00000080 22                     213 	.db #0x22	; 34
    00000081 23                     214 	.db #0x23	; 35
    00000082 24                     215 	.db #0x24	; 36
    00000083 25                     216 	.db #0x25	; 37
    00000084 26                     217 	.db #0x26	; 38
    00000085 27                     218 	.db #0x27	; 39
    00000086 28                     219 	.db #0x28	; 40
    00000087 29                     220 	.db #0x29	; 41
    00000088 2A                     221 	.db #0x2a	; 42
    00000089 2B                     222 	.db #0x2b	; 43
    0000008A 2C                     223 	.db #0x2c	; 44
    0000008B 03                     224 	.db #0x03	; 3
    0000008C 00                     225 	.db #0x00	; 0
    0000008D 04                     226 	.db #0x04	; 4
    0000008E 00                     227 	.db #0x00	; 0
    0000008F 00                     228 	.db #0x00	; 0
    00000090                        229 _font_tiles:
    00000090 00                     230 	.db #0x00	; 0
    00000091 00                     231 	.db #0x00	; 0
    00000092 00                     232 	.db #0x00	; 0
    00000093 00                     233 	.db #0x00	; 0
    00000094 00                     234 	.db #0x00	; 0
    00000095 00                     235 	.db #0x00	; 0
    00000096 00                     236 	.db #0x00	; 0
    00000097 00                     237 	.db #0x00	; 0
    00000098 00                     238 	.db #0x00	; 0
    00000099 00                     239 	.db #0x00	; 0
    0000009A 00                     240 	.db #0x00	; 0
    0000009B 00                     241 	.db #0x00	; 0
    0000009C 00                     242 	.db #0x00	; 0
    0000009D 00                     243 	.db #0x00	; 0
    0000009E 00                     244 	.db #0x00	; 0
    0000009F 00                     245 	.db #0x00	; 0
    000000A0 00                     246 	.db #0x00	; 0
    000000A1 00                     247 	.db #0x00	; 0
    000000A2 00                     248 	.db #0x00	; 0
    000000A3 00                     249 	.db #0x00	; 0
    000000A4 00                     250 	.db #0x00	; 0
    000000A5 00                     251 	.db #0x00	; 0
    000000A6 00                     252 	.db #0x00	; 0
    000000A7 00                     253 	.db #0x00	; 0
    000000A8 00                     254 	.db #0x00	; 0
    000000A9 00                     255 	.db #0x00	; 0
    000000AA 00                     256 	.db #0x00	; 0
    000000AB 00                     257 	.db #0x00	; 0
    000000AC 00                     258 	.db #0x00	; 0
    000000AD 00                     259 	.db #0x00	; 0
    000000AE 00                     260 	.db #0x00	; 0
    000000AF 00                     261 	.db #0x00	; 0
    000000B0 00                     262 	.db #0x00	; 0
    000000B1 10                     263 	.db #0x10	; 16
    000000B2 00                     264 	.db #0x00	; 0
    000000B3 00                     265 	.db #0x00	; 0
    000000B4 00                     266 	.db #0x00	; 0
    000000B5 10                     267 	.db #0x10	; 16
    000000B6 00                     268 	.db #0x00	; 0
    000000B7 00                     269 	.db #0x00	; 0
    000000B8 00                     270 	.db #0x00	; 0
    000000B9 10                     271 	.db #0x10	; 16
    000000BA 00                     272 	.db #0x00	; 0
    000000BB 00                     273 	.db #0x00	; 0
    000000BC 00                     274 	.db #0x00	; 0
    000000BD 10                     275 	.db #0x10	; 16
    000000BE 00                     276 	.db #0x00	; 0
    000000BF 00                     277 	.db #0x00	; 0
    000000C0 00                     278 	.db #0x00	; 0
    000000C1 10                     279 	.db #0x10	; 16
    000000C2 00                     280 	.db #0x00	; 0
    000000C3 00                     281 	.db #0x00	; 0
    000000C4 00                     282 	.db #0x00	; 0
    000000C5 00                     283 	.db #0x00	; 0
    000000C6 00                     284 	.db #0x00	; 0
    000000C7 00                     285 	.db #0x00	; 0
    000000C8 00                     286 	.db #0x00	; 0
    000000C9 10                     287 	.db #0x10	; 16
    000000CA 00                     288 	.db #0x00	; 0
    000000CB 00                     289 	.db #0x00	; 0
    000000CC 00                     290 	.db #0x00	; 0
    000000CD 00                     291 	.db #0x00	; 0
    000000CE 00                     292 	.db #0x00	; 0
    000000CF 00                     293 	.db #0x00	; 0
    000000D0 00                     294 	.db #0x00	; 0
    000000D1 08                     295 	.db #0x08	; 8
    000000D2 00                     296 	.db #0x00	; 0
    000000D3 00                     297 	.db #0x00	; 0
    000000D4 00                     298 	.db #0x00	; 0
    000000D5 08                     299 	.db #0x08	; 8
    000000D6 00                     300 	.db #0x00	; 0
    000000D7 00                     301 	.db #0x00	; 0
    000000D8 00                     302 	.db #0x00	; 0
    000000D9 10                     303 	.db #0x10	; 16
    000000DA 00                     304 	.db #0x00	; 0
    000000DB 00                     305 	.db #0x00	; 0
    000000DC 00                     306 	.db #0x00	; 0
    000000DD 00                     307 	.db #0x00	; 0
    000000DE 00                     308 	.db #0x00	; 0
    000000DF 00                     309 	.db #0x00	; 0
    000000E0 00                     310 	.db #0x00	; 0
    000000E1 00                     311 	.db #0x00	; 0
    000000E2 00                     312 	.db #0x00	; 0
    000000E3 00                     313 	.db #0x00	; 0
    000000E4 00                     314 	.db #0x00	; 0
    000000E5 00                     315 	.db #0x00	; 0
    000000E6 00                     316 	.db #0x00	; 0
    000000E7 00                     317 	.db #0x00	; 0
    000000E8 00                     318 	.db #0x00	; 0
    000000E9 00                     319 	.db #0x00	; 0
    000000EA 00                     320 	.db #0x00	; 0
    000000EB 00                     321 	.db #0x00	; 0
    000000EC 00                     322 	.db #0x00	; 0
    000000ED 00                     323 	.db #0x00	; 0
    000000EE 00                     324 	.db #0x00	; 0
    000000EF 00                     325 	.db #0x00	; 0
    000000F0 00                     326 	.db #0x00	; 0
    000000F1 10                     327 	.db #0x10	; 16
    000000F2 00                     328 	.db #0x00	; 0
    000000F3 00                     329 	.db #0x00	; 0
    000000F4 00                     330 	.db #0x00	; 0
    000000F5 20                     331 	.db #0x20	; 32
    000000F6 00                     332 	.db #0x00	; 0
    000000F7 00                     333 	.db #0x00	; 0
    000000F8 00                     334 	.db #0x00	; 0
    000000F9 20                     335 	.db #0x20	; 32
    000000FA 00                     336 	.db #0x00	; 0
    000000FB 00                     337 	.db #0x00	; 0
    000000FC 00                     338 	.db #0x00	; 0
    000000FD 20                     339 	.db #0x20	; 32
    000000FE 00                     340 	.db #0x00	; 0
    000000FF 00                     341 	.db #0x00	; 0
    00000100 00                     342 	.db #0x00	; 0
    00000101 20                     343 	.db #0x20	; 32
    00000102 00                     344 	.db #0x00	; 0
    00000103 00                     345 	.db #0x00	; 0
    00000104 00                     346 	.db #0x00	; 0
    00000105 20                     347 	.db #0x20	; 32
    00000106 00                     348 	.db #0x00	; 0
    00000107 00                     349 	.db #0x00	; 0
    00000108 00                     350 	.db #0x00	; 0
    00000109 10                     351 	.db #0x10	; 16
    0000010A 00                     352 	.db #0x00	; 0
    0000010B 00                     353 	.db #0x00	; 0
    0000010C 00                     354 	.db #0x00	; 0
    0000010D 00                     355 	.db #0x00	; 0
    0000010E 00                     356 	.db #0x00	; 0
    0000010F 00                     357 	.db #0x00	; 0
    00000110 00                     358 	.db #0x00	; 0
    00000111 10                     359 	.db #0x10	; 16
    00000112 00                     360 	.db #0x00	; 0
    00000113 00                     361 	.db #0x00	; 0
    00000114 00                     362 	.db #0x00	; 0
    00000115 08                     363 	.db #0x08	; 8
    00000116 00                     364 	.db #0x00	; 0
    00000117 00                     365 	.db #0x00	; 0
    00000118 00                     366 	.db #0x00	; 0
    00000119 08                     367 	.db #0x08	; 8
    0000011A 00                     368 	.db #0x00	; 0
    0000011B 00                     369 	.db #0x00	; 0
    0000011C 00                     370 	.db #0x00	; 0
    0000011D 08                     371 	.db #0x08	; 8
    0000011E 00                     372 	.db #0x00	; 0
    0000011F 00                     373 	.db #0x00	; 0
    00000120 00                     374 	.db #0x00	; 0
    00000121 08                     375 	.db #0x08	; 8
    00000122 00                     376 	.db #0x00	; 0
    00000123 00                     377 	.db #0x00	; 0
    00000124 00                     378 	.db #0x00	; 0
    00000125 08                     379 	.db #0x08	; 8
    00000126 00                     380 	.db #0x00	; 0
    00000127 00                     381 	.db #0x00	; 0
    00000128 00                     382 	.db #0x00	; 0
    00000129 10                     383 	.db #0x10	; 16
    0000012A 00                     384 	.db #0x00	; 0
    0000012B 00                     385 	.db #0x00	; 0
    0000012C 00                     386 	.db #0x00	; 0
    0000012D 00                     387 	.db #0x00	; 0
    0000012E 00                     388 	.db #0x00	; 0
    0000012F 00                     389 	.db #0x00	; 0
    00000130 00                     390 	.db #0x00	; 0
    00000131 00                     391 	.db #0x00	; 0
    00000132 00                     392 	.db #0x00	; 0
    00000133 00                     393 	.db #0x00	; 0
    00000134 00                     394 	.db #0x00	; 0
    00000135 00                     395 	.db #0x00	; 0
    00000136 00                     396 	.db #0x00	; 0
    00000137 00                     397 	.db #0x00	; 0
    00000138 00                     398 	.db #0x00	; 0
    00000139 00                     399 	.db #0x00	; 0
    0000013A 00                     400 	.db #0x00	; 0
    0000013B 00                     401 	.db #0x00	; 0
    0000013C 00                     402 	.db #0x00	; 0
    0000013D 7C                     403 	.db #0x7c	; 124
    0000013E 00                     404 	.db #0x00	; 0
    0000013F 00                     405 	.db #0x00	; 0
    00000140 00                     406 	.db #0x00	; 0
    00000141 00                     407 	.db #0x00	; 0
    00000142 00                     408 	.db #0x00	; 0
    00000143 00                     409 	.db #0x00	; 0
    00000144 00                     410 	.db #0x00	; 0
    00000145 00                     411 	.db #0x00	; 0
    00000146 00                     412 	.db #0x00	; 0
    00000147 00                     413 	.db #0x00	; 0
    00000148 00                     414 	.db #0x00	; 0
    00000149 00                     415 	.db #0x00	; 0
    0000014A 00                     416 	.db #0x00	; 0
    0000014B 00                     417 	.db #0x00	; 0
    0000014C 00                     418 	.db #0x00	; 0
    0000014D 00                     419 	.db #0x00	; 0
    0000014E 00                     420 	.db #0x00	; 0
    0000014F 00                     421 	.db #0x00	; 0
    00000150 00                     422 	.db #0x00	; 0
    00000151 00                     423 	.db #0x00	; 0
    00000152 00                     424 	.db #0x00	; 0
    00000153 00                     425 	.db #0x00	; 0
    00000154 00                     426 	.db #0x00	; 0
    00000155 00                     427 	.db #0x00	; 0
    00000156 00                     428 	.db #0x00	; 0
    00000157 00                     429 	.db #0x00	; 0
    00000158 00                     430 	.db #0x00	; 0
    00000159 00                     431 	.db #0x00	; 0
    0000015A 00                     432 	.db #0x00	; 0
    0000015B 00                     433 	.db #0x00	; 0
    0000015C 00                     434 	.db #0x00	; 0
    0000015D 00                     435 	.db #0x00	; 0
    0000015E 00                     436 	.db #0x00	; 0
    0000015F 00                     437 	.db #0x00	; 0
    00000160 00                     438 	.db #0x00	; 0
    00000161 00                     439 	.db #0x00	; 0
    00000162 00                     440 	.db #0x00	; 0
    00000163 00                     441 	.db #0x00	; 0
    00000164 00                     442 	.db #0x00	; 0
    00000165 00                     443 	.db #0x00	; 0
    00000166 00                     444 	.db #0x00	; 0
    00000167 00                     445 	.db #0x00	; 0
    00000168 00                     446 	.db #0x00	; 0
    00000169 10                     447 	.db #0x10	; 16
    0000016A 00                     448 	.db #0x00	; 0
    0000016B 00                     449 	.db #0x00	; 0
    0000016C 00                     450 	.db #0x00	; 0
    0000016D 00                     451 	.db #0x00	; 0
    0000016E 00                     452 	.db #0x00	; 0
    0000016F 00                     453 	.db #0x00	; 0
    00000170 00                     454 	.db #0x00	; 0
    00000171 7C                     455 	.db #0x7c	; 124
    00000172 00                     456 	.db #0x00	; 0
    00000173 00                     457 	.db #0x00	; 0
    00000174 00                     458 	.db #0x00	; 0
    00000175 86                     459 	.db #0x86	; 134
    00000176 00                     460 	.db #0x00	; 0
    00000177 00                     461 	.db #0x00	; 0
    00000178 00                     462 	.db #0x00	; 0
    00000179 8A                     463 	.db #0x8a	; 138
    0000017A 00                     464 	.db #0x00	; 0
    0000017B 00                     465 	.db #0x00	; 0
    0000017C 00                     466 	.db #0x00	; 0
    0000017D 92                     467 	.db #0x92	; 146
    0000017E 00                     468 	.db #0x00	; 0
    0000017F 00                     469 	.db #0x00	; 0
    00000180 00                     470 	.db #0x00	; 0
    00000181 A2                     471 	.db #0xa2	; 162
    00000182 00                     472 	.db #0x00	; 0
    00000183 00                     473 	.db #0x00	; 0
    00000184 00                     474 	.db #0x00	; 0
    00000185 C2                     475 	.db #0xc2	; 194
    00000186 00                     476 	.db #0x00	; 0
    00000187 00                     477 	.db #0x00	; 0
    00000188 00                     478 	.db #0x00	; 0
    00000189 7C                     479 	.db #0x7c	; 124
    0000018A 00                     480 	.db #0x00	; 0
    0000018B 00                     481 	.db #0x00	; 0
    0000018C 00                     482 	.db #0x00	; 0
    0000018D 00                     483 	.db #0x00	; 0
    0000018E 00                     484 	.db #0x00	; 0
    0000018F 00                     485 	.db #0x00	; 0
    00000190 00                     486 	.db #0x00	; 0
    00000191 18                     487 	.db #0x18	; 24
    00000192 00                     488 	.db #0x00	; 0
    00000193 00                     489 	.db #0x00	; 0
    00000194 00                     490 	.db #0x00	; 0
    00000195 28                     491 	.db #0x28	; 40
    00000196 00                     492 	.db #0x00	; 0
    00000197 00                     493 	.db #0x00	; 0
    00000198 00                     494 	.db #0x00	; 0
    00000199 48                     495 	.db #0x48	; 72	'H'
    0000019A 00                     496 	.db #0x00	; 0
    0000019B 00                     497 	.db #0x00	; 0
    0000019C 00                     498 	.db #0x00	; 0
    0000019D 08                     499 	.db #0x08	; 8
    0000019E 00                     500 	.db #0x00	; 0
    0000019F 00                     501 	.db #0x00	; 0
    000001A0 00                     502 	.db #0x00	; 0
    000001A1 08                     503 	.db #0x08	; 8
    000001A2 00                     504 	.db #0x00	; 0
    000001A3 00                     505 	.db #0x00	; 0
    000001A4 00                     506 	.db #0x00	; 0
    000001A5 08                     507 	.db #0x08	; 8
    000001A6 00                     508 	.db #0x00	; 0
    000001A7 00                     509 	.db #0x00	; 0
    000001A8 00                     510 	.db #0x00	; 0
    000001A9 7E                     511 	.db #0x7e	; 126
    000001AA 00                     512 	.db #0x00	; 0
    000001AB 00                     513 	.db #0x00	; 0
    000001AC 00                     514 	.db #0x00	; 0
    000001AD 00                     515 	.db #0x00	; 0
    000001AE 00                     516 	.db #0x00	; 0
    000001AF 00                     517 	.db #0x00	; 0
    000001B0 00                     518 	.db #0x00	; 0
    000001B1 7C                     519 	.db #0x7c	; 124
    000001B2 00                     520 	.db #0x00	; 0
    000001B3 00                     521 	.db #0x00	; 0
    000001B4 00                     522 	.db #0x00	; 0
    000001B5 82                     523 	.db #0x82	; 130
    000001B6 00                     524 	.db #0x00	; 0
    000001B7 00                     525 	.db #0x00	; 0
    000001B8 00                     526 	.db #0x00	; 0
    000001B9 02                     527 	.db #0x02	; 2
    000001BA 00                     528 	.db #0x00	; 0
    000001BB 00                     529 	.db #0x00	; 0
    000001BC 00                     530 	.db #0x00	; 0
    000001BD 1C                     531 	.db #0x1c	; 28
    000001BE 00                     532 	.db #0x00	; 0
    000001BF 00                     533 	.db #0x00	; 0
    000001C0 00                     534 	.db #0x00	; 0
    000001C1 60                     535 	.db #0x60	; 96
    000001C2 00                     536 	.db #0x00	; 0
    000001C3 00                     537 	.db #0x00	; 0
    000001C4 00                     538 	.db #0x00	; 0
    000001C5 80                     539 	.db #0x80	; 128
    000001C6 00                     540 	.db #0x00	; 0
    000001C7 00                     541 	.db #0x00	; 0
    000001C8 00                     542 	.db #0x00	; 0
    000001C9 FE                     543 	.db #0xfe	; 254
    000001CA 00                     544 	.db #0x00	; 0
    000001CB 00                     545 	.db #0x00	; 0
    000001CC 00                     546 	.db #0x00	; 0
    000001CD 00                     547 	.db #0x00	; 0
    000001CE 00                     548 	.db #0x00	; 0
    000001CF 00                     549 	.db #0x00	; 0
    000001D0 00                     550 	.db #0x00	; 0
    000001D1 7C                     551 	.db #0x7c	; 124
    000001D2 00                     552 	.db #0x00	; 0
    000001D3 00                     553 	.db #0x00	; 0
    000001D4 00                     554 	.db #0x00	; 0
    000001D5 82                     555 	.db #0x82	; 130
    000001D6 00                     556 	.db #0x00	; 0
    000001D7 00                     557 	.db #0x00	; 0
    000001D8 00                     558 	.db #0x00	; 0
    000001D9 02                     559 	.db #0x02	; 2
    000001DA 00                     560 	.db #0x00	; 0
    000001DB 00                     561 	.db #0x00	; 0
    000001DC 00                     562 	.db #0x00	; 0
    000001DD 1C                     563 	.db #0x1c	; 28
    000001DE 00                     564 	.db #0x00	; 0
    000001DF 00                     565 	.db #0x00	; 0
    000001E0 00                     566 	.db #0x00	; 0
    000001E1 02                     567 	.db #0x02	; 2
    000001E2 00                     568 	.db #0x00	; 0
    000001E3 00                     569 	.db #0x00	; 0
    000001E4 00                     570 	.db #0x00	; 0
    000001E5 82                     571 	.db #0x82	; 130
    000001E6 00                     572 	.db #0x00	; 0
    000001E7 00                     573 	.db #0x00	; 0
    000001E8 00                     574 	.db #0x00	; 0
    000001E9 7C                     575 	.db #0x7c	; 124
    000001EA 00                     576 	.db #0x00	; 0
    000001EB 00                     577 	.db #0x00	; 0
    000001EC 00                     578 	.db #0x00	; 0
    000001ED 00                     579 	.db #0x00	; 0
    000001EE 00                     580 	.db #0x00	; 0
    000001EF 00                     581 	.db #0x00	; 0
    000001F0 00                     582 	.db #0x00	; 0
    000001F1 18                     583 	.db #0x18	; 24
    000001F2 00                     584 	.db #0x00	; 0
    000001F3 00                     585 	.db #0x00	; 0
    000001F4 00                     586 	.db #0x00	; 0
    000001F5 28                     587 	.db #0x28	; 40
    000001F6 00                     588 	.db #0x00	; 0
    000001F7 00                     589 	.db #0x00	; 0
    000001F8 00                     590 	.db #0x00	; 0
    000001F9 48                     591 	.db #0x48	; 72	'H'
    000001FA 00                     592 	.db #0x00	; 0
    000001FB 00                     593 	.db #0x00	; 0
    000001FC 00                     594 	.db #0x00	; 0
    000001FD 88                     595 	.db #0x88	; 136
    000001FE 00                     596 	.db #0x00	; 0
    000001FF 00                     597 	.db #0x00	; 0
    00000200 00                     598 	.db #0x00	; 0
    00000201 FE                     599 	.db #0xfe	; 254
    00000202 00                     600 	.db #0x00	; 0
    00000203 00                     601 	.db #0x00	; 0
    00000204 00                     602 	.db #0x00	; 0
    00000205 08                     603 	.db #0x08	; 8
    00000206 00                     604 	.db #0x00	; 0
    00000207 00                     605 	.db #0x00	; 0
    00000208 00                     606 	.db #0x00	; 0
    00000209 08                     607 	.db #0x08	; 8
    0000020A 00                     608 	.db #0x00	; 0
    0000020B 00                     609 	.db #0x00	; 0
    0000020C 00                     610 	.db #0x00	; 0
    0000020D 00                     611 	.db #0x00	; 0
    0000020E 00                     612 	.db #0x00	; 0
    0000020F 00                     613 	.db #0x00	; 0
    00000210 00                     614 	.db #0x00	; 0
    00000211 FE                     615 	.db #0xfe	; 254
    00000212 00                     616 	.db #0x00	; 0
    00000213 00                     617 	.db #0x00	; 0
    00000214 00                     618 	.db #0x00	; 0
    00000215 80                     619 	.db #0x80	; 128
    00000216 00                     620 	.db #0x00	; 0
    00000217 00                     621 	.db #0x00	; 0
    00000218 00                     622 	.db #0x00	; 0
    00000219 80                     623 	.db #0x80	; 128
    0000021A 00                     624 	.db #0x00	; 0
    0000021B 00                     625 	.db #0x00	; 0
    0000021C 00                     626 	.db #0x00	; 0
    0000021D FC                     627 	.db #0xfc	; 252
    0000021E 00                     628 	.db #0x00	; 0
    0000021F 00                     629 	.db #0x00	; 0
    00000220 00                     630 	.db #0x00	; 0
    00000221 02                     631 	.db #0x02	; 2
    00000222 00                     632 	.db #0x00	; 0
    00000223 00                     633 	.db #0x00	; 0
    00000224 00                     634 	.db #0x00	; 0
    00000225 82                     635 	.db #0x82	; 130
    00000226 00                     636 	.db #0x00	; 0
    00000227 00                     637 	.db #0x00	; 0
    00000228 00                     638 	.db #0x00	; 0
    00000229 7C                     639 	.db #0x7c	; 124
    0000022A 00                     640 	.db #0x00	; 0
    0000022B 00                     641 	.db #0x00	; 0
    0000022C 00                     642 	.db #0x00	; 0
    0000022D 00                     643 	.db #0x00	; 0
    0000022E 00                     644 	.db #0x00	; 0
    0000022F 00                     645 	.db #0x00	; 0
    00000230 00                     646 	.db #0x00	; 0
    00000231 7C                     647 	.db #0x7c	; 124
    00000232 00                     648 	.db #0x00	; 0
    00000233 00                     649 	.db #0x00	; 0
    00000234 00                     650 	.db #0x00	; 0
    00000235 82                     651 	.db #0x82	; 130
    00000236 00                     652 	.db #0x00	; 0
    00000237 00                     653 	.db #0x00	; 0
    00000238 00                     654 	.db #0x00	; 0
    00000239 80                     655 	.db #0x80	; 128
    0000023A 00                     656 	.db #0x00	; 0
    0000023B 00                     657 	.db #0x00	; 0
    0000023C 00                     658 	.db #0x00	; 0
    0000023D FC                     659 	.db #0xfc	; 252
    0000023E 00                     660 	.db #0x00	; 0
    0000023F 00                     661 	.db #0x00	; 0
    00000240 00                     662 	.db #0x00	; 0
    00000241 82                     663 	.db #0x82	; 130
    00000242 00                     664 	.db #0x00	; 0
    00000243 00                     665 	.db #0x00	; 0
    00000244 00                     666 	.db #0x00	; 0
    00000245 82                     667 	.db #0x82	; 130
    00000246 00                     668 	.db #0x00	; 0
    00000247 00                     669 	.db #0x00	; 0
    00000248 00                     670 	.db #0x00	; 0
    00000249 7C                     671 	.db #0x7c	; 124
    0000024A 00                     672 	.db #0x00	; 0
    0000024B 00                     673 	.db #0x00	; 0
    0000024C 00                     674 	.db #0x00	; 0
    0000024D 00                     675 	.db #0x00	; 0
    0000024E 00                     676 	.db #0x00	; 0
    0000024F 00                     677 	.db #0x00	; 0
    00000250 00                     678 	.db #0x00	; 0
    00000251 FE                     679 	.db #0xfe	; 254
    00000252 00                     680 	.db #0x00	; 0
    00000253 00                     681 	.db #0x00	; 0
    00000254 00                     682 	.db #0x00	; 0
    00000255 82                     683 	.db #0x82	; 130
    00000256 00                     684 	.db #0x00	; 0
    00000257 00                     685 	.db #0x00	; 0
    00000258 00                     686 	.db #0x00	; 0
    00000259 04                     687 	.db #0x04	; 4
    0000025A 00                     688 	.db #0x00	; 0
    0000025B 00                     689 	.db #0x00	; 0
    0000025C 00                     690 	.db #0x00	; 0
    0000025D 1E                     691 	.db #0x1e	; 30
    0000025E 00                     692 	.db #0x00	; 0
    0000025F 00                     693 	.db #0x00	; 0
    00000260 00                     694 	.db #0x00	; 0
    00000261 08                     695 	.db #0x08	; 8
    00000262 00                     696 	.db #0x00	; 0
    00000263 00                     697 	.db #0x00	; 0
    00000264 00                     698 	.db #0x00	; 0
    00000265 08                     699 	.db #0x08	; 8
    00000266 00                     700 	.db #0x00	; 0
    00000267 00                     701 	.db #0x00	; 0
    00000268 00                     702 	.db #0x00	; 0
    00000269 10                     703 	.db #0x10	; 16
    0000026A 00                     704 	.db #0x00	; 0
    0000026B 00                     705 	.db #0x00	; 0
    0000026C 00                     706 	.db #0x00	; 0
    0000026D 00                     707 	.db #0x00	; 0
    0000026E 00                     708 	.db #0x00	; 0
    0000026F 00                     709 	.db #0x00	; 0
    00000270 00                     710 	.db #0x00	; 0
    00000271 7C                     711 	.db #0x7c	; 124
    00000272 00                     712 	.db #0x00	; 0
    00000273 00                     713 	.db #0x00	; 0
    00000274 00                     714 	.db #0x00	; 0
    00000275 82                     715 	.db #0x82	; 130
    00000276 00                     716 	.db #0x00	; 0
    00000277 00                     717 	.db #0x00	; 0
    00000278 00                     718 	.db #0x00	; 0
    00000279 82                     719 	.db #0x82	; 130
    0000027A 00                     720 	.db #0x00	; 0
    0000027B 00                     721 	.db #0x00	; 0
    0000027C 00                     722 	.db #0x00	; 0
    0000027D 7C                     723 	.db #0x7c	; 124
    0000027E 00                     724 	.db #0x00	; 0
    0000027F 00                     725 	.db #0x00	; 0
    00000280 00                     726 	.db #0x00	; 0
    00000281 82                     727 	.db #0x82	; 130
    00000282 00                     728 	.db #0x00	; 0
    00000283 00                     729 	.db #0x00	; 0
    00000284 00                     730 	.db #0x00	; 0
    00000285 82                     731 	.db #0x82	; 130
    00000286 00                     732 	.db #0x00	; 0
    00000287 00                     733 	.db #0x00	; 0
    00000288 00                     734 	.db #0x00	; 0
    00000289 7C                     735 	.db #0x7c	; 124
    0000028A 00                     736 	.db #0x00	; 0
    0000028B 00                     737 	.db #0x00	; 0
    0000028C 00                     738 	.db #0x00	; 0
    0000028D 00                     739 	.db #0x00	; 0
    0000028E 00                     740 	.db #0x00	; 0
    0000028F 00                     741 	.db #0x00	; 0
    00000290 00                     742 	.db #0x00	; 0
    00000291 7C                     743 	.db #0x7c	; 124
    00000292 00                     744 	.db #0x00	; 0
    00000293 00                     745 	.db #0x00	; 0
    00000294 00                     746 	.db #0x00	; 0
    00000295 82                     747 	.db #0x82	; 130
    00000296 00                     748 	.db #0x00	; 0
    00000297 00                     749 	.db #0x00	; 0
    00000298 00                     750 	.db #0x00	; 0
    00000299 86                     751 	.db #0x86	; 134
    0000029A 00                     752 	.db #0x00	; 0
    0000029B 00                     753 	.db #0x00	; 0
    0000029C 00                     754 	.db #0x00	; 0
    0000029D 7A                     755 	.db #0x7a	; 122	'z'
    0000029E 00                     756 	.db #0x00	; 0
    0000029F 00                     757 	.db #0x00	; 0
    000002A0 00                     758 	.db #0x00	; 0
    000002A1 02                     759 	.db #0x02	; 2
    000002A2 00                     760 	.db #0x00	; 0
    000002A3 00                     761 	.db #0x00	; 0
    000002A4 00                     762 	.db #0x00	; 0
    000002A5 82                     763 	.db #0x82	; 130
    000002A6 00                     764 	.db #0x00	; 0
    000002A7 00                     765 	.db #0x00	; 0
    000002A8 00                     766 	.db #0x00	; 0
    000002A9 7C                     767 	.db #0x7c	; 124
    000002AA 00                     768 	.db #0x00	; 0
    000002AB 00                     769 	.db #0x00	; 0
    000002AC 00                     770 	.db #0x00	; 0
    000002AD 00                     771 	.db #0x00	; 0
    000002AE 00                     772 	.db #0x00	; 0
    000002AF 00                     773 	.db #0x00	; 0
    000002B0 00                     774 	.db #0x00	; 0
    000002B1 00                     775 	.db #0x00	; 0
    000002B2 00                     776 	.db #0x00	; 0
    000002B3 00                     777 	.db #0x00	; 0
    000002B4 00                     778 	.db #0x00	; 0
    000002B5 00                     779 	.db #0x00	; 0
    000002B6 00                     780 	.db #0x00	; 0
    000002B7 00                     781 	.db #0x00	; 0
    000002B8 00                     782 	.db #0x00	; 0
    000002B9 10                     783 	.db #0x10	; 16
    000002BA 00                     784 	.db #0x00	; 0
    000002BB 00                     785 	.db #0x00	; 0
    000002BC 00                     786 	.db #0x00	; 0
    000002BD 00                     787 	.db #0x00	; 0
    000002BE 00                     788 	.db #0x00	; 0
    000002BF 00                     789 	.db #0x00	; 0
    000002C0 00                     790 	.db #0x00	; 0
    000002C1 00                     791 	.db #0x00	; 0
    000002C2 00                     792 	.db #0x00	; 0
    000002C3 00                     793 	.db #0x00	; 0
    000002C4 00                     794 	.db #0x00	; 0
    000002C5 00                     795 	.db #0x00	; 0
    000002C6 00                     796 	.db #0x00	; 0
    000002C7 00                     797 	.db #0x00	; 0
    000002C8 00                     798 	.db #0x00	; 0
    000002C9 10                     799 	.db #0x10	; 16
    000002CA 00                     800 	.db #0x00	; 0
    000002CB 00                     801 	.db #0x00	; 0
    000002CC 00                     802 	.db #0x00	; 0
    000002CD 00                     803 	.db #0x00	; 0
    000002CE 00                     804 	.db #0x00	; 0
    000002CF 00                     805 	.db #0x00	; 0
    000002D0 00                     806 	.db #0x00	; 0
    000002D1 7C                     807 	.db #0x7c	; 124
    000002D2 00                     808 	.db #0x00	; 0
    000002D3 00                     809 	.db #0x00	; 0
    000002D4 00                     810 	.db #0x00	; 0
    000002D5 82                     811 	.db #0x82	; 130
    000002D6 00                     812 	.db #0x00	; 0
    000002D7 00                     813 	.db #0x00	; 0
    000002D8 00                     814 	.db #0x00	; 0
    000002D9 02                     815 	.db #0x02	; 2
    000002DA 00                     816 	.db #0x00	; 0
    000002DB 00                     817 	.db #0x00	; 0
    000002DC 00                     818 	.db #0x00	; 0
    000002DD 0C                     819 	.db #0x0c	; 12
    000002DE 00                     820 	.db #0x00	; 0
    000002DF 00                     821 	.db #0x00	; 0
    000002E0 00                     822 	.db #0x00	; 0
    000002E1 10                     823 	.db #0x10	; 16
    000002E2 00                     824 	.db #0x00	; 0
    000002E3 00                     825 	.db #0x00	; 0
    000002E4 00                     826 	.db #0x00	; 0
    000002E5 00                     827 	.db #0x00	; 0
    000002E6 00                     828 	.db #0x00	; 0
    000002E7 00                     829 	.db #0x00	; 0
    000002E8 00                     830 	.db #0x00	; 0
    000002E9 10                     831 	.db #0x10	; 16
    000002EA 00                     832 	.db #0x00	; 0
    000002EB 00                     833 	.db #0x00	; 0
    000002EC 00                     834 	.db #0x00	; 0
    000002ED 00                     835 	.db #0x00	; 0
    000002EE 00                     836 	.db #0x00	; 0
    000002EF 00                     837 	.db #0x00	; 0
    000002F0 00                     838 	.db #0x00	; 0
    000002F1 7C                     839 	.db #0x7c	; 124
    000002F2 00                     840 	.db #0x00	; 0
    000002F3 00                     841 	.db #0x00	; 0
    000002F4 00                     842 	.db #0x00	; 0
    000002F5 82                     843 	.db #0x82	; 130
    000002F6 00                     844 	.db #0x00	; 0
    000002F7 00                     845 	.db #0x00	; 0
    000002F8 00                     846 	.db #0x00	; 0
    000002F9 82                     847 	.db #0x82	; 130
    000002FA 00                     848 	.db #0x00	; 0
    000002FB 00                     849 	.db #0x00	; 0
    000002FC 00                     850 	.db #0x00	; 0
    000002FD FE                     851 	.db #0xfe	; 254
    000002FE 00                     852 	.db #0x00	; 0
    000002FF 00                     853 	.db #0x00	; 0
    00000300 00                     854 	.db #0x00	; 0
    00000301 82                     855 	.db #0x82	; 130
    00000302 00                     856 	.db #0x00	; 0
    00000303 00                     857 	.db #0x00	; 0
    00000304 00                     858 	.db #0x00	; 0
    00000305 82                     859 	.db #0x82	; 130
    00000306 00                     860 	.db #0x00	; 0
    00000307 00                     861 	.db #0x00	; 0
    00000308 00                     862 	.db #0x00	; 0
    00000309 82                     863 	.db #0x82	; 130
    0000030A 00                     864 	.db #0x00	; 0
    0000030B 00                     865 	.db #0x00	; 0
    0000030C 00                     866 	.db #0x00	; 0
    0000030D 00                     867 	.db #0x00	; 0
    0000030E 00                     868 	.db #0x00	; 0
    0000030F 00                     869 	.db #0x00	; 0
    00000310 00                     870 	.db #0x00	; 0
    00000311 FC                     871 	.db #0xfc	; 252
    00000312 00                     872 	.db #0x00	; 0
    00000313 00                     873 	.db #0x00	; 0
    00000314 00                     874 	.db #0x00	; 0
    00000315 82                     875 	.db #0x82	; 130
    00000316 00                     876 	.db #0x00	; 0
    00000317 00                     877 	.db #0x00	; 0
    00000318 00                     878 	.db #0x00	; 0
    00000319 82                     879 	.db #0x82	; 130
    0000031A 00                     880 	.db #0x00	; 0
    0000031B 00                     881 	.db #0x00	; 0
    0000031C 00                     882 	.db #0x00	; 0
    0000031D FC                     883 	.db #0xfc	; 252
    0000031E 00                     884 	.db #0x00	; 0
    0000031F 00                     885 	.db #0x00	; 0
    00000320 00                     886 	.db #0x00	; 0
    00000321 82                     887 	.db #0x82	; 130
    00000322 00                     888 	.db #0x00	; 0
    00000323 00                     889 	.db #0x00	; 0
    00000324 00                     890 	.db #0x00	; 0
    00000325 82                     891 	.db #0x82	; 130
    00000326 00                     892 	.db #0x00	; 0
    00000327 00                     893 	.db #0x00	; 0
    00000328 00                     894 	.db #0x00	; 0
    00000329 FC                     895 	.db #0xfc	; 252
    0000032A 00                     896 	.db #0x00	; 0
    0000032B 00                     897 	.db #0x00	; 0
    0000032C 00                     898 	.db #0x00	; 0
    0000032D 00                     899 	.db #0x00	; 0
    0000032E 00                     900 	.db #0x00	; 0
    0000032F 00                     901 	.db #0x00	; 0
    00000330 00                     902 	.db #0x00	; 0
    00000331 7C                     903 	.db #0x7c	; 124
    00000332 00                     904 	.db #0x00	; 0
    00000333 00                     905 	.db #0x00	; 0
    00000334 00                     906 	.db #0x00	; 0
    00000335 82                     907 	.db #0x82	; 130
    00000336 00                     908 	.db #0x00	; 0
    00000337 00                     909 	.db #0x00	; 0
    00000338 00                     910 	.db #0x00	; 0
    00000339 80                     911 	.db #0x80	; 128
    0000033A 00                     912 	.db #0x00	; 0
    0000033B 00                     913 	.db #0x00	; 0
    0000033C 00                     914 	.db #0x00	; 0
    0000033D 80                     915 	.db #0x80	; 128
    0000033E 00                     916 	.db #0x00	; 0
    0000033F 00                     917 	.db #0x00	; 0
    00000340 00                     918 	.db #0x00	; 0
    00000341 80                     919 	.db #0x80	; 128
    00000342 00                     920 	.db #0x00	; 0
    00000343 00                     921 	.db #0x00	; 0
    00000344 00                     922 	.db #0x00	; 0
    00000345 82                     923 	.db #0x82	; 130
    00000346 00                     924 	.db #0x00	; 0
    00000347 00                     925 	.db #0x00	; 0
    00000348 00                     926 	.db #0x00	; 0
    00000349 7C                     927 	.db #0x7c	; 124
    0000034A 00                     928 	.db #0x00	; 0
    0000034B 00                     929 	.db #0x00	; 0
    0000034C 00                     930 	.db #0x00	; 0
    0000034D 00                     931 	.db #0x00	; 0
    0000034E 00                     932 	.db #0x00	; 0
    0000034F 00                     933 	.db #0x00	; 0
    00000350 00                     934 	.db #0x00	; 0
    00000351 F8                     935 	.db #0xf8	; 248
    00000352 00                     936 	.db #0x00	; 0
    00000353 00                     937 	.db #0x00	; 0
    00000354 00                     938 	.db #0x00	; 0
    00000355 84                     939 	.db #0x84	; 132
    00000356 00                     940 	.db #0x00	; 0
    00000357 00                     941 	.db #0x00	; 0
    00000358 00                     942 	.db #0x00	; 0
    00000359 82                     943 	.db #0x82	; 130
    0000035A 00                     944 	.db #0x00	; 0
    0000035B 00                     945 	.db #0x00	; 0
    0000035C 00                     946 	.db #0x00	; 0
    0000035D 82                     947 	.db #0x82	; 130
    0000035E 00                     948 	.db #0x00	; 0
    0000035F 00                     949 	.db #0x00	; 0
    00000360 00                     950 	.db #0x00	; 0
    00000361 82                     951 	.db #0x82	; 130
    00000362 00                     952 	.db #0x00	; 0
    00000363 00                     953 	.db #0x00	; 0
    00000364 00                     954 	.db #0x00	; 0
    00000365 84                     955 	.db #0x84	; 132
    00000366 00                     956 	.db #0x00	; 0
    00000367 00                     957 	.db #0x00	; 0
    00000368 00                     958 	.db #0x00	; 0
    00000369 F8                     959 	.db #0xf8	; 248
    0000036A 00                     960 	.db #0x00	; 0
    0000036B 00                     961 	.db #0x00	; 0
    0000036C 00                     962 	.db #0x00	; 0
    0000036D 00                     963 	.db #0x00	; 0
    0000036E 00                     964 	.db #0x00	; 0
    0000036F 00                     965 	.db #0x00	; 0
    00000370 00                     966 	.db #0x00	; 0
    00000371 FE                     967 	.db #0xfe	; 254
    00000372 00                     968 	.db #0x00	; 0
    00000373 00                     969 	.db #0x00	; 0
    00000374 00                     970 	.db #0x00	; 0
    00000375 80                     971 	.db #0x80	; 128
    00000376 00                     972 	.db #0x00	; 0
    00000377 00                     973 	.db #0x00	; 0
    00000378 00                     974 	.db #0x00	; 0
    00000379 80                     975 	.db #0x80	; 128
    0000037A 00                     976 	.db #0x00	; 0
    0000037B 00                     977 	.db #0x00	; 0
    0000037C 00                     978 	.db #0x00	; 0
    0000037D F8                     979 	.db #0xf8	; 248
    0000037E 00                     980 	.db #0x00	; 0
    0000037F 00                     981 	.db #0x00	; 0
    00000380 00                     982 	.db #0x00	; 0
    00000381 80                     983 	.db #0x80	; 128
    00000382 00                     984 	.db #0x00	; 0
    00000383 00                     985 	.db #0x00	; 0
    00000384 00                     986 	.db #0x00	; 0
    00000385 80                     987 	.db #0x80	; 128
    00000386 00                     988 	.db #0x00	; 0
    00000387 00                     989 	.db #0x00	; 0
    00000388 00                     990 	.db #0x00	; 0
    00000389 FE                     991 	.db #0xfe	; 254
    0000038A 00                     992 	.db #0x00	; 0
    0000038B 00                     993 	.db #0x00	; 0
    0000038C 00                     994 	.db #0x00	; 0
    0000038D 00                     995 	.db #0x00	; 0
    0000038E 00                     996 	.db #0x00	; 0
    0000038F 00                     997 	.db #0x00	; 0
    00000390 00                     998 	.db #0x00	; 0
    00000391 FE                     999 	.db #0xfe	; 254
    00000392 00                    1000 	.db #0x00	; 0
    00000393 00                    1001 	.db #0x00	; 0
    00000394 00                    1002 	.db #0x00	; 0
    00000395 80                    1003 	.db #0x80	; 128
    00000396 00                    1004 	.db #0x00	; 0
    00000397 00                    1005 	.db #0x00	; 0
    00000398 00                    1006 	.db #0x00	; 0
    00000399 80                    1007 	.db #0x80	; 128
    0000039A 00                    1008 	.db #0x00	; 0
    0000039B 00                    1009 	.db #0x00	; 0
    0000039C 00                    1010 	.db #0x00	; 0
    0000039D F0                    1011 	.db #0xf0	; 240
    0000039E 00                    1012 	.db #0x00	; 0
    0000039F 00                    1013 	.db #0x00	; 0
    000003A0 00                    1014 	.db #0x00	; 0
    000003A1 80                    1015 	.db #0x80	; 128
    000003A2 00                    1016 	.db #0x00	; 0
    000003A3 00                    1017 	.db #0x00	; 0
    000003A4 00                    1018 	.db #0x00	; 0
    000003A5 80                    1019 	.db #0x80	; 128
    000003A6 00                    1020 	.db #0x00	; 0
    000003A7 00                    1021 	.db #0x00	; 0
    000003A8 00                    1022 	.db #0x00	; 0
    000003A9 80                    1023 	.db #0x80	; 128
    000003AA 00                    1024 	.db #0x00	; 0
    000003AB 00                    1025 	.db #0x00	; 0
    000003AC 00                    1026 	.db #0x00	; 0
    000003AD 00                    1027 	.db #0x00	; 0
    000003AE 00                    1028 	.db #0x00	; 0
    000003AF 00                    1029 	.db #0x00	; 0
    000003B0 00                    1030 	.db #0x00	; 0
    000003B1 7C                    1031 	.db #0x7c	; 124
    000003B2 00                    1032 	.db #0x00	; 0
    000003B3 00                    1033 	.db #0x00	; 0
    000003B4 00                    1034 	.db #0x00	; 0
    000003B5 82                    1035 	.db #0x82	; 130
    000003B6 00                    1036 	.db #0x00	; 0
    000003B7 00                    1037 	.db #0x00	; 0
    000003B8 00                    1038 	.db #0x00	; 0
    000003B9 80                    1039 	.db #0x80	; 128
    000003BA 00                    1040 	.db #0x00	; 0
    000003BB 00                    1041 	.db #0x00	; 0
    000003BC 00                    1042 	.db #0x00	; 0
    000003BD 9E                    1043 	.db #0x9e	; 158
    000003BE 00                    1044 	.db #0x00	; 0
    000003BF 00                    1045 	.db #0x00	; 0
    000003C0 00                    1046 	.db #0x00	; 0
    000003C1 82                    1047 	.db #0x82	; 130
    000003C2 00                    1048 	.db #0x00	; 0
    000003C3 00                    1049 	.db #0x00	; 0
    000003C4 00                    1050 	.db #0x00	; 0
    000003C5 82                    1051 	.db #0x82	; 130
    000003C6 00                    1052 	.db #0x00	; 0
    000003C7 00                    1053 	.db #0x00	; 0
    000003C8 00                    1054 	.db #0x00	; 0
    000003C9 7C                    1055 	.db #0x7c	; 124
    000003CA 00                    1056 	.db #0x00	; 0
    000003CB 00                    1057 	.db #0x00	; 0
    000003CC 00                    1058 	.db #0x00	; 0
    000003CD 00                    1059 	.db #0x00	; 0
    000003CE 00                    1060 	.db #0x00	; 0
    000003CF 00                    1061 	.db #0x00	; 0
    000003D0 00                    1062 	.db #0x00	; 0
    000003D1 82                    1063 	.db #0x82	; 130
    000003D2 00                    1064 	.db #0x00	; 0
    000003D3 00                    1065 	.db #0x00	; 0
    000003D4 00                    1066 	.db #0x00	; 0
    000003D5 82                    1067 	.db #0x82	; 130
    000003D6 00                    1068 	.db #0x00	; 0
    000003D7 00                    1069 	.db #0x00	; 0
    000003D8 00                    1070 	.db #0x00	; 0
    000003D9 82                    1071 	.db #0x82	; 130
    000003DA 00                    1072 	.db #0x00	; 0
    000003DB 00                    1073 	.db #0x00	; 0
    000003DC 00                    1074 	.db #0x00	; 0
    000003DD FE                    1075 	.db #0xfe	; 254
    000003DE 00                    1076 	.db #0x00	; 0
    000003DF 00                    1077 	.db #0x00	; 0
    000003E0 00                    1078 	.db #0x00	; 0
    000003E1 82                    1079 	.db #0x82	; 130
    000003E2 00                    1080 	.db #0x00	; 0
    000003E3 00                    1081 	.db #0x00	; 0
    000003E4 00                    1082 	.db #0x00	; 0
    000003E5 82                    1083 	.db #0x82	; 130
    000003E6 00                    1084 	.db #0x00	; 0
    000003E7 00                    1085 	.db #0x00	; 0
    000003E8 00                    1086 	.db #0x00	; 0
    000003E9 82                    1087 	.db #0x82	; 130
    000003EA 00                    1088 	.db #0x00	; 0
    000003EB 00                    1089 	.db #0x00	; 0
    000003EC 00                    1090 	.db #0x00	; 0
    000003ED 00                    1091 	.db #0x00	; 0
    000003EE 00                    1092 	.db #0x00	; 0
    000003EF 00                    1093 	.db #0x00	; 0
    000003F0 00                    1094 	.db #0x00	; 0
    000003F1 FE                    1095 	.db #0xfe	; 254
    000003F2 00                    1096 	.db #0x00	; 0
    000003F3 00                    1097 	.db #0x00	; 0
    000003F4 00                    1098 	.db #0x00	; 0
    000003F5 10                    1099 	.db #0x10	; 16
    000003F6 00                    1100 	.db #0x00	; 0
    000003F7 00                    1101 	.db #0x00	; 0
    000003F8 00                    1102 	.db #0x00	; 0
    000003F9 10                    1103 	.db #0x10	; 16
    000003FA 00                    1104 	.db #0x00	; 0
    000003FB 00                    1105 	.db #0x00	; 0
    000003FC 00                    1106 	.db #0x00	; 0
    000003FD 10                    1107 	.db #0x10	; 16
    000003FE 00                    1108 	.db #0x00	; 0
    000003FF 00                    1109 	.db #0x00	; 0
    00000400 00                    1110 	.db #0x00	; 0
    00000401 10                    1111 	.db #0x10	; 16
    00000402 00                    1112 	.db #0x00	; 0
    00000403 00                    1113 	.db #0x00	; 0
    00000404 00                    1114 	.db #0x00	; 0
    00000405 10                    1115 	.db #0x10	; 16
    00000406 00                    1116 	.db #0x00	; 0
    00000407 00                    1117 	.db #0x00	; 0
    00000408 00                    1118 	.db #0x00	; 0
    00000409 FE                    1119 	.db #0xfe	; 254
    0000040A 00                    1120 	.db #0x00	; 0
    0000040B 00                    1121 	.db #0x00	; 0
    0000040C 00                    1122 	.db #0x00	; 0
    0000040D 00                    1123 	.db #0x00	; 0
    0000040E 00                    1124 	.db #0x00	; 0
    0000040F 00                    1125 	.db #0x00	; 0
    00000410 00                    1126 	.db #0x00	; 0
    00000411 FE                    1127 	.db #0xfe	; 254
    00000412 00                    1128 	.db #0x00	; 0
    00000413 00                    1129 	.db #0x00	; 0
    00000414 00                    1130 	.db #0x00	; 0
    00000415 08                    1131 	.db #0x08	; 8
    00000416 00                    1132 	.db #0x00	; 0
    00000417 00                    1133 	.db #0x00	; 0
    00000418 00                    1134 	.db #0x00	; 0
    00000419 08                    1135 	.db #0x08	; 8
    0000041A 00                    1136 	.db #0x00	; 0
    0000041B 00                    1137 	.db #0x00	; 0
    0000041C 00                    1138 	.db #0x00	; 0
    0000041D 08                    1139 	.db #0x08	; 8
    0000041E 00                    1140 	.db #0x00	; 0
    0000041F 00                    1141 	.db #0x00	; 0
    00000420 00                    1142 	.db #0x00	; 0
    00000421 08                    1143 	.db #0x08	; 8
    00000422 00                    1144 	.db #0x00	; 0
    00000423 00                    1145 	.db #0x00	; 0
    00000424 00                    1146 	.db #0x00	; 0
    00000425 88                    1147 	.db #0x88	; 136
    00000426 00                    1148 	.db #0x00	; 0
    00000427 00                    1149 	.db #0x00	; 0
    00000428 00                    1150 	.db #0x00	; 0
    00000429 70                    1151 	.db #0x70	; 112	'p'
    0000042A 00                    1152 	.db #0x00	; 0
    0000042B 00                    1153 	.db #0x00	; 0
    0000042C 00                    1154 	.db #0x00	; 0
    0000042D 00                    1155 	.db #0x00	; 0
    0000042E 00                    1156 	.db #0x00	; 0
    0000042F 00                    1157 	.db #0x00	; 0
    00000430 00                    1158 	.db #0x00	; 0
    00000431 82                    1159 	.db #0x82	; 130
    00000432 00                    1160 	.db #0x00	; 0
    00000433 00                    1161 	.db #0x00	; 0
    00000434 00                    1162 	.db #0x00	; 0
    00000435 8C                    1163 	.db #0x8c	; 140
    00000436 00                    1164 	.db #0x00	; 0
    00000437 00                    1165 	.db #0x00	; 0
    00000438 00                    1166 	.db #0x00	; 0
    00000439 B0                    1167 	.db #0xb0	; 176
    0000043A 00                    1168 	.db #0x00	; 0
    0000043B 00                    1169 	.db #0x00	; 0
    0000043C 00                    1170 	.db #0x00	; 0
    0000043D C0                    1171 	.db #0xc0	; 192
    0000043E 00                    1172 	.db #0x00	; 0
    0000043F 00                    1173 	.db #0x00	; 0
    00000440 00                    1174 	.db #0x00	; 0
    00000441 B0                    1175 	.db #0xb0	; 176
    00000442 00                    1176 	.db #0x00	; 0
    00000443 00                    1177 	.db #0x00	; 0
    00000444 00                    1178 	.db #0x00	; 0
    00000445 8C                    1179 	.db #0x8c	; 140
    00000446 00                    1180 	.db #0x00	; 0
    00000447 00                    1181 	.db #0x00	; 0
    00000448 00                    1182 	.db #0x00	; 0
    00000449 82                    1183 	.db #0x82	; 130
    0000044A 00                    1184 	.db #0x00	; 0
    0000044B 00                    1185 	.db #0x00	; 0
    0000044C 00                    1186 	.db #0x00	; 0
    0000044D 00                    1187 	.db #0x00	; 0
    0000044E 00                    1188 	.db #0x00	; 0
    0000044F 00                    1189 	.db #0x00	; 0
    00000450 00                    1190 	.db #0x00	; 0
    00000451 80                    1191 	.db #0x80	; 128
    00000452 00                    1192 	.db #0x00	; 0
    00000453 00                    1193 	.db #0x00	; 0
    00000454 00                    1194 	.db #0x00	; 0
    00000455 80                    1195 	.db #0x80	; 128
    00000456 00                    1196 	.db #0x00	; 0
    00000457 00                    1197 	.db #0x00	; 0
    00000458 00                    1198 	.db #0x00	; 0
    00000459 80                    1199 	.db #0x80	; 128
    0000045A 00                    1200 	.db #0x00	; 0
    0000045B 00                    1201 	.db #0x00	; 0
    0000045C 00                    1202 	.db #0x00	; 0
    0000045D 80                    1203 	.db #0x80	; 128
    0000045E 00                    1204 	.db #0x00	; 0
    0000045F 00                    1205 	.db #0x00	; 0
    00000460 00                    1206 	.db #0x00	; 0
    00000461 80                    1207 	.db #0x80	; 128
    00000462 00                    1208 	.db #0x00	; 0
    00000463 00                    1209 	.db #0x00	; 0
    00000464 00                    1210 	.db #0x00	; 0
    00000465 80                    1211 	.db #0x80	; 128
    00000466 00                    1212 	.db #0x00	; 0
    00000467 00                    1213 	.db #0x00	; 0
    00000468 00                    1214 	.db #0x00	; 0
    00000469 FE                    1215 	.db #0xfe	; 254
    0000046A 00                    1216 	.db #0x00	; 0
    0000046B 00                    1217 	.db #0x00	; 0
    0000046C 00                    1218 	.db #0x00	; 0
    0000046D 00                    1219 	.db #0x00	; 0
    0000046E 00                    1220 	.db #0x00	; 0
    0000046F 00                    1221 	.db #0x00	; 0
    00000470 00                    1222 	.db #0x00	; 0
    00000471 82                    1223 	.db #0x82	; 130
    00000472 00                    1224 	.db #0x00	; 0
    00000473 00                    1225 	.db #0x00	; 0
    00000474 00                    1226 	.db #0x00	; 0
    00000475 C6                    1227 	.db #0xc6	; 198
    00000476 00                    1228 	.db #0x00	; 0
    00000477 00                    1229 	.db #0x00	; 0
    00000478 00                    1230 	.db #0x00	; 0
    00000479 AA                    1231 	.db #0xaa	; 170
    0000047A 00                    1232 	.db #0x00	; 0
    0000047B 00                    1233 	.db #0x00	; 0
    0000047C 00                    1234 	.db #0x00	; 0
    0000047D 92                    1235 	.db #0x92	; 146
    0000047E 00                    1236 	.db #0x00	; 0
    0000047F 00                    1237 	.db #0x00	; 0
    00000480 00                    1238 	.db #0x00	; 0
    00000481 82                    1239 	.db #0x82	; 130
    00000482 00                    1240 	.db #0x00	; 0
    00000483 00                    1241 	.db #0x00	; 0
    00000484 00                    1242 	.db #0x00	; 0
    00000485 82                    1243 	.db #0x82	; 130
    00000486 00                    1244 	.db #0x00	; 0
    00000487 00                    1245 	.db #0x00	; 0
    00000488 00                    1246 	.db #0x00	; 0
    00000489 82                    1247 	.db #0x82	; 130
    0000048A 00                    1248 	.db #0x00	; 0
    0000048B 00                    1249 	.db #0x00	; 0
    0000048C 00                    1250 	.db #0x00	; 0
    0000048D 00                    1251 	.db #0x00	; 0
    0000048E 00                    1252 	.db #0x00	; 0
    0000048F 00                    1253 	.db #0x00	; 0
    00000490 00                    1254 	.db #0x00	; 0
    00000491 82                    1255 	.db #0x82	; 130
    00000492 00                    1256 	.db #0x00	; 0
    00000493 00                    1257 	.db #0x00	; 0
    00000494 00                    1258 	.db #0x00	; 0
    00000495 C2                    1259 	.db #0xc2	; 194
    00000496 00                    1260 	.db #0x00	; 0
    00000497 00                    1261 	.db #0x00	; 0
    00000498 00                    1262 	.db #0x00	; 0
    00000499 A2                    1263 	.db #0xa2	; 162
    0000049A 00                    1264 	.db #0x00	; 0
    0000049B 00                    1265 	.db #0x00	; 0
    0000049C 00                    1266 	.db #0x00	; 0
    0000049D 92                    1267 	.db #0x92	; 146
    0000049E 00                    1268 	.db #0x00	; 0
    0000049F 00                    1269 	.db #0x00	; 0
    000004A0 00                    1270 	.db #0x00	; 0
    000004A1 8A                    1271 	.db #0x8a	; 138
    000004A2 00                    1272 	.db #0x00	; 0
    000004A3 00                    1273 	.db #0x00	; 0
    000004A4 00                    1274 	.db #0x00	; 0
    000004A5 86                    1275 	.db #0x86	; 134
    000004A6 00                    1276 	.db #0x00	; 0
    000004A7 00                    1277 	.db #0x00	; 0
    000004A8 00                    1278 	.db #0x00	; 0
    000004A9 82                    1279 	.db #0x82	; 130
    000004AA 00                    1280 	.db #0x00	; 0
    000004AB 00                    1281 	.db #0x00	; 0
    000004AC 00                    1282 	.db #0x00	; 0
    000004AD 00                    1283 	.db #0x00	; 0
    000004AE 00                    1284 	.db #0x00	; 0
    000004AF 00                    1285 	.db #0x00	; 0
    000004B0 00                    1286 	.db #0x00	; 0
    000004B1 7C                    1287 	.db #0x7c	; 124
    000004B2 00                    1288 	.db #0x00	; 0
    000004B3 00                    1289 	.db #0x00	; 0
    000004B4 00                    1290 	.db #0x00	; 0
    000004B5 82                    1291 	.db #0x82	; 130
    000004B6 00                    1292 	.db #0x00	; 0
    000004B7 00                    1293 	.db #0x00	; 0
    000004B8 00                    1294 	.db #0x00	; 0
    000004B9 82                    1295 	.db #0x82	; 130
    000004BA 00                    1296 	.db #0x00	; 0
    000004BB 00                    1297 	.db #0x00	; 0
    000004BC 00                    1298 	.db #0x00	; 0
    000004BD 82                    1299 	.db #0x82	; 130
    000004BE 00                    1300 	.db #0x00	; 0
    000004BF 00                    1301 	.db #0x00	; 0
    000004C0 00                    1302 	.db #0x00	; 0
    000004C1 82                    1303 	.db #0x82	; 130
    000004C2 00                    1304 	.db #0x00	; 0
    000004C3 00                    1305 	.db #0x00	; 0
    000004C4 00                    1306 	.db #0x00	; 0
    000004C5 82                    1307 	.db #0x82	; 130
    000004C6 00                    1308 	.db #0x00	; 0
    000004C7 00                    1309 	.db #0x00	; 0
    000004C8 00                    1310 	.db #0x00	; 0
    000004C9 7C                    1311 	.db #0x7c	; 124
    000004CA 00                    1312 	.db #0x00	; 0
    000004CB 00                    1313 	.db #0x00	; 0
    000004CC 00                    1314 	.db #0x00	; 0
    000004CD 00                    1315 	.db #0x00	; 0
    000004CE 00                    1316 	.db #0x00	; 0
    000004CF 00                    1317 	.db #0x00	; 0
    000004D0 00                    1318 	.db #0x00	; 0
    000004D1 FC                    1319 	.db #0xfc	; 252
    000004D2 00                    1320 	.db #0x00	; 0
    000004D3 00                    1321 	.db #0x00	; 0
    000004D4 00                    1322 	.db #0x00	; 0
    000004D5 82                    1323 	.db #0x82	; 130
    000004D6 00                    1324 	.db #0x00	; 0
    000004D7 00                    1325 	.db #0x00	; 0
    000004D8 00                    1326 	.db #0x00	; 0
    000004D9 82                    1327 	.db #0x82	; 130
    000004DA 00                    1328 	.db #0x00	; 0
    000004DB 00                    1329 	.db #0x00	; 0
    000004DC 00                    1330 	.db #0x00	; 0
    000004DD 82                    1331 	.db #0x82	; 130
    000004DE 00                    1332 	.db #0x00	; 0
    000004DF 00                    1333 	.db #0x00	; 0
    000004E0 00                    1334 	.db #0x00	; 0
    000004E1 FC                    1335 	.db #0xfc	; 252
    000004E2 00                    1336 	.db #0x00	; 0
    000004E3 00                    1337 	.db #0x00	; 0
    000004E4 00                    1338 	.db #0x00	; 0
    000004E5 80                    1339 	.db #0x80	; 128
    000004E6 00                    1340 	.db #0x00	; 0
    000004E7 00                    1341 	.db #0x00	; 0
    000004E8 00                    1342 	.db #0x00	; 0
    000004E9 80                    1343 	.db #0x80	; 128
    000004EA 00                    1344 	.db #0x00	; 0
    000004EB 00                    1345 	.db #0x00	; 0
    000004EC 00                    1346 	.db #0x00	; 0
    000004ED 00                    1347 	.db #0x00	; 0
    000004EE 00                    1348 	.db #0x00	; 0
    000004EF 00                    1349 	.db #0x00	; 0
    000004F0 00                    1350 	.db #0x00	; 0
    000004F1 7C                    1351 	.db #0x7c	; 124
    000004F2 00                    1352 	.db #0x00	; 0
    000004F3 00                    1353 	.db #0x00	; 0
    000004F4 00                    1354 	.db #0x00	; 0
    000004F5 82                    1355 	.db #0x82	; 130
    000004F6 00                    1356 	.db #0x00	; 0
    000004F7 00                    1357 	.db #0x00	; 0
    000004F8 00                    1358 	.db #0x00	; 0
    000004F9 82                    1359 	.db #0x82	; 130
    000004FA 00                    1360 	.db #0x00	; 0
    000004FB 00                    1361 	.db #0x00	; 0
    000004FC 00                    1362 	.db #0x00	; 0
    000004FD 82                    1363 	.db #0x82	; 130
    000004FE 00                    1364 	.db #0x00	; 0
    000004FF 00                    1365 	.db #0x00	; 0
    00000500 00                    1366 	.db #0x00	; 0
    00000501 82                    1367 	.db #0x82	; 130
    00000502 00                    1368 	.db #0x00	; 0
    00000503 00                    1369 	.db #0x00	; 0
    00000504 00                    1370 	.db #0x00	; 0
    00000505 8A                    1371 	.db #0x8a	; 138
    00000506 00                    1372 	.db #0x00	; 0
    00000507 00                    1373 	.db #0x00	; 0
    00000508 00                    1374 	.db #0x00	; 0
    00000509 7C                    1375 	.db #0x7c	; 124
    0000050A 00                    1376 	.db #0x00	; 0
    0000050B 00                    1377 	.db #0x00	; 0
    0000050C 00                    1378 	.db #0x00	; 0
    0000050D 06                    1379 	.db #0x06	; 6
    0000050E 00                    1380 	.db #0x00	; 0
    0000050F 00                    1381 	.db #0x00	; 0
    00000510 00                    1382 	.db #0x00	; 0
    00000511 FC                    1383 	.db #0xfc	; 252
    00000512 00                    1384 	.db #0x00	; 0
    00000513 00                    1385 	.db #0x00	; 0
    00000514 00                    1386 	.db #0x00	; 0
    00000515 82                    1387 	.db #0x82	; 130
    00000516 00                    1388 	.db #0x00	; 0
    00000517 00                    1389 	.db #0x00	; 0
    00000518 00                    1390 	.db #0x00	; 0
    00000519 82                    1391 	.db #0x82	; 130
    0000051A 00                    1392 	.db #0x00	; 0
    0000051B 00                    1393 	.db #0x00	; 0
    0000051C 00                    1394 	.db #0x00	; 0
    0000051D FC                    1395 	.db #0xfc	; 252
    0000051E 00                    1396 	.db #0x00	; 0
    0000051F 00                    1397 	.db #0x00	; 0
    00000520 00                    1398 	.db #0x00	; 0
    00000521 88                    1399 	.db #0x88	; 136
    00000522 00                    1400 	.db #0x00	; 0
    00000523 00                    1401 	.db #0x00	; 0
    00000524 00                    1402 	.db #0x00	; 0
    00000525 84                    1403 	.db #0x84	; 132
    00000526 00                    1404 	.db #0x00	; 0
    00000527 00                    1405 	.db #0x00	; 0
    00000528 00                    1406 	.db #0x00	; 0
    00000529 82                    1407 	.db #0x82	; 130
    0000052A 00                    1408 	.db #0x00	; 0
    0000052B 00                    1409 	.db #0x00	; 0
    0000052C 00                    1410 	.db #0x00	; 0
    0000052D 00                    1411 	.db #0x00	; 0
    0000052E 00                    1412 	.db #0x00	; 0
    0000052F 00                    1413 	.db #0x00	; 0
    00000530 00                    1414 	.db #0x00	; 0
    00000531 7C                    1415 	.db #0x7c	; 124
    00000532 00                    1416 	.db #0x00	; 0
    00000533 00                    1417 	.db #0x00	; 0
    00000534 00                    1418 	.db #0x00	; 0
    00000535 82                    1419 	.db #0x82	; 130
    00000536 00                    1420 	.db #0x00	; 0
    00000537 00                    1421 	.db #0x00	; 0
    00000538 00                    1422 	.db #0x00	; 0
    00000539 80                    1423 	.db #0x80	; 128
    0000053A 00                    1424 	.db #0x00	; 0
    0000053B 00                    1425 	.db #0x00	; 0
    0000053C 00                    1426 	.db #0x00	; 0
    0000053D 7C                    1427 	.db #0x7c	; 124
    0000053E 00                    1428 	.db #0x00	; 0
    0000053F 00                    1429 	.db #0x00	; 0
    00000540 00                    1430 	.db #0x00	; 0
    00000541 02                    1431 	.db #0x02	; 2
    00000542 00                    1432 	.db #0x00	; 0
    00000543 00                    1433 	.db #0x00	; 0
    00000544 00                    1434 	.db #0x00	; 0
    00000545 82                    1435 	.db #0x82	; 130
    00000546 00                    1436 	.db #0x00	; 0
    00000547 00                    1437 	.db #0x00	; 0
    00000548 00                    1438 	.db #0x00	; 0
    00000549 7C                    1439 	.db #0x7c	; 124
    0000054A 00                    1440 	.db #0x00	; 0
    0000054B 00                    1441 	.db #0x00	; 0
    0000054C 00                    1442 	.db #0x00	; 0
    0000054D 00                    1443 	.db #0x00	; 0
    0000054E 00                    1444 	.db #0x00	; 0
    0000054F 00                    1445 	.db #0x00	; 0
    00000550 00                    1446 	.db #0x00	; 0
    00000551 FE                    1447 	.db #0xfe	; 254
    00000552 00                    1448 	.db #0x00	; 0
    00000553 00                    1449 	.db #0x00	; 0
    00000554 00                    1450 	.db #0x00	; 0
    00000555 10                    1451 	.db #0x10	; 16
    00000556 00                    1452 	.db #0x00	; 0
    00000557 00                    1453 	.db #0x00	; 0
    00000558 00                    1454 	.db #0x00	; 0
    00000559 10                    1455 	.db #0x10	; 16
    0000055A 00                    1456 	.db #0x00	; 0
    0000055B 00                    1457 	.db #0x00	; 0
    0000055C 00                    1458 	.db #0x00	; 0
    0000055D 10                    1459 	.db #0x10	; 16
    0000055E 00                    1460 	.db #0x00	; 0
    0000055F 00                    1461 	.db #0x00	; 0
    00000560 00                    1462 	.db #0x00	; 0
    00000561 10                    1463 	.db #0x10	; 16
    00000562 00                    1464 	.db #0x00	; 0
    00000563 00                    1465 	.db #0x00	; 0
    00000564 00                    1466 	.db #0x00	; 0
    00000565 10                    1467 	.db #0x10	; 16
    00000566 00                    1468 	.db #0x00	; 0
    00000567 00                    1469 	.db #0x00	; 0
    00000568 00                    1470 	.db #0x00	; 0
    00000569 10                    1471 	.db #0x10	; 16
    0000056A 00                    1472 	.db #0x00	; 0
    0000056B 00                    1473 	.db #0x00	; 0
    0000056C 00                    1474 	.db #0x00	; 0
    0000056D 00                    1475 	.db #0x00	; 0
    0000056E 00                    1476 	.db #0x00	; 0
    0000056F 00                    1477 	.db #0x00	; 0
    00000570 00                    1478 	.db #0x00	; 0
    00000571 82                    1479 	.db #0x82	; 130
    00000572 00                    1480 	.db #0x00	; 0
    00000573 00                    1481 	.db #0x00	; 0
    00000574 00                    1482 	.db #0x00	; 0
    00000575 82                    1483 	.db #0x82	; 130
    00000576 00                    1484 	.db #0x00	; 0
    00000577 00                    1485 	.db #0x00	; 0
    00000578 00                    1486 	.db #0x00	; 0
    00000579 82                    1487 	.db #0x82	; 130
    0000057A 00                    1488 	.db #0x00	; 0
    0000057B 00                    1489 	.db #0x00	; 0
    0000057C 00                    1490 	.db #0x00	; 0
    0000057D 82                    1491 	.db #0x82	; 130
    0000057E 00                    1492 	.db #0x00	; 0
    0000057F 00                    1493 	.db #0x00	; 0
    00000580 00                    1494 	.db #0x00	; 0
    00000581 82                    1495 	.db #0x82	; 130
    00000582 00                    1496 	.db #0x00	; 0
    00000583 00                    1497 	.db #0x00	; 0
    00000584 00                    1498 	.db #0x00	; 0
    00000585 82                    1499 	.db #0x82	; 130
    00000586 00                    1500 	.db #0x00	; 0
    00000587 00                    1501 	.db #0x00	; 0
    00000588 00                    1502 	.db #0x00	; 0
    00000589 7C                    1503 	.db #0x7c	; 124
    0000058A 00                    1504 	.db #0x00	; 0
    0000058B 00                    1505 	.db #0x00	; 0
    0000058C 00                    1506 	.db #0x00	; 0
    0000058D 00                    1507 	.db #0x00	; 0
    0000058E 00                    1508 	.db #0x00	; 0
    0000058F 00                    1509 	.db #0x00	; 0
    00000590 00                    1510 	.db #0x00	; 0
    00000591 82                    1511 	.db #0x82	; 130
    00000592 00                    1512 	.db #0x00	; 0
    00000593 00                    1513 	.db #0x00	; 0
    00000594 00                    1514 	.db #0x00	; 0
    00000595 82                    1515 	.db #0x82	; 130
    00000596 00                    1516 	.db #0x00	; 0
    00000597 00                    1517 	.db #0x00	; 0
    00000598 00                    1518 	.db #0x00	; 0
    00000599 44                    1519 	.db #0x44	; 68	'D'
    0000059A 00                    1520 	.db #0x00	; 0
    0000059B 00                    1521 	.db #0x00	; 0
    0000059C 00                    1522 	.db #0x00	; 0
    0000059D 44                    1523 	.db #0x44	; 68	'D'
    0000059E 00                    1524 	.db #0x00	; 0
    0000059F 00                    1525 	.db #0x00	; 0
    000005A0 00                    1526 	.db #0x00	; 0
    000005A1 28                    1527 	.db #0x28	; 40
    000005A2 00                    1528 	.db #0x00	; 0
    000005A3 00                    1529 	.db #0x00	; 0
    000005A4 00                    1530 	.db #0x00	; 0
    000005A5 28                    1531 	.db #0x28	; 40
    000005A6 00                    1532 	.db #0x00	; 0
    000005A7 00                    1533 	.db #0x00	; 0
    000005A8 00                    1534 	.db #0x00	; 0
    000005A9 10                    1535 	.db #0x10	; 16
    000005AA 00                    1536 	.db #0x00	; 0
    000005AB 00                    1537 	.db #0x00	; 0
    000005AC 00                    1538 	.db #0x00	; 0
    000005AD 00                    1539 	.db #0x00	; 0
    000005AE 00                    1540 	.db #0x00	; 0
    000005AF 00                    1541 	.db #0x00	; 0
    000005B0 00                    1542 	.db #0x00	; 0
    000005B1 82                    1543 	.db #0x82	; 130
    000005B2 00                    1544 	.db #0x00	; 0
    000005B3 00                    1545 	.db #0x00	; 0
    000005B4 00                    1546 	.db #0x00	; 0
    000005B5 82                    1547 	.db #0x82	; 130
    000005B6 00                    1548 	.db #0x00	; 0
    000005B7 00                    1549 	.db #0x00	; 0
    000005B8 00                    1550 	.db #0x00	; 0
    000005B9 82                    1551 	.db #0x82	; 130
    000005BA 00                    1552 	.db #0x00	; 0
    000005BB 00                    1553 	.db #0x00	; 0
    000005BC 00                    1554 	.db #0x00	; 0
    000005BD 44                    1555 	.db #0x44	; 68	'D'
    000005BE 00                    1556 	.db #0x00	; 0
    000005BF 00                    1557 	.db #0x00	; 0
    000005C0 00                    1558 	.db #0x00	; 0
    000005C1 54                    1559 	.db #0x54	; 84	'T'
    000005C2 00                    1560 	.db #0x00	; 0
    000005C3 00                    1561 	.db #0x00	; 0
    000005C4 00                    1562 	.db #0x00	; 0
    000005C5 54                    1563 	.db #0x54	; 84	'T'
    000005C6 00                    1564 	.db #0x00	; 0
    000005C7 00                    1565 	.db #0x00	; 0
    000005C8 00                    1566 	.db #0x00	; 0
    000005C9 38                    1567 	.db #0x38	; 56	'8'
    000005CA 00                    1568 	.db #0x00	; 0
    000005CB 00                    1569 	.db #0x00	; 0
    000005CC 00                    1570 	.db #0x00	; 0
    000005CD 00                    1571 	.db #0x00	; 0
    000005CE 00                    1572 	.db #0x00	; 0
    000005CF 00                    1573 	.db #0x00	; 0
    000005D0 00                    1574 	.db #0x00	; 0
    000005D1 82                    1575 	.db #0x82	; 130
    000005D2 00                    1576 	.db #0x00	; 0
    000005D3 00                    1577 	.db #0x00	; 0
    000005D4 00                    1578 	.db #0x00	; 0
    000005D5 44                    1579 	.db #0x44	; 68	'D'
    000005D6 00                    1580 	.db #0x00	; 0
    000005D7 00                    1581 	.db #0x00	; 0
    000005D8 00                    1582 	.db #0x00	; 0
    000005D9 28                    1583 	.db #0x28	; 40
    000005DA 00                    1584 	.db #0x00	; 0
    000005DB 00                    1585 	.db #0x00	; 0
    000005DC 00                    1586 	.db #0x00	; 0
    000005DD 10                    1587 	.db #0x10	; 16
    000005DE 00                    1588 	.db #0x00	; 0
    000005DF 00                    1589 	.db #0x00	; 0
    000005E0 00                    1590 	.db #0x00	; 0
    000005E1 28                    1591 	.db #0x28	; 40
    000005E2 00                    1592 	.db #0x00	; 0
    000005E3 00                    1593 	.db #0x00	; 0
    000005E4 00                    1594 	.db #0x00	; 0
    000005E5 44                    1595 	.db #0x44	; 68	'D'
    000005E6 00                    1596 	.db #0x00	; 0
    000005E7 00                    1597 	.db #0x00	; 0
    000005E8 00                    1598 	.db #0x00	; 0
    000005E9 82                    1599 	.db #0x82	; 130
    000005EA 00                    1600 	.db #0x00	; 0
    000005EB 00                    1601 	.db #0x00	; 0
    000005EC 00                    1602 	.db #0x00	; 0
    000005ED 00                    1603 	.db #0x00	; 0
    000005EE 00                    1604 	.db #0x00	; 0
    000005EF 00                    1605 	.db #0x00	; 0
    000005F0 00                    1606 	.db #0x00	; 0
    000005F1 82                    1607 	.db #0x82	; 130
    000005F2 00                    1608 	.db #0x00	; 0
    000005F3 00                    1609 	.db #0x00	; 0
    000005F4 00                    1610 	.db #0x00	; 0
    000005F5 44                    1611 	.db #0x44	; 68	'D'
    000005F6 00                    1612 	.db #0x00	; 0
    000005F7 00                    1613 	.db #0x00	; 0
    000005F8 00                    1614 	.db #0x00	; 0
    000005F9 28                    1615 	.db #0x28	; 40
    000005FA 00                    1616 	.db #0x00	; 0
    000005FB 00                    1617 	.db #0x00	; 0
    000005FC 00                    1618 	.db #0x00	; 0
    000005FD 10                    1619 	.db #0x10	; 16
    000005FE 00                    1620 	.db #0x00	; 0
    000005FF 00                    1621 	.db #0x00	; 0
    00000600 00                    1622 	.db #0x00	; 0
    00000601 10                    1623 	.db #0x10	; 16
    00000602 00                    1624 	.db #0x00	; 0
    00000603 00                    1625 	.db #0x00	; 0
    00000604 00                    1626 	.db #0x00	; 0
    00000605 10                    1627 	.db #0x10	; 16
    00000606 00                    1628 	.db #0x00	; 0
    00000607 00                    1629 	.db #0x00	; 0
    00000608 00                    1630 	.db #0x00	; 0
    00000609 10                    1631 	.db #0x10	; 16
    0000060A 00                    1632 	.db #0x00	; 0
    0000060B 00                    1633 	.db #0x00	; 0
    0000060C 00                    1634 	.db #0x00	; 0
    0000060D 00                    1635 	.db #0x00	; 0
    0000060E 00                    1636 	.db #0x00	; 0
    0000060F 00                    1637 	.db #0x00	; 0
    00000610 00                    1638 	.db #0x00	; 0
    00000611 FE                    1639 	.db #0xfe	; 254
    00000612 00                    1640 	.db #0x00	; 0
    00000613 00                    1641 	.db #0x00	; 0
    00000614 00                    1642 	.db #0x00	; 0
    00000615 04                    1643 	.db #0x04	; 4
    00000616 00                    1644 	.db #0x00	; 0
    00000617 00                    1645 	.db #0x00	; 0
    00000618 00                    1646 	.db #0x00	; 0
    00000619 08                    1647 	.db #0x08	; 8
    0000061A 00                    1648 	.db #0x00	; 0
    0000061B 00                    1649 	.db #0x00	; 0
    0000061C 00                    1650 	.db #0x00	; 0
    0000061D 10                    1651 	.db #0x10	; 16
    0000061E 00                    1652 	.db #0x00	; 0
    0000061F 00                    1653 	.db #0x00	; 0
    00000620 00                    1654 	.db #0x00	; 0
    00000621 20                    1655 	.db #0x20	; 32
    00000622 00                    1656 	.db #0x00	; 0
    00000623 00                    1657 	.db #0x00	; 0
    00000624 00                    1658 	.db #0x00	; 0
    00000625 40                    1659 	.db #0x40	; 64
    00000626 00                    1660 	.db #0x00	; 0
    00000627 00                    1661 	.db #0x00	; 0
    00000628 00                    1662 	.db #0x00	; 0
    00000629 FE                    1663 	.db #0xfe	; 254
    0000062A 00                    1664 	.db #0x00	; 0
    0000062B 00                    1665 	.db #0x00	; 0
    0000062C 00                    1666 	.db #0x00	; 0
    0000062D 00                    1667 	.db #0x00	; 0
    0000062E 00                    1668 	.db #0x00	; 0
    0000062F 00                    1669 	.db #0x00	; 0
    00000630 00                    1670 	.db #0x00	; 0
    00000631 00                    1671 	.db #0x00	; 0
    00000632 00                    1672 	.db #0x00	; 0
    00000633 00                    1673 	.db #0x00	; 0
    00000634 00                    1674 	.db #0x00	; 0
    00000635 10                    1675 	.db #0x10	; 16
    00000636 00                    1676 	.db #0x00	; 0
    00000637 00                    1677 	.db #0x00	; 0
    00000638 00                    1678 	.db #0x00	; 0
    00000639 20                    1679 	.db #0x20	; 32
    0000063A 00                    1680 	.db #0x00	; 0
    0000063B 00                    1681 	.db #0x00	; 0
    0000063C 00                    1682 	.db #0x00	; 0
    0000063D 20                    1683 	.db #0x20	; 32
    0000063E 00                    1684 	.db #0x00	; 0
    0000063F 00                    1685 	.db #0x00	; 0
    00000640 00                    1686 	.db #0x00	; 0
    00000641 20                    1687 	.db #0x20	; 32
    00000642 00                    1688 	.db #0x00	; 0
    00000643 00                    1689 	.db #0x00	; 0
    00000644 00                    1690 	.db #0x00	; 0
    00000645 20                    1691 	.db #0x20	; 32
    00000646 00                    1692 	.db #0x00	; 0
    00000647 00                    1693 	.db #0x00	; 0
    00000648 00                    1694 	.db #0x00	; 0
    00000649 20                    1695 	.db #0x20	; 32
    0000064A 00                    1696 	.db #0x00	; 0
    0000064B 00                    1697 	.db #0x00	; 0
    0000064C 00                    1698 	.db #0x00	; 0
    0000064D 10                    1699 	.db #0x10	; 16
    0000064E 00                    1700 	.db #0x00	; 0
    0000064F 00                    1701 	.db #0x00	; 0
    00000650 00                    1702 	.db #0x00	; 0
    00000651 00                    1703 	.db #0x00	; 0
    00000652 00                    1704 	.db #0x00	; 0
    00000653 00                    1705 	.db #0x00	; 0
    00000654 00                    1706 	.db #0x00	; 0
    00000655 10                    1707 	.db #0x10	; 16
    00000656 00                    1708 	.db #0x00	; 0
    00000657 00                    1709 	.db #0x00	; 0
    00000658 00                    1710 	.db #0x00	; 0
    00000659 08                    1711 	.db #0x08	; 8
    0000065A 00                    1712 	.db #0x00	; 0
    0000065B 00                    1713 	.db #0x00	; 0
    0000065C 00                    1714 	.db #0x00	; 0
    0000065D 08                    1715 	.db #0x08	; 8
    0000065E 00                    1716 	.db #0x00	; 0
    0000065F 00                    1717 	.db #0x00	; 0
    00000660 00                    1718 	.db #0x00	; 0
    00000661 08                    1719 	.db #0x08	; 8
    00000662 00                    1720 	.db #0x00	; 0
    00000663 00                    1721 	.db #0x00	; 0
    00000664 00                    1722 	.db #0x00	; 0
    00000665 08                    1723 	.db #0x08	; 8
    00000666 00                    1724 	.db #0x00	; 0
    00000667 00                    1725 	.db #0x00	; 0
    00000668 00                    1726 	.db #0x00	; 0
    00000669 08                    1727 	.db #0x08	; 8
    0000066A 00                    1728 	.db #0x00	; 0
    0000066B 00                    1729 	.db #0x00	; 0
    0000066C 00                    1730 	.db #0x00	; 0
    0000066D 10                    1731 	.db #0x10	; 16
    0000066E 00                    1732 	.db #0x00	; 0
    0000066F 00                    1733 	.db #0x00	; 0
    00000670                       1734 _font_font:
    00000670 01                    1735 	.db #0x01	; 1
    00000671r10r00                 1736 	.dw _font_table
    00000673 00 00                 1737 	.dw #0x0000
    00000675r90r00                 1738 	.dw _font_tiles
    00000677 00                    1739 	.db #0x00	; 0
    00000678                       1740 _font:
    00000678 2F                    1741 	.db #0x2f	; 47
    00000679r90r00                 1742 	.dw _font_tiles
    0000067B 01                    1743 	.db #0x01	; 1
    0000067Cr00r00                 1744 	.dw _font_palettes
    0000067E 00 00                 1745 	.dw #0x0000
                                   1746 	.area _INITIALIZER
                                   1747 	.area _CABS (ABS)
