                                      1 ;--------------------------------------------------------
                                      2 ; File Created by SDCC : free open source ISO C Compiler
                                      3 ; Version 4.5.1 #15267 (MINGW64)
                                      4 ;--------------------------------------------------------
                                      5 	.module map_png
                                      6 	
                                      7 ;--------------------------------------------------------
                                      8 ; Public variables in this module
                                      9 ;--------------------------------------------------------
                                     10 	.globl _map
                                     11 	.globl _map_map
                                     12 	.globl _map_tiles_info
                                     13 	.globl _map_tile_pals
                                     14 	.globl _map_tiles
                                     15 	.globl _map_palettes
                                     16 	.globl b___func_map_tiles_info
                                     17 	.globl ___func_map_tiles_info
                                     18 	.globl b___func_map
                                     19 	.globl ___func_map
                                     20 ;--------------------------------------------------------
                                     21 ; special function registers
                                     22 ;--------------------------------------------------------
                                     23 	.area _HRAM
                                     24 ;--------------------------------------------------------
                                     25 ; ram data
                                     26 ;--------------------------------------------------------
                                     27 	.area _DATA
                                     28 ;--------------------------------------------------------
                                     29 ; ram data
                                     30 ;--------------------------------------------------------
                                     31 	.area _INITIALIZED
                                     32 ;--------------------------------------------------------
                                     33 ; absolute external ram data
                                     34 ;--------------------------------------------------------
                                     35 	.area _DABS (ABS)
                                     36 ;--------------------------------------------------------
                                     37 ; global & static initialisations
                                     38 ;--------------------------------------------------------
                                     39 	.area _HOME
                                     40 	.area _GSINIT
                                     41 	.area _GSFINAL
                                     42 	.area _GSINIT
                                     43 ;--------------------------------------------------------
                                     44 ; Home
                                     45 ;--------------------------------------------------------
                                     46 	.area _HOME
                                     47 	.area _HOME
                                     48 ;--------------------------------------------------------
                                     49 ; code
                                     50 ;--------------------------------------------------------
                                     51 	.area _CODE_255
                                     52 ;../obj/Release/gbc/res/map.png.c:12: BANKREF(map)
                                     53 ;	---------------------------------
                                     54 ; Function __func_map
                                     55 ; ---------------------------------
                         000000FF    56 	b___func_map	= 255
    00000000                         57 ___func_map::
                                     58 	.local b___func_map 
                         000000FF    59 	___bank_map = b___func_map 
                                     60 	.globl ___bank_map 
                                     61 ;../obj/Release/gbc/res/map.png.c:28: BANKREF(map_tiles_info)
                                     62 ;	---------------------------------
                                     63 ; Function __func_map_tiles_info
                                     64 ; ---------------------------------
                         000000FF    65 	b___func_map_tiles_info	= 255
    00000000                         66 ___func_map_tiles_info::
                                     67 	.local b___func_map_tiles_info 
                         000000FF    68 	___bank_map_tiles_info = b___func_map_tiles_info 
                                     69 	.globl ___bank_map_tiles_info 
                                     70 	.area _CODE_255
    00000000                         71 _map_palettes:
    00000000 BC 17                   72 	.dw #0x17bc
    00000002 E7 22                   73 	.dw #0x22e7
    00000004 C4 19                   74 	.dw #0x19c4
    00000006 00 00                   75 	.dw #0x0000
    00000008                         76 _map_tiles:
    00000008 00                      77 	.db #0x00	; 0
    00000009 00                      78 	.db #0x00	; 0
    0000000A 00                      79 	.db #0x00	; 0
    0000000B 00                      80 	.db #0x00	; 0
    0000000C 00                      81 	.db #0x00	; 0
    0000000D 00                      82 	.db #0x00	; 0
    0000000E 00                      83 	.db #0x00	; 0
    0000000F 00                      84 	.db #0x00	; 0
    00000010 00                      85 	.db #0x00	; 0
    00000011 00                      86 	.db #0x00	; 0
    00000012 00                      87 	.db #0x00	; 0
    00000013 00                      88 	.db #0x00	; 0
    00000014 00                      89 	.db #0x00	; 0
    00000015 00                      90 	.db #0x00	; 0
    00000016 00                      91 	.db #0x00	; 0
    00000017 00                      92 	.db #0x00	; 0
    00000018 CF                      93 	.db #0xcf	; 207
    00000019 20                      94 	.db #0x20	; 32
    0000001A C3                      95 	.db #0xc3	; 195
    0000001B 20                      96 	.db #0x20	; 32
    0000001C 00                      97 	.db #0x00	; 0
    0000001D FF                      98 	.db #0xff	; 255
    0000001E FB                      99 	.db #0xfb	; 251
    0000001F 04                     100 	.db #0x04	; 4
    00000020 F9                     101 	.db #0xf9	; 249
    00000021 04                     102 	.db #0x04	; 4
    00000022 78                     103 	.db #0x78	; 120	'x'
    00000023 04                     104 	.db #0x04	; 4
    00000024 00                     105 	.db #0x00	; 0
    00000025 FF                     106 	.db #0xff	; 255
    00000026 DF                     107 	.db #0xdf	; 223
    00000027 20                     108 	.db #0x20	; 32
    00000028                        109 _map_tile_pals:
    00000028 00                     110 	.db #0x00	; 0
    00000029 00                     111 	.db #0x00	; 0
    0000002A                        112 _map_tiles_info:
    0000002A 02                     113 	.db #0x02	; 2
    0000002Br08r00                  114 	.dw _map_tiles
    0000002D 01                     115 	.db #0x01	; 1
    0000002Er00r00                  116 	.dw _map_palettes
    00000030r28r00                  117 	.dw _map_tile_pals
    00000032                        118 _map_map:
    00000032 00                     119 	.db #0x00	; 0
    00000033 00                     120 	.db #0x00	; 0
    00000034 00                     121 	.db #0x00	; 0
    00000035 00                     122 	.db #0x00	; 0
    00000036 00                     123 	.db #0x00	; 0
    00000037 00                     124 	.db #0x00	; 0
    00000038 00                     125 	.db #0x00	; 0
    00000039 00                     126 	.db #0x00	; 0
    0000003A 00                     127 	.db #0x00	; 0
    0000003B 00                     128 	.db #0x00	; 0
    0000003C 00                     129 	.db #0x00	; 0
    0000003D 00                     130 	.db #0x00	; 0
    0000003E 00                     131 	.db #0x00	; 0
    0000003F 00                     132 	.db #0x00	; 0
    00000040 00                     133 	.db #0x00	; 0
    00000041 00                     134 	.db #0x00	; 0
    00000042 00                     135 	.db #0x00	; 0
    00000043 00                     136 	.db #0x00	; 0
    00000044 00                     137 	.db #0x00	; 0
    00000045 00                     138 	.db #0x00	; 0
    00000046 00                     139 	.db #0x00	; 0
    00000047 00                     140 	.db #0x00	; 0
    00000048 00                     141 	.db #0x00	; 0
    00000049 00                     142 	.db #0x00	; 0
    0000004A 00                     143 	.db #0x00	; 0
    0000004B 00                     144 	.db #0x00	; 0
    0000004C 00                     145 	.db #0x00	; 0
    0000004D 00                     146 	.db #0x00	; 0
    0000004E 00                     147 	.db #0x00	; 0
    0000004F 00                     148 	.db #0x00	; 0
    00000050 00                     149 	.db #0x00	; 0
    00000051 00                     150 	.db #0x00	; 0
    00000052 00                     151 	.db #0x00	; 0
    00000053 00                     152 	.db #0x00	; 0
    00000054 00                     153 	.db #0x00	; 0
    00000055 00                     154 	.db #0x00	; 0
    00000056 00                     155 	.db #0x00	; 0
    00000057 00                     156 	.db #0x00	; 0
    00000058 00                     157 	.db #0x00	; 0
    00000059 00                     158 	.db #0x00	; 0
    0000005A 00                     159 	.db #0x00	; 0
    0000005B 00                     160 	.db #0x00	; 0
    0000005C 00                     161 	.db #0x00	; 0
    0000005D 00                     162 	.db #0x00	; 0
    0000005E 00                     163 	.db #0x00	; 0
    0000005F 00                     164 	.db #0x00	; 0
    00000060 00                     165 	.db #0x00	; 0
    00000061 00                     166 	.db #0x00	; 0
    00000062 00                     167 	.db #0x00	; 0
    00000063 00                     168 	.db #0x00	; 0
    00000064 00                     169 	.db #0x00	; 0
    00000065 00                     170 	.db #0x00	; 0
    00000066 00                     171 	.db #0x00	; 0
    00000067 00                     172 	.db #0x00	; 0
    00000068 00                     173 	.db #0x00	; 0
    00000069 00                     174 	.db #0x00	; 0
    0000006A 00                     175 	.db #0x00	; 0
    0000006B 00                     176 	.db #0x00	; 0
    0000006C 00                     177 	.db #0x00	; 0
    0000006D 00                     178 	.db #0x00	; 0
    0000006E 00                     179 	.db #0x00	; 0
    0000006F 00                     180 	.db #0x00	; 0
    00000070 00                     181 	.db #0x00	; 0
    00000071 00                     182 	.db #0x00	; 0
    00000072 00                     183 	.db #0x00	; 0
    00000073 00                     184 	.db #0x00	; 0
    00000074 00                     185 	.db #0x00	; 0
    00000075 00                     186 	.db #0x00	; 0
    00000076 00                     187 	.db #0x00	; 0
    00000077 00                     188 	.db #0x00	; 0
    00000078 00                     189 	.db #0x00	; 0
    00000079 00                     190 	.db #0x00	; 0
    0000007A 00                     191 	.db #0x00	; 0
    0000007B 00                     192 	.db #0x00	; 0
    0000007C 00                     193 	.db #0x00	; 0
    0000007D 00                     194 	.db #0x00	; 0
    0000007E 00                     195 	.db #0x00	; 0
    0000007F 00                     196 	.db #0x00	; 0
    00000080 00                     197 	.db #0x00	; 0
    00000081 00                     198 	.db #0x00	; 0
    00000082 00                     199 	.db #0x00	; 0
    00000083 00                     200 	.db #0x00	; 0
    00000084 00                     201 	.db #0x00	; 0
    00000085 00                     202 	.db #0x00	; 0
    00000086 00                     203 	.db #0x00	; 0
    00000087 00                     204 	.db #0x00	; 0
    00000088 00                     205 	.db #0x00	; 0
    00000089 00                     206 	.db #0x00	; 0
    0000008A 00                     207 	.db #0x00	; 0
    0000008B 00                     208 	.db #0x00	; 0
    0000008C 00                     209 	.db #0x00	; 0
    0000008D 00                     210 	.db #0x00	; 0
    0000008E 00                     211 	.db #0x00	; 0
    0000008F 00                     212 	.db #0x00	; 0
    00000090 00                     213 	.db #0x00	; 0
    00000091 00                     214 	.db #0x00	; 0
    00000092 00                     215 	.db #0x00	; 0
    00000093 00                     216 	.db #0x00	; 0
    00000094 00                     217 	.db #0x00	; 0
    00000095 01                     218 	.db #0x01	; 1
    00000096 01                     219 	.db #0x01	; 1
    00000097 00                     220 	.db #0x00	; 0
    00000098 00                     221 	.db #0x00	; 0
    00000099 00                     222 	.db #0x00	; 0
    0000009A 00                     223 	.db #0x00	; 0
    0000009B 00                     224 	.db #0x00	; 0
    0000009C 00                     225 	.db #0x00	; 0
    0000009D 00                     226 	.db #0x00	; 0
    0000009E 00                     227 	.db #0x00	; 0
    0000009F 00                     228 	.db #0x00	; 0
    000000A0 00                     229 	.db #0x00	; 0
    000000A1 00                     230 	.db #0x00	; 0
    000000A2 00                     231 	.db #0x00	; 0
    000000A3 00                     232 	.db #0x00	; 0
    000000A4 00                     233 	.db #0x00	; 0
    000000A5 00                     234 	.db #0x00	; 0
    000000A6 00                     235 	.db #0x00	; 0
    000000A7 00                     236 	.db #0x00	; 0
    000000A8 01                     237 	.db #0x01	; 1
    000000A9 01                     238 	.db #0x01	; 1
    000000AA 01                     239 	.db #0x01	; 1
    000000AB 01                     240 	.db #0x01	; 1
    000000AC 01                     241 	.db #0x01	; 1
    000000AD 01                     242 	.db #0x01	; 1
    000000AE 00                     243 	.db #0x00	; 0
    000000AF 00                     244 	.db #0x00	; 0
    000000B0 00                     245 	.db #0x00	; 0
    000000B1 00                     246 	.db #0x00	; 0
    000000B2 00                     247 	.db #0x00	; 0
    000000B3 00                     248 	.db #0x00	; 0
    000000B4 00                     249 	.db #0x00	; 0
    000000B5 00                     250 	.db #0x00	; 0
    000000B6 00                     251 	.db #0x00	; 0
    000000B7 00                     252 	.db #0x00	; 0
    000000B8 00                     253 	.db #0x00	; 0
    000000B9 00                     254 	.db #0x00	; 0
    000000BA 00                     255 	.db #0x00	; 0
    000000BB 00                     256 	.db #0x00	; 0
    000000BC 01                     257 	.db #0x01	; 1
    000000BD 01                     258 	.db #0x01	; 1
    000000BE 01                     259 	.db #0x01	; 1
    000000BF 01                     260 	.db #0x01	; 1
    000000C0 01                     261 	.db #0x01	; 1
    000000C1 01                     262 	.db #0x01	; 1
    000000C2 01                     263 	.db #0x01	; 1
    000000C3 00                     264 	.db #0x00	; 0
    000000C4 00                     265 	.db #0x00	; 0
    000000C5 00                     266 	.db #0x00	; 0
    000000C6 00                     267 	.db #0x00	; 0
    000000C7 00                     268 	.db #0x00	; 0
    000000C8 00                     269 	.db #0x00	; 0
    000000C9 00                     270 	.db #0x00	; 0
    000000CA 00                     271 	.db #0x00	; 0
    000000CB 00                     272 	.db #0x00	; 0
    000000CC 00                     273 	.db #0x00	; 0
    000000CD 00                     274 	.db #0x00	; 0
    000000CE 00                     275 	.db #0x00	; 0
    000000CF 01                     276 	.db #0x01	; 1
    000000D0 01                     277 	.db #0x01	; 1
    000000D1 01                     278 	.db #0x01	; 1
    000000D2 01                     279 	.db #0x01	; 1
    000000D3 01                     280 	.db #0x01	; 1
    000000D4 01                     281 	.db #0x01	; 1
    000000D5 01                     282 	.db #0x01	; 1
    000000D6 01                     283 	.db #0x01	; 1
    000000D7 01                     284 	.db #0x01	; 1
    000000D8 01                     285 	.db #0x01	; 1
    000000D9 00                     286 	.db #0x00	; 0
    000000DA 00                     287 	.db #0x00	; 0
    000000DB 00                     288 	.db #0x00	; 0
    000000DC 00                     289 	.db #0x00	; 0
    000000DD 00                     290 	.db #0x00	; 0
    000000DE 00                     291 	.db #0x00	; 0
    000000DF 00                     292 	.db #0x00	; 0
    000000E0 00                     293 	.db #0x00	; 0
    000000E1 00                     294 	.db #0x00	; 0
    000000E2 00                     295 	.db #0x00	; 0
    000000E3 01                     296 	.db #0x01	; 1
    000000E4 01                     297 	.db #0x01	; 1
    000000E5 01                     298 	.db #0x01	; 1
    000000E6 01                     299 	.db #0x01	; 1
    000000E7 01                     300 	.db #0x01	; 1
    000000E8 01                     301 	.db #0x01	; 1
    000000E9 01                     302 	.db #0x01	; 1
    000000EA 01                     303 	.db #0x01	; 1
    000000EB 01                     304 	.db #0x01	; 1
    000000EC 01                     305 	.db #0x01	; 1
    000000ED 01                     306 	.db #0x01	; 1
    000000EE 00                     307 	.db #0x00	; 0
    000000EF 00                     308 	.db #0x00	; 0
    000000F0 00                     309 	.db #0x00	; 0
    000000F1 00                     310 	.db #0x00	; 0
    000000F2 00                     311 	.db #0x00	; 0
    000000F3 00                     312 	.db #0x00	; 0
    000000F4 00                     313 	.db #0x00	; 0
    000000F5 00                     314 	.db #0x00	; 0
    000000F6 01                     315 	.db #0x01	; 1
    000000F7 01                     316 	.db #0x01	; 1
    000000F8 01                     317 	.db #0x01	; 1
    000000F9 01                     318 	.db #0x01	; 1
    000000FA 01                     319 	.db #0x01	; 1
    000000FB 01                     320 	.db #0x01	; 1
    000000FC 01                     321 	.db #0x01	; 1
    000000FD 01                     322 	.db #0x01	; 1
    000000FE 01                     323 	.db #0x01	; 1
    000000FF 01                     324 	.db #0x01	; 1
    00000100 01                     325 	.db #0x01	; 1
    00000101 01                     326 	.db #0x01	; 1
    00000102 01                     327 	.db #0x01	; 1
    00000103 00                     328 	.db #0x00	; 0
    00000104 00                     329 	.db #0x00	; 0
    00000105 00                     330 	.db #0x00	; 0
    00000106 00                     331 	.db #0x00	; 0
    00000107 00                     332 	.db #0x00	; 0
    00000108 00                     333 	.db #0x00	; 0
    00000109 00                     334 	.db #0x00	; 0
    0000010A 01                     335 	.db #0x01	; 1
    0000010B 01                     336 	.db #0x01	; 1
    0000010C 01                     337 	.db #0x01	; 1
    0000010D 01                     338 	.db #0x01	; 1
    0000010E 01                     339 	.db #0x01	; 1
    0000010F 01                     340 	.db #0x01	; 1
    00000110 01                     341 	.db #0x01	; 1
    00000111 01                     342 	.db #0x01	; 1
    00000112 01                     343 	.db #0x01	; 1
    00000113 01                     344 	.db #0x01	; 1
    00000114 01                     345 	.db #0x01	; 1
    00000115 01                     346 	.db #0x01	; 1
    00000116 01                     347 	.db #0x01	; 1
    00000117 00                     348 	.db #0x00	; 0
    00000118 00                     349 	.db #0x00	; 0
    00000119 00                     350 	.db #0x00	; 0
    0000011A 00                     351 	.db #0x00	; 0
    0000011B 00                     352 	.db #0x00	; 0
    0000011C 00                     353 	.db #0x00	; 0
    0000011D 00                     354 	.db #0x00	; 0
    0000011E 00                     355 	.db #0x00	; 0
    0000011F 01                     356 	.db #0x01	; 1
    00000120 01                     357 	.db #0x01	; 1
    00000121 01                     358 	.db #0x01	; 1
    00000122 01                     359 	.db #0x01	; 1
    00000123 01                     360 	.db #0x01	; 1
    00000124 01                     361 	.db #0x01	; 1
    00000125 01                     362 	.db #0x01	; 1
    00000126 01                     363 	.db #0x01	; 1
    00000127 01                     364 	.db #0x01	; 1
    00000128 01                     365 	.db #0x01	; 1
    00000129 01                     366 	.db #0x01	; 1
    0000012A 01                     367 	.db #0x01	; 1
    0000012B 00                     368 	.db #0x00	; 0
    0000012C 00                     369 	.db #0x00	; 0
    0000012D 00                     370 	.db #0x00	; 0
    0000012E 00                     371 	.db #0x00	; 0
    0000012F 00                     372 	.db #0x00	; 0
    00000130 00                     373 	.db #0x00	; 0
    00000131 00                     374 	.db #0x00	; 0
    00000132 00                     375 	.db #0x00	; 0
    00000133 00                     376 	.db #0x00	; 0
    00000134 00                     377 	.db #0x00	; 0
    00000135 01                     378 	.db #0x01	; 1
    00000136 01                     379 	.db #0x01	; 1
    00000137 01                     380 	.db #0x01	; 1
    00000138 01                     381 	.db #0x01	; 1
    00000139 01                     382 	.db #0x01	; 1
    0000013A 01                     383 	.db #0x01	; 1
    0000013B 01                     384 	.db #0x01	; 1
    0000013C 01                     385 	.db #0x01	; 1
    0000013D 01                     386 	.db #0x01	; 1
    0000013E 01                     387 	.db #0x01	; 1
    0000013F 00                     388 	.db #0x00	; 0
    00000140 00                     389 	.db #0x00	; 0
    00000141 00                     390 	.db #0x00	; 0
    00000142 00                     391 	.db #0x00	; 0
    00000143 00                     392 	.db #0x00	; 0
    00000144 00                     393 	.db #0x00	; 0
    00000145 00                     394 	.db #0x00	; 0
    00000146 00                     395 	.db #0x00	; 0
    00000147 00                     396 	.db #0x00	; 0
    00000148 00                     397 	.db #0x00	; 0
    00000149 00                     398 	.db #0x00	; 0
    0000014A 01                     399 	.db #0x01	; 1
    0000014B 01                     400 	.db #0x01	; 1
    0000014C 01                     401 	.db #0x01	; 1
    0000014D 01                     402 	.db #0x01	; 1
    0000014E 01                     403 	.db #0x01	; 1
    0000014F 01                     404 	.db #0x01	; 1
    00000150 01                     405 	.db #0x01	; 1
    00000151 01                     406 	.db #0x01	; 1
    00000152 00                     407 	.db #0x00	; 0
    00000153 00                     408 	.db #0x00	; 0
    00000154 00                     409 	.db #0x00	; 0
    00000155 00                     410 	.db #0x00	; 0
    00000156 00                     411 	.db #0x00	; 0
    00000157 00                     412 	.db #0x00	; 0
    00000158 00                     413 	.db #0x00	; 0
    00000159 00                     414 	.db #0x00	; 0
    0000015A 00                     415 	.db #0x00	; 0
    0000015B 00                     416 	.db #0x00	; 0
    0000015C 00                     417 	.db #0x00	; 0
    0000015D 00                     418 	.db #0x00	; 0
    0000015E 01                     419 	.db #0x01	; 1
    0000015F 01                     420 	.db #0x01	; 1
    00000160 01                     421 	.db #0x01	; 1
    00000161 01                     422 	.db #0x01	; 1
    00000162 01                     423 	.db #0x01	; 1
    00000163 01                     424 	.db #0x01	; 1
    00000164 01                     425 	.db #0x01	; 1
    00000165 01                     426 	.db #0x01	; 1
    00000166 00                     427 	.db #0x00	; 0
    00000167 00                     428 	.db #0x00	; 0
    00000168 00                     429 	.db #0x00	; 0
    00000169 00                     430 	.db #0x00	; 0
    0000016A 00                     431 	.db #0x00	; 0
    0000016B 00                     432 	.db #0x00	; 0
    0000016C 00                     433 	.db #0x00	; 0
    0000016D 00                     434 	.db #0x00	; 0
    0000016E 00                     435 	.db #0x00	; 0
    0000016F 00                     436 	.db #0x00	; 0
    00000170 00                     437 	.db #0x00	; 0
    00000171 00                     438 	.db #0x00	; 0
    00000172 01                     439 	.db #0x01	; 1
    00000173 01                     440 	.db #0x01	; 1
    00000174 01                     441 	.db #0x01	; 1
    00000175 01                     442 	.db #0x01	; 1
    00000176 01                     443 	.db #0x01	; 1
    00000177 01                     444 	.db #0x01	; 1
    00000178 01                     445 	.db #0x01	; 1
    00000179 01                     446 	.db #0x01	; 1
    0000017A 00                     447 	.db #0x00	; 0
    0000017B 00                     448 	.db #0x00	; 0
    0000017C 00                     449 	.db #0x00	; 0
    0000017D 00                     450 	.db #0x00	; 0
    0000017E 00                     451 	.db #0x00	; 0
    0000017F 00                     452 	.db #0x00	; 0
    00000180 00                     453 	.db #0x00	; 0
    00000181 00                     454 	.db #0x00	; 0
    00000182 00                     455 	.db #0x00	; 0
    00000183 00                     456 	.db #0x00	; 0
    00000184 00                     457 	.db #0x00	; 0
    00000185 00                     458 	.db #0x00	; 0
    00000186 00                     459 	.db #0x00	; 0
    00000187 00                     460 	.db #0x00	; 0
    00000188 01                     461 	.db #0x01	; 1
    00000189 01                     462 	.db #0x01	; 1
    0000018A 01                     463 	.db #0x01	; 1
    0000018B 01                     464 	.db #0x01	; 1
    0000018C 01                     465 	.db #0x01	; 1
    0000018D 00                     466 	.db #0x00	; 0
    0000018E 00                     467 	.db #0x00	; 0
    0000018F 00                     468 	.db #0x00	; 0
    00000190 00                     469 	.db #0x00	; 0
    00000191 00                     470 	.db #0x00	; 0
    00000192 00                     471 	.db #0x00	; 0
    00000193 00                     472 	.db #0x00	; 0
    00000194 00                     473 	.db #0x00	; 0
    00000195 00                     474 	.db #0x00	; 0
    00000196 00                     475 	.db #0x00	; 0
    00000197 00                     476 	.db #0x00	; 0
    00000198 00                     477 	.db #0x00	; 0
    00000199 00                     478 	.db #0x00	; 0
    0000019A 00                     479 	.db #0x00	; 0
    0000019B 00                     480 	.db #0x00	; 0
    0000019C 00                     481 	.db #0x00	; 0
    0000019D 00                     482 	.db #0x00	; 0
    0000019E 01                     483 	.db #0x01	; 1
    0000019F 01                     484 	.db #0x01	; 1
    000001A0 00                     485 	.db #0x00	; 0
    000001A1 00                     486 	.db #0x00	; 0
    000001A2 00                     487 	.db #0x00	; 0
    000001A3 00                     488 	.db #0x00	; 0
    000001A4 00                     489 	.db #0x00	; 0
    000001A5 00                     490 	.db #0x00	; 0
    000001A6 00                     491 	.db #0x00	; 0
    000001A7 00                     492 	.db #0x00	; 0
    000001A8 00                     493 	.db #0x00	; 0
    000001A9 00                     494 	.db #0x00	; 0
    000001AA 00                     495 	.db #0x00	; 0
    000001AB 00                     496 	.db #0x00	; 0
    000001AC 00                     497 	.db #0x00	; 0
    000001AD 00                     498 	.db #0x00	; 0
    000001AE 00                     499 	.db #0x00	; 0
    000001AF 00                     500 	.db #0x00	; 0
    000001B0 00                     501 	.db #0x00	; 0
    000001B1 00                     502 	.db #0x00	; 0
    000001B2 00                     503 	.db #0x00	; 0
    000001B3 00                     504 	.db #0x00	; 0
    000001B4 00                     505 	.db #0x00	; 0
    000001B5 00                     506 	.db #0x00	; 0
    000001B6 00                     507 	.db #0x00	; 0
    000001B7 00                     508 	.db #0x00	; 0
    000001B8 00                     509 	.db #0x00	; 0
    000001B9 00                     510 	.db #0x00	; 0
    000001BA 00                     511 	.db #0x00	; 0
    000001BB 00                     512 	.db #0x00	; 0
    000001BC 00                     513 	.db #0x00	; 0
    000001BD 00                     514 	.db #0x00	; 0
    000001BE 00                     515 	.db #0x00	; 0
    000001BF 00                     516 	.db #0x00	; 0
    000001C0 00                     517 	.db #0x00	; 0
    000001C1 00                     518 	.db #0x00	; 0
    000001C2 00                     519 	.db #0x00	; 0
    000001C3 00                     520 	.db #0x00	; 0
    000001C4 00                     521 	.db #0x00	; 0
    000001C5 00                     522 	.db #0x00	; 0
    000001C6 00                     523 	.db #0x00	; 0
    000001C7 00                     524 	.db #0x00	; 0
    000001C8 00                     525 	.db #0x00	; 0
    000001C9 00                     526 	.db #0x00	; 0
    000001CA 00                     527 	.db #0x00	; 0
    000001CB 00                     528 	.db #0x00	; 0
    000001CC 00                     529 	.db #0x00	; 0
    000001CD 00                     530 	.db #0x00	; 0
    000001CE 00                     531 	.db #0x00	; 0
    000001CF 00                     532 	.db #0x00	; 0
    000001D0 00                     533 	.db #0x00	; 0
    000001D1 00                     534 	.db #0x00	; 0
    000001D2 00                     535 	.db #0x00	; 0
    000001D3 00                     536 	.db #0x00	; 0
    000001D4 00                     537 	.db #0x00	; 0
    000001D5 00                     538 	.db #0x00	; 0
    000001D6 00                     539 	.db #0x00	; 0
    000001D7 00                     540 	.db #0x00	; 0
    000001D8 00                     541 	.db #0x00	; 0
    000001D9 00                     542 	.db #0x00	; 0
    000001DA 00                     543 	.db #0x00	; 0
    000001DB 00                     544 	.db #0x00	; 0
    000001DC 00                     545 	.db #0x00	; 0
    000001DD 00                     546 	.db #0x00	; 0
    000001DE 00                     547 	.db #0x00	; 0
    000001DF 00                     548 	.db #0x00	; 0
    000001E0 00                     549 	.db #0x00	; 0
    000001E1 00                     550 	.db #0x00	; 0
    000001E2 01                     551 	.db #0x01	; 1
    000001E3 01                     552 	.db #0x01	; 1
    000001E4 01                     553 	.db #0x01	; 1
    000001E5 01                     554 	.db #0x01	; 1
    000001E6 00                     555 	.db #0x00	; 0
    000001E7 00                     556 	.db #0x00	; 0
    000001E8 00                     557 	.db #0x00	; 0
    000001E9 00                     558 	.db #0x00	; 0
    000001EA 00                     559 	.db #0x00	; 0
    000001EB 00                     560 	.db #0x00	; 0
    000001EC 00                     561 	.db #0x00	; 0
    000001ED 00                     562 	.db #0x00	; 0
    000001EE 00                     563 	.db #0x00	; 0
    000001EF 00                     564 	.db #0x00	; 0
    000001F0 00                     565 	.db #0x00	; 0
    000001F1 00                     566 	.db #0x00	; 0
    000001F2 00                     567 	.db #0x00	; 0
    000001F3 00                     568 	.db #0x00	; 0
    000001F4 00                     569 	.db #0x00	; 0
    000001F5 00                     570 	.db #0x00	; 0
    000001F6 01                     571 	.db #0x01	; 1
    000001F7 01                     572 	.db #0x01	; 1
    000001F8 01                     573 	.db #0x01	; 1
    000001F9 01                     574 	.db #0x01	; 1
    000001FA 01                     575 	.db #0x01	; 1
    000001FB 00                     576 	.db #0x00	; 0
    000001FC 00                     577 	.db #0x00	; 0
    000001FD 00                     578 	.db #0x00	; 0
    000001FE 00                     579 	.db #0x00	; 0
    000001FF 00                     580 	.db #0x00	; 0
    00000200 00                     581 	.db #0x00	; 0
    00000201 00                     582 	.db #0x00	; 0
    00000202 00                     583 	.db #0x00	; 0
    00000203 00                     584 	.db #0x00	; 0
    00000204 00                     585 	.db #0x00	; 0
    00000205 00                     586 	.db #0x00	; 0
    00000206 00                     587 	.db #0x00	; 0
    00000207 00                     588 	.db #0x00	; 0
    00000208 00                     589 	.db #0x00	; 0
    00000209 00                     590 	.db #0x00	; 0
    0000020A 01                     591 	.db #0x01	; 1
    0000020B 01                     592 	.db #0x01	; 1
    0000020C 01                     593 	.db #0x01	; 1
    0000020D 01                     594 	.db #0x01	; 1
    0000020E 01                     595 	.db #0x01	; 1
    0000020F 00                     596 	.db #0x00	; 0
    00000210 00                     597 	.db #0x00	; 0
    00000211 00                     598 	.db #0x00	; 0
    00000212 00                     599 	.db #0x00	; 0
    00000213 00                     600 	.db #0x00	; 0
    00000214 00                     601 	.db #0x00	; 0
    00000215 00                     602 	.db #0x00	; 0
    00000216 00                     603 	.db #0x00	; 0
    00000217 00                     604 	.db #0x00	; 0
    00000218 00                     605 	.db #0x00	; 0
    00000219 00                     606 	.db #0x00	; 0
    0000021A 00                     607 	.db #0x00	; 0
    0000021B 00                     608 	.db #0x00	; 0
    0000021C 00                     609 	.db #0x00	; 0
    0000021D 00                     610 	.db #0x00	; 0
    0000021E 01                     611 	.db #0x01	; 1
    0000021F 01                     612 	.db #0x01	; 1
    00000220 01                     613 	.db #0x01	; 1
    00000221 01                     614 	.db #0x01	; 1
    00000222 01                     615 	.db #0x01	; 1
    00000223 00                     616 	.db #0x00	; 0
    00000224 00                     617 	.db #0x00	; 0
    00000225 00                     618 	.db #0x00	; 0
    00000226 00                     619 	.db #0x00	; 0
    00000227 00                     620 	.db #0x00	; 0
    00000228 00                     621 	.db #0x00	; 0
    00000229 00                     622 	.db #0x00	; 0
    0000022A 00                     623 	.db #0x00	; 0
    0000022B 00                     624 	.db #0x00	; 0
    0000022C 00                     625 	.db #0x00	; 0
    0000022D 00                     626 	.db #0x00	; 0
    0000022E 00                     627 	.db #0x00	; 0
    0000022F 00                     628 	.db #0x00	; 0
    00000230 00                     629 	.db #0x00	; 0
    00000231 00                     630 	.db #0x00	; 0
    00000232 01                     631 	.db #0x01	; 1
    00000233 01                     632 	.db #0x01	; 1
    00000234 01                     633 	.db #0x01	; 1
    00000235 01                     634 	.db #0x01	; 1
    00000236 01                     635 	.db #0x01	; 1
    00000237 00                     636 	.db #0x00	; 0
    00000238 00                     637 	.db #0x00	; 0
    00000239 00                     638 	.db #0x00	; 0
    0000023A 00                     639 	.db #0x00	; 0
    0000023B 00                     640 	.db #0x00	; 0
    0000023C 00                     641 	.db #0x00	; 0
    0000023D 00                     642 	.db #0x00	; 0
    0000023E 00                     643 	.db #0x00	; 0
    0000023F 00                     644 	.db #0x00	; 0
    00000240 00                     645 	.db #0x00	; 0
    00000241 00                     646 	.db #0x00	; 0
    00000242 00                     647 	.db #0x00	; 0
    00000243 00                     648 	.db #0x00	; 0
    00000244 00                     649 	.db #0x00	; 0
    00000245 00                     650 	.db #0x00	; 0
    00000246 01                     651 	.db #0x01	; 1
    00000247 01                     652 	.db #0x01	; 1
    00000248 01                     653 	.db #0x01	; 1
    00000249 01                     654 	.db #0x01	; 1
    0000024A 01                     655 	.db #0x01	; 1
    0000024B 00                     656 	.db #0x00	; 0
    0000024C 00                     657 	.db #0x00	; 0
    0000024D 00                     658 	.db #0x00	; 0
    0000024E 00                     659 	.db #0x00	; 0
    0000024F 00                     660 	.db #0x00	; 0
    00000250 00                     661 	.db #0x00	; 0
    00000251 00                     662 	.db #0x00	; 0
    00000252 00                     663 	.db #0x00	; 0
    00000253 00                     664 	.db #0x00	; 0
    00000254 00                     665 	.db #0x00	; 0
    00000255 00                     666 	.db #0x00	; 0
    00000256 00                     667 	.db #0x00	; 0
    00000257 00                     668 	.db #0x00	; 0
    00000258 00                     669 	.db #0x00	; 0
    00000259 00                     670 	.db #0x00	; 0
    0000025A 00                     671 	.db #0x00	; 0
    0000025B 01                     672 	.db #0x01	; 1
    0000025C 01                     673 	.db #0x01	; 1
    0000025D 01                     674 	.db #0x01	; 1
    0000025E 01                     675 	.db #0x01	; 1
    0000025F 00                     676 	.db #0x00	; 0
    00000260 00                     677 	.db #0x00	; 0
    00000261 00                     678 	.db #0x00	; 0
    00000262 01                     679 	.db #0x01	; 1
    00000263 01                     680 	.db #0x01	; 1
    00000264 01                     681 	.db #0x01	; 1
    00000265 01                     682 	.db #0x01	; 1
    00000266 01                     683 	.db #0x01	; 1
    00000267 00                     684 	.db #0x00	; 0
    00000268 00                     685 	.db #0x00	; 0
    00000269 00                     686 	.db #0x00	; 0
    0000026A 00                     687 	.db #0x00	; 0
    0000026B 00                     688 	.db #0x00	; 0
    0000026C 00                     689 	.db #0x00	; 0
    0000026D 00                     690 	.db #0x00	; 0
    0000026E 00                     691 	.db #0x00	; 0
    0000026F 00                     692 	.db #0x00	; 0
    00000270 01                     693 	.db #0x01	; 1
    00000271 01                     694 	.db #0x01	; 1
    00000272 00                     695 	.db #0x00	; 0
    00000273 00                     696 	.db #0x00	; 0
    00000274 00                     697 	.db #0x00	; 0
    00000275 00                     698 	.db #0x00	; 0
    00000276 01                     699 	.db #0x01	; 1
    00000277 01                     700 	.db #0x01	; 1
    00000278 01                     701 	.db #0x01	; 1
    00000279 01                     702 	.db #0x01	; 1
    0000027A 01                     703 	.db #0x01	; 1
    0000027B 01                     704 	.db #0x01	; 1
    0000027C 01                     705 	.db #0x01	; 1
    0000027D 00                     706 	.db #0x00	; 0
    0000027E 00                     707 	.db #0x00	; 0
    0000027F 00                     708 	.db #0x00	; 0
    00000280 00                     709 	.db #0x00	; 0
    00000281 00                     710 	.db #0x00	; 0
    00000282 00                     711 	.db #0x00	; 0
    00000283 00                     712 	.db #0x00	; 0
    00000284 00                     713 	.db #0x00	; 0
    00000285 00                     714 	.db #0x00	; 0
    00000286 00                     715 	.db #0x00	; 0
    00000287 00                     716 	.db #0x00	; 0
    00000288 00                     717 	.db #0x00	; 0
    00000289 00                     718 	.db #0x00	; 0
    0000028A 01                     719 	.db #0x01	; 1
    0000028B 01                     720 	.db #0x01	; 1
    0000028C 01                     721 	.db #0x01	; 1
    0000028D 01                     722 	.db #0x01	; 1
    0000028E 01                     723 	.db #0x01	; 1
    0000028F 01                     724 	.db #0x01	; 1
    00000290 01                     725 	.db #0x01	; 1
    00000291 00                     726 	.db #0x00	; 0
    00000292 00                     727 	.db #0x00	; 0
    00000293 00                     728 	.db #0x00	; 0
    00000294 00                     729 	.db #0x00	; 0
    00000295 00                     730 	.db #0x00	; 0
    00000296 00                     731 	.db #0x00	; 0
    00000297 00                     732 	.db #0x00	; 0
    00000298 00                     733 	.db #0x00	; 0
    00000299 00                     734 	.db #0x00	; 0
    0000029A 00                     735 	.db #0x00	; 0
    0000029B 00                     736 	.db #0x00	; 0
    0000029C 00                     737 	.db #0x00	; 0
    0000029D 00                     738 	.db #0x00	; 0
    0000029E 00                     739 	.db #0x00	; 0
    0000029F 01                     740 	.db #0x01	; 1
    000002A0 01                     741 	.db #0x01	; 1
    000002A1 01                     742 	.db #0x01	; 1
    000002A2 01                     743 	.db #0x01	; 1
    000002A3 01                     744 	.db #0x01	; 1
    000002A4 01                     745 	.db #0x01	; 1
    000002A5 01                     746 	.db #0x01	; 1
    000002A6 00                     747 	.db #0x00	; 0
    000002A7 00                     748 	.db #0x00	; 0
    000002A8 00                     749 	.db #0x00	; 0
    000002A9 00                     750 	.db #0x00	; 0
    000002AA 00                     751 	.db #0x00	; 0
    000002AB 00                     752 	.db #0x00	; 0
    000002AC 00                     753 	.db #0x00	; 0
    000002AD 00                     754 	.db #0x00	; 0
    000002AE 00                     755 	.db #0x00	; 0
    000002AF 00                     756 	.db #0x00	; 0
    000002B0 00                     757 	.db #0x00	; 0
    000002B1 00                     758 	.db #0x00	; 0
    000002B2 00                     759 	.db #0x00	; 0
    000002B3 00                     760 	.db #0x00	; 0
    000002B4 01                     761 	.db #0x01	; 1
    000002B5 01                     762 	.db #0x01	; 1
    000002B6 01                     763 	.db #0x01	; 1
    000002B7 01                     764 	.db #0x01	; 1
    000002B8 01                     765 	.db #0x01	; 1
    000002B9 01                     766 	.db #0x01	; 1
    000002BA 01                     767 	.db #0x01	; 1
    000002BB 00                     768 	.db #0x00	; 0
    000002BC 00                     769 	.db #0x00	; 0
    000002BD 00                     770 	.db #0x00	; 0
    000002BE 00                     771 	.db #0x00	; 0
    000002BF 00                     772 	.db #0x00	; 0
    000002C0 00                     773 	.db #0x00	; 0
    000002C1 00                     774 	.db #0x00	; 0
    000002C2 00                     775 	.db #0x00	; 0
    000002C3 00                     776 	.db #0x00	; 0
    000002C4 00                     777 	.db #0x00	; 0
    000002C5 00                     778 	.db #0x00	; 0
    000002C6 00                     779 	.db #0x00	; 0
    000002C7 00                     780 	.db #0x00	; 0
    000002C8 00                     781 	.db #0x00	; 0
    000002C9 00                     782 	.db #0x00	; 0
    000002CA 01                     783 	.db #0x01	; 1
    000002CB 01                     784 	.db #0x01	; 1
    000002CC 01                     785 	.db #0x01	; 1
    000002CD 01                     786 	.db #0x01	; 1
    000002CE 01                     787 	.db #0x01	; 1
    000002CF 00                     788 	.db #0x00	; 0
    000002D0 00                     789 	.db #0x00	; 0
    000002D1 00                     790 	.db #0x00	; 0
    000002D2 00                     791 	.db #0x00	; 0
    000002D3 00                     792 	.db #0x00	; 0
    000002D4 00                     793 	.db #0x00	; 0
    000002D5 00                     794 	.db #0x00	; 0
    000002D6 00                     795 	.db #0x00	; 0
    000002D7 00                     796 	.db #0x00	; 0
    000002D8 00                     797 	.db #0x00	; 0
    000002D9 00                     798 	.db #0x00	; 0
    000002DA 00                     799 	.db #0x00	; 0
    000002DB 00                     800 	.db #0x00	; 0
    000002DC 00                     801 	.db #0x00	; 0
    000002DD 00                     802 	.db #0x00	; 0
    000002DE 00                     803 	.db #0x00	; 0
    000002DF 00                     804 	.db #0x00	; 0
    000002E0 00                     805 	.db #0x00	; 0
    000002E1 01                     806 	.db #0x01	; 1
    000002E2 00                     807 	.db #0x00	; 0
    000002E3 00                     808 	.db #0x00	; 0
    000002E4 00                     809 	.db #0x00	; 0
    000002E5 00                     810 	.db #0x00	; 0
    000002E6 00                     811 	.db #0x00	; 0
    000002E7 00                     812 	.db #0x00	; 0
    000002E8 00                     813 	.db #0x00	; 0
    000002E9 00                     814 	.db #0x00	; 0
    000002EA 00                     815 	.db #0x00	; 0
    000002EB 00                     816 	.db #0x00	; 0
    000002EC 00                     817 	.db #0x00	; 0
    000002ED 01                     818 	.db #0x01	; 1
    000002EE 00                     819 	.db #0x00	; 0
    000002EF 00                     820 	.db #0x00	; 0
    000002F0 00                     821 	.db #0x00	; 0
    000002F1 00                     822 	.db #0x00	; 0
    000002F2 00                     823 	.db #0x00	; 0
    000002F3 00                     824 	.db #0x00	; 0
    000002F4 00                     825 	.db #0x00	; 0
    000002F5 00                     826 	.db #0x00	; 0
    000002F6 00                     827 	.db #0x00	; 0
    000002F7 00                     828 	.db #0x00	; 0
    000002F8 00                     829 	.db #0x00	; 0
    000002F9 00                     830 	.db #0x00	; 0
    000002FA 00                     831 	.db #0x00	; 0
    000002FB 00                     832 	.db #0x00	; 0
    000002FC 00                     833 	.db #0x00	; 0
    000002FD 00                     834 	.db #0x00	; 0
    000002FE 00                     835 	.db #0x00	; 0
    000002FF 00                     836 	.db #0x00	; 0
    00000300 01                     837 	.db #0x01	; 1
    00000301 01                     838 	.db #0x01	; 1
    00000302 00                     839 	.db #0x00	; 0
    00000303 00                     840 	.db #0x00	; 0
    00000304 00                     841 	.db #0x00	; 0
    00000305 00                     842 	.db #0x00	; 0
    00000306 00                     843 	.db #0x00	; 0
    00000307 00                     844 	.db #0x00	; 0
    00000308 00                     845 	.db #0x00	; 0
    00000309 00                     846 	.db #0x00	; 0
    0000030A 00                     847 	.db #0x00	; 0
    0000030B 00                     848 	.db #0x00	; 0
    0000030C 00                     849 	.db #0x00	; 0
    0000030D 00                     850 	.db #0x00	; 0
    0000030E 00                     851 	.db #0x00	; 0
    0000030F 00                     852 	.db #0x00	; 0
    00000310 00                     853 	.db #0x00	; 0
    00000311 00                     854 	.db #0x00	; 0
    00000312 01                     855 	.db #0x01	; 1
    00000313 01                     856 	.db #0x01	; 1
    00000314 01                     857 	.db #0x01	; 1
    00000315 01                     858 	.db #0x01	; 1
    00000316 00                     859 	.db #0x00	; 0
    00000317 00                     860 	.db #0x00	; 0
    00000318 00                     861 	.db #0x00	; 0
    00000319 00                     862 	.db #0x00	; 0
    0000031A 00                     863 	.db #0x00	; 0
    0000031B 00                     864 	.db #0x00	; 0
    0000031C 00                     865 	.db #0x00	; 0
    0000031D 00                     866 	.db #0x00	; 0
    0000031E 00                     867 	.db #0x00	; 0
    0000031F 00                     868 	.db #0x00	; 0
    00000320 00                     869 	.db #0x00	; 0
    00000321 00                     870 	.db #0x00	; 0
    00000322 00                     871 	.db #0x00	; 0
    00000323 00                     872 	.db #0x00	; 0
    00000324 00                     873 	.db #0x00	; 0
    00000325 00                     874 	.db #0x00	; 0
    00000326 01                     875 	.db #0x01	; 1
    00000327 01                     876 	.db #0x01	; 1
    00000328 01                     877 	.db #0x01	; 1
    00000329 01                     878 	.db #0x01	; 1
    0000032A 00                     879 	.db #0x00	; 0
    0000032B 00                     880 	.db #0x00	; 0
    0000032C 00                     881 	.db #0x00	; 0
    0000032D 00                     882 	.db #0x00	; 0
    0000032E 00                     883 	.db #0x00	; 0
    0000032F 00                     884 	.db #0x00	; 0
    00000330 00                     885 	.db #0x00	; 0
    00000331 00                     886 	.db #0x00	; 0
    00000332 00                     887 	.db #0x00	; 0
    00000333 00                     888 	.db #0x00	; 0
    00000334 00                     889 	.db #0x00	; 0
    00000335 00                     890 	.db #0x00	; 0
    00000336 00                     891 	.db #0x00	; 0
    00000337 00                     892 	.db #0x00	; 0
    00000338 00                     893 	.db #0x00	; 0
    00000339 01                     894 	.db #0x01	; 1
    0000033A 01                     895 	.db #0x01	; 1
    0000033B 01                     896 	.db #0x01	; 1
    0000033C 01                     897 	.db #0x01	; 1
    0000033D 01                     898 	.db #0x01	; 1
    0000033E 00                     899 	.db #0x00	; 0
    0000033F 00                     900 	.db #0x00	; 0
    00000340 00                     901 	.db #0x00	; 0
    00000341 00                     902 	.db #0x00	; 0
    00000342 00                     903 	.db #0x00	; 0
    00000343 00                     904 	.db #0x00	; 0
    00000344 00                     905 	.db #0x00	; 0
    00000345 00                     906 	.db #0x00	; 0
    00000346 00                     907 	.db #0x00	; 0
    00000347 00                     908 	.db #0x00	; 0
    00000348 00                     909 	.db #0x00	; 0
    00000349 00                     910 	.db #0x00	; 0
    0000034A 00                     911 	.db #0x00	; 0
    0000034B 00                     912 	.db #0x00	; 0
    0000034C 01                     913 	.db #0x01	; 1
    0000034D 01                     914 	.db #0x01	; 1
    0000034E 01                     915 	.db #0x01	; 1
    0000034F 01                     916 	.db #0x01	; 1
    00000350 01                     917 	.db #0x01	; 1
    00000351 01                     918 	.db #0x01	; 1
    00000352 00                     919 	.db #0x00	; 0
    00000353 00                     920 	.db #0x00	; 0
    00000354 00                     921 	.db #0x00	; 0
    00000355 00                     922 	.db #0x00	; 0
    00000356 00                     923 	.db #0x00	; 0
    00000357 00                     924 	.db #0x00	; 0
    00000358 00                     925 	.db #0x00	; 0
    00000359 00                     926 	.db #0x00	; 0
    0000035A 00                     927 	.db #0x00	; 0
    0000035B 00                     928 	.db #0x00	; 0
    0000035C 00                     929 	.db #0x00	; 0
    0000035D 00                     930 	.db #0x00	; 0
    0000035E 00                     931 	.db #0x00	; 0
    0000035F 01                     932 	.db #0x01	; 1
    00000360 01                     933 	.db #0x01	; 1
    00000361 01                     934 	.db #0x01	; 1
    00000362 01                     935 	.db #0x01	; 1
    00000363 01                     936 	.db #0x01	; 1
    00000364 00                     937 	.db #0x00	; 0
    00000365 00                     938 	.db #0x00	; 0
    00000366 00                     939 	.db #0x00	; 0
    00000367 00                     940 	.db #0x00	; 0
    00000368 00                     941 	.db #0x00	; 0
    00000369 00                     942 	.db #0x00	; 0
    0000036A 00                     943 	.db #0x00	; 0
    0000036B 00                     944 	.db #0x00	; 0
    0000036C 00                     945 	.db #0x00	; 0
    0000036D 00                     946 	.db #0x00	; 0
    0000036E 00                     947 	.db #0x00	; 0
    0000036F 00                     948 	.db #0x00	; 0
    00000370 00                     949 	.db #0x00	; 0
    00000371 00                     950 	.db #0x00	; 0
    00000372 00                     951 	.db #0x00	; 0
    00000373 01                     952 	.db #0x01	; 1
    00000374 01                     953 	.db #0x01	; 1
    00000375 01                     954 	.db #0x01	; 1
    00000376 00                     955 	.db #0x00	; 0
    00000377 00                     956 	.db #0x00	; 0
    00000378 00                     957 	.db #0x00	; 0
    00000379 00                     958 	.db #0x00	; 0
    0000037A 01                     959 	.db #0x01	; 1
    0000037B 01                     960 	.db #0x01	; 1
    0000037C 01                     961 	.db #0x01	; 1
    0000037D 01                     962 	.db #0x01	; 1
    0000037E 01                     963 	.db #0x01	; 1
    0000037F 00                     964 	.db #0x00	; 0
    00000380 00                     965 	.db #0x00	; 0
    00000381 00                     966 	.db #0x00	; 0
    00000382 00                     967 	.db #0x00	; 0
    00000383 00                     968 	.db #0x00	; 0
    00000384 00                     969 	.db #0x00	; 0
    00000385 00                     970 	.db #0x00	; 0
    00000386 00                     971 	.db #0x00	; 0
    00000387 00                     972 	.db #0x00	; 0
    00000388 00                     973 	.db #0x00	; 0
    00000389 00                     974 	.db #0x00	; 0
    0000038A 00                     975 	.db #0x00	; 0
    0000038B 00                     976 	.db #0x00	; 0
    0000038C 00                     977 	.db #0x00	; 0
    0000038D 00                     978 	.db #0x00	; 0
    0000038E 01                     979 	.db #0x01	; 1
    0000038F 01                     980 	.db #0x01	; 1
    00000390 01                     981 	.db #0x01	; 1
    00000391 01                     982 	.db #0x01	; 1
    00000392 01                     983 	.db #0x01	; 1
    00000393 01                     984 	.db #0x01	; 1
    00000394 01                     985 	.db #0x01	; 1
    00000395 00                     986 	.db #0x00	; 0
    00000396 00                     987 	.db #0x00	; 0
    00000397 00                     988 	.db #0x00	; 0
    00000398 00                     989 	.db #0x00	; 0
    00000399 00                     990 	.db #0x00	; 0
    0000039A 00                     991 	.db #0x00	; 0
    0000039B 00                     992 	.db #0x00	; 0
    0000039C 00                     993 	.db #0x00	; 0
    0000039D 00                     994 	.db #0x00	; 0
    0000039E 00                     995 	.db #0x00	; 0
    0000039F 00                     996 	.db #0x00	; 0
    000003A0 00                     997 	.db #0x00	; 0
    000003A1 00                     998 	.db #0x00	; 0
    000003A2 01                     999 	.db #0x01	; 1
    000003A3 01                    1000 	.db #0x01	; 1
    000003A4 01                    1001 	.db #0x01	; 1
    000003A5 01                    1002 	.db #0x01	; 1
    000003A6 01                    1003 	.db #0x01	; 1
    000003A7 01                    1004 	.db #0x01	; 1
    000003A8 01                    1005 	.db #0x01	; 1
    000003A9 00                    1006 	.db #0x00	; 0
    000003AA 00                    1007 	.db #0x00	; 0
    000003AB 00                    1008 	.db #0x00	; 0
    000003AC 00                    1009 	.db #0x00	; 0
    000003AD 00                    1010 	.db #0x00	; 0
    000003AE 00                    1011 	.db #0x00	; 0
    000003AF 00                    1012 	.db #0x00	; 0
    000003B0 00                    1013 	.db #0x00	; 0
    000003B1 00                    1014 	.db #0x00	; 0
    000003B2 00                    1015 	.db #0x00	; 0
    000003B3 00                    1016 	.db #0x00	; 0
    000003B4 00                    1017 	.db #0x00	; 0
    000003B5 00                    1018 	.db #0x00	; 0
    000003B6 01                    1019 	.db #0x01	; 1
    000003B7 01                    1020 	.db #0x01	; 1
    000003B8 01                    1021 	.db #0x01	; 1
    000003B9 01                    1022 	.db #0x01	; 1
    000003BA 01                    1023 	.db #0x01	; 1
    000003BB 01                    1024 	.db #0x01	; 1
    000003BC 01                    1025 	.db #0x01	; 1
    000003BD 01                    1026 	.db #0x01	; 1
    000003BE 00                    1027 	.db #0x00	; 0
    000003BF 00                    1028 	.db #0x00	; 0
    000003C0 00                    1029 	.db #0x00	; 0
    000003C1 00                    1030 	.db #0x00	; 0
    000003C2 00                    1031 	.db #0x00	; 0
    000003C3 00                    1032 	.db #0x00	; 0
    000003C4 00                    1033 	.db #0x00	; 0
    000003C5 00                    1034 	.db #0x00	; 0
    000003C6 00                    1035 	.db #0x00	; 0
    000003C7 00                    1036 	.db #0x00	; 0
    000003C8 00                    1037 	.db #0x00	; 0
    000003C9 00                    1038 	.db #0x00	; 0
    000003CA 01                    1039 	.db #0x01	; 1
    000003CB 01                    1040 	.db #0x01	; 1
    000003CC 01                    1041 	.db #0x01	; 1
    000003CD 01                    1042 	.db #0x01	; 1
    000003CE 01                    1043 	.db #0x01	; 1
    000003CF 01                    1044 	.db #0x01	; 1
    000003D0 01                    1045 	.db #0x01	; 1
    000003D1 01                    1046 	.db #0x01	; 1
    000003D2 01                    1047 	.db #0x01	; 1
    000003D3 00                    1048 	.db #0x00	; 0
    000003D4 00                    1049 	.db #0x00	; 0
    000003D5 00                    1050 	.db #0x00	; 0
    000003D6 00                    1051 	.db #0x00	; 0
    000003D7 00                    1052 	.db #0x00	; 0
    000003D8 00                    1053 	.db #0x00	; 0
    000003D9 00                    1054 	.db #0x00	; 0
    000003DA 00                    1055 	.db #0x00	; 0
    000003DB 00                    1056 	.db #0x00	; 0
    000003DC 00                    1057 	.db #0x00	; 0
    000003DD 00                    1058 	.db #0x00	; 0
    000003DE 01                    1059 	.db #0x01	; 1
    000003DF 01                    1060 	.db #0x01	; 1
    000003E0 01                    1061 	.db #0x01	; 1
    000003E1 01                    1062 	.db #0x01	; 1
    000003E2 01                    1063 	.db #0x01	; 1
    000003E3 01                    1064 	.db #0x01	; 1
    000003E4 01                    1065 	.db #0x01	; 1
    000003E5 01                    1066 	.db #0x01	; 1
    000003E6 01                    1067 	.db #0x01	; 1
    000003E7 01                    1068 	.db #0x01	; 1
    000003E8 00                    1069 	.db #0x00	; 0
    000003E9 00                    1070 	.db #0x00	; 0
    000003EA 00                    1071 	.db #0x00	; 0
    000003EB 00                    1072 	.db #0x00	; 0
    000003EC 00                    1073 	.db #0x00	; 0
    000003ED 00                    1074 	.db #0x00	; 0
    000003EE 00                    1075 	.db #0x00	; 0
    000003EF 00                    1076 	.db #0x00	; 0
    000003F0 00                    1077 	.db #0x00	; 0
    000003F1 00                    1078 	.db #0x00	; 0
    000003F2 01                    1079 	.db #0x01	; 1
    000003F3 01                    1080 	.db #0x01	; 1
    000003F4 01                    1081 	.db #0x01	; 1
    000003F5 01                    1082 	.db #0x01	; 1
    000003F6 01                    1083 	.db #0x01	; 1
    000003F7 01                    1084 	.db #0x01	; 1
    000003F8 01                    1085 	.db #0x01	; 1
    000003F9 01                    1086 	.db #0x01	; 1
    000003FA 01                    1087 	.db #0x01	; 1
    000003FB 01                    1088 	.db #0x01	; 1
    000003FC 00                    1089 	.db #0x00	; 0
    000003FD 00                    1090 	.db #0x00	; 0
    000003FE 00                    1091 	.db #0x00	; 0
    000003FF 00                    1092 	.db #0x00	; 0
    00000400 00                    1093 	.db #0x00	; 0
    00000401 00                    1094 	.db #0x00	; 0
    00000402 00                    1095 	.db #0x00	; 0
    00000403 00                    1096 	.db #0x00	; 0
    00000404 00                    1097 	.db #0x00	; 0
    00000405 00                    1098 	.db #0x00	; 0
    00000406 01                    1099 	.db #0x01	; 1
    00000407 01                    1100 	.db #0x01	; 1
    00000408 01                    1101 	.db #0x01	; 1
    00000409 01                    1102 	.db #0x01	; 1
    0000040A 01                    1103 	.db #0x01	; 1
    0000040B 01                    1104 	.db #0x01	; 1
    0000040C 01                    1105 	.db #0x01	; 1
    0000040D 01                    1106 	.db #0x01	; 1
    0000040E 01                    1107 	.db #0x01	; 1
    0000040F 00                    1108 	.db #0x00	; 0
    00000410 00                    1109 	.db #0x00	; 0
    00000411 00                    1110 	.db #0x00	; 0
    00000412 00                    1111 	.db #0x00	; 0
    00000413 00                    1112 	.db #0x00	; 0
    00000414 00                    1113 	.db #0x00	; 0
    00000415 00                    1114 	.db #0x00	; 0
    00000416 00                    1115 	.db #0x00	; 0
    00000417 00                    1116 	.db #0x00	; 0
    00000418 00                    1117 	.db #0x00	; 0
    00000419 00                    1118 	.db #0x00	; 0
    0000041A 01                    1119 	.db #0x01	; 1
    0000041B 01                    1120 	.db #0x01	; 1
    0000041C 01                    1121 	.db #0x01	; 1
    0000041D 01                    1122 	.db #0x01	; 1
    0000041E 01                    1123 	.db #0x01	; 1
    0000041F 01                    1124 	.db #0x01	; 1
    00000420 01                    1125 	.db #0x01	; 1
    00000421 01                    1126 	.db #0x01	; 1
    00000422 00                    1127 	.db #0x00	; 0
    00000423 00                    1128 	.db #0x00	; 0
    00000424 00                    1129 	.db #0x00	; 0
    00000425 00                    1130 	.db #0x00	; 0
    00000426 00                    1131 	.db #0x00	; 0
    00000427 00                    1132 	.db #0x00	; 0
    00000428 00                    1133 	.db #0x00	; 0
    00000429 00                    1134 	.db #0x00	; 0
    0000042A 00                    1135 	.db #0x00	; 0
    0000042B 00                    1136 	.db #0x00	; 0
    0000042C 00                    1137 	.db #0x00	; 0
    0000042D 00                    1138 	.db #0x00	; 0
    0000042E 01                    1139 	.db #0x01	; 1
    0000042F 01                    1140 	.db #0x01	; 1
    00000430 01                    1141 	.db #0x01	; 1
    00000431 01                    1142 	.db #0x01	; 1
    00000432 01                    1143 	.db #0x01	; 1
    00000433 01                    1144 	.db #0x01	; 1
    00000434 01                    1145 	.db #0x01	; 1
    00000435 00                    1146 	.db #0x00	; 0
    00000436 00                    1147 	.db #0x00	; 0
    00000437 00                    1148 	.db #0x00	; 0
    00000438 00                    1149 	.db #0x00	; 0
    00000439 00                    1150 	.db #0x00	; 0
    0000043A 00                    1151 	.db #0x00	; 0
    0000043B 00                    1152 	.db #0x00	; 0
    0000043C 00                    1153 	.db #0x00	; 0
    0000043D 00                    1154 	.db #0x00	; 0
    0000043E 00                    1155 	.db #0x00	; 0
    0000043F 00                    1156 	.db #0x00	; 0
    00000440 00                    1157 	.db #0x00	; 0
    00000441 00                    1158 	.db #0x00	; 0
    00000442 01                    1159 	.db #0x01	; 1
    00000443 01                    1160 	.db #0x01	; 1
    00000444 01                    1161 	.db #0x01	; 1
    00000445 01                    1162 	.db #0x01	; 1
    00000446 01                    1163 	.db #0x01	; 1
    00000447 00                    1164 	.db #0x00	; 0
    00000448 00                    1165 	.db #0x00	; 0
    00000449 00                    1166 	.db #0x00	; 0
    0000044A 00                    1167 	.db #0x00	; 0
    0000044B 00                    1168 	.db #0x00	; 0
    0000044C 00                    1169 	.db #0x00	; 0
    0000044D 00                    1170 	.db #0x00	; 0
    0000044E 00                    1171 	.db #0x00	; 0
    0000044F 00                    1172 	.db #0x00	; 0
    00000450 00                    1173 	.db #0x00	; 0
    00000451 00                    1174 	.db #0x00	; 0
    00000452 00                    1175 	.db #0x00	; 0
    00000453 00                    1176 	.db #0x00	; 0
    00000454 00                    1177 	.db #0x00	; 0
    00000455 00                    1178 	.db #0x00	; 0
    00000456 01                    1179 	.db #0x01	; 1
    00000457 01                    1180 	.db #0x01	; 1
    00000458 01                    1181 	.db #0x01	; 1
    00000459 00                    1182 	.db #0x00	; 0
    0000045A 00                    1183 	.db #0x00	; 0
    0000045B 00                    1184 	.db #0x00	; 0
    0000045C 00                    1185 	.db #0x00	; 0
    0000045D 00                    1186 	.db #0x00	; 0
    0000045E 00                    1187 	.db #0x00	; 0
    0000045F 00                    1188 	.db #0x00	; 0
    00000460 00                    1189 	.db #0x00	; 0
    00000461 00                    1190 	.db #0x00	; 0
    00000462 00                    1191 	.db #0x00	; 0
    00000463 00                    1192 	.db #0x00	; 0
    00000464 00                    1193 	.db #0x00	; 0
    00000465 00                    1194 	.db #0x00	; 0
    00000466 00                    1195 	.db #0x00	; 0
    00000467 00                    1196 	.db #0x00	; 0
    00000468 00                    1197 	.db #0x00	; 0
    00000469 00                    1198 	.db #0x00	; 0
    0000046A 00                    1199 	.db #0x00	; 0
    0000046B 00                    1200 	.db #0x00	; 0
    0000046C 00                    1201 	.db #0x00	; 0
    0000046D 00                    1202 	.db #0x00	; 0
    0000046E 00                    1203 	.db #0x00	; 0
    0000046F 00                    1204 	.db #0x00	; 0
    00000470 00                    1205 	.db #0x00	; 0
    00000471 00                    1206 	.db #0x00	; 0
    00000472 00                    1207 	.db #0x00	; 0
    00000473 00                    1208 	.db #0x00	; 0
    00000474 00                    1209 	.db #0x00	; 0
    00000475 00                    1210 	.db #0x00	; 0
    00000476 00                    1211 	.db #0x00	; 0
    00000477 00                    1212 	.db #0x00	; 0
    00000478 00                    1213 	.db #0x00	; 0
    00000479 00                    1214 	.db #0x00	; 0
    0000047A 00                    1215 	.db #0x00	; 0
    0000047B 00                    1216 	.db #0x00	; 0
    0000047C 01                    1217 	.db #0x01	; 1
    0000047D 01                    1218 	.db #0x01	; 1
    0000047E 00                    1219 	.db #0x00	; 0
    0000047F 00                    1220 	.db #0x00	; 0
    00000480 00                    1221 	.db #0x00	; 0
    00000481 00                    1222 	.db #0x00	; 0
    00000482 00                    1223 	.db #0x00	; 0
    00000483 00                    1224 	.db #0x00	; 0
    00000484 00                    1225 	.db #0x00	; 0
    00000485 00                    1226 	.db #0x00	; 0
    00000486 00                    1227 	.db #0x00	; 0
    00000487 00                    1228 	.db #0x00	; 0
    00000488 00                    1229 	.db #0x00	; 0
    00000489 00                    1230 	.db #0x00	; 0
    0000048A 00                    1231 	.db #0x00	; 0
    0000048B 00                    1232 	.db #0x00	; 0
    0000048C 00                    1233 	.db #0x00	; 0
    0000048D 00                    1234 	.db #0x00	; 0
    0000048E 00                    1235 	.db #0x00	; 0
    0000048F 01                    1236 	.db #0x01	; 1
    00000490 01                    1237 	.db #0x01	; 1
    00000491 01                    1238 	.db #0x01	; 1
    00000492 00                    1239 	.db #0x00	; 0
    00000493 00                    1240 	.db #0x00	; 0
    00000494 00                    1241 	.db #0x00	; 0
    00000495 00                    1242 	.db #0x00	; 0
    00000496 00                    1243 	.db #0x00	; 0
    00000497 00                    1244 	.db #0x00	; 0
    00000498 00                    1245 	.db #0x00	; 0
    00000499 00                    1246 	.db #0x00	; 0
    0000049A 00                    1247 	.db #0x00	; 0
    0000049B 00                    1248 	.db #0x00	; 0
    0000049C 00                    1249 	.db #0x00	; 0
    0000049D 00                    1250 	.db #0x00	; 0
    0000049E 00                    1251 	.db #0x00	; 0
    0000049F 00                    1252 	.db #0x00	; 0
    000004A0 00                    1253 	.db #0x00	; 0
    000004A1 00                    1254 	.db #0x00	; 0
    000004A2 01                    1255 	.db #0x01	; 1
    000004A3 01                    1256 	.db #0x01	; 1
    000004A4 01                    1257 	.db #0x01	; 1
    000004A5 01                    1258 	.db #0x01	; 1
    000004A6 00                    1259 	.db #0x00	; 0
    000004A7 00                    1260 	.db #0x00	; 0
    000004A8 00                    1261 	.db #0x00	; 0
    000004A9 00                    1262 	.db #0x00	; 0
    000004AA 00                    1263 	.db #0x00	; 0
    000004AB 00                    1264 	.db #0x00	; 0
    000004AC 00                    1265 	.db #0x00	; 0
    000004AD 00                    1266 	.db #0x00	; 0
    000004AE 00                    1267 	.db #0x00	; 0
    000004AF 00                    1268 	.db #0x00	; 0
    000004B0 00                    1269 	.db #0x00	; 0
    000004B1 00                    1270 	.db #0x00	; 0
    000004B2 00                    1271 	.db #0x00	; 0
    000004B3 01                    1272 	.db #0x01	; 1
    000004B4 01                    1273 	.db #0x01	; 1
    000004B5 01                    1274 	.db #0x01	; 1
    000004B6 01                    1275 	.db #0x01	; 1
    000004B7 01                    1276 	.db #0x01	; 1
    000004B8 01                    1277 	.db #0x01	; 1
    000004B9 01                    1278 	.db #0x01	; 1
    000004BA 00                    1279 	.db #0x00	; 0
    000004BB 00                    1280 	.db #0x00	; 0
    000004BC 00                    1281 	.db #0x00	; 0
    000004BD 00                    1282 	.db #0x00	; 0
    000004BE 00                    1283 	.db #0x00	; 0
    000004BF 00                    1284 	.db #0x00	; 0
    000004C0 00                    1285 	.db #0x00	; 0
    000004C1 00                    1286 	.db #0x00	; 0
    000004C2 00                    1287 	.db #0x00	; 0
    000004C3 00                    1288 	.db #0x00	; 0
    000004C4 00                    1289 	.db #0x00	; 0
    000004C5 00                    1290 	.db #0x00	; 0
    000004C6 00                    1291 	.db #0x00	; 0
    000004C7 01                    1292 	.db #0x01	; 1
    000004C8 01                    1293 	.db #0x01	; 1
    000004C9 01                    1294 	.db #0x01	; 1
    000004CA 01                    1295 	.db #0x01	; 1
    000004CB 01                    1296 	.db #0x01	; 1
    000004CC 01                    1297 	.db #0x01	; 1
    000004CD 01                    1298 	.db #0x01	; 1
    000004CE 00                    1299 	.db #0x00	; 0
    000004CF 00                    1300 	.db #0x00	; 0
    000004D0 00                    1301 	.db #0x00	; 0
    000004D1 00                    1302 	.db #0x00	; 0
    000004D2 00                    1303 	.db #0x00	; 0
    000004D3 00                    1304 	.db #0x00	; 0
    000004D4 00                    1305 	.db #0x00	; 0
    000004D5 00                    1306 	.db #0x00	; 0
    000004D6 00                    1307 	.db #0x00	; 0
    000004D7 01                    1308 	.db #0x01	; 1
    000004D8 01                    1309 	.db #0x01	; 1
    000004D9 01                    1310 	.db #0x01	; 1
    000004DA 01                    1311 	.db #0x01	; 1
    000004DB 01                    1312 	.db #0x01	; 1
    000004DC 01                    1313 	.db #0x01	; 1
    000004DD 01                    1314 	.db #0x01	; 1
    000004DE 01                    1315 	.db #0x01	; 1
    000004DF 01                    1316 	.db #0x01	; 1
    000004E0 01                    1317 	.db #0x01	; 1
    000004E1 01                    1318 	.db #0x01	; 1
    000004E2 00                    1319 	.db #0x00	; 0
    000004E3 00                    1320 	.db #0x00	; 0
    000004E4 00                    1321 	.db #0x00	; 0
    000004E5 00                    1322 	.db #0x00	; 0
    000004E6 00                    1323 	.db #0x00	; 0
    000004E7 00                    1324 	.db #0x00	; 0
    000004E8 00                    1325 	.db #0x00	; 0
    000004E9 00                    1326 	.db #0x00	; 0
    000004EA 00                    1327 	.db #0x00	; 0
    000004EB 00                    1328 	.db #0x00	; 0
    000004EC 00                    1329 	.db #0x00	; 0
    000004ED 01                    1330 	.db #0x01	; 1
    000004EE 01                    1331 	.db #0x01	; 1
    000004EF 01                    1332 	.db #0x01	; 1
    000004F0 01                    1333 	.db #0x01	; 1
    000004F1 01                    1334 	.db #0x01	; 1
    000004F2 01                    1335 	.db #0x01	; 1
    000004F3 01                    1336 	.db #0x01	; 1
    000004F4 01                    1337 	.db #0x01	; 1
    000004F5 01                    1338 	.db #0x01	; 1
    000004F6 00                    1339 	.db #0x00	; 0
    000004F7 00                    1340 	.db #0x00	; 0
    000004F8 00                    1341 	.db #0x00	; 0
    000004F9 00                    1342 	.db #0x00	; 0
    000004FA 00                    1343 	.db #0x00	; 0
    000004FB 00                    1344 	.db #0x00	; 0
    000004FC 00                    1345 	.db #0x00	; 0
    000004FD 00                    1346 	.db #0x00	; 0
    000004FE 00                    1347 	.db #0x00	; 0
    000004FF 00                    1348 	.db #0x00	; 0
    00000500 00                    1349 	.db #0x00	; 0
    00000501 00                    1350 	.db #0x00	; 0
    00000502 00                    1351 	.db #0x00	; 0
    00000503 00                    1352 	.db #0x00	; 0
    00000504 00                    1353 	.db #0x00	; 0
    00000505 00                    1354 	.db #0x00	; 0
    00000506 00                    1355 	.db #0x00	; 0
    00000507 00                    1356 	.db #0x00	; 0
    00000508 01                    1357 	.db #0x01	; 1
    00000509 01                    1358 	.db #0x01	; 1
    0000050A 00                    1359 	.db #0x00	; 0
    0000050B 00                    1360 	.db #0x00	; 0
    0000050C 00                    1361 	.db #0x00	; 0
    0000050D 00                    1362 	.db #0x00	; 0
    0000050E 00                    1363 	.db #0x00	; 0
    0000050F 00                    1364 	.db #0x00	; 0
    00000510 00                    1365 	.db #0x00	; 0
    00000511 00                    1366 	.db #0x00	; 0
    00000512 00                    1367 	.db #0x00	; 0
    00000513 00                    1368 	.db #0x00	; 0
    00000514 00                    1369 	.db #0x00	; 0
    00000515 00                    1370 	.db #0x00	; 0
    00000516 00                    1371 	.db #0x00	; 0
    00000517 00                    1372 	.db #0x00	; 0
    00000518 00                    1373 	.db #0x00	; 0
    00000519 00                    1374 	.db #0x00	; 0
    0000051A 00                    1375 	.db #0x00	; 0
    0000051B 00                    1376 	.db #0x00	; 0
    0000051C 00                    1377 	.db #0x00	; 0
    0000051D 00                    1378 	.db #0x00	; 0
    0000051E 00                    1379 	.db #0x00	; 0
    0000051F 00                    1380 	.db #0x00	; 0
    00000520 00                    1381 	.db #0x00	; 0
    00000521 00                    1382 	.db #0x00	; 0
    00000522 00                    1383 	.db #0x00	; 0
    00000523 00                    1384 	.db #0x00	; 0
    00000524 00                    1385 	.db #0x00	; 0
    00000525 00                    1386 	.db #0x00	; 0
    00000526 00                    1387 	.db #0x00	; 0
    00000527 00                    1388 	.db #0x00	; 0
    00000528 00                    1389 	.db #0x00	; 0
    00000529 00                    1390 	.db #0x00	; 0
    0000052A 00                    1391 	.db #0x00	; 0
    0000052B 00                    1392 	.db #0x00	; 0
    0000052C 00                    1393 	.db #0x00	; 0
    0000052D 00                    1394 	.db #0x00	; 0
    0000052E 00                    1395 	.db #0x00	; 0
    0000052F 00                    1396 	.db #0x00	; 0
    00000530 00                    1397 	.db #0x00	; 0
    00000531 00                    1398 	.db #0x00	; 0
    00000532 00                    1399 	.db #0x00	; 0
    00000533 00                    1400 	.db #0x00	; 0
    00000534 00                    1401 	.db #0x00	; 0
    00000535 00                    1402 	.db #0x00	; 0
    00000536 00                    1403 	.db #0x00	; 0
    00000537 00                    1404 	.db #0x00	; 0
    00000538 00                    1405 	.db #0x00	; 0
    00000539 00                    1406 	.db #0x00	; 0
    0000053A 00                    1407 	.db #0x00	; 0
    0000053B 00                    1408 	.db #0x00	; 0
    0000053C 00                    1409 	.db #0x00	; 0
    0000053D 00                    1410 	.db #0x00	; 0
    0000053E 00                    1411 	.db #0x00	; 0
    0000053F 00                    1412 	.db #0x00	; 0
    00000540 00                    1413 	.db #0x00	; 0
    00000541 00                    1414 	.db #0x00	; 0
    00000542 00                    1415 	.db #0x00	; 0
    00000543 00                    1416 	.db #0x00	; 0
    00000544 00                    1417 	.db #0x00	; 0
    00000545 00                    1418 	.db #0x00	; 0
    00000546 00                    1419 	.db #0x00	; 0
    00000547 00                    1420 	.db #0x00	; 0
    00000548 00                    1421 	.db #0x00	; 0
    00000549 00                    1422 	.db #0x00	; 0
    0000054A 00                    1423 	.db #0x00	; 0
    0000054B 00                    1424 	.db #0x00	; 0
    0000054C 00                    1425 	.db #0x00	; 0
    0000054D 00                    1426 	.db #0x00	; 0
    0000054E 00                    1427 	.db #0x00	; 0
    0000054F 00                    1428 	.db #0x00	; 0
    00000550 00                    1429 	.db #0x00	; 0
    00000551 00                    1430 	.db #0x00	; 0
    00000552 00                    1431 	.db #0x00	; 0
    00000553 00                    1432 	.db #0x00	; 0
    00000554 00                    1433 	.db #0x00	; 0
    00000555 00                    1434 	.db #0x00	; 0
    00000556 00                    1435 	.db #0x00	; 0
    00000557 00                    1436 	.db #0x00	; 0
    00000558 00                    1437 	.db #0x00	; 0
    00000559 01                    1438 	.db #0x01	; 1
    0000055A 00                    1439 	.db #0x00	; 0
    0000055B 00                    1440 	.db #0x00	; 0
    0000055C 00                    1441 	.db #0x00	; 0
    0000055D 00                    1442 	.db #0x00	; 0
    0000055E 00                    1443 	.db #0x00	; 0
    0000055F 00                    1444 	.db #0x00	; 0
    00000560 00                    1445 	.db #0x00	; 0
    00000561 00                    1446 	.db #0x00	; 0
    00000562 00                    1447 	.db #0x00	; 0
    00000563 00                    1448 	.db #0x00	; 0
    00000564 00                    1449 	.db #0x00	; 0
    00000565 00                    1450 	.db #0x00	; 0
    00000566 00                    1451 	.db #0x00	; 0
    00000567 00                    1452 	.db #0x00	; 0
    00000568 00                    1453 	.db #0x00	; 0
    00000569 00                    1454 	.db #0x00	; 0
    0000056A 00                    1455 	.db #0x00	; 0
    0000056B 00                    1456 	.db #0x00	; 0
    0000056C 00                    1457 	.db #0x00	; 0
    0000056D 01                    1458 	.db #0x01	; 1
    0000056E 01                    1459 	.db #0x01	; 1
    0000056F 00                    1460 	.db #0x00	; 0
    00000570 00                    1461 	.db #0x00	; 0
    00000571 00                    1462 	.db #0x00	; 0
    00000572 00                    1463 	.db #0x00	; 0
    00000573 00                    1464 	.db #0x00	; 0
    00000574 00                    1465 	.db #0x00	; 0
    00000575 00                    1466 	.db #0x00	; 0
    00000576 00                    1467 	.db #0x00	; 0
    00000577 00                    1468 	.db #0x00	; 0
    00000578 00                    1469 	.db #0x00	; 0
    00000579 00                    1470 	.db #0x00	; 0
    0000057A 00                    1471 	.db #0x00	; 0
    0000057B 00                    1472 	.db #0x00	; 0
    0000057C 00                    1473 	.db #0x00	; 0
    0000057D 00                    1474 	.db #0x00	; 0
    0000057E 00                    1475 	.db #0x00	; 0
    0000057F 00                    1476 	.db #0x00	; 0
    00000580 01                    1477 	.db #0x01	; 1
    00000581 01                    1478 	.db #0x01	; 1
    00000582 01                    1479 	.db #0x01	; 1
    00000583 01                    1480 	.db #0x01	; 1
    00000584 00                    1481 	.db #0x00	; 0
    00000585 00                    1482 	.db #0x00	; 0
    00000586 00                    1483 	.db #0x00	; 0
    00000587 00                    1484 	.db #0x00	; 0
    00000588 00                    1485 	.db #0x00	; 0
    00000589 00                    1486 	.db #0x00	; 0
    0000058A 00                    1487 	.db #0x00	; 0
    0000058B 00                    1488 	.db #0x00	; 0
    0000058C 00                    1489 	.db #0x00	; 0
    0000058D 00                    1490 	.db #0x00	; 0
    0000058E 00                    1491 	.db #0x00	; 0
    0000058F 00                    1492 	.db #0x00	; 0
    00000590 00                    1493 	.db #0x00	; 0
    00000591 00                    1494 	.db #0x00	; 0
    00000592 00                    1495 	.db #0x00	; 0
    00000593 01                    1496 	.db #0x01	; 1
    00000594 01                    1497 	.db #0x01	; 1
    00000595 01                    1498 	.db #0x01	; 1
    00000596 01                    1499 	.db #0x01	; 1
    00000597 01                    1500 	.db #0x01	; 1
    00000598 00                    1501 	.db #0x00	; 0
    00000599 00                    1502 	.db #0x00	; 0
    0000059A 00                    1503 	.db #0x00	; 0
    0000059B 00                    1504 	.db #0x00	; 0
    0000059C 00                    1505 	.db #0x00	; 0
    0000059D 00                    1506 	.db #0x00	; 0
    0000059E 00                    1507 	.db #0x00	; 0
    0000059F 00                    1508 	.db #0x00	; 0
    000005A0 00                    1509 	.db #0x00	; 0
    000005A1 00                    1510 	.db #0x00	; 0
    000005A2 00                    1511 	.db #0x00	; 0
    000005A3 00                    1512 	.db #0x00	; 0
    000005A4 00                    1513 	.db #0x00	; 0
    000005A5 00                    1514 	.db #0x00	; 0
    000005A6 00                    1515 	.db #0x00	; 0
    000005A7 01                    1516 	.db #0x01	; 1
    000005A8 01                    1517 	.db #0x01	; 1
    000005A9 01                    1518 	.db #0x01	; 1
    000005AA 01                    1519 	.db #0x01	; 1
    000005AB 01                    1520 	.db #0x01	; 1
    000005AC 01                    1521 	.db #0x01	; 1
    000005AD 00                    1522 	.db #0x00	; 0
    000005AE 00                    1523 	.db #0x00	; 0
    000005AF 00                    1524 	.db #0x00	; 0
    000005B0 00                    1525 	.db #0x00	; 0
    000005B1 00                    1526 	.db #0x00	; 0
    000005B2 00                    1527 	.db #0x00	; 0
    000005B3 00                    1528 	.db #0x00	; 0
    000005B4 00                    1529 	.db #0x00	; 0
    000005B5 00                    1530 	.db #0x00	; 0
    000005B6 00                    1531 	.db #0x00	; 0
    000005B7 00                    1532 	.db #0x00	; 0
    000005B8 00                    1533 	.db #0x00	; 0
    000005B9 00                    1534 	.db #0x00	; 0
    000005BA 00                    1535 	.db #0x00	; 0
    000005BB 01                    1536 	.db #0x01	; 1
    000005BC 01                    1537 	.db #0x01	; 1
    000005BD 01                    1538 	.db #0x01	; 1
    000005BE 01                    1539 	.db #0x01	; 1
    000005BF 01                    1540 	.db #0x01	; 1
    000005C0 00                    1541 	.db #0x00	; 0
    000005C1 00                    1542 	.db #0x00	; 0
    000005C2 00                    1543 	.db #0x00	; 0
    000005C3 00                    1544 	.db #0x00	; 0
    000005C4 00                    1545 	.db #0x00	; 0
    000005C5 00                    1546 	.db #0x00	; 0
    000005C6 00                    1547 	.db #0x00	; 0
    000005C7 00                    1548 	.db #0x00	; 0
    000005C8 00                    1549 	.db #0x00	; 0
    000005C9 00                    1550 	.db #0x00	; 0
    000005CA 00                    1551 	.db #0x00	; 0
    000005CB 00                    1552 	.db #0x00	; 0
    000005CC 00                    1553 	.db #0x00	; 0
    000005CD 00                    1554 	.db #0x00	; 0
    000005CE 00                    1555 	.db #0x00	; 0
    000005CF 00                    1556 	.db #0x00	; 0
    000005D0 00                    1557 	.db #0x00	; 0
    000005D1 00                    1558 	.db #0x00	; 0
    000005D2 01                    1559 	.db #0x01	; 1
    000005D3 01                    1560 	.db #0x01	; 1
    000005D4 00                    1561 	.db #0x00	; 0
    000005D5 00                    1562 	.db #0x00	; 0
    000005D6 00                    1563 	.db #0x00	; 0
    000005D7 00                    1564 	.db #0x00	; 0
    000005D8 00                    1565 	.db #0x00	; 0
    000005D9 00                    1566 	.db #0x00	; 0
    000005DA 00                    1567 	.db #0x00	; 0
    000005DB 00                    1568 	.db #0x00	; 0
    000005DC 00                    1569 	.db #0x00	; 0
    000005DD 00                    1570 	.db #0x00	; 0
    000005DE 00                    1571 	.db #0x00	; 0
    000005DF 00                    1572 	.db #0x00	; 0
    000005E0 00                    1573 	.db #0x00	; 0
    000005E1 00                    1574 	.db #0x00	; 0
    000005E2 00                    1575 	.db #0x00	; 0
    000005E3 00                    1576 	.db #0x00	; 0
    000005E4 00                    1577 	.db #0x00	; 0
    000005E5 00                    1578 	.db #0x00	; 0
    000005E6 00                    1579 	.db #0x00	; 0
    000005E7 00                    1580 	.db #0x00	; 0
    000005E8 00                    1581 	.db #0x00	; 0
    000005E9 00                    1582 	.db #0x00	; 0
    000005EA 00                    1583 	.db #0x00	; 0
    000005EB 00                    1584 	.db #0x00	; 0
    000005EC 00                    1585 	.db #0x00	; 0
    000005ED 00                    1586 	.db #0x00	; 0
    000005EE 00                    1587 	.db #0x00	; 0
    000005EF 00                    1588 	.db #0x00	; 0
    000005F0 00                    1589 	.db #0x00	; 0
    000005F1 00                    1590 	.db #0x00	; 0
    000005F2 00                    1591 	.db #0x00	; 0
    000005F3 00                    1592 	.db #0x00	; 0
    000005F4 00                    1593 	.db #0x00	; 0
    000005F5 00                    1594 	.db #0x00	; 0
    000005F6 00                    1595 	.db #0x00	; 0
    000005F7 00                    1596 	.db #0x00	; 0
    000005F8 00                    1597 	.db #0x00	; 0
    000005F9 00                    1598 	.db #0x00	; 0
    000005FA 00                    1599 	.db #0x00	; 0
    000005FB 00                    1600 	.db #0x00	; 0
    000005FC 00                    1601 	.db #0x00	; 0
    000005FD 00                    1602 	.db #0x00	; 0
    000005FE 00                    1603 	.db #0x00	; 0
    000005FF 00                    1604 	.db #0x00	; 0
    00000600 00                    1605 	.db #0x00	; 0
    00000601 00                    1606 	.db #0x00	; 0
    00000602 00                    1607 	.db #0x00	; 0
    00000603 00                    1608 	.db #0x00	; 0
    00000604 00                    1609 	.db #0x00	; 0
    00000605 00                    1610 	.db #0x00	; 0
    00000606 00                    1611 	.db #0x00	; 0
    00000607 00                    1612 	.db #0x00	; 0
    00000608 00                    1613 	.db #0x00	; 0
    00000609 00                    1614 	.db #0x00	; 0
    0000060A 00                    1615 	.db #0x00	; 0
    0000060B 00                    1616 	.db #0x00	; 0
    0000060C 00                    1617 	.db #0x00	; 0
    0000060D 00                    1618 	.db #0x00	; 0
    0000060E 00                    1619 	.db #0x00	; 0
    0000060F 00                    1620 	.db #0x00	; 0
    00000610 00                    1621 	.db #0x00	; 0
    00000611 00                    1622 	.db #0x00	; 0
    00000612 00                    1623 	.db #0x00	; 0
    00000613 00                    1624 	.db #0x00	; 0
    00000614 00                    1625 	.db #0x00	; 0
    00000615 00                    1626 	.db #0x00	; 0
    00000616 00                    1627 	.db #0x00	; 0
    00000617 00                    1628 	.db #0x00	; 0
    00000618 00                    1629 	.db #0x00	; 0
    00000619 00                    1630 	.db #0x00	; 0
    0000061A 00                    1631 	.db #0x00	; 0
    0000061B 00                    1632 	.db #0x00	; 0
    0000061C 00                    1633 	.db #0x00	; 0
    0000061D 00                    1634 	.db #0x00	; 0
    0000061E 00                    1635 	.db #0x00	; 0
    0000061F 00                    1636 	.db #0x00	; 0
    00000620 00                    1637 	.db #0x00	; 0
    00000621 00                    1638 	.db #0x00	; 0
    00000622 00                    1639 	.db #0x00	; 0
    00000623 00                    1640 	.db #0x00	; 0
    00000624 00                    1641 	.db #0x00	; 0
    00000625 00                    1642 	.db #0x00	; 0
    00000626 00                    1643 	.db #0x00	; 0
    00000627 00                    1644 	.db #0x00	; 0
    00000628 00                    1645 	.db #0x00	; 0
    00000629 00                    1646 	.db #0x00	; 0
    0000062A 00                    1647 	.db #0x00	; 0
    0000062B 00                    1648 	.db #0x00	; 0
    0000062C 00                    1649 	.db #0x00	; 0
    0000062D 00                    1650 	.db #0x00	; 0
    0000062E 00                    1651 	.db #0x00	; 0
    0000062F 00                    1652 	.db #0x00	; 0
    00000630 00                    1653 	.db #0x00	; 0
    00000631 00                    1654 	.db #0x00	; 0
    00000632 00                    1655 	.db #0x00	; 0
    00000633 00                    1656 	.db #0x00	; 0
    00000634 00                    1657 	.db #0x00	; 0
    00000635 00                    1658 	.db #0x00	; 0
    00000636                       1659 _map:
    00000636r32r00                 1660 	.dw _map_map
    00000638 14 00                 1661 	.dw #0x0014
    0000063A 4D 00                 1662 	.dw #0x004d
    0000063C 00 00                 1663 	.dw #0x0000
    0000063Er00                    1664 	.byte ___bank_map_tiles_info
    0000063Fr2Ar00                 1665 	.dw _map_tiles_info
    00000641 00                    1666 	.db #0x00	; 0
    00000642 00 00                 1667 	.dw #0x0000
                                   1668 	.area _INITIALIZER
                                   1669 	.area _CABS (ABS)
