                                      1 ;--------------------------------------------------------
                                      2 ; File Created by SDCC : free open source ISO C Compiler
                                      3 ; Version 4.5.1 #15267 (MINGW64)
                                      4 ;--------------------------------------------------------
                                      5 	.module tiles_png
                                      6 	
                                      7 ;--------------------------------------------------------
                                      8 ; Public variables in this module
                                      9 ;--------------------------------------------------------
                                     10 	.globl _tiles
                                     11 	.globl _tiles_map
                                     12 	.globl _tiles_tiles_info
                                     13 	.globl _tiles_tile_pals
                                     14 	.globl _tiles_tiles
                                     15 	.globl _tiles_palettes
                                     16 	.globl b___func_tiles_tiles_info
                                     17 	.globl ___func_tiles_tiles_info
                                     18 	.globl b___func_tiles
                                     19 	.globl ___func_tiles
                                     20 ;--------------------------------------------------------
                                     21 ; special function registers
                                     22 ;--------------------------------------------------------
                                     23 	.area _HRAM
                                     24 ;--------------------------------------------------------
                                     25 ; ram data
                                     26 ;--------------------------------------------------------
                                     27 	.area _DATA
                                     28 ;--------------------------------------------------------
                                     29 ; ram data
                                     30 ;--------------------------------------------------------
                                     31 	.area _INITIALIZED
                                     32 ;--------------------------------------------------------
                                     33 ; absolute external ram data
                                     34 ;--------------------------------------------------------
                                     35 	.area _DABS (ABS)
                                     36 ;--------------------------------------------------------
                                     37 ; global & static initialisations
                                     38 ;--------------------------------------------------------
                                     39 	.area _HOME
                                     40 	.area _GSINIT
                                     41 	.area _GSFINAL
                                     42 	.area _GSINIT
                                     43 ;--------------------------------------------------------
                                     44 ; Home
                                     45 ;--------------------------------------------------------
                                     46 	.area _HOME
                                     47 	.area _HOME
                                     48 ;--------------------------------------------------------
                                     49 ; code
                                     50 ;--------------------------------------------------------
                                     51 	.area _CODE_255
                                     52 ;../obj/Release/gbc/res/tiles.png.c:12: BANKREF(tiles)
                                     53 ;	---------------------------------
                                     54 ; Function __func_tiles
                                     55 ; ---------------------------------
                         000000FF    56 	b___func_tiles	= 255
    00000000                         57 ___func_tiles::
                                     58 	.local b___func_tiles 
                         000000FF    59 	___bank_tiles = b___func_tiles 
                                     60 	.globl ___bank_tiles 
                                     61 ;../obj/Release/gbc/res/tiles.png.c:28: BANKREF(tiles_tiles_info)
                                     62 ;	---------------------------------
                                     63 ; Function __func_tiles_tiles_info
                                     64 ; ---------------------------------
                         000000FF    65 	b___func_tiles_tiles_info	= 255
    00000000                         66 ___func_tiles_tiles_info::
                                     67 	.local b___func_tiles_tiles_info 
                         000000FF    68 	___bank_tiles_tiles_info = b___func_tiles_tiles_info 
                                     69 	.globl ___bank_tiles_tiles_info 
                                     70 	.area _CODE_255
    00000000                         71 _tiles_palettes:
    00000000 BC 17                   72 	.dw #0x17bc
    00000002 E7 22                   73 	.dw #0x22e7
    00000004 C4 19                   74 	.dw #0x19c4
    00000006 00 00                   75 	.dw #0x0000
    00000008                         76 _tiles_tiles:
    00000008 00                      77 	.db #0x00	; 0
    00000009 00                      78 	.db #0x00	; 0
    0000000A 00                      79 	.db #0x00	; 0
    0000000B 00                      80 	.db #0x00	; 0
    0000000C 00                      81 	.db #0x00	; 0
    0000000D 00                      82 	.db #0x00	; 0
    0000000E 00                      83 	.db #0x00	; 0
    0000000F 00                      84 	.db #0x00	; 0
    00000010 00                      85 	.db #0x00	; 0
    00000011 00                      86 	.db #0x00	; 0
    00000012 00                      87 	.db #0x00	; 0
    00000013 00                      88 	.db #0x00	; 0
    00000014 00                      89 	.db #0x00	; 0
    00000015 00                      90 	.db #0x00	; 0
    00000016 00                      91 	.db #0x00	; 0
    00000017 00                      92 	.db #0x00	; 0
    00000018 CF                      93 	.db #0xcf	; 207
    00000019 20                      94 	.db #0x20	; 32
    0000001A C3                      95 	.db #0xc3	; 195
    0000001B 20                      96 	.db #0x20	; 32
    0000001C 00                      97 	.db #0x00	; 0
    0000001D FF                      98 	.db #0xff	; 255
    0000001E FB                      99 	.db #0xfb	; 251
    0000001F 04                     100 	.db #0x04	; 4
    00000020 F9                     101 	.db #0xf9	; 249
    00000021 04                     102 	.db #0x04	; 4
    00000022 78                     103 	.db #0x78	; 120	'x'
    00000023 04                     104 	.db #0x04	; 4
    00000024 00                     105 	.db #0x00	; 0
    00000025 FF                     106 	.db #0xff	; 255
    00000026 DF                     107 	.db #0xdf	; 223
    00000027 20                     108 	.db #0x20	; 32
    00000028                        109 _tiles_tile_pals:
    00000028 00                     110 	.db #0x00	; 0
    00000029 00                     111 	.db #0x00	; 0
    0000002A                        112 _tiles_tiles_info:
    0000002A 02                     113 	.db #0x02	; 2
    0000002Br08r00                  114 	.dw _tiles_tiles
    0000002D 01                     115 	.db #0x01	; 1
    0000002Er00r00                  116 	.dw _tiles_palettes
    00000030r28r00                  117 	.dw _tiles_tile_pals
    00000032                        118 _tiles_map:
    00000032 00                     119 	.db #0x00	; 0
    00000033 01                     120 	.db #0x01	; 1
    00000034                        121 _tiles:
    00000034r32r00                  122 	.dw _tiles_map
    00000036 01 00                  123 	.dw #0x0001
    00000038 02 00                  124 	.dw #0x0002
    0000003A 00 00                  125 	.dw #0x0000
    0000003Cr00                     126 	.byte ___bank_tiles_tiles_info
    0000003Dr2Ar00                  127 	.dw _tiles_tiles_info
    0000003F 00                     128 	.db #0x00	; 0
    00000040 00 00                  129 	.dw #0x0000
                                    130 	.area _INITIALIZER
                                    131 	.area _CABS (ABS)
