ASxxxx Linker V03.00/V05.40 + sdld,  page 1.
Hexadecimal  [32-Bits]

Area                       Addr        Size        Decimal Bytes (Attributes)
--------------------       ----        ----        ------- ----- ------------
.  .ABS.               00000000    00000000 =           0. bytes (ABS,CON)

        Value  Global            Value  Global            Value  Global    
        -----  ------            -----  ------            -----  ------    
     00000000  .__.ABS.  |    00000000  _rMBC7_SR |    00000000  _rRAMG   
     00000000  l__BASE   |    00000000  l__BSS    |    00000000  l__CABS  
     00000000  l__CODE_0 |    00000000  l__DABS   |    00000000  l__HEADER
     00000000  l__HEADER |    00000000  l__HEADER |    00000000  l__HEAP  
     00000000  l__HEAP_E |    00000000  l__LIT    |    00000000  s__CABS  
     00000000  s__DABS   |    00000000  s__HEADER |    00000000  s__HEADER
     00000000  s__HEADER |    00000000  s__HEADER |    00000000  s__HEADER
     00000000  s__HEADER |    00000000  s__HEADER |    00000000  s__HEADER
     00000000  s__HEADER |    00000000  s__HEADER |    00000000  s__HEADER
     00000000  s__HEADER |    00000000  s__HEADER |    00000000  s__HEADER
     00000000  s__HEADER |    00000000  s__HEADER |    00000000  s__HEADER
     00000000  s__HEADER |    00000000  s__HEADER |    00000000  s__HEADER
     00000000  s__HEADER |    00000000  s__HEADER |    00000000  s__HEADER
     00000001  ___bank_S |    00000001  ___bank_S |    00000001  ___bank_S
     00000001  ___bank_b |    00000001  ___bank_e |    00000001  ___bank_f
     00000001  ___bank_m |    00000001  ___bank_p |    00000001  ___bank_t
     00000001  b_FadeIn  |    00000001  b_FadeOut |    00000001  b_InitSpr
     00000001  b_InitSta |    00000001  l__GSFINA |    00000001  l__HEADER
     00000001  l__HEADER |    00000001  l__HEADER |    00000001  l__HEADER
     00000001  l__HEADER |    00000001  l__HEADER |    00000001  l__HEADER
     00000002  l__HEADER |    00000002  l__HEADER |    00000002  l__HEADER
     00000003  l__HEADER |    00000003  l__HEADER |    00000005  l__HEADER
     00000006  l__HEADER |    00000006  l__HEADER |    00000007  l__HEADER
     00000008  l__HEADER |    00000011  l__GSINIT |    00000013  l__HRAM  
     00000030  l__HEADER |    0000003C  l__INITIA |    0000003C  l__INITIA
     00000060  l__HEADER |    000000AB  l__HEADER |    00000200  s__CODE  
     000003CF  l__HOME   |    00000661  l__DATA   |    00000C57  l__CODE_1
     00001D65  l__CODE   |    00001F65  s__HOME   |    00002000  _rROMB0  
     00002334  s__BASE   |    00002334  s__CODE_0 |    00002334  s__INITIA
     00002334  s__LIT    |    00002370  s__GSINIT |    00002381  s__GSFINA
     00003000  _rROMB1   |    00004000  _rMBC7_SR |    00004000  _rRAMB   
     00008000  __VRAM    |    00008000  __VRAM800 |    00008800  __VRAM880
     00009000  __VRAM900 |    00009800  __SCRN0   |    00009C00  __SCRN1  
     0000A000  __SRAM    |    0000A000  _rMBC7_LA |    0000A010  _rMBC7_LA
     0000A020  _rMBC7_AC |    0000A030  _rMBC7_AC |    0000A040  _rMBC7_AC
     0000A050  _rMBC7_AC |    0000C000  __RAM     |    0000C000  _shadow_O
     0000C0A0  s__DATA   |    0000C701  s__BSS    |    0000C701  s__INITIA
     0000C73D  s__HEAP   |    0000C73D  s__HEAP_E |    0000D000  __RAMBANK
     0000DF00  .STACK    |    0000DF00  _mirror_O |    0000DFA0  _font_rec
     0000FE00  __OAMRAM  |    0000FF00  _P1_REG   |    0000FF00  __IO     
     0000FF01  _SB_REG   |    0000FF02  _SC_REG   |    0000FF04  _DIV_REG 
     0000FF05  _TIMA_REG |    0000FF06  _TMA_REG  |    0000FF07  _TAC_REG 
     0000FF0F  _IF_REG   |    0000FF10  _NR10_REG |    0000FF11  _NR11_REG
     0000FF12  _NR12_REG |    0000FF13  _NR13_REG |    0000FF14  _NR14_REG
     0000FF16  _NR21_REG |    0000FF17  _NR22_REG |    0000FF18  _NR23_REG
     0000FF19  _NR24_REG |    0000FF1A  _NR30_REG |    0000FF1B  _NR31_REG
     0000FF1C  _NR32_REG |    0000FF1D  _NR33_REG |    0000FF1E  _NR34_REG
     0000FF20  _NR41_REG |    0000FF21  _NR42_REG |    0000FF22  _NR43_REG
     0000FF23  _NR44_REG |    0000FF24  _NR50_REG |    0000FF25  _NR51_REG
     0000FF26  _NR52_REG |    0000FF30  _AUD3WAVE |    0000FF30  _PCM_SAMP
ASxxxx Linker V03.00/V05.40 + sdld,  page 2.
Hexadecimal  [32-Bits]

Area                       Addr        Size        Decimal Bytes (Attributes)
--------------------       ----        ----        ------- ----- ------------
.  .ABS.               00000000    00000000 =           0. bytes (ABS,CON)

        Value  Global            Value  Global            Value  Global    
        -----  ------            -----  ------            -----  ------    
     0000FF30  __AUD3WAV |    0000FF40  _LCDC_REG |    0000FF41  _STAT_REG
     0000FF42  _SCY_REG  |    0000FF43  _SCX_REG  |    0000FF44  _LY_REG  
     0000FF45  _LYC_REG  |    0000FF46  _DMA_REG  |    0000FF47  _BGP_REG 
     0000FF48  _OBP0_REG |    0000FF49  _OBP1_REG |    0000FF4A  _WY_REG  
     0000FF4B  _WX_REG   |    0000FF4D  _KEY1_REG |    0000FF4F  _VBK_REG 
     0000FF51  _HDMA1_RE |    0000FF52  _HDMA2_RE |    0000FF53  _HDMA3_RE
     0000FF54  _HDMA4_RE |    0000FF55  _HDMA5_RE |    0000FF56  _RP_REG  
     0000FF68  _BCPS_REG |    0000FF69  _BCPD_REG |    0000FF6A  _OCPS_REG
     0000FF6B  _OCPD_REG |    0000FF70  _SVBK_REG |    0000FF76  _PCM12_RE
     0000FF77  _PCM34_RE |    0000FF80  __HRAM    |    0000FF80  s__HRAM  
     0000FFFF  _IE_REG   |    00014000  s__CODE_1
ASxxxx Linker V03.00/V05.40 + sdld,  page 3.
Hexadecimal  [32-Bits]

Area                       Addr        Size        Decimal Bytes (Attributes)
--------------------       ----        ----        ------- ----- ------------
_CODE                  00000200    00001D65 =        7525. bytes (REL,CON)

        Value  Global            Value  Global            Value  Global    
        -----  ------            -----  ------            -----  ------    
     00000200  _GetTileR |    00000239  _SetState |    00000241  _main    
     000003FA  _ScrollSe |    000004A6  _UpdateMa |    000004C8  _LoadMap 
     00000656  _ScrollSe |    00000729  _ScrollIn |    00000780  _ScrollCo
     00000791  _ScrollIn |    000007A3  _ScrollIn |    000007BA  _ScrollRe
     000007D4  _ScrollIn |    000007F0  _ScrollSc |    0000086C  _InitScro
     0000088F  _ScrollUp |    000008E5  _ScrollUp |    00000924  _ScrollUp
     0000098E  _ScrollUp |    000009E9  _ScrollUp |    00000A28  _ScrollUp
     00000AA6  _RefreshS |    00000B36  _MoveScro |    00000CBD  _GetScrol
     00000CF2  _GetMapSi |    00000D4D  _set_vram |    00000D56  _set_win_
     00000D5F  _set_bkg_ |    00000D8E  _SpriteMa |    00000EA9  _SpriteMa
     00000F98  _SpriteMa |    00001105  _SpriteMa |    00001125  _SpriteMa
     00001131  _SpriteMa |    000011FC  _SpriteMa |    0000135D  _SwapOAMs
     000013A9  _ClearOAM |    000013B0  _InitOAMs |    000013D1  _get_win_
     000013DC  _get_bkg_ |    000013FA  __mulsuch |    000013FD  __mulusch
     00001406  __mulscha |    0000140E  __mulint  |    0000142D  __mulucha
     0000143F  _BufferEx |    00001452  _BufferRo |    00001463  _VectorRe
     0000148A  _InitSpri |    0000162B  _SetSprit |    000016A2  _DrawSpri
     00001A4E  _CheckCol |    00001B15  ___move_m |    00001B52  ___memcpy
     00001B52  _memcpy   |    00001B84  _SetWindo |    00001BDB  _InitWind
     00001BF0  ___move_m |    00001BF0  ___move_m |    00001C31  ___move_m
     00001C31  ___move_m |    00001C72  ___move_m |    00001C72  ___move_m
     00001CB5  _ClampScr |    00001D46  .sgb_chec |    00001D46  _sgb_chec
     00001D8E  _sgb_tran |    00001D93  .sgb_tran |    00001DD4  _UPDATE_T
     00001EFD  _hide_spr |    00001F2C  _GetSprit
ASxxxx Linker V03.00/V05.40 + sdld,  page 4.
Hexadecimal  [32-Bits]

Area                       Addr        Size        Decimal Bytes (Attributes)
--------------------       ----        ----        ------- ----- ------------
_HEADER0               00000000    00000001 =           1. bytes (ABS,CON)

        Value  Global            Value  Global            Value  Global    
        -----  ------            -----  ------            -----  ------    
     00000020  .call_hl 
ASxxxx Linker V03.00/V05.40 + sdld,  page 5.
Hexadecimal  [32-Bits]

Area                       Addr        Size        Decimal Bytes (Attributes)
--------------------       ----        ----        ------- ----- ------------
_HEADER1               00000000    00000005 =           5. bytes (ABS,CON)

        Value  Global            Value  Global            Value  Global    
        -----  ------            -----  ------            -----  ------    
     00000028  .MemsetSm
ASxxxx Linker V03.00/V05.40 + sdld,  page 6.
Hexadecimal  [32-Bits]

Area                       Addr        Size        Decimal Bytes (Attributes)
--------------------       ----        ----        ------- ----- ------------
_HEADER2               00000000    00000007 =           7. bytes (ABS,CON)

        Value  Global            Value  Global            Value  Global    
        -----  ------            -----  ------            -----  ------    
     00000030  .MemcpySm
ASxxxx Linker V03.00/V05.40 + sdld,  page 7.
Hexadecimal  [32-Bits]

Area                       Addr        Size        Decimal Bytes (Attributes)
--------------------       ----        ----        ------- ----- ------------
_HEADER3               00000000    00000008 =           8. bytes (ABS,CON)

        Value  Global            Value  Global            Value  Global    
        -----  ------            -----  ------            -----  ------    
ASxxxx Linker V03.00/V05.40 + sdld,  page 8.
Hexadecimal  [32-Bits]

Area                       Addr        Size        Decimal Bytes (Attributes)
--------------------       ----        ----        ------- ----- ------------
_HEADER4               00000000    00000060 =          96. bytes (ABS,CON)

        Value  Global            Value  Global            Value  Global    
        -----  ------            -----  ------            -----  ------    
     00000080  .int      |    0000008F  _wait_int |    0000009C  __standar
     000000AB  _refresh_ |    000000CC  _set_inte
ASxxxx Linker V03.00/V05.40 + sdld,  page 9.
Hexadecimal  [32-Bits]

Area                       Addr        Size        Decimal Bytes (Attributes)
--------------------       ----        ----        ------- ----- ------------
_HEADER5               00000000    00000001 =           1. bytes (ABS,CON)

        Value  Global            Value  Global            Value  Global    
        -----  ------            -----  ------            -----  ------    
ASxxxx Linker V03.00/V05.40 + sdld,  page 10.
Hexadecimal  [32-Bits]

Area                       Addr        Size        Decimal Bytes (Attributes)
--------------------       ----        ----        ------- ----- ------------
_HEADER6               00000000    00000002 =           2. bytes (ABS,CON)

        Value  Global            Value  Global            Value  Global    
        -----  ------            -----  ------            -----  ------    
ASxxxx Linker V03.00/V05.40 + sdld,  page 11.
Hexadecimal  [32-Bits]

Area                       Addr        Size        Decimal Bytes (Attributes)
--------------------       ----        ----        ------- ----- ------------
_HEADER7               00000000    00000030 =          48. bytes (ABS,CON)

        Value  Global            Value  Global            Value  Global    
        -----  ------            -----  ------            -----  ------    
ASxxxx Linker V03.00/V05.40 + sdld,  page 12.
Hexadecimal  [32-Bits]

Area                       Addr        Size        Decimal Bytes (Attributes)
--------------------       ----        ----        ------- ----- ------------
_HEADER8               00000000    00000006 =           6. bytes (ABS,CON)

        Value  Global            Value  Global            Value  Global    
        -----  ------            -----  ------            -----  ------    
ASxxxx Linker V03.00/V05.40 + sdld,  page 13.
Hexadecimal  [32-Bits]

Area                       Addr        Size        Decimal Bytes (Attributes)
--------------------       ----        ----        ------- ----- ------------
_HEADER9               00000000    00000003 =           3. bytes (ABS,CON)

        Value  Global            Value  Global            Value  Global    
        -----  ------            -----  ------            -----  ------    
ASxxxx Linker V03.00/V05.40 + sdld,  page 14.
Hexadecimal  [32-Bits]

Area                       Addr        Size        Decimal Bytes (Attributes)
--------------------       ----        ----        ------- ----- ------------
_HEADERa               00000000    00000001 =           1. bytes (ABS,CON)

        Value  Global            Value  Global            Value  Global    
        -----  ------            -----  ------            -----  ------    
ASxxxx Linker V03.00/V05.40 + sdld,  page 15.
Hexadecimal  [32-Bits]

Area                       Addr        Size        Decimal Bytes (Attributes)
--------------------       ----        ----        ------- ----- ------------
_HEADERb               00000000    00000001 =           1. bytes (ABS,CON)

        Value  Global            Value  Global            Value  Global    
        -----  ------            -----  ------            -----  ------    
ASxxxx Linker V03.00/V05.40 + sdld,  page 16.
Hexadecimal  [32-Bits]

Area                       Addr        Size        Decimal Bytes (Attributes)
--------------------       ----        ----        ------- ----- ------------
_HEADERc               00000000    00000001 =           1. bytes (ABS,CON)

        Value  Global            Value  Global            Value  Global    
        -----  ------            -----  ------            -----  ------    
ASxxxx Linker V03.00/V05.40 + sdld,  page 17.
Hexadecimal  [32-Bits]

Area                       Addr        Size        Decimal Bytes (Attributes)
--------------------       ----        ----        ------- ----- ------------
_HEADERd               00000000    00000002 =           2. bytes (ABS,CON)

        Value  Global            Value  Global            Value  Global    
        -----  ------            -----  ------            -----  ------    
ASxxxx Linker V03.00/V05.40 + sdld,  page 18.
Hexadecimal  [32-Bits]

Area                       Addr        Size        Decimal Bytes (Attributes)
--------------------       ----        ----        ------- ----- ------------
_HEADERe               00000000    00000001 =           1. bytes (ABS,CON)

        Value  Global            Value  Global            Value  Global    
        -----  ------            -----  ------            -----  ------    
ASxxxx Linker V03.00/V05.40 + sdld,  page 19.
Hexadecimal  [32-Bits]

Area                       Addr        Size        Decimal Bytes (Attributes)
--------------------       ----        ----        ------- ----- ------------
_HEADERf               00000000    00000001 =           1. bytes (ABS,CON)

        Value  Global            Value  Global            Value  Global    
        -----  ------            -----  ------            -----  ------    
ASxxxx Linker V03.00/V05.40 + sdld,  page 20.
Hexadecimal  [32-Bits]

Area                       Addr        Size        Decimal Bytes (Attributes)
--------------------       ----        ----        ------- ----- ------------
_HEADER10              00000000    00000002 =           2. bytes (ABS,CON)

        Value  Global            Value  Global            Value  Global    
        -----  ------            -----  ------            -----  ------    
ASxxxx Linker V03.00/V05.40 + sdld,  page 21.
Hexadecimal  [32-Bits]

Area                       Addr        Size        Decimal Bytes (Attributes)
--------------------       ----        ----        ------- ----- ------------
_HEADER11              00000000    000000AB =         171. bytes (ABS,CON)

        Value  Global            Value  Global            Value  Global    
        -----  ------            -----  ------            -----  ------    
     00000150  .reset    |    00000150  _reset    |    00000157  .code_sta
     000001B9  _exit     |    000001BD  .wait_vbl |    000001BD  _vsync   
     000001BD  _wait_vbl |    000001CD  .remove_V |    000001CD  _remove_V
     000001D0  .remove_i |    000001ED  .add_VBL  |    000001ED  _add_VBL 
     000001F0  .add_int 
ASxxxx Linker V03.00/V05.40 + sdld,  page 22.
Hexadecimal  [32-Bits]

Area                       Addr        Size        Decimal Bytes (Attributes)
--------------------       ----        ----        ------- ----- ------------
_HOME                  00001F65    000003CF =         975. bytes (REL,CON)

        Value  Global            Value  Global            Value  Global    
        -----  ------            -----  ------            -----  ------    
     00001F65  .memset_s |    00001F6E  .memcpy_s |    00001F8B  .display_
     00001F8B  _display_ |    00001FA3  _StateDes |    00001FA4  _MUSIC_is
     00002009  ___PlayMu |    00002053  _set_spri |    0000207C  _joypad_i
     000020CA  .joypad_e |    000020CA  _joypad_e |    0000211B  _add_low_
     0000211E  .add_TIM  |    00002124  .remove_T |    00002124  _remove_T
     0000212A  ___sdcc_c |    0000212B  _memset   |    0000215E  _LCD_isr 
     00002192  ___sdcc_b |    000021A6  _VBL_isr  |    000021C7  _sfx_play
     000022A1  _set_tile |    000022A6  _set_bkg_ |    000022A6  _set_win_
     000022AE  _set_spri |    0000230D  .add_LCD  |    0000230D  _add_LCD 
     00002313  .remove_L |    00002313  _remove_L |    00002319  _SyncVBla
ASxxxx Linker V03.00/V05.40 + sdld,  page 23.
Hexadecimal  [32-Bits]

Area                       Addr        Size        Decimal Bytes (Attributes)
--------------------       ----        ----        ------- ----- ------------
_INITIALIZER           00002334    0000003C =          60. bytes (REL,CON)

        Value  Global            Value  Global            Value  Global    
        -----  ------            -----  ------            -----  ------    
ASxxxx Linker V03.00/V05.40 + sdld,  page 24.
Hexadecimal  [32-Bits]

Area                       Addr        Size        Decimal Bytes (Attributes)
--------------------       ----        ----        ------- ----- ------------
_GSINIT                00002370    00000011 =          17. bytes (REL,CON)

        Value  Global            Value  Global            Value  Global    
        -----  ------            -----  ------            -----  ------    
     00002370  gsinit   
ASxxxx Linker V03.00/V05.40 + sdld,  page 25.
Hexadecimal  [32-Bits]

Area                       Addr        Size        Decimal Bytes (Attributes)
--------------------       ----        ----        ------- ----- ------------
_GSFINAL               00002381    00000001 =           1. bytes (REL,CON)

        Value  Global            Value  Global            Value  Global    
        -----  ------            -----  ------            -----  ------    
ASxxxx Linker V03.00/V05.40 + sdld,  page 26.
Hexadecimal  [32-Bits]

Area                       Addr        Size        Decimal Bytes (Attributes)
--------------------       ----        ----        ------- ----- ------------
_DATA                  0000C0A0    00000661 =        1633. bytes (REL,CON)

        Value  Global            Value  Global            Value  Global    
        -----  ------            -----  ------            -----  ------    
     0000C0A0  __cpu     |    0000C0A1  __is_GBA  |    0000C0A2  .mode    
     0000C0A3  .sys_time |    0000C0A3  _sys_time |    0000C0A5  .int_0x40
     0000C0B1  _stateBan |    0000C0B2  _startFun |    0000C0B4  _updateFu
     0000C0B6  _destroyF |    0000C0B8  _spriteBa |    0000C0BA  _spriteDa
     0000C0BC  _spriteSt |    0000C0C0  _spriteUp |    0000C0C4  _spriteDe
     0000C0C8  _spriteDa |    0000C0CC  _spriteFl |    0000C0CE  _spriteId
     0000C0D0  _spriteId |    0000C0D2  _spriteId |    0000C0D4  _spriteId
     0000C0D6  _spritePa |    0000C0D8  _delta_ti |    0000C0D9  _current_
     0000C0DA  _scroll_w |    0000C0DC  _scroll_h |    0000C0DE  _scroll_t
     0000C0E0  _scroll_t |    0000C0E2  _scroll_c |    0000C1E2  _scroll_t
     0000C2E2  _scroll_b |    0000C2E3  _pending_ |    0000C2E5  _pending_
     0000C2E7  _pending_ |    0000C2E8  _pending_ |    0000C2EA  _pending_
     0000C2EC  _pending_ |    0000C2ED  _hud_map_ |    0000C2EF  _tiles_ba
     0000C2F0  _tiles_0  |    0000C2F2  _scroll_p |    0000C2F4  _scroll_c
     0000C30E  _sprite_m |    0000C67E  _sprite_m |    0000C6A6  _sprite_m
     0000C6BA  _sprite_m |    0000C6CF  _sprite_m |    0000C6D0  _last_spr
     0000C6D2  _last_spr |    0000C6D3  _prev_scr |    0000C6D6  _joypads 
     0000C6DB  _old_joyp |    0000C6E4  .int_0x50 |    0000C6EE  ___curren
     0000C6F0  ___curren |    0000C6F1  ___curren |    0000C6F7  _sfx_fram
     0000C6F8  .int_0x48
ASxxxx Linker V03.00/V05.40 + sdld,  page 27.
Hexadecimal  [32-Bits]

Area                       Addr        Size        Decimal Bytes (Attributes)
--------------------       ----        ----        ------- ----- ------------
_INITIALIZED           0000C701    0000003C =          60. bytes (REL,CON)

        Value  Global            Value  Global            Value  Global    
        -----  ------            -----  ------            -----  ------    
     0000C701  _next_sta |    0000C702  __is_SGB  |    0000C703  _state_ru
     0000C704  _fade_mod |    0000C705  _vbl_coun |    0000C706  _scroll_t
     0000C707  _scroll_b |    0000C708  _scroll_m |    0000C70A  _scroll_c
     0000C70C  _scroll_x |    0000C70E  _scroll_y |    0000C710  _scroll_x
     0000C712  _scroll_y |    0000C714  _scroll_t |    0000C716  _scroll_o
     0000C717  _scroll_o |    0000C718  _scroll_h |    0000C71A  _clamp_en
     0000C71B  _pending_ |    0000C71D  _pending_ |    0000C71F  _last_til
     0000C720  _music_pa |    0000C721  _music_mu |    0000C722  _sfx_prio
     0000C723  _last_mus |    0000C725  _last_mus |    0000C726  _stop_mus
     0000C727  _sprite_m |    0000C729  _sprite_t |    0000C72B  _enable_f
     0000C72C  _THIS_IDX |    0000C72D  _THIS     |    0000C72F  _next_oam
     0000C730  _oam      |    0000C732  _oam0     |    0000C734  _oam1    
     0000C736  ___render |    0000C737  _win_star |    0000C738  _win_stop
     0000C739  _win_x    |    0000C73A  _sfx_play |    0000C73B  _sfx_play
ASxxxx Linker V03.00/V05.40 + sdld,  page 28.
Hexadecimal  [32-Bits]

Area                       Addr        Size        Decimal Bytes (Attributes)
--------------------       ----        ----        ------- ----- ------------
_HRAM                  0000FF80    00000013 =          19. bytes (REL,CON)

        Value  Global            Value  Global            Value  Global    
        -----  ------            -----  ------            -----  ------    
     0000FF80  .refresh_ |    0000FF90  __current |    0000FF91  __vbl_don
     0000FF92  __shadow_
ASxxxx Linker V03.00/V05.40 + sdld,  page 29.
Hexadecimal  [32-Bits]

Area                       Addr        Size        Decimal Bytes (Attributes)
--------------------       ----        ----        ------- ----- ------------
_CODE_1                00014000    00000C57 =        3159. bytes (REL,CON)

        Value  Global            Value  Global            Value  Global    
        -----  ------            -----  ------            -----  ------    
     00014000  ___func_f |    00014000  _font_pal |    00014008  _font_tab
     00014088  _font_til |    00014378  _font_fon |    00014380  _font    
     00014388  ___func_m |    00014388  _map_map  |    00014658  _map     
     00014666  _Start_Sp |    00014683  _Update_S |    0001488A  _Destroy_
     0001488B  _InitStat |    000148C7  _InitSpri |    00014944  ___func_p
     00014944  _player_p |    0001494C  _player_t |    0001498C  _player_m
     00014998  _player_m |    0001499A  _player   |    000149A5  ___func_e
     000149A5  _enemy_pa |    000149AD  _enemy_ti |    000149ED  _enemy_me
     000149F9  _enemy_me |    000149FB  _enemy    |    00014A06  ___func_b
     00014A06  _bullet_p |    00014A0E  _bullet_t |    00014A2E  _bullet_m
     00014A36  _bullet_m |    00014A38  _bullet   |    00014A43  _Start_Sp
     00014A44  _Update_S |    00014A7B  _Destroy_ |    00014A7C  ___func_t
     00014A7C  _tiles_pa |    00014A84  _tiles_ti |    00014AA4  _tiles_ti
     00014AA6  _tiles    |    00014AAE  _Start_St |    00014AD1  _Update_S
     00014AD2  _FadeDMG  |    00014C45  _FadeIn   |    00014C4C  _FadeOut 
ASxxxx Linker V03.00/V05.40 + sdld,  page 30.
Hexadecimal  [32-Bits]

Area                       Addr        Size        Decimal Bytes (Attributes)
--------------------       ----        ----        ------- ----- ------------
_HEADER_NESTED_TIM0    00000000    00000006 =           6. bytes (ABS,CON)

        Value  Global            Value  Global            Value  Global    
        -----  ------            -----  ------            -----  ------    
ASxxxx Linker V03.00/V05.40 + sdld,  page 31.
Hexadecimal  [32-Bits]

Area                       Addr        Size        Decimal Bytes (Attributes)
--------------------       ----        ----        ------- ----- ------------
_HEADER_LCD0           00000000    00000003 =           3. bytes (ABS,CON)

        Value  Global            Value  Global            Value  Global    
        -----  ------            -----  ------            -----  ------    
ASxxxx Linker V03.00/V05.40 + sdld,  page 32.

Files Linked                              [ module(s) ]

C:\Users\franc\Documents\Projets\Perso\GameBoyProjects\GBDK\lib/gb/crt0.o
                                          [ Runtime ]
../obj/Release/gb/ZGBMain.rel             [ ZGBMain ]
../obj/Release/gb/res/font.png.rel        [ font_png ]
../obj/Release/gb/res/map.png.rel         [ map_png ]
../obj/Release/gb/SpritePlayer.rel        [ SpritePlayer ]
../obj/Release/gb/ZGBMain_Init.rel        [ ZGBMain_Init ]
../obj/Release/gb/res/sprites/player.png.rel
                                          [ player_png ]
../obj/Release/gb/res/sprites/enemy.png.rel
                                          [ enemy_png ]
../obj/Release/gb/res/sprites/bullet.png.rel
                                          [ bullet_png ]
../obj/Release/gb/SpriteBullet.rel        [ SpriteBullet ]
../obj/Release/gb/res/tiles.png.rel       [ tiles_png ]
../obj/Release/gb/StateGame.rel           [ StateGame ]


Libraries Linked                          [ object file ]

../obj/Release/gb/zgb/zgb.lib             [ main.o ]
../obj/Release/gb/zgb/zgb.lib             [ Scroll.o ]
../obj/Release/gb/zgb/zgb.lib             [ Fade.o ]
C:\Users\franc\Documents\Projets\Perso\GameBoyProjects\GBDK\lib/gb/gb.lib
                                          [ sfr.o ]
../obj/Release/gb/zgb/zgb.lib             [ Music.o ]
C:\Users\franc\Documents\Projets\Perso\GameBoyProjects\GBDK\lib/gb/gb.lib
                                          [ set_tile.o ]
../obj/Release/gb/zgb/zgb.lib             [ SpriteManager.o ]
../obj/Release/gb/zgb/zgb.lib             [ OAMManager.o ]
C:\Users\franc\Documents\Projets\Perso\GameBoyProjects\GBDK\lib/gb/gb.lib
                                          [ get_addr.o ]
C:\Users\franc\Documents\Projets\Perso\GameBoyProjects\GBDK\lib/sm83/sm83.lib
                                          [ mul.o ]
../obj/Release/gb/zgb/zgb.lib             [ set_sprite_data.o ]
../obj/Release/gb/zgb/zgb.lib             [ Keys.o ]
../obj/Release/gb/zgb/zgb.lib             [ Vector.o ]
C:\Users\franc\Documents\Projets\Perso\GameBoyProjects\GBDK\lib/gb/gb.lib
                                          [ pad_ex.o ]
C:\Users\franc\Documents\Projets\Perso\GameBoyProjects\GBDK\lib/gb/gb.lib
                                          [ tim_nested.o ]
../obj/Release/gb/zgb/zgb.lib             [ Sprite.o ]
C:\Users\franc\Documents\Projets\Perso\GameBoyProjects\GBDK\lib/gb/gb.lib
                                          [ tim_common.o ]
C:\Users\franc\Documents\Projets\Perso\GameBoyProjects\GBDK\lib/gb/gb.lib
                                          [ metasprites.o ]
C:\Users\franc\Documents\Projets\Perso\GameBoyProjects\GBDK\lib/sm83/sm83.lib
                                          [ __sdcc_call_hl.o ]
C:\Users\franc\Documents\Projets\Perso\GameBoyProjects\GBDK\lib/sm83/sm83.lib
                                          [ _memset.o ]
C:\Users\franc\Documents\Projets\Perso\GameBoyProjects\GBDK\lib/sm83/sm83.lib
                                          [ memcpy.o ]
../obj/Release/gb/zgb/zgb.lib             [ Window.o ]
C:\Users\franc\Documents\Projets\Perso\GameBoyProjects\GBDK\lib/gb/gb.lib
                                          [ metasprites_flip.o ]
../obj/Release/gb/zgb/zgb.lib             [ DefScrollLimits.o ]
C:\Users\franc\Documents\Projets\Perso\GameBoyProjects\GBDK\lib/gb/gb.lib
                                          [ sgb.o ]
../obj/Release/gb/zgb/zgb.lib             [ ScrollUpdateTile.o ]
C:\Users\franc\Documents\Projets\Perso\GameBoyProjects\GBDK\lib/gb/gb.lib
                                          [ ___sdcc_bcall_ehl.o ]
../obj/Release/gb/zgb/zgb.lib             [ DefVBlankHandler.o ]
../obj/Release/gb/zgb/zgb.lib             [ sfxplayer.o ]
C:\Users\franc\Documents\Projets\Perso\GameBoyProjects\GBDK\lib/gb/gb.lib
                                          [ set_data.o ]
C:\Users\franc\Documents\Projets\Perso\GameBoyProjects\GBDK\lib/gb/gb.lib
                                          [ lcd.o ]
../obj/Release/gb/zgb/zgb.lib             [ DefVSync.o ]
C:\Users\franc\Documents\Projets\Perso\GameBoyProjects\GBDK\lib/gb/gb.lib
                                          [ metasprites_hide_spr.o ]
../obj/Release/gb/zgb/zgb.lib             [ DefAnimHandler.o ]

ASxxxx Linker V03.00/V05.40 + sdld,  page 33.

User Base Address Definitions

_DATA=0xC0A0
_CODE=0x0200
_HRAM=0xFF80
ASxxxx Linker V03.00/V05.40 + sdld,  page 34.

User Global Definitions

.STACK=0xDF00
_mirror_OAM=0xDF00
_font_recode_table=0xDFA0
_shadow_OAM=0xC000

