                                      1 ;--------------------------------------------------------
                                      2 ; File Created by SDCC : free open source ISO C Compiler
                                      3 ; Version 4.5.1 #15267 (MINGW64)
                                      4 ;--------------------------------------------------------
                                      5 	.module SpriteBullet
                                      6 	
                                      7 ;--------------------------------------------------------
                                      8 ; Public variables in this module
                                      9 ;--------------------------------------------------------
                                     10 	.globl _Destroy_SpriteBullet
                                     11 	.globl _Update_SpriteBullet
                                     12 	.globl _Start_SpriteBullet
                                     13 	.globl ___bank_SpriteBullet
                                     14 ;--------------------------------------------------------
                                     15 ; special function registers
                                     16 ;--------------------------------------------------------
                                     17 	.area _HRAM
                                     18 ;--------------------------------------------------------
                                     19 ; ram data
                                     20 ;--------------------------------------------------------
                                     21 	.area _DATA
                                     22 ;--------------------------------------------------------
                                     23 ; ram data
                                     24 ;--------------------------------------------------------
                                     25 	.area _INITIALIZED
                                     26 ;--------------------------------------------------------
                                     27 ; absolute external ram data
                                     28 ;--------------------------------------------------------
                                     29 	.area _DABS (ABS)
                                     30 ;--------------------------------------------------------
                                     31 ; global & static initialisations
                                     32 ;--------------------------------------------------------
                                     33 	.area _HOME
                                     34 	.area _GSINIT
                                     35 	.area _GSFINAL
                                     36 	.area _GSINIT
                                     37 ;--------------------------------------------------------
                                     38 ; Home
                                     39 ;--------------------------------------------------------
                                     40 	.area _HOME
                                     41 	.area _HOME
                                     42 ;--------------------------------------------------------
                                     43 ; code
                                     44 ;--------------------------------------------------------
                                     45 	.area _CODE_255
                                     46 ;SpriteBullet.c:8: void START(void) {
                                     47 ;	---------------------------------
                                     48 ; Function Start_SpriteBullet
                                     49 ; ---------------------------------
    00000000                         50 _Start_SpriteBullet::
                                     51 ;SpriteBullet.c:9: }
    00000000 C9               [16]   52 	ret
                         000000FF    53 ___bank_SpriteBullet	=	0x00ff
                                     54 ;SpriteBullet.c:11: void UPDATE(void) {
                                     55 ;	---------------------------------
                                     56 ; Function Update_SpriteBullet
                                     57 ; ---------------------------------
    00000001                         58 _Update_SpriteBullet::
    00000001 3B               [ 8]   59 	dec	sp
    00000002 3B               [ 8]   60 	dec	sp
                                     61 ;SpriteBullet.c:13: if (THIS->y > BULLET_MIN_Y + BULLET_SPEED) {
    00000003 FAr00r00         [16]   62 	ld	a, (#_THIS)
    00000006 F8 00            [12]   63 	ldhl	sp,	#0
    00000008 77               [ 8]   64 	ld	(hl), a
    00000009 FAr01r00         [16]   65 	ld	a, (#_THIS + 1)
    0000000C F8 01            [12]   66 	ldhl	sp,	#1
    0000000E 77               [ 8]   67 	ld	(hl), a
    0000000F C1               [12]   68 	pop	bc
    00000010 C5               [16]   69 	push	bc
    00000011 03               [ 8]   70 	inc	bc
    00000012 03               [ 8]   71 	inc	bc
    00000013 69               [ 4]   72 	ld	l, c
    00000014 60               [ 4]   73 	ld	h, b
    00000015 2A               [ 8]   74 	ld	a,	(hl+)
    00000016 66               [ 8]   75 	ld	h, (hl)
    00000017 6F               [ 4]   76 	ld	l, a
    00000018 3E 0C            [ 8]   77 	ld	a, #0x0c
    0000001A BD               [ 4]   78 	cp	a, l
    0000001B 3E 00            [ 8]   79 	ld	a, #0x00
    0000001D 9C               [ 4]   80 	sbc	a, h
    0000001E 30 0D            [12]   81 	jr	NC, 00102$
                                     82 ;SpriteBullet.c:14: THIS->y -= BULLET_SPEED;
    00000020 11 FC FF         [12]   83 	ld	de, #0xfffc
    00000023 19               [ 8]   84 	add	hl, de
    00000024 5D               [ 4]   85 	ld	e, l
    00000025 54               [ 4]   86 	ld	d, h
    00000026 7B               [ 4]   87 	ld	a, e
    00000027 02               [ 8]   88 	ld	(bc), a
    00000028 03               [ 8]   89 	inc	bc
    00000029 7A               [ 4]   90 	ld	a, d
    0000002A 02               [ 8]   91 	ld	(bc), a
    0000002B 18 08            [12]   92 	jr	00104$
    0000002D                         93 00102$:
                                     94 ;SpriteBullet.c:16: THIS->marked_for_removal = 1;
    0000002D D1               [12]   95 	pop	de
    0000002E D5               [16]   96 	push	de
    0000002F 21 1E 00         [12]   97 	ld	hl, #0x001e
    00000032 19               [ 8]   98 	add	hl, de
    00000033 36 01            [12]   99 	ld	(hl), #0x01
    00000035                        100 00104$:
                                    101 ;SpriteBullet.c:18: }
    00000035 33               [ 8]  102 	inc	sp
    00000036 33               [ 8]  103 	inc	sp
    00000037 C9               [16]  104 	ret
                                    105 ;SpriteBullet.c:20: void DESTROY(void) {
                                    106 ;	---------------------------------
                                    107 ; Function Destroy_SpriteBullet
                                    108 ; ---------------------------------
    00000038                        109 _Destroy_SpriteBullet::
                                    110 ;SpriteBullet.c:21: }
    00000038 C9               [16]  111 	ret
                                    112 	.area _CODE_255
                                    113 	.area _INITIALIZER
                                    114 	.area _CABS (ABS)
