                                      1 ;--------------------------------------------------------
                                      2 ; File Created by SDCC : free open source ISO C Compiler
                                      3 ; Version 4.5.1 #15267 (MINGW64)
                                      4 ;--------------------------------------------------------
                                      5 	.module ZGBMain_Init
                                      6 	
                                      7 ;--------------------------------------------------------
                                      8 ; Public variables in this module
                                      9 ;--------------------------------------------------------
                                     10 	.globl b_InitSprites
                                     11 	.globl _InitSprites
                                     12 	.globl b_InitStates
                                     13 	.globl _InitStates
                                     14 	.globl _StateDestroyDefault
                                     15 	.globl _memcpy
                                     16 	.globl _spritePalsOffset
                                     17 	.globl _spriteIdxsHV
                                     18 	.globl _spriteIdxsV
                                     19 	.globl _spriteIdxsH
                                     20 	.globl _spriteIdxs
                                     21 	.globl _spriteFlips
                                     22 	.globl _spriteDatas
                                     23 	.globl _spriteDestroyFuncs
                                     24 	.globl _spriteUpdateFuncs
                                     25 	.globl _spriteStartFuncs
                                     26 	.globl _spriteDataBanks
                                     27 	.globl _spriteBanks
                                     28 	.globl _destroyFuncs
                                     29 	.globl _updateFuncs
                                     30 	.globl _startFuncs
                                     31 	.globl _stateBanks
                                     32 ;--------------------------------------------------------
                                     33 ; special function registers
                                     34 ;--------------------------------------------------------
                                     35 	.area _HRAM
                                     36 ;--------------------------------------------------------
                                     37 ; ram data
                                     38 ;--------------------------------------------------------
                                     39 	.area _DATA
    00000000                         40 _stateBanks::
    00000000                         41 	.ds 1
    00000001                         42 _startFuncs::
    00000001                         43 	.ds 2
    00000003                         44 _updateFuncs::
    00000003                         45 	.ds 2
    00000005                         46 _destroyFuncs::
    00000005                         47 	.ds 2
    00000007                         48 _spriteBanks::
    00000007                         49 	.ds 2
    00000009                         50 _spriteDataBanks::
    00000009                         51 	.ds 2
    0000000B                         52 _spriteStartFuncs::
    0000000B                         53 	.ds 4
    0000000F                         54 _spriteUpdateFuncs::
    0000000F                         55 	.ds 4
    00000013                         56 _spriteDestroyFuncs::
    00000013                         57 	.ds 4
    00000017                         58 _spriteDatas::
    00000017                         59 	.ds 4
    0000001B                         60 _spriteFlips::
    0000001B                         61 	.ds 2
    0000001D                         62 _spriteIdxs::
    0000001D                         63 	.ds 2
    0000001F                         64 _spriteIdxsH::
    0000001F                         65 	.ds 2
    00000021                         66 _spriteIdxsV::
    00000021                         67 	.ds 2
    00000023                         68 _spriteIdxsHV::
    00000023                         69 	.ds 2
    00000025                         70 _spritePalsOffset::
    00000025                         71 	.ds 2
                                     72 ;--------------------------------------------------------
                                     73 ; ram data
                                     74 ;--------------------------------------------------------
                                     75 	.area _INITIALIZED
                                     76 ;--------------------------------------------------------
                                     77 ; absolute external ram data
                                     78 ;--------------------------------------------------------
                                     79 	.area _DABS (ABS)
                                     80 ;--------------------------------------------------------
                                     81 ; global & static initialisations
                                     82 ;--------------------------------------------------------
                                     83 	.area _HOME
                                     84 	.area _GSINIT
                                     85 	.area _GSFINAL
                                     86 	.area _GSINIT
                                     87 ;--------------------------------------------------------
                                     88 ; Home
                                     89 ;--------------------------------------------------------
                                     90 	.area _HOME
                                     91 ;C:/Users/franc/Documents/Projets/Perso/GameBoyProjects/CrossZGB/common/src/init/ZGBMain_Init.c:16: void StateDestroyDefault(void) NONBANKED {
                                     92 ;	---------------------------------
                                     93 ; Function StateDestroyDefault
                                     94 ; ---------------------------------
    00000000                         95 _StateDestroyDefault::
                                     96 ;C:/Users/franc/Documents/Projets/Perso/GameBoyProjects/CrossZGB/common/src/init/ZGBMain_Init.c:17: }
    00000000 C9               [16]   97 	ret
                                     98 	.area _HOME
                                     99 ;--------------------------------------------------------
                                    100 ; code
                                    101 ;--------------------------------------------------------
                                    102 	.area _CODE_255
                                    103 ;C:/Users/franc/Documents/Projets/Perso/GameBoyProjects/CrossZGB/common/src/init/ZGBMain_Init.c:39: void InitStates(void) BANKED {
                                    104 ;	---------------------------------
                                    105 ; Function InitStates
                                    106 ; ---------------------------------
                         000000FF   107 	b_InitStates	= 255
    00000000                        108 _InitStates::
                                    109 ;C:/Users/franc/Documents/Projets/Perso/GameBoyProjects/CrossZGB/common/src/init/ZGBMain_Init.c:40: memcpy(stateBanks, __stateBanks, sizeof(stateBanks));
    00000000 11 01 00         [12]  110 	ld	de, #0x0001
    00000003 D5               [16]  111 	push	de
    00000004 01r35r00         [12]  112 	ld	bc, #___stateBanks
    00000007 11r00r00         [12]  113 	ld	de, #_stateBanks
    0000000A CDr00r00         [24]  114 	call	_memcpy
                                    115 ;C:/Users/franc/Documents/Projets/Perso/GameBoyProjects/CrossZGB/common/src/init/ZGBMain_Init.c:41: memcpy(startFuncs, __startFuncs, sizeof(startFuncs));
    0000000D 11 02 00         [12]  116 	ld	de, #0x0002
    00000010 D5               [16]  117 	push	de
    00000011 01r36r00         [12]  118 	ld	bc, #___startFuncs
    00000014 11r01r00         [12]  119 	ld	de, #_startFuncs
    00000017 CDr00r00         [24]  120 	call	_memcpy
                                    121 ;C:/Users/franc/Documents/Projets/Perso/GameBoyProjects/CrossZGB/common/src/init/ZGBMain_Init.c:42: memcpy(updateFuncs, __updateFuncs, sizeof(updateFuncs));
    0000001A 11 02 00         [12]  122 	ld	de, #0x0002
    0000001D D5               [16]  123 	push	de
    0000001E 01r38r00         [12]  124 	ld	bc, #___updateFuncs
    00000021 11r03r00         [12]  125 	ld	de, #_updateFuncs
    00000024 CDr00r00         [24]  126 	call	_memcpy
                                    127 ;C:/Users/franc/Documents/Projets/Perso/GameBoyProjects/CrossZGB/common/src/init/ZGBMain_Init.c:43: memcpy(destroyFuncs, __destroyFuncs, sizeof(destroyFuncs));
    00000027 11 02 00         [12]  128 	ld	de, #0x0002
    0000002A D5               [16]  129 	push	de
    0000002B 01r3Ar00         [12]  130 	ld	bc, #___destroyFuncs
    0000002E 11r05r00         [12]  131 	ld	de, #_destroyFuncs
    00000031 CDr00r00         [24]  132 	call	_memcpy
                                    133 ;C:/Users/franc/Documents/Projets/Perso/GameBoyProjects/CrossZGB/common/src/init/ZGBMain_Init.c:44: }
    00000034 C9               [16]  134 	ret
    00000035                        135 ___stateBanks:
    00000035r00                     136 	.byte ___bank_StateGame
    00000036                        137 ___startFuncs:
    00000036r00r00                  138 	.dw _Start_StateGame
    00000038                        139 ___updateFuncs:
    00000038r00r00                  140 	.dw _Update_StateGame
    0000003A                        141 ___destroyFuncs:
    0000003Ar00r00                  142 	.dw _StateDestroyDefault
                                    143 ;C:/Users/franc/Documents/Projets/Perso/GameBoyProjects/CrossZGB/common/src/init/ZGBMain_Init.c:118: void InitSprites(void) BANKED {
                                    144 ;	---------------------------------
                                    145 ; Function InitSprites
                                    146 ; ---------------------------------
                         000000FF   147 	b_InitSprites	= 255
    0000003C                        148 _InitSprites::
                                    149 ;C:/Users/franc/Documents/Projets/Perso/GameBoyProjects/CrossZGB/common/src/init/ZGBMain_Init.c:119: memcpy(spriteBanks,        __spriteBanks,        sizeof(spriteBanks)       );
    0000003C 11 02 00         [12]  150 	ld	de, #0x0002
    0000003F D5               [16]  151 	push	de
    00000040 01r98r00         [12]  152 	ld	bc, #___spriteBanks
    00000043 11r07r00         [12]  153 	ld	de, #_spriteBanks
    00000046 CDr00r00         [24]  154 	call	_memcpy
                                    155 ;C:/Users/franc/Documents/Projets/Perso/GameBoyProjects/CrossZGB/common/src/init/ZGBMain_Init.c:120: memcpy(spriteDataBanks,    __spriteDataBanks,    sizeof(spriteDataBanks)   );
    00000049 11 02 00         [12]  156 	ld	de, #0x0002
    0000004C D5               [16]  157 	push	de
    0000004D 01r9Br00         [12]  158 	ld	bc, #___spriteDataBanks
    00000050 11r09r00         [12]  159 	ld	de, #_spriteDataBanks
    00000053 CDr00r00         [24]  160 	call	_memcpy
                                    161 ;C:/Users/franc/Documents/Projets/Perso/GameBoyProjects/CrossZGB/common/src/init/ZGBMain_Init.c:121: memcpy(spriteStartFuncs,   __spriteStartFuncs,   sizeof(spriteStartFuncs)  );
    00000056 11 04 00         [12]  162 	ld	de, #0x0004
    00000059 D5               [16]  163 	push	de
    0000005A 01r9Er00         [12]  164 	ld	bc, #___spriteStartFuncs
    0000005D 11r0Br00         [12]  165 	ld	de, #_spriteStartFuncs
    00000060 CDr00r00         [24]  166 	call	_memcpy
                                    167 ;C:/Users/franc/Documents/Projets/Perso/GameBoyProjects/CrossZGB/common/src/init/ZGBMain_Init.c:122: memcpy(spriteUpdateFuncs,  __spriteUpdateFuncs,  sizeof(spriteUpdateFuncs) );
    00000063 11 04 00         [12]  168 	ld	de, #0x0004
    00000066 D5               [16]  169 	push	de
    00000067 01rA4r00         [12]  170 	ld	bc, #___spriteUpdateFuncs
    0000006A 11r0Fr00         [12]  171 	ld	de, #_spriteUpdateFuncs
    0000006D CDr00r00         [24]  172 	call	_memcpy
                                    173 ;C:/Users/franc/Documents/Projets/Perso/GameBoyProjects/CrossZGB/common/src/init/ZGBMain_Init.c:123: memcpy(spriteDestroyFuncs, __spriteDestroyFuncs, sizeof(spriteDestroyFuncs));
    00000070 11 04 00         [12]  174 	ld	de, #0x0004
    00000073 D5               [16]  175 	push	de
    00000074 01rAAr00         [12]  176 	ld	bc, #___spriteDestroyFuncs
    00000077 11r13r00         [12]  177 	ld	de, #_spriteDestroyFuncs
    0000007A CDr00r00         [24]  178 	call	_memcpy
                                    179 ;C:/Users/franc/Documents/Projets/Perso/GameBoyProjects/CrossZGB/common/src/init/ZGBMain_Init.c:124: memcpy(spriteDatas,        __spriteDatas,        sizeof(spriteDatas)       );
    0000007D 11 04 00         [12]  180 	ld	de, #0x0004
    00000080 D5               [16]  181 	push	de
    00000081 01rB0r00         [12]  182 	ld	bc, #___spriteDatas
    00000084 11r17r00         [12]  183 	ld	de, #_spriteDatas
    00000087 CDr00r00         [24]  184 	call	_memcpy
                                    185 ;C:/Users/franc/Documents/Projets/Perso/GameBoyProjects/CrossZGB/common/src/init/ZGBMain_Init.c:125: memcpy(spriteFlips,        __spriteFlips,        sizeof(spriteFlips)       );
    0000008A 11 02 00         [12]  186 	ld	de, #0x0002
    0000008D D5               [16]  187 	push	de
    0000008E 01rB6r00         [12]  188 	ld	bc, #___spriteFlips
    00000091 11r1Br00         [12]  189 	ld	de, #_spriteFlips
    00000094 CDr00r00         [24]  190 	call	_memcpy
                                    191 ;C:/Users/franc/Documents/Projets/Perso/GameBoyProjects/CrossZGB/common/src/init/ZGBMain_Init.c:126: }
    00000097 C9               [16]  192 	ret
    00000098                        193 ___spriteBanks:
    00000098r00                     194 	.byte ___bank_SpritePlayer
    00000099r00                     195 	.byte ___bank_SpriteBullet
    0000009A 00                     196 	.db #0x00	; 0
    0000009B                        197 ___spriteDataBanks:
    0000009Br00                     198 	.byte ___bank_player
    0000009Cr00                     199 	.byte ___bank_bullet
    0000009D 00                     200 	.db #0x00	; 0
    0000009E                        201 ___spriteStartFuncs:
    0000009Er00r00                  202 	.dw _Start_SpritePlayer
    000000A0r00r00                  203 	.dw _Start_SpriteBullet
    000000A2 00 00                  204 	.dw #0x0000
    000000A4                        205 ___spriteUpdateFuncs:
    000000A4r00r00                  206 	.dw _Update_SpritePlayer
    000000A6r00r00                  207 	.dw _Update_SpriteBullet
    000000A8 00 00                  208 	.dw #0x0000
    000000AA                        209 ___spriteDestroyFuncs:
    000000AAr00r00                  210 	.dw _Destroy_SpritePlayer
    000000ACr00r00                  211 	.dw _Destroy_SpriteBullet
    000000AE 00 00                  212 	.dw #0x0000
    000000B0                        213 ___spriteDatas:
    000000B0r00r00                  214 	.dw _player
    000000B2r00r00                  215 	.dw _bullet
    000000B4 00 00                  216 	.dw #0x0000
    000000B6                        217 ___spriteFlips:
    000000B6 00                     218 	.db #0x00	; 0
    000000B7 00                     219 	.db #0x00	; 0
    000000B8 00                     220 	.db #0x00	; 0
                                    221 	.area _CODE_255
                                    222 	.area _INITIALIZER
                                    223 	.area _CABS (ABS)
