                                      1 ;--------------------------------------------------------
                                      2 ; File Created by SDCC : free open source ISO C Compiler
                                      3 ; Version 4.5.1 #15267 (MINGW64)
                                      4 ;--------------------------------------------------------
                                      5 	.module tiles_png
                                      6 	
                                      7 ;--------------------------------------------------------
                                      8 ; Public variables in this module
                                      9 ;--------------------------------------------------------
                                     10 	.globl _tiles
                                     11 	.globl _tiles_tile_pals
                                     12 	.globl _tiles_tiles
                                     13 	.globl _tiles_palettes
                                     14 	.globl b___func_tiles
                                     15 	.globl ___func_tiles
                                     16 ;--------------------------------------------------------
                                     17 ; special function registers
                                     18 ;--------------------------------------------------------
                         00000000    19 _GG_STATE	=	0x0000
                         00000001    20 _GG_EXT_7BIT	=	0x0001
                         00000002    21 _GG_EXT_CTL	=	0x0002
                         00000003    22 _GG_SIO_SEND	=	0x0003
                         00000004    23 _GG_SIO_RECV	=	0x0004
                         00000005    24 _GG_SIO_CTL	=	0x0005
                         00000006    25 _GG_SOUND_PAN	=	0x0006
                         0000003E    26 _MEMORY_CTL	=	0x003e
                         0000003F    27 _JOY_CTL	=	0x003f
                         0000007E    28 _VCOUNTER	=	0x007e
                         0000007F    29 _PSG	=	0x007f
                         0000007F    30 _HCOUNTER	=	0x007f
                         000000BE    31 _VDP_DATA	=	0x00be
                         000000BF    32 _VDP_CMD	=	0x00bf
                         000000BF    33 _VDP_STATUS	=	0x00bf
                         000000DC    34 _JOY_PORT1	=	0x00dc
                         000000DD    35 _JOY_PORT2	=	0x00dd
                         000000F0    36 _FMADDRESS	=	0x00f0
                         000000F1    37 _FMDATA	=	0x00f1
                         000000F2    38 _AUDIOCTRL	=	0x00f2
                                     39 ;--------------------------------------------------------
                                     40 ; ram data
                                     41 ;--------------------------------------------------------
                                     42 	.area _DATA
                         0000FFFC    43 _RAM_CONTROL	=	0xfffc
                         0000FFF8    44 _GLASSES_3D	=	0xfff8
                         0000FFFD    45 _MAP_FRAME0	=	0xfffd
                         0000FFFE    46 _MAP_FRAME1	=	0xfffe
                         0000FFFF    47 _MAP_FRAME2	=	0xffff
                                     48 ;--------------------------------------------------------
                                     49 ; ram data
                                     50 ;--------------------------------------------------------
                                     51 	.area _INITIALIZED
                                     52 ;--------------------------------------------------------
                                     53 ; absolute external ram data
                                     54 ;--------------------------------------------------------
                                     55 	.area _DABS (ABS)
                                     56 ;--------------------------------------------------------
                                     57 ; global & static initialisations
                                     58 ;--------------------------------------------------------
                                     59 	.area _HOME
                                     60 	.area _GSINIT
                                     61 	.area _GSFINAL
                                     62 	.area _GSINIT
                                     63 ;--------------------------------------------------------
                                     64 ; Home
                                     65 ;--------------------------------------------------------
                                     66 	.area _HOME
                                     67 	.area _HOME
                                     68 ;--------------------------------------------------------
                                     69 ; code
                                     70 ;--------------------------------------------------------
                                     71 	.area _CODE_255
                                     72 ;../obj/Release/gg/res/tiles.png.c:11: BANKREF(tiles)
                                     73 ;	---------------------------------
                                     74 ; Function __func_tiles
                                     75 ; ---------------------------------
                         000000FF    76 	b___func_tiles	= 255
    00000000                         77 ___func_tiles::
                                     78 	.local b___func_tiles 
                         000000FF    79 	___bank_tiles = b___func_tiles 
                                     80 	.globl ___bank_tiles 
                                     81 	.area _CODE_255
    00000000                         82 _tiles_palettes:
    00000000 EE 02                   83 	.dw #0x02ee
    00000002 B3 04                   84 	.dw #0x04b3
    00000004 72 03                   85 	.dw #0x0372
    00000006 30 02                   86 	.dw #0x0230
    00000008 00 00                   87 	.dw #0x0000
    0000000A 00 00                   88 	.dw #0x0000
    0000000C 00 00                   89 	.dw #0x0000
    0000000E 00 00                   90 	.dw #0x0000
    00000010 00 00                   91 	.dw #0x0000
    00000012 00 00                   92 	.dw #0x0000
    00000014 00 00                   93 	.dw #0x0000
    00000016 00 00                   94 	.dw #0x0000
    00000018 00 00                   95 	.dw #0x0000
    0000001A 00 00                   96 	.dw #0x0000
    0000001C 00 00                   97 	.dw #0x0000
    0000001E 00 00                   98 	.dw #0x0000
    00000020                         99 _tiles_tiles:
    00000020 00                     100 	.db #0x00	; 0
    00000021 00                     101 	.db #0x00	; 0
    00000022 00                     102 	.db #0x00	; 0
    00000023 00                     103 	.db #0x00	; 0
    00000024 00                     104 	.db #0x00	; 0
    00000025 00                     105 	.db #0x00	; 0
    00000026 00                     106 	.db #0x00	; 0
    00000027 00                     107 	.db #0x00	; 0
    00000028 00                     108 	.db #0x00	; 0
    00000029 00                     109 	.db #0x00	; 0
    0000002A 00                     110 	.db #0x00	; 0
    0000002B 00                     111 	.db #0x00	; 0
    0000002C 00                     112 	.db #0x00	; 0
    0000002D 00                     113 	.db #0x00	; 0
    0000002E 00                     114 	.db #0x00	; 0
    0000002F 00                     115 	.db #0x00	; 0
    00000030 00                     116 	.db #0x00	; 0
    00000031 00                     117 	.db #0x00	; 0
    00000032 00                     118 	.db #0x00	; 0
    00000033 00                     119 	.db #0x00	; 0
    00000034 00                     120 	.db #0x00	; 0
    00000035 00                     121 	.db #0x00	; 0
    00000036 00                     122 	.db #0x00	; 0
    00000037 00                     123 	.db #0x00	; 0
    00000038 00                     124 	.db #0x00	; 0
    00000039 00                     125 	.db #0x00	; 0
    0000003A 00                     126 	.db #0x00	; 0
    0000003B 00                     127 	.db #0x00	; 0
    0000003C 00                     128 	.db #0x00	; 0
    0000003D 00                     129 	.db #0x00	; 0
    0000003E 00                     130 	.db #0x00	; 0
    0000003F 00                     131 	.db #0x00	; 0
    00000040 CF                     132 	.db #0xcf	; 207
    00000041 20                     133 	.db #0x20	; 32
    00000042 00                     134 	.db #0x00	; 0
    00000043 00                     135 	.db #0x00	; 0
    00000044 C3                     136 	.db #0xc3	; 195
    00000045 20                     137 	.db #0x20	; 32
    00000046 00                     138 	.db #0x00	; 0
    00000047 00                     139 	.db #0x00	; 0
    00000048 00                     140 	.db #0x00	; 0
    00000049 FF                     141 	.db #0xff	; 255
    0000004A 00                     142 	.db #0x00	; 0
    0000004B 00                     143 	.db #0x00	; 0
    0000004C FB                     144 	.db #0xfb	; 251
    0000004D 04                     145 	.db #0x04	; 4
    0000004E 00                     146 	.db #0x00	; 0
    0000004F 00                     147 	.db #0x00	; 0
    00000050 F9                     148 	.db #0xf9	; 249
    00000051 04                     149 	.db #0x04	; 4
    00000052 00                     150 	.db #0x00	; 0
    00000053 00                     151 	.db #0x00	; 0
    00000054 78                     152 	.db #0x78	; 120	'x'
    00000055 04                     153 	.db #0x04	; 4
    00000056 00                     154 	.db #0x00	; 0
    00000057 00                     155 	.db #0x00	; 0
    00000058 00                     156 	.db #0x00	; 0
    00000059 FF                     157 	.db #0xff	; 255
    0000005A 00                     158 	.db #0x00	; 0
    0000005B 00                     159 	.db #0x00	; 0
    0000005C DF                     160 	.db #0xdf	; 223
    0000005D 20                     161 	.db #0x20	; 32
    0000005E 00                     162 	.db #0x00	; 0
    0000005F 00                     163 	.db #0x00	; 0
    00000060                        164 _tiles_tile_pals:
    00000060 00                     165 	.db #0x00	; 0
    00000061 00                     166 	.db #0x00	; 0
    00000062                        167 _tiles:
    00000062 02                     168 	.db #0x02	; 2
    00000063r20r00                  169 	.dw _tiles_tiles
    00000065 01                     170 	.db #0x01	; 1
    00000066r00r00                  171 	.dw _tiles_palettes
    00000068r60r00                  172 	.dw _tiles_tile_pals
                                    173 	.area _INITIALIZER
                                    174 	.area _CABS (ABS)
