                                      1 ;--------------------------------------------------------
                                      2 ; File Created by SDCC : free open source ISO C Compiler
                                      3 ; Version 4.5.1 #15267 (MINGW64)
                                      4 ;--------------------------------------------------------
                                      5 	.module BankManager
                                      6 	
                                      7 ;--------------------------------------------------------
                                      8 ; Public variables in this module
                                      9 ;--------------------------------------------------------
                                     10 	.globl _bank_stack
                                     11 	.globl _bank_stackSTACK
                                     12 	.globl _PushBank
                                     13 	.globl _PopBank
                                     14 ;--------------------------------------------------------
                                     15 ; special function registers
                                     16 ;--------------------------------------------------------
                         00000000    17 _GG_STATE	=	0x0000
                         00000001    18 _GG_EXT_7BIT	=	0x0001
                         00000002    19 _GG_EXT_CTL	=	0x0002
                         00000003    20 _GG_SIO_SEND	=	0x0003
                         00000004    21 _GG_SIO_RECV	=	0x0004
                         00000005    22 _GG_SIO_CTL	=	0x0005
                         00000006    23 _GG_SOUND_PAN	=	0x0006
                         0000003E    24 _MEMORY_CTL	=	0x003e
                         0000003F    25 _JOY_CTL	=	0x003f
                         0000007E    26 _VCOUNTER	=	0x007e
                         0000007F    27 _PSG	=	0x007f
                         0000007F    28 _HCOUNTER	=	0x007f
                         000000BE    29 _VDP_DATA	=	0x00be
                         000000BF    30 _VDP_CMD	=	0x00bf
                         000000BF    31 _VDP_STATUS	=	0x00bf
                         000000DC    32 _JOY_PORT1	=	0x00dc
                         000000DD    33 _JOY_PORT2	=	0x00dd
                         000000F0    34 _FMADDRESS	=	0x00f0
                         000000F1    35 _FMDATA	=	0x00f1
                         000000F2    36 _AUDIOCTRL	=	0x00f2
                                     37 ;--------------------------------------------------------
                                     38 ; ram data
                                     39 ;--------------------------------------------------------
                                     40 	.area _DATA
                         0000FFFC    41 _RAM_CONTROL	=	0xfffc
                         0000FFF8    42 _GLASSES_3D	=	0xfff8
                         0000FFFD    43 _MAP_FRAME0	=	0xfffd
                         0000FFFE    44 _MAP_FRAME1	=	0xfffe
                         0000FFFF    45 _MAP_FRAME2	=	0xffff
    00000000                         46 _bank_stackSTACK::
    00000000                         47 	.ds 10
                                     48 ;--------------------------------------------------------
                                     49 ; ram data
                                     50 ;--------------------------------------------------------
                                     51 	.area _INITIALIZED
    00000000                         52 _bank_stack::
    00000000                         53 	.ds 2
                                     54 ;--------------------------------------------------------
                                     55 ; absolute external ram data
                                     56 ;--------------------------------------------------------
                                     57 	.area _DABS (ABS)
                                     58 ;--------------------------------------------------------
                                     59 ; global & static initialisations
                                     60 ;--------------------------------------------------------
                                     61 	.area _HOME
                                     62 	.area _GSINIT
                                     63 	.area _GSFINAL
                                     64 	.area _GSINIT
                                     65 ;--------------------------------------------------------
                                     66 ; Home
                                     67 ;--------------------------------------------------------
                                     68 	.area _HOME
                                     69 ;C:/Users/franc/Documents/Projets/Perso/GameBoyProjects/CrossZGB/common/src/BankManager.c:7: void PushBank(UINT8 b) NONBANKED {
                                     70 ;	---------------------------------
                                     71 ; Function PushBank
                                     72 ; ---------------------------------
    00000000                         73 _PushBank::
    00000000 4F               [ 4]   74 	ld	c, a
                                     75 ;C:/Users/franc/Documents/Projets/Perso/GameBoyProjects/CrossZGB/common/src/BankManager.c:8: StackPush(bank_stack, CURRENT_BANK);
    00000001 2Ar00r00         [16]   76 	ld	hl, (_bank_stack)
    00000004 23               [ 6]   77 	inc	hl
    00000005 22r00r00         [16]   78 	ld	(_bank_stack), hl
    00000008 2Ar00r00         [16]   79 	ld	hl, (_bank_stack)
    0000000B 3A FE FF         [13]   80 	ld	a, (_MAP_FRAME1)
    0000000E 77               [ 7]   81 	ld	(hl), a
                                     82 ;C:/Users/franc/Documents/Projets/Perso/GameBoyProjects/CrossZGB/common/src/BankManager.c:9: SWITCH_ROM(b);
    0000000F 21 FE FF         [10]   83 	ld	hl, #_MAP_FRAME1
    00000012 71               [ 7]   84 	ld	(hl), c
                                     85 ;C:/Users/franc/Documents/Projets/Perso/GameBoyProjects/CrossZGB/common/src/BankManager.c:10: }
    00000013 C9               [10]   86 	ret
                                     87 ;C:/Users/franc/Documents/Projets/Perso/GameBoyProjects/CrossZGB/common/src/BankManager.c:12: void PopBank(void) NONBANKED {
                                     88 ;	---------------------------------
                                     89 ; Function PopBank
                                     90 ; ---------------------------------
    00000014                         91 _PopBank::
                                     92 ;C:/Users/franc/Documents/Projets/Perso/GameBoyProjects/CrossZGB/common/src/BankManager.c:13: UINT8 b = StackPop(bank_stack); 
    00000014 2Ar00r00         [16]   93 	ld	hl, (_bank_stack)
    00000017 7E               [ 7]   94 	ld	a, (hl)
    00000018 32 FE FF         [13]   95 	ld	(_MAP_FRAME1+0), a
    0000001B 2Ar00r00         [16]   96 	ld	hl, (_bank_stack)
    0000001E 2B               [ 6]   97 	dec	hl
    0000001F 22r00r00         [16]   98 	ld	(_bank_stack), hl
                                     99 ;C:/Users/franc/Documents/Projets/Perso/GameBoyProjects/CrossZGB/common/src/BankManager.c:14: SWITCH_ROM(b);
                                    100 ;C:/Users/franc/Documents/Projets/Perso/GameBoyProjects/CrossZGB/common/src/BankManager.c:15: }
    00000022 C9               [10]  101 	ret
                                    102 	.area _HOME
                                    103 ;--------------------------------------------------------
                                    104 ; code
                                    105 ;--------------------------------------------------------
                                    106 	.area _CODE
                                    107 	.area _CODE
                                    108 	.area _INITIALIZER
    00000000                        109 __xinit__bank_stack:
    00000000rFFrFF                  110 	.dw (_bank_stackSTACK - 1)
                                    111 	.area _CABS (ABS)
