                                      1 ;--------------------------------------------------------
                                      2 ; File Created by SDCC : free open source ISO C Compiler
                                      3 ; Version 4.5.1 #15267 (MINGW64)
                                      4 ;--------------------------------------------------------
                                      5 	.module Coroutines
                                      6 	
                                      7 ;--------------------------------------------------------
                                      8 ; Public variables in this module
                                      9 ;--------------------------------------------------------
                                     10 	.globl _coro_finalize
                                     11 	.globl _coro_current_context
                                     12 	.globl _coro_main_context
                                     13 	.globl _coro_yield
                                     14 	.globl _coro_init
                                     15 	.globl _coro_continue
                                     16 ;--------------------------------------------------------
                                     17 ; special function registers
                                     18 ;--------------------------------------------------------
                         00000000    19 _GG_STATE	=	0x0000
                         00000001    20 _GG_EXT_7BIT	=	0x0001
                         00000002    21 _GG_EXT_CTL	=	0x0002
                         00000003    22 _GG_SIO_SEND	=	0x0003
                         00000004    23 _GG_SIO_RECV	=	0x0004
                         00000005    24 _GG_SIO_CTL	=	0x0005
                         00000006    25 _GG_SOUND_PAN	=	0x0006
                         0000003E    26 _MEMORY_CTL	=	0x003e
                         0000003F    27 _JOY_CTL	=	0x003f
                         0000007E    28 _VCOUNTER	=	0x007e
                         0000007F    29 _PSG	=	0x007f
                         0000007F    30 _HCOUNTER	=	0x007f
                         000000BE    31 _VDP_DATA	=	0x00be
                         000000BF    32 _VDP_CMD	=	0x00bf
                         000000BF    33 _VDP_STATUS	=	0x00bf
                         000000DC    34 _JOY_PORT1	=	0x00dc
                         000000DD    35 _JOY_PORT2	=	0x00dd
                         000000F0    36 _FMADDRESS	=	0x00f0
                         000000F1    37 _FMDATA	=	0x00f1
                         000000F2    38 _AUDIOCTRL	=	0x00f2
                                     39 ;--------------------------------------------------------
                                     40 ; ram data
                                     41 ;--------------------------------------------------------
                                     42 	.area _DATA
                         0000FFFC    43 _RAM_CONTROL	=	0xfffc
                         0000FFF8    44 _GLASSES_3D	=	0xfff8
                         0000FFFD    45 _MAP_FRAME0	=	0xfffd
                         0000FFFE    46 _MAP_FRAME1	=	0xfffe
                         0000FFFF    47 _MAP_FRAME2	=	0xffff
    00000000                         48 _coro_main_context::
    00000000                         49 	.ds 2
                                     50 ;--------------------------------------------------------
                                     51 ; ram data
                                     52 ;--------------------------------------------------------
                                     53 	.area _INITIALIZED
    00000000                         54 _coro_current_context::
    00000000                         55 	.ds 2
                                     56 ;--------------------------------------------------------
                                     57 ; absolute external ram data
                                     58 ;--------------------------------------------------------
                                     59 	.area _DABS (ABS)
                                     60 ;--------------------------------------------------------
                                     61 ; global & static initialisations
                                     62 ;--------------------------------------------------------
                                     63 	.area _HOME
                                     64 	.area _GSINIT
                                     65 	.area _GSFINAL
                                     66 	.area _GSINIT
                                     67 ;--------------------------------------------------------
                                     68 ; Home
                                     69 ;--------------------------------------------------------
                                     70 	.area _HOME
                                     71 ;C:/Users/franc/Documents/Projets/Perso/GameBoyProjects/CrossZGB/common/src/Coroutines.c:10: bool coro_yield(void) NONBANKED NAKED {
                                     72 ;	---------------------------------
                                     73 ; Function coro_yield
                                     74 ; ---------------------------------
    00000000                         75 _coro_yield::
                                     76 ;C:/Users/franc/Documents/Projets/Perso/GameBoyProjects/CrossZGB/common/src/Coroutines.c:86: __endasm;
    00000000 ED 5Br00r00      [20]   77 	ld	de, (_coro_current_context)
    00000004 7A               [ 4]   78 	ld	a, d
    00000005 B3               [ 4]   79 	or	e
    00000006 C8               [11]   80 	ret	z
    00000007 21 FC FF         [10]   81 	ld	hl, #-4
    0000000A 39               [11]   82 	add	hl, sp
    0000000B EB               [ 4]   83 	ex	de, hl
    0000000C 73               [ 7]   84 	ld	(hl), e
    0000000D 23               [ 6]   85 	inc	hl
    0000000E 72               [ 7]   86 	ld	(hl), d
    0000000F DD E5            [15]   87 	push	ix
    00000011 3A FE FF         [13]   88 	ld	a, (_MAP_FRAME1)
    00000014 F5               [11]   89 	push	af
    00000015 ED 7Br00r00      [20]   90 	ld	sp, (_coro_main_context)
    00000019 F1               [10]   91 	pop	af
    0000001A 32 FE FF         [13]   92 	ld	(_MAP_FRAME1), a
    0000001D DD E1            [14]   93 	pop	ix
    0000001F 21 00 00         [10]   94 	ld	hl, #0
    00000022 22r00r00         [16]   95 	ld	(_coro_current_context), hl
    00000025 3E 01            [ 7]   96 	ld	a, #1
    00000027 C9               [10]   97 	ret
                                     98 ;C:/Users/franc/Documents/Projets/Perso/GameBoyProjects/CrossZGB/common/src/Coroutines.c:87: }
                                     99 ;C:/Users/franc/Documents/Projets/Perso/GameBoyProjects/CrossZGB/common/src/Coroutines.c:89: bool coro_finalize(void) NONBANKED NAKED {
                                    100 ;	---------------------------------
                                    101 ; Function coro_finalize
                                    102 ; ---------------------------------
    00000028                        103 _coro_finalize::
                                    104 ;C:/Users/franc/Documents/Projets/Perso/GameBoyProjects/CrossZGB/common/src/Coroutines.c:125: __endasm;
    00000028 ED 7Br00r00      [20]  105 	ld	sp, (_coro_main_context)
    0000002C F1               [10]  106 	pop	af
    0000002D 32 FE FF         [13]  107 	ld	(_MAP_FRAME1), a
    00000030 DD E1            [14]  108 	pop	ix
    00000032 21 00 00         [10]  109 	ld	hl, #0
    00000035 22r00r00         [16]  110 	ld	(_coro_current_context), hl
    00000038 AF               [ 4]  111 	xor	a
    00000039 C9               [10]  112 	ret
                                    113 ;C:/Users/franc/Documents/Projets/Perso/GameBoyProjects/CrossZGB/common/src/Coroutines.c:126: }
                                    114 ;C:/Users/franc/Documents/Projets/Perso/GameBoyProjects/CrossZGB/common/src/Coroutines.c:128: void coro_init(coro_context_t * context, coro_t coro, uint8_t coro_bank, void * user_data, uint16_t stack_size) NONBANKED {
                                    115 ;	---------------------------------
                                    116 ; Function coro_init
                                    117 ; ---------------------------------
    0000003A                        118 _coro_init::
    0000003A DD E5            [15]  119 	push	ix
    0000003C DD 21 00 00      [14]  120 	ld	ix,#0
    00000040 DD 39            [15]  121 	add	ix,sp
    00000042 F5               [11]  122 	push	af
    00000043 4D               [ 4]  123 	ld	c, l
    00000044 44               [ 4]  124 	ld	b, h
    00000045 33               [ 6]  125 	inc	sp
    00000046 33               [ 6]  126 	inc	sp
    00000047 D5               [11]  127 	push	de
                                    128 ;C:/Users/franc/Documents/Projets/Perso/GameBoyProjects/CrossZGB/common/src/Coroutines.c:129: uint16_t * stack = context->stack + ((stack_size >> 1) - 1);
    00000048 59               [ 4]  129 	ld	e, c
    00000049 50               [ 4]  130 	ld	d, b
    0000004A 13               [ 6]  131 	inc	de
    0000004B 13               [ 6]  132 	inc	de
    0000004C DD 6E 07         [19]  133 	ld	l, 7 (ix)
    0000004F DD 66 08         [19]  134 	ld	h, 8 (ix)
    00000052 CB 3C            [ 8]  135 	srl	h
    00000054 CB 1D            [ 8]  136 	rr	l
    00000056 2B               [ 6]  137 	dec	hl
    00000057 29               [11]  138 	add	hl, hl
    00000058 19               [11]  139 	add	hl, de
                                    140 ;C:/Users/franc/Documents/Projets/Perso/GameBoyProjects/CrossZGB/common/src/Coroutines.c:130: *stack = (uint16_t)user_data;
    00000059 DD 7E 05         [19]  141 	ld	a, 5 (ix)
    0000005C DD 5E 06         [19]  142 	ld	e, 6 (ix)
    0000005F 77               [ 7]  143 	ld	(hl), a
    00000060 23               [ 6]  144 	inc	hl
    00000061 73               [ 7]  145 	ld	(hl), e
    00000062 2B               [ 6]  146 	dec	hl
                                    147 ;C:/Users/franc/Documents/Projets/Perso/GameBoyProjects/CrossZGB/common/src/Coroutines.c:134: stack = (uint16_t *)((uint8_t *)stack - 5); // match Z80 banked call convention
    00000063 7D               [ 4]  148 	ld	a, l
    00000064 C6 FB            [ 7]  149 	add	a, #0xfb
    00000066 6F               [ 4]  150 	ld	l, a
    00000067 7C               [ 4]  151 	ld	a, h
    00000068 CE FF            [ 7]  152 	adc	a, #0xff
    0000006A 67               [ 4]  153 	ld	h, a
                                    154 ;C:/Users/franc/Documents/Projets/Perso/GameBoyProjects/CrossZGB/common/src/Coroutines.c:138: *stack-- = (uint16_t *)coro_finalize;
    0000006B 11r28r00         [10]  155 	ld	de, #_coro_finalize
    0000006E 73               [ 7]  156 	ld	(hl), e
    0000006F 23               [ 6]  157 	inc	hl
    00000070 72               [ 7]  158 	ld	(hl), d
    00000071 2B               [ 6]  159 	dec	hl
    00000072 2B               [ 6]  160 	dec	hl
    00000073 2B               [ 6]  161 	dec	hl
                                    162 ;C:/Users/franc/Documents/Projets/Perso/GameBoyProjects/CrossZGB/common/src/Coroutines.c:139: *stack = (uint16_t *)coro;
    00000074 DD 7E FE         [19]  163 	ld	a, -2 (ix)
    00000077 DD 5E FF         [19]  164 	ld	e, -1 (ix)
    0000007A 77               [ 7]  165 	ld	(hl), a
    0000007B 23               [ 6]  166 	inc	hl
    0000007C 73               [ 7]  167 	ld	(hl), e
    0000007D 2B               [ 6]  168 	dec	hl
                                    169 ;C:/Users/franc/Documents/Projets/Perso/GameBoyProjects/CrossZGB/common/src/Coroutines.c:143: stack -= 2;                                 // dummy IX value
    0000007E 7D               [ 4]  170 	ld	a, l
    0000007F C6 FC            [ 7]  171 	add	a, #0xfc
    00000081 6F               [ 4]  172 	ld	l, a
    00000082 7C               [ 4]  173 	ld	a, h
    00000083 CE FF            [ 7]  174 	adc	a, #0xff
    00000085 67               [ 4]  175 	ld	h, a
                                    176 ;C:/Users/franc/Documents/Projets/Perso/GameBoyProjects/CrossZGB/common/src/Coroutines.c:144: *stack = coro_bank << 8;                    // coroutine bank
    00000086 DD 5E 04         [19]  177 	ld	e, 4 (ix)
    00000089 36 00            [10]  178 	ld	(hl), #0x00
    0000008B 23               [ 6]  179 	inc	hl
    0000008C 73               [ 7]  180 	ld	(hl), e
    0000008D 2B               [ 6]  181 	dec	hl
                                    182 ;C:/Users/franc/Documents/Projets/Perso/GameBoyProjects/CrossZGB/common/src/Coroutines.c:148: context->SP = stack;
    0000008E 7D               [ 4]  183 	ld	a, l
    0000008F 02               [ 7]  184 	ld	(bc), a
    00000090 03               [ 6]  185 	inc	bc
    00000091 7C               [ 4]  186 	ld	a, h
    00000092 02               [ 7]  187 	ld	(bc), a
                                    188 ;C:/Users/franc/Documents/Projets/Perso/GameBoyProjects/CrossZGB/common/src/Coroutines.c:149: }
    00000093 DD F9            [10]  189 	ld	sp, ix
    00000095 DD E1            [14]  190 	pop	ix
    00000097 E1               [10]  191 	pop	hl
    00000098 F1               [10]  192 	pop	af
    00000099 F1               [10]  193 	pop	af
    0000009A 33               [ 6]  194 	inc	sp
    0000009B E9               [ 4]  195 	jp	(hl)
                                    196 ;C:/Users/franc/Documents/Projets/Perso/GameBoyProjects/CrossZGB/common/src/Coroutines.c:151: bool coro_continue(coro_context_t * context) NONBANKED NAKED {
                                    197 ;	---------------------------------
                                    198 ; Function coro_continue
                                    199 ; ---------------------------------
    0000009C                        200 _coro_continue::
                                    201 ;C:/Users/franc/Documents/Projets/Perso/GameBoyProjects/CrossZGB/common/src/Coroutines.c:199: __endasm;
    0000009C DD E5            [15]  202 	push	ix
    0000009E 3A FE FF         [13]  203 	ld	a, (_MAP_FRAME1)
    000000A1 F5               [11]  204 	push	af
    000000A2 ED 73r00r00      [20]  205 	ld	(_coro_main_context), sp
    000000A6 22r00r00         [16]  206 	ld	(_coro_current_context), hl
    000000A9 7E               [ 7]  207 	ld	a, (hl)
    000000AA 23               [ 6]  208 	inc	hl
    000000AB 66               [ 7]  209 	ld	h, (hl)
    000000AC 6F               [ 4]  210 	ld	l, a
    000000AD F9               [ 6]  211 	ld	sp, hl
    000000AE F1               [10]  212 	pop	af
    000000AF 32 FE FF         [13]  213 	ld	(_MAP_FRAME1), a
    000000B2 DD E1            [14]  214 	pop	ix
    000000B4 C9               [10]  215 	ret
                                    216 ;C:/Users/franc/Documents/Projets/Perso/GameBoyProjects/CrossZGB/common/src/Coroutines.c:200: }
                                    217 	.area _HOME
                                    218 ;--------------------------------------------------------
                                    219 ; code
                                    220 ;--------------------------------------------------------
                                    221 	.area _CODE
                                    222 	.area _CODE
                                    223 	.area _INITIALIZER
    00000000                        224 __xinit__coro_current_context:
    00000000 00 00                  225 	.dw #0x0000
                                    226 	.area _CABS (ABS)
