                                      1 ;--------------------------------------------------------
                                      2 ; File Created by SDCC : free open source ISO C Compiler
                                      3 ; Version 4.5.1 #15267 (MINGW64)
                                      4 ;--------------------------------------------------------
                                      5 	.module DefAnimHandler
                                      6 	
                                      7 ;--------------------------------------------------------
                                      8 ; Public variables in this module
                                      9 ;--------------------------------------------------------
                                     10 	.globl _GetSpriteAnimation
                                     11 ;--------------------------------------------------------
                                     12 ; special function registers
                                     13 ;--------------------------------------------------------
                         00000000    14 _GG_STATE	=	0x0000
                         00000001    15 _GG_EXT_7BIT	=	0x0001
                         00000002    16 _GG_EXT_CTL	=	0x0002
                         00000003    17 _GG_SIO_SEND	=	0x0003
                         00000004    18 _GG_SIO_RECV	=	0x0004
                         00000005    19 _GG_SIO_CTL	=	0x0005
                         00000006    20 _GG_SOUND_PAN	=	0x0006
                         0000003E    21 _MEMORY_CTL	=	0x003e
                         0000003F    22 _JOY_CTL	=	0x003f
                         0000007E    23 _VCOUNTER	=	0x007e
                         0000007F    24 _PSG	=	0x007f
                         0000007F    25 _HCOUNTER	=	0x007f
                         000000BE    26 _VDP_DATA	=	0x00be
                         000000BF    27 _VDP_CMD	=	0x00bf
                         000000BF    28 _VDP_STATUS	=	0x00bf
                         000000DC    29 _JOY_PORT1	=	0x00dc
                         000000DD    30 _JOY_PORT2	=	0x00dd
                         000000F0    31 _FMADDRESS	=	0x00f0
                         000000F1    32 _FMDATA	=	0x00f1
                         000000F2    33 _AUDIOCTRL	=	0x00f2
                                     34 ;--------------------------------------------------------
                                     35 ; ram data
                                     36 ;--------------------------------------------------------
                                     37 	.area _DATA
                         0000FFFC    38 _RAM_CONTROL	=	0xfffc
                         0000FFF8    39 _GLASSES_3D	=	0xfff8
                         0000FFFD    40 _MAP_FRAME0	=	0xfffd
                         0000FFFE    41 _MAP_FRAME1	=	0xfffe
                         0000FFFF    42 _MAP_FRAME2	=	0xffff
    00000000                         43 ___save:
    00000000                         44 	.ds 1
                                     45 ;--------------------------------------------------------
                                     46 ; ram data
                                     47 ;--------------------------------------------------------
                                     48 	.area _INITIALIZED
                                     49 ;--------------------------------------------------------
                                     50 ; absolute external ram data
                                     51 ;--------------------------------------------------------
                                     52 	.area _DABS (ABS)
                                     53 ;--------------------------------------------------------
                                     54 ; global & static initialisations
                                     55 ;--------------------------------------------------------
                                     56 	.area _HOME
                                     57 	.area _GSINIT
                                     58 	.area _GSFINAL
                                     59 	.area _GSINIT
                                     60 ;--------------------------------------------------------
                                     61 ; Home
                                     62 ;--------------------------------------------------------
                                     63 	.area _HOME
                                     64 	.area _HOME
                                     65 ;--------------------------------------------------------
                                     66 ; code
                                     67 ;--------------------------------------------------------
                                     68 	.area _CODE
                                     69 ;C:/Users/franc/Documents/Projets/Perso/GameBoyProjects/CrossZGB/common/src/DefAnimHandler.c:9: const metasprite_t * GetSpriteAnimation(Sprite * sprite, UINT16 anim_idx) {
                                     70 ;	---------------------------------
                                     71 ; Function GetSpriteAnimation
                                     72 ; ---------------------------------
    00000000                         73 _GetSpriteAnimation::
    00000000 4D               [ 4]   74 	ld	c, l
    00000001 44               [ 4]   75 	ld	b, h
                                     76 ;C:/Users/franc/Documents/Projets/Perso/GameBoyProjects/CrossZGB/common/src/DefAnimHandler.c:10: __save = CURRENT_BANK;
    00000002 3A FE FF         [13]   77 	ld	a, (_MAP_FRAME1+0)
    00000005 32r00r00         [13]   78 	ld	(___save+0), a
                                     79 ;C:/Users/franc/Documents/Projets/Perso/GameBoyProjects/CrossZGB/common/src/DefAnimHandler.c:11: SWITCH_ROM(sprite->mt_sprite_bank);
    00000008 69               [ 4]   80 	ld	l, c
    00000009 60               [ 4]   81 	ld	h, b
    0000000A C5               [11]   82 	push	bc
    0000000B 01 06 00         [10]   83 	ld	bc, #0x0006
    0000000E 09               [11]   84 	add	hl, bc
    0000000F C1               [10]   85 	pop	bc
    00000010 7E               [ 7]   86 	ld	a, (hl)
    00000011 32 FE FF         [13]   87 	ld	(_MAP_FRAME1+0), a
                                     88 ;C:/Users/franc/Documents/Projets/Perso/GameBoyProjects/CrossZGB/common/src/DefAnimHandler.c:12: struct metasprite_t * res = sprite->mt_sprite_info->metasprites[anim_idx];
    00000014 21 07 00         [10]   89 	ld	hl, #7
    00000017 09               [11]   90 	add	hl, bc
    00000018 4E               [ 7]   91 	ld	c, (hl)
    00000019 23               [ 6]   92 	inc	hl
    0000001A 46               [ 7]   93 	ld	b, (hl)
    0000001B 21 09 00         [10]   94 	ld	hl, #9
    0000001E 09               [11]   95 	add	hl, bc
    0000001F 4E               [ 7]   96 	ld	c, (hl)
    00000020 23               [ 6]   97 	inc	hl
    00000021 46               [ 7]   98 	ld	b, (hl)
    00000022 EB               [ 4]   99 	ex	de, hl
    00000023 29               [11]  100 	add	hl, hl
    00000024 09               [11]  101 	add	hl, bc
    00000025 5E               [ 7]  102 	ld	e, (hl)
    00000026 23               [ 6]  103 	inc	hl
    00000027 56               [ 7]  104 	ld	d, (hl)
                                    105 ;C:/Users/franc/Documents/Projets/Perso/GameBoyProjects/CrossZGB/common/src/DefAnimHandler.c:13: SWITCH_ROM(__save);
    00000028 3Ar00r00         [13]  106 	ld	a, (___save+0)
    0000002B 32 FE FF         [13]  107 	ld	(_MAP_FRAME1+0), a
                                    108 ;C:/Users/franc/Documents/Projets/Perso/GameBoyProjects/CrossZGB/common/src/DefAnimHandler.c:14: return res;
                                    109 ;C:/Users/franc/Documents/Projets/Perso/GameBoyProjects/CrossZGB/common/src/DefAnimHandler.c:15: }
    0000002E C9               [10]  110 	ret
                                    111 	.area _CODE
                                    112 	.area _INITIALIZER
                                    113 	.area _CABS (ABS)
