                                      1 ;--------------------------------------------------------
                                      2 ; File Created by SDCC : free open source ISO C Compiler
                                      3 ; Version 4.5.1 #15267 (MINGW64)
                                      4 ;--------------------------------------------------------
                                      5 	.module Fade
                                      6 	
                                      7 ;--------------------------------------------------------
                                      8 ; Public variables in this module
                                      9 ;--------------------------------------------------------
                                     10 	.globl _FadeStepColor
                                     11 	.globl _UpdateColor
                                     12 	.globl _SyncVBlank
                                     13 	.globl _set_palette
                                     14 	.globl _ZGB_Fading_SPal
                                     15 	.globl _ZGB_Fading_BPal
                                     16 	.globl b_FadeIn
                                     17 	.globl _FadeIn
                                     18 	.globl b_FadeOut
                                     19 	.globl _FadeOut
                                     20 ;--------------------------------------------------------
                                     21 ; special function registers
                                     22 ;--------------------------------------------------------
                         00000000    23 _GG_STATE	=	0x0000
                         00000001    24 _GG_EXT_7BIT	=	0x0001
                         00000002    25 _GG_EXT_CTL	=	0x0002
                         00000003    26 _GG_SIO_SEND	=	0x0003
                         00000004    27 _GG_SIO_RECV	=	0x0004
                         00000005    28 _GG_SIO_CTL	=	0x0005
                         00000006    29 _GG_SOUND_PAN	=	0x0006
                         0000003E    30 _MEMORY_CTL	=	0x003e
                         0000003F    31 _JOY_CTL	=	0x003f
                         0000007E    32 _VCOUNTER	=	0x007e
                         0000007F    33 _PSG	=	0x007f
                         0000007F    34 _HCOUNTER	=	0x007f
                         000000BE    35 _VDP_DATA	=	0x00be
                         000000BF    36 _VDP_CMD	=	0x00bf
                         000000BF    37 _VDP_STATUS	=	0x00bf
                         000000DC    38 _JOY_PORT1	=	0x00dc
                         000000DD    39 _JOY_PORT2	=	0x00dd
                         000000F0    40 _FMADDRESS	=	0x00f0
                         000000F1    41 _FMDATA	=	0x00f1
                         000000F2    42 _AUDIOCTRL	=	0x00f2
                                     43 ;--------------------------------------------------------
                                     44 ; ram data
                                     45 ;--------------------------------------------------------
                                     46 	.area _DATA
                         0000FFFC    47 _RAM_CONTROL	=	0xfffc
                         0000FFF8    48 _GLASSES_3D	=	0xfff8
                         0000FFFD    49 _MAP_FRAME0	=	0xfffd
                         0000FFFE    50 _MAP_FRAME1	=	0xfffe
                         0000FFFF    51 _MAP_FRAME2	=	0xffff
    00000000                         52 _ZGB_Fading_BPal::
    00000000                         53 	.ds 32
    00000020                         54 _ZGB_Fading_SPal::
    00000020                         55 	.ds 32
    00000040                         56 _BR:
    00000040                         57 	.ds 1
    00000041                         58 _BB:
    00000041                         59 	.ds 1
    00000042                         60 _BG:
    00000042                         61 	.ds 1
    00000043                         62 _FadeStepColor_palette_10000_246:
    00000043                         63 	.ds 32
    00000063                         64 _FadeStepColor_palette_s_10000_246:
    00000063                         65 	.ds 32
                                     66 ;--------------------------------------------------------
                                     67 ; ram data
                                     68 ;--------------------------------------------------------
                                     69 	.area _INITIALIZED
                                     70 ;--------------------------------------------------------
                                     71 ; absolute external ram data
                                     72 ;--------------------------------------------------------
                                     73 	.area _DABS (ABS)
                                     74 ;--------------------------------------------------------
                                     75 ; global & static initialisations
                                     76 ;--------------------------------------------------------
                                     77 	.area _HOME
                                     78 	.area _GSINIT
                                     79 	.area _GSFINAL
                                     80 	.area _GSINIT
                                     81 ;--------------------------------------------------------
                                     82 ; Home
                                     83 ;--------------------------------------------------------
                                     84 	.area _HOME
                                     85 	.area _HOME
                                     86 ;--------------------------------------------------------
                                     87 ; code
                                     88 ;--------------------------------------------------------
                                     89 	.area _CODE_1
                                     90 ;C:/Users/franc/Documents/Projets/Perso/GameBoyProjects/CrossZGB/common/src/gg/Fade.c:12: palette_color_t UpdateColor(UINT8 i, palette_color_t col) {
                                     91 ;	---------------------------------
                                     92 ; Function UpdateColor
                                     93 ; ---------------------------------
    00000000                         94 _UpdateColor::
    00000000 DD E5            [15]   95 	push	ix
    00000002 DD 21 00 00      [14]   96 	ld	ix,#0
    00000006 DD 39            [15]   97 	add	ix,sp
    00000008 F5               [11]   98 	push	af
    00000009 3B               [ 6]   99 	dec	sp
                                    100 ;C:/Users/franc/Documents/Projets/Perso/GameBoyProjects/CrossZGB/common/src/gg/Fade.c:13: if (i == 0) return col;
                                    101 ;C:/Users/franc/Documents/Projets/Perso/GameBoyProjects/CrossZGB/common/src/gg/Fade.c:15: if (i == 3) return ZGB_Fading_SPal[0];
    0000000A 47               [ 4]  102 	ld	b,a
    0000000B B7               [ 4]  103 	or	a,a
    0000000C CArAFr00         [10]  104 	jp	Z,00107$
    0000000F D6 03            [ 7]  105 	sub	a, #0x03
    00000011 20 07            [12]  106 	jr	NZ, 00104$
    00000013 ED 5Br20r00      [20]  107 	ld	de, (#_ZGB_Fading_SPal + 0)
    00000017 C3rAFr00         [10]  108 	jp	00107$
    0000001A                        109 00104$:
                                    110 ;C:/Users/franc/Documents/Projets/Perso/GameBoyProjects/CrossZGB/common/src/gg/Fade.c:17: INT8 R = (PAL_RED(col) << 3), G = (PAL_GREEN(col) << 3), B = (PAL_BLUE(col) << 3);
    0000001A 7B               [ 4]  111 	ld	a, e
    0000001B E6 0F            [ 7]  112 	and	a, #0x0f
    0000001D 87               [ 4]  113 	add	a, a
    0000001E 87               [ 4]  114 	add	a, a
    0000001F 87               [ 4]  115 	add	a, a
    00000020 4F               [ 4]  116 	ld	c, a
    00000021 6B               [ 4]  117 	ld	l, e
    00000022 62               [ 4]  118 	ld	h, d
    00000023 CB 3C            [ 8]  119 	srl	h
    00000025 CB 1D            [ 8]  120 	rr	l
    00000027 CB 3C            [ 8]  121 	srl	h
    00000029 CB 1D            [ 8]  122 	rr	l
    0000002B CB 3C            [ 8]  123 	srl	h
    0000002D CB 1D            [ 8]  124 	rr	l
    0000002F CB 3C            [ 8]  125 	srl	h
    00000031 CB 1D            [ 8]  126 	rr	l
    00000033 7D               [ 4]  127 	ld	a, l
    00000034 E6 0F            [ 7]  128 	and	a, #0x0f
    00000036 87               [ 4]  129 	add	a, a
    00000037 87               [ 4]  130 	add	a, a
    00000038 87               [ 4]  131 	add	a, a
    00000039 DD 77 FD         [19]  132 	ld	-3 (ix), a
    0000003C 7A               [ 4]  133 	ld	a, d
    0000003D E6 0F            [ 7]  134 	and	a, #0x0f
    0000003F 87               [ 4]  135 	add	a, a
    00000040 87               [ 4]  136 	add	a, a
    00000041 87               [ 4]  137 	add	a, a
    00000042 57               [ 4]  138 	ld	d, a
                                    139 ;C:/Users/franc/Documents/Projets/Perso/GameBoyProjects/CrossZGB/common/src/gg/Fade.c:19: INT8 DR = (INT8)(BR - R) >> 2, DG = (INT8)(BG - G) >> 2, DB = (INT8)(BB - B) >> 2;
    00000043 3Ar40r00         [13]  140 	ld	a, (_BR+0)
    00000046 91               [ 4]  141 	sub	a, c
    00000047 CB 2F            [ 8]  142 	sra	a
    00000049 CB 2F            [ 8]  143 	sra	a
    0000004B DD 77 FE         [19]  144 	ld	-2 (ix), a
    0000004E 3Ar42r00         [13]  145 	ld	a, (_BG+0)
    00000051 DD 96 FD         [19]  146 	sub	a, -3 (ix)
    00000054 5F               [ 4]  147 	ld	e, a
    00000055 CB 2B            [ 8]  148 	sra	e
    00000057 CB 2B            [ 8]  149 	sra	e
    00000059 3Ar41r00         [13]  150 	ld	a, (_BB+0)
    0000005C 92               [ 4]  151 	sub	a, d
    0000005D CB 2F            [ 8]  152 	sra	a
    0000005F CB 2F            [ 8]  153 	sra	a
    00000061 DD 77 FF         [19]  154 	ld	-1 (ix), a
                                    155 ;C:/Users/franc/Documents/Projets/Perso/GameBoyProjects/CrossZGB/common/src/gg/Fade.c:21: R += DR, G += DG, B += DB;
    00000064 79               [ 4]  156 	ld	a, c
    00000065 DD 86 FE         [19]  157 	add	a, -2 (ix)
    00000068 4F               [ 4]  158 	ld	c, a
    00000069 DD 7E FD         [19]  159 	ld	a, -3 (ix)
    0000006C 83               [ 4]  160 	add	a, e
    0000006D 6F               [ 4]  161 	ld	l, a
    0000006E 7A               [ 4]  162 	ld	a, d
    0000006F DD 86 FF         [19]  163 	add	a, -1 (ix)
    00000072 57               [ 4]  164 	ld	d, a
                                    165 ;C:/Users/franc/Documents/Projets/Perso/GameBoyProjects/CrossZGB/common/src/gg/Fade.c:22: if (i == 2) R += DR, G += DG, B += DB;
    00000073 78               [ 4]  166 	ld	a, b
    00000074 D6 02            [ 7]  167 	sub	a, #0x02
    00000076 20 0B            [12]  168 	jr	NZ, 00106$
    00000078 79               [ 4]  169 	ld	a, c
    00000079 DD 86 FE         [19]  170 	add	a, -2 (ix)
    0000007C 4F               [ 4]  171 	ld	c, a
    0000007D 19               [11]  172 	add	hl, de
    0000007E 7A               [ 4]  173 	ld	a, d
    0000007F DD 86 FF         [19]  174 	add	a, -1 (ix)
    00000082 57               [ 4]  175 	ld	d, a
    00000083                        176 00106$:
                                    177 ;C:/Users/franc/Documents/Projets/Perso/GameBoyProjects/CrossZGB/common/src/gg/Fade.c:24: return RGB(R >> 3, G >> 3, B >> 3);
    00000083 CB 29            [ 8]  178 	sra	c
    00000085 CB 29            [ 8]  179 	sra	c
    00000087 CB 29            [ 8]  180 	sra	c
    00000089 79               [ 4]  181 	ld	a, c
    0000008A 07               [ 4]  182 	rlca
    0000008B 9F               [ 4]  183 	sbc	a, a
    0000008C 47               [ 4]  184 	ld	b, a
    0000008D CB 2D            [ 8]  185 	sra	l
    0000008F CB 2D            [ 8]  186 	sra	l
    00000091 CB 2D            [ 8]  187 	sra	l
    00000093 7D               [ 4]  188 	ld	a, l
    00000094 07               [ 4]  189 	rlca
    00000095 9F               [ 4]  190 	sbc	a, a
    00000096 67               [ 4]  191 	ld	h, a
    00000097 29               [11]  192 	add	hl, hl
    00000098 29               [11]  193 	add	hl, hl
    00000099 29               [11]  194 	add	hl, hl
    0000009A 29               [11]  195 	add	hl, hl
    0000009B 7D               [ 4]  196 	ld	a, l
    0000009C B1               [ 4]  197 	or	a, c
    0000009D 4F               [ 4]  198 	ld	c, a
    0000009E 7C               [ 4]  199 	ld	a, h
    0000009F B0               [ 4]  200 	or	a, b
    000000A0 47               [ 4]  201 	ld	b, a
    000000A1 7A               [ 4]  202 	ld	a, d
    000000A2 CB 2F            [ 8]  203 	sra	a
    000000A4 CB 2F            [ 8]  204 	sra	a
    000000A6 CB 2F            [ 8]  205 	sra	a
    000000A8 6F               [ 4]  206 	ld	l, a
    000000A9 AF               [ 4]  207 	xor	a, a
    000000AA B1               [ 4]  208 	or	a, c
    000000AB 5F               [ 4]  209 	ld	e, a
    000000AC 7D               [ 4]  210 	ld	a, l
    000000AD B0               [ 4]  211 	or	a, b
    000000AE 57               [ 4]  212 	ld	d, a
    000000AF                        213 00107$:
                                    214 ;C:/Users/franc/Documents/Projets/Perso/GameBoyProjects/CrossZGB/common/src/gg/Fade.c:25: }
    000000AF DD F9            [10]  215 	ld	sp, ix
    000000B1 DD E1            [14]  216 	pop	ix
    000000B3 C9               [10]  217 	ret
                                    218 ;C:/Users/franc/Documents/Projets/Perso/GameBoyProjects/CrossZGB/common/src/gg/Fade.c:27: void FadeStepColor(UINT8 i) {
                                    219 ;	---------------------------------
                                    220 ; Function FadeStepColor
                                    221 ; ---------------------------------
    000000B4                        222 _FadeStepColor::
    000000B4 DD E5            [15]  223 	push	ix
    000000B6 DD 21 00 00      [14]  224 	ld	ix,#0
    000000BA DD 39            [15]  225 	add	ix,sp
    000000BC 21 F8 FF         [10]  226 	ld	hl, #-8
    000000BF 39               [11]  227 	add	hl, sp
    000000C0 F9               [ 6]  228 	ld	sp, hl
    000000C1 DD 77 FA         [19]  229 	ld	-6 (ix), a
                                    230 ;C:/Users/franc/Documents/Projets/Perso/GameBoyProjects/CrossZGB/common/src/gg/Fade.c:30: palette_color_t* col = ZGB_Fading_BPal;
    000000C4 DD 36 FBr00      [19]  231 	ld	-5 (ix), #<(_ZGB_Fading_BPal)
    000000C8 DD 36 FCs00      [19]  232 	ld	-4 (ix), #>(_ZGB_Fading_BPal)
                                    233 ;C:/Users/franc/Documents/Projets/Perso/GameBoyProjects/CrossZGB/common/src/gg/Fade.c:31: palette_color_t* col_s = ZGB_Fading_SPal;
    000000CC DD 36 FDr20      [19]  234 	ld	-3 (ix), #<(_ZGB_Fading_SPal)
    000000D0 DD 36 FEs00      [19]  235 	ld	-2 (ix), #>(_ZGB_Fading_SPal)
                                    236 ;C:/Users/franc/Documents/Projets/Perso/GameBoyProjects/CrossZGB/common/src/gg/Fade.c:33: for(UINT8 c = 0; c < 16; ++c, ++col, ++col_s) {
    000000D4 DD 36 FF 00      [19]  237 	ld	-1 (ix), #0x00
    000000D8                        238 00106$:
    000000D8 DD 7E FF         [19]  239 	ld	a, -1 (ix)
    000000DB D6 10            [ 7]  240 	sub	a, #0x10
    000000DD 30 5E            [12]  241 	jr	NC, 00102$
                                    242 ;C:/Users/franc/Documents/Projets/Perso/GameBoyProjects/CrossZGB/common/src/gg/Fade.c:34: palette[c] = UpdateColor(i, *col);
    000000DF DD 6E FF         [19]  243 	ld	l, -1 (ix)
    000000E2 26 00            [ 7]  244 	ld	h, #0x00
    000000E4 29               [11]  245 	add	hl, hl
    000000E5 4D               [ 4]  246 	ld	c, l
    000000E6 44               [ 4]  247 	ld	b, h
    000000E7 21r43r00         [10]  248 	ld	hl, #_FadeStepColor_palette_10000_246
    000000EA 09               [11]  249 	add	hl, bc
    000000EB E3               [19]  250 	ex	(sp), hl
    000000EC DD 6E FB         [19]  251 	ld	l, -5 (ix)
    000000EF DD 66 FC         [19]  252 	ld	h, -4 (ix)
    000000F2 5E               [ 7]  253 	ld	e, (hl)
    000000F3 23               [ 6]  254 	inc	hl
    000000F4 56               [ 7]  255 	ld	d, (hl)
    000000F5 C5               [11]  256 	push	bc
    000000F6 DD 7E FA         [19]  257 	ld	a, -6 (ix)
    000000F9 CDr00r00         [17]  258 	call	_UpdateColor
    000000FC C1               [10]  259 	pop	bc
    000000FD E1               [10]  260 	pop	hl
    000000FE E5               [11]  261 	push	hl
    000000FF 73               [ 7]  262 	ld	(hl), e
    00000100 23               [ 6]  263 	inc	hl
    00000101 72               [ 7]  264 	ld	(hl), d
                                    265 ;C:/Users/franc/Documents/Projets/Perso/GameBoyProjects/CrossZGB/common/src/gg/Fade.c:35: palette_s[c] = UpdateColor(i, *col_s);
    00000102 21r63r00         [10]  266 	ld	hl, #_FadeStepColor_palette_s_10000_246
    00000105 09               [11]  267 	add	hl, bc
    00000106 4D               [ 4]  268 	ld	c, l
    00000107 44               [ 4]  269 	ld	b, h
    00000108 DD 6E FD         [19]  270 	ld	l, -3 (ix)
    0000010B DD 66 FE         [19]  271 	ld	h, -2 (ix)
    0000010E 5E               [ 7]  272 	ld	e, (hl)
    0000010F 23               [ 6]  273 	inc	hl
    00000110 56               [ 7]  274 	ld	d, (hl)
    00000111 C5               [11]  275 	push	bc
    00000112 DD 7E FA         [19]  276 	ld	a, -6 (ix)
    00000115 CDr00r00         [17]  277 	call	_UpdateColor
    00000118 C1               [10]  278 	pop	bc
    00000119 7B               [ 4]  279 	ld	a, e
    0000011A 02               [ 7]  280 	ld	(bc), a
    0000011B 03               [ 6]  281 	inc	bc
    0000011C 7A               [ 4]  282 	ld	a, d
    0000011D 02               [ 7]  283 	ld	(bc), a
                                    284 ;C:/Users/franc/Documents/Projets/Perso/GameBoyProjects/CrossZGB/common/src/gg/Fade.c:33: for(UINT8 c = 0; c < 16; ++c, ++col, ++col_s) {
    0000011E DD 34 FF         [23]  285 	inc	-1 (ix)
    00000121 DD 7E FB         [19]  286 	ld	a, -5 (ix)
    00000124 C6 02            [ 7]  287 	add	a, #0x02
    00000126 DD 77 FB         [19]  288 	ld	-5 (ix), a
    00000129 30 03            [12]  289 	jr	NC, 00139$
    0000012B DD 34 FC         [23]  290 	inc	-4 (ix)
    0000012E                        291 00139$:
    0000012E DD 7E FD         [19]  292 	ld	a, -3 (ix)
    00000131 C6 02            [ 7]  293 	add	a, #0x02
    00000133 DD 77 FD         [19]  294 	ld	-3 (ix), a
    00000136 30 A0            [12]  295 	jr	NC, 00106$
    00000138 DD 34 FE         [23]  296 	inc	-2 (ix)
    0000013B 18 9B            [12]  297 	jr	00106$
                                    298 ;C:/Users/franc/Documents/Projets/Perso/GameBoyProjects/CrossZGB/common/src/gg/Fade.c:38: WAIT_WRITABLE_CRAM;	// avoid snow on screen
    0000013D                        299 00102$:
    0000013D DB 7E            [11]  300 	in	a, (_VCOUNTER)
    0000013F D6 D8            [ 7]  301 	sub	a, #0xd8
    00000141 38 FA            [12]  302 	jr	C, 00102$
                                    303 ;C:/Users/franc/Documents/Projets/Perso/GameBoyProjects/CrossZGB/common/src/gg/Fade.c:40: set_bkg_palette(0, 1, palette);
    00000143 21r43r00         [10]  304 	ld	hl, #_FadeStepColor_palette_10000_246
    00000146 E5               [11]  305 	push	hl
    00000147 21 00 01         [10]  306 	ld	hl, #0x100
    0000014A E5               [11]  307 	push	hl
    0000014B CDr00r00         [17]  308 	call	_set_palette
                                    309 ;C:/Users/franc/Documents/Projets/Perso/GameBoyProjects/CrossZGB/common/src/gg/Fade.c:41: set_sprite_palette(0, 1, palette_s);
    0000014E 21r63r00         [10]  310 	ld	hl, #_FadeStepColor_palette_s_10000_246
    00000151 E5               [11]  311 	push	hl
    00000152 21 01 01         [10]  312 	ld	hl, #0x101
    00000155 E5               [11]  313 	push	hl
    00000156 CDr00r00         [17]  314 	call	_set_palette
                                    315 ;C:/Users/franc/Documents/Projets/Perso/GameBoyProjects/CrossZGB/common/src/gg/Fade.c:43: DISPLAY_ON;
    00000159 3Ar00r00         [13]  316 	ld	a, (_shadow_VDP_R1+0)
    0000015C F6 40            [ 7]  317 	or	a, #0x40
    0000015E 32r00r00         [13]  318 	ld	(_shadow_VDP_R1+0), a
    00000161 F3               [ 4]  319 	di
    00000162 3Ar00r00         [13]  320 	ld	a, (_shadow_VDP_R1+0)
    00000165 D3 BF            [11]  321 	out	(_VDP_CMD), a
    00000167 3E 81            [ 7]  322 	ld	a, #0x81
    00000169 D3 BF            [11]  323 	out	(_VDP_CMD), a
    0000016B FB               [ 4]  324 	ei
                                    325 ;C:/Users/franc/Documents/Projets/Perso/GameBoyProjects/CrossZGB/common/src/gg/Fade.c:44: SyncVBlank();
    0000016C CDr00r00         [17]  326 	call	_SyncVBlank
                                    327 ;C:/Users/franc/Documents/Projets/Perso/GameBoyProjects/CrossZGB/common/src/gg/Fade.c:45: SyncVBlank();
    0000016F CDr00r00         [17]  328 	call	_SyncVBlank
                                    329 ;C:/Users/franc/Documents/Projets/Perso/GameBoyProjects/CrossZGB/common/src/gg/Fade.c:46: }
    00000172 DD F9            [10]  330 	ld	sp, ix
    00000174 DD E1            [14]  331 	pop	ix
    00000176 C9               [10]  332 	ret
                                    333 ;C:/Users/franc/Documents/Projets/Perso/GameBoyProjects/CrossZGB/common/src/gg/Fade.c:48: void FadeIn(void) BANKED {
                                    334 ;	---------------------------------
                                    335 ; Function FadeIn
                                    336 ; ---------------------------------
                         00000001   337 	b_FadeIn	= 1
    00000177                        338 _FadeIn::
                                    339 ;C:/Users/franc/Documents/Projets/Perso/GameBoyProjects/CrossZGB/common/src/gg/Fade.c:49: BR = (PAL_RED(ZGB_Fading_SPal[0]) << 3), BG = (PAL_GREEN(ZGB_Fading_SPal[0]) << 3), BB = (PAL_BLUE(ZGB_Fading_SPal[0]) << 3);
    00000177 3Ar20r00         [13]  340 	ld	a, (#_ZGB_Fading_SPal + 0)
    0000017A E6 0F            [ 7]  341 	and	a, #0x0f
    0000017C 87               [ 4]  342 	add	a, a
    0000017D 87               [ 4]  343 	add	a, a
    0000017E 87               [ 4]  344 	add	a, a
    0000017F 32r40r00         [13]  345 	ld	(_BR+0), a
    00000182 2Ar20r00         [16]  346 	ld	hl, (#_ZGB_Fading_SPal + 0)
    00000185 29               [11]  347 	add	hl, hl
    00000186 29               [11]  348 	add	hl, hl
    00000187 29               [11]  349 	add	hl, hl
    00000188 29               [11]  350 	add	hl, hl
    00000189 7C               [ 4]  351 	ld	a, h
    0000018A E6 0F            [ 7]  352 	and	a, #0x0f
    0000018C 87               [ 4]  353 	add	a, a
    0000018D 87               [ 4]  354 	add	a, a
    0000018E 87               [ 4]  355 	add	a, a
    0000018F 32r42r00         [13]  356 	ld	(_BG+0), a
    00000192 2Ar20r00         [16]  357 	ld	hl, (#_ZGB_Fading_SPal + 0)
    00000195 7C               [ 4]  358 	ld	a, h
    00000196 E6 0F            [ 7]  359 	and	a, #0x0f
    00000198 87               [ 4]  360 	add	a, a
    00000199 87               [ 4]  361 	add	a, a
    0000019A 87               [ 4]  362 	add	a, a
    0000019B 32r41r00         [13]  363 	ld	(_BB+0), a
                                    364 ;C:/Users/franc/Documents/Projets/Perso/GameBoyProjects/CrossZGB/common/src/gg/Fade.c:50: FadeStepColor(0);	
    0000019E AF               [ 4]  365 	xor	a, a
    0000019F CDrB4r00         [17]  366 	call	_FadeStepColor
                                    367 ;C:/Users/franc/Documents/Projets/Perso/GameBoyProjects/CrossZGB/common/src/gg/Fade.c:51: FadeStepColor(1);	
    000001A2 3E 01            [ 7]  368 	ld	a, #0x01
    000001A4 CDrB4r00         [17]  369 	call	_FadeStepColor
                                    370 ;C:/Users/franc/Documents/Projets/Perso/GameBoyProjects/CrossZGB/common/src/gg/Fade.c:52: FadeStepColor(2);	
    000001A7 3E 02            [ 7]  371 	ld	a, #0x02
    000001A9 CDrB4r00         [17]  372 	call	_FadeStepColor
                                    373 ;C:/Users/franc/Documents/Projets/Perso/GameBoyProjects/CrossZGB/common/src/gg/Fade.c:53: FadeStepColor(3);	
    000001AC 3E 03            [ 7]  374 	ld	a, #0x03
    000001AE CDrB4r00         [17]  375 	call	_FadeStepColor
                                    376 ;c:\users\franc\documents\projets\perso\gameboyprojects\gbdk\include\sms\sms.h:254: __WRITE_VDP_REG(VDP_R1, __READ_VDP_REG(VDP_R1) &= (~R1_DISP_ON));
    000001B1 3Ar00r00         [13]  377 	ld	a, (_shadow_VDP_R1+0)
    000001B4 E6 BF            [ 7]  378 	and	a, #0xbf
    000001B6 32r00r00         [13]  379 	ld	(_shadow_VDP_R1+0), a
    000001B9 F3               [ 4]  380 	di
    000001BA 3Ar00r00         [13]  381 	ld	a, (_shadow_VDP_R1+0)
    000001BD D3 BF            [11]  382 	out	(_VDP_CMD), a
    000001BF 3E 81            [ 7]  383 	ld	a, #0x81
    000001C1 D3 BF            [11]  384 	out	(_VDP_CMD), a
    000001C3 FB               [ 4]  385 	ei
                                    386 ;C:/Users/franc/Documents/Projets/Perso/GameBoyProjects/CrossZGB/common/src/gg/Fade.c:54: DISPLAY_OFF;
                                    387 ;C:/Users/franc/Documents/Projets/Perso/GameBoyProjects/CrossZGB/common/src/gg/Fade.c:55: }
    000001C4 C9               [10]  388 	ret
                                    389 ;C:/Users/franc/Documents/Projets/Perso/GameBoyProjects/CrossZGB/common/src/gg/Fade.c:57: void FadeOut(void) BANKED {
                                    390 ;	---------------------------------
                                    391 ; Function FadeOut
                                    392 ; ---------------------------------
                         00000001   393 	b_FadeOut	= 1
    000001C5                        394 _FadeOut::
                                    395 ;C:/Users/franc/Documents/Projets/Perso/GameBoyProjects/CrossZGB/common/src/gg/Fade.c:58: BR = (PAL_RED(ZGB_Fading_SPal[0]) << 3), BG = (PAL_GREEN(ZGB_Fading_SPal[0]) << 3), BB = (PAL_BLUE(ZGB_Fading_SPal[0]) << 3);
    000001C5 3Ar20r00         [13]  396 	ld	a, (#_ZGB_Fading_SPal + 0)
    000001C8 E6 0F            [ 7]  397 	and	a, #0x0f
    000001CA 87               [ 4]  398 	add	a, a
    000001CB 87               [ 4]  399 	add	a, a
    000001CC 87               [ 4]  400 	add	a, a
    000001CD 32r40r00         [13]  401 	ld	(_BR+0), a
    000001D0 2Ar20r00         [16]  402 	ld	hl, (#_ZGB_Fading_SPal + 0)
    000001D3 29               [11]  403 	add	hl, hl
    000001D4 29               [11]  404 	add	hl, hl
    000001D5 29               [11]  405 	add	hl, hl
    000001D6 29               [11]  406 	add	hl, hl
    000001D7 7C               [ 4]  407 	ld	a, h
    000001D8 E6 0F            [ 7]  408 	and	a, #0x0f
    000001DA 87               [ 4]  409 	add	a, a
    000001DB 87               [ 4]  410 	add	a, a
    000001DC 87               [ 4]  411 	add	a, a
    000001DD 32r42r00         [13]  412 	ld	(_BG+0), a
    000001E0 2Ar20r00         [16]  413 	ld	hl, (#_ZGB_Fading_SPal + 0)
    000001E3 7C               [ 4]  414 	ld	a, h
    000001E4 E6 0F            [ 7]  415 	and	a, #0x0f
    000001E6 87               [ 4]  416 	add	a, a
    000001E7 87               [ 4]  417 	add	a, a
    000001E8 87               [ 4]  418 	add	a, a
    000001E9 32r41r00         [13]  419 	ld	(_BB+0), a
                                    420 ;C:/Users/franc/Documents/Projets/Perso/GameBoyProjects/CrossZGB/common/src/gg/Fade.c:59: FadeStepColor(3);	
    000001EC 3E 03            [ 7]  421 	ld	a, #0x03
    000001EE CDrB4r00         [17]  422 	call	_FadeStepColor
                                    423 ;C:/Users/franc/Documents/Projets/Perso/GameBoyProjects/CrossZGB/common/src/gg/Fade.c:60: FadeStepColor(2);	
    000001F1 3E 02            [ 7]  424 	ld	a, #0x02
    000001F3 CDrB4r00         [17]  425 	call	_FadeStepColor
                                    426 ;C:/Users/franc/Documents/Projets/Perso/GameBoyProjects/CrossZGB/common/src/gg/Fade.c:61: FadeStepColor(1);	
    000001F6 3E 01            [ 7]  427 	ld	a, #0x01
    000001F8 CDrB4r00         [17]  428 	call	_FadeStepColor
                                    429 ;C:/Users/franc/Documents/Projets/Perso/GameBoyProjects/CrossZGB/common/src/gg/Fade.c:62: FadeStepColor(0);	
    000001FB AF               [ 4]  430 	xor	a, a
                                    431 ;C:/Users/franc/Documents/Projets/Perso/GameBoyProjects/CrossZGB/common/src/gg/Fade.c:63: }
    000001FC C3rB4r00         [10]  432 	jp	_FadeStepColor
                                    433 	.area _CODE_1
                                    434 	.area _INITIALIZER
                                    435 	.area _CABS (ABS)
