                                      1 ;--------------------------------------------------------
                                      2 ; File Created by SDCC : free open source ISO C Compiler
                                      3 ; Version 4.5.1 #15267 (MINGW64)
                                      4 ;--------------------------------------------------------
                                      5 	.module hUGEDriver
                                      6 	
                                      7 ;--------------------------------------------------------
                                      8 ; Public variables in this module
                                      9 ;--------------------------------------------------------
                                     10 	.globl _hUGE_mute_mask
                                     11 	.globl _hUGE_current_wave
                                     12 	.globl _hUGE_init
                                     13 	.globl _hUGE_dosound
                                     14 	.globl _hUGE_mute_channel
                                     15 	.globl _hUGE_set_position
                                     16 ;--------------------------------------------------------
                                     17 ; special function registers
                                     18 ;--------------------------------------------------------
                         00000000    19 _GG_STATE	=	0x0000
                         00000001    20 _GG_EXT_7BIT	=	0x0001
                         00000002    21 _GG_EXT_CTL	=	0x0002
                         00000003    22 _GG_SIO_SEND	=	0x0003
                         00000004    23 _GG_SIO_RECV	=	0x0004
                         00000005    24 _GG_SIO_CTL	=	0x0005
                         00000006    25 _GG_SOUND_PAN	=	0x0006
                         0000003E    26 _MEMORY_CTL	=	0x003e
                         0000003F    27 _JOY_CTL	=	0x003f
                         0000007E    28 _VCOUNTER	=	0x007e
                         0000007F    29 _PSG	=	0x007f
                         0000007F    30 _HCOUNTER	=	0x007f
                         000000BE    31 _VDP_DATA	=	0x00be
                         000000BF    32 _VDP_CMD	=	0x00bf
                         000000BF    33 _VDP_STATUS	=	0x00bf
                         000000DC    34 _JOY_PORT1	=	0x00dc
                         000000DD    35 _JOY_PORT2	=	0x00dd
                         000000F0    36 _FMADDRESS	=	0x00f0
                         000000F1    37 _FMDATA	=	0x00f1
                         000000F2    38 _AUDIOCTRL	=	0x00f2
                                     39 ;--------------------------------------------------------
                                     40 ; ram data
                                     41 ;--------------------------------------------------------
                                     42 	.area _DATA
                         0000FFFC    43 _RAM_CONTROL	=	0xfffc
                         0000FFF8    44 _GLASSES_3D	=	0xfff8
                         0000FFFD    45 _MAP_FRAME0	=	0xfffd
                         0000FFFE    46 _MAP_FRAME1	=	0xfffe
                         0000FFFF    47 _MAP_FRAME2	=	0xffff
                                     48 ;--------------------------------------------------------
                                     49 ; ram data
                                     50 ;--------------------------------------------------------
                                     51 	.area _INITIALIZED
    00000000                         52 _hUGE_current_wave::
    00000000                         53 	.ds 1
    00000001                         54 _hUGE_mute_mask::
    00000001                         55 	.ds 1
                                     56 ;--------------------------------------------------------
                                     57 ; absolute external ram data
                                     58 ;--------------------------------------------------------
                                     59 	.area _DABS (ABS)
                                     60 ;--------------------------------------------------------
                                     61 ; global & static initialisations
                                     62 ;--------------------------------------------------------
                                     63 	.area _HOME
                                     64 	.area _GSINIT
                                     65 	.area _GSFINAL
                                     66 	.area _GSINIT
                                     67 ;--------------------------------------------------------
                                     68 ; Home
                                     69 ;--------------------------------------------------------
                                     70 	.area _HOME
                                     71 	.area _HOME
                                     72 ;--------------------------------------------------------
                                     73 ; code
                                     74 ;--------------------------------------------------------
                                     75 	.area _CODE
                                     76 ;C:/Users/franc/Documents/Projets/Perso/GameBoyProjects/CrossZGB/common/src/gg/hUGEDriver.c:3: void hUGE_init(const hUGESong_t * song) {
                                     77 ;	---------------------------------
                                     78 ; Function hUGE_init
                                     79 ; ---------------------------------
    00000000                         80 _hUGE_init::
                                     81 ;C:/Users/franc/Documents/Projets/Perso/GameBoyProjects/CrossZGB/common/src/gg/hUGEDriver.c:4: song;
                                     82 ;C:/Users/franc/Documents/Projets/Perso/GameBoyProjects/CrossZGB/common/src/gg/hUGEDriver.c:5: }
    00000000 C9               [10]   83 	ret
                                     84 ;C:/Users/franc/Documents/Projets/Perso/GameBoyProjects/CrossZGB/common/src/gg/hUGEDriver.c:7: void hUGE_dosound(void) {
                                     85 ;	---------------------------------
                                     86 ; Function hUGE_dosound
                                     87 ; ---------------------------------
    00000001                         88 _hUGE_dosound::
                                     89 ;C:/Users/franc/Documents/Projets/Perso/GameBoyProjects/CrossZGB/common/src/gg/hUGEDriver.c:8: }
    00000001 C9               [10]   90 	ret
                                     91 ;C:/Users/franc/Documents/Projets/Perso/GameBoyProjects/CrossZGB/common/src/gg/hUGEDriver.c:10: void hUGE_mute_channel(enum hUGE_channel_t ch, enum hUGE_mute_t mute) {
                                     92 ;	---------------------------------
                                     93 ; Function hUGE_mute_channel
                                     94 ; ---------------------------------
    00000002                         95 _hUGE_mute_channel::
                                     96 ;C:/Users/franc/Documents/Projets/Perso/GameBoyProjects/CrossZGB/common/src/gg/hUGEDriver.c:11: ch; mute;
                                     97 ;C:/Users/franc/Documents/Projets/Perso/GameBoyProjects/CrossZGB/common/src/gg/hUGEDriver.c:12: }
    00000002 C9               [10]   98 	ret
                                     99 ;C:/Users/franc/Documents/Projets/Perso/GameBoyProjects/CrossZGB/common/src/gg/hUGEDriver.c:14: void hUGE_set_position(unsigned char pattern) {
                                    100 ;	---------------------------------
                                    101 ; Function hUGE_set_position
                                    102 ; ---------------------------------
    00000003                        103 _hUGE_set_position::
                                    104 ;C:/Users/franc/Documents/Projets/Perso/GameBoyProjects/CrossZGB/common/src/gg/hUGEDriver.c:15: pattern;
                                    105 ;C:/Users/franc/Documents/Projets/Perso/GameBoyProjects/CrossZGB/common/src/gg/hUGEDriver.c:16: }
    00000003 C9               [10]  106 	ret
                                    107 	.area _CODE
                                    108 	.area _INITIALIZER
    00000000                        109 __xinit__hUGE_current_wave:
    00000000 00                     110 	.db #0x00	; 0
    00000001                        111 __xinit__hUGE_mute_mask:
    00000001 00                     112 	.db #0x00	; 0
                                    113 	.area _CABS (ABS)
