                                      1 ;--------------------------------------------------------
                                      2 ; File Created by SDCC : free open source ISO C Compiler
                                      3 ; Version 4.5.1 #15267 (MINGW64)
                                      4 ;--------------------------------------------------------
                                      5 	.module Keys
                                      6 	
                                      7 ;--------------------------------------------------------
                                      8 ; Public variables in this module
                                      9 ;--------------------------------------------------------
                                     10 	.globl _old_joypads
                                     11 	.globl _joypads
                                     12 ;--------------------------------------------------------
                                     13 ; special function registers
                                     14 ;--------------------------------------------------------
                         00000000    15 _GG_STATE	=	0x0000
                         00000001    16 _GG_EXT_7BIT	=	0x0001
                         00000002    17 _GG_EXT_CTL	=	0x0002
                         00000003    18 _GG_SIO_SEND	=	0x0003
                         00000004    19 _GG_SIO_RECV	=	0x0004
                         00000005    20 _GG_SIO_CTL	=	0x0005
                         00000006    21 _GG_SOUND_PAN	=	0x0006
                         0000003E    22 _MEMORY_CTL	=	0x003e
                         0000003F    23 _JOY_CTL	=	0x003f
                         0000007E    24 _VCOUNTER	=	0x007e
                         0000007F    25 _PSG	=	0x007f
                         0000007F    26 _HCOUNTER	=	0x007f
                         000000BE    27 _VDP_DATA	=	0x00be
                         000000BF    28 _VDP_CMD	=	0x00bf
                         000000BF    29 _VDP_STATUS	=	0x00bf
                         000000DC    30 _JOY_PORT1	=	0x00dc
                         000000DD    31 _JOY_PORT2	=	0x00dd
                         000000F0    32 _FMADDRESS	=	0x00f0
                         000000F1    33 _FMDATA	=	0x00f1
                         000000F2    34 _AUDIOCTRL	=	0x00f2
                                     35 ;--------------------------------------------------------
                                     36 ; ram data
                                     37 ;--------------------------------------------------------
                                     38 	.area _DATA
                         0000FFFC    39 _RAM_CONTROL	=	0xfffc
                         0000FFF8    40 _GLASSES_3D	=	0xfff8
                         0000FFFD    41 _MAP_FRAME0	=	0xfffd
                         0000FFFE    42 _MAP_FRAME1	=	0xfffe
                         0000FFFF    43 _MAP_FRAME2	=	0xffff
    00000000                         44 _joypads::
    00000000                         45 	.ds 5
    00000005                         46 _old_joypads::
    00000005                         47 	.ds 5
                                     48 ;--------------------------------------------------------
                                     49 ; ram data
                                     50 ;--------------------------------------------------------
                                     51 	.area _INITIALIZED
                                     52 ;--------------------------------------------------------
                                     53 ; absolute external ram data
                                     54 ;--------------------------------------------------------
                                     55 	.area _DABS (ABS)
                                     56 ;--------------------------------------------------------
                                     57 ; global & static initialisations
                                     58 ;--------------------------------------------------------
                                     59 	.area _HOME
                                     60 	.area _GSINIT
                                     61 	.area _GSFINAL
                                     62 	.area _GSINIT
                                     63 ;--------------------------------------------------------
                                     64 ; Home
                                     65 ;--------------------------------------------------------
                                     66 	.area _HOME
                                     67 	.area _HOME
                                     68 ;--------------------------------------------------------
                                     69 ; code
                                     70 ;--------------------------------------------------------
                                     71 	.area _CODE
                                     72 	.area _CODE
                                     73 	.area _INITIALIZER
                                     74 	.area _CABS (ABS)
