                                      1 ;--------------------------------------------------------
                                      2 ; File Created by SDCC : free open source ISO C Compiler
                                      3 ; Version 4.5.1 #15267 (MINGW64)
                                      4 ;--------------------------------------------------------
                                      5 	.module main
                                      6 	
                                      7 ;--------------------------------------------------------
                                      8 ; Public variables in this module
                                      9 ;--------------------------------------------------------
                                     10 	.globl _main
                                     11 	.globl b_InitSprites
                                     12 	.globl _InitSprites
                                     13 	.globl b_InitStates
                                     14 	.globl _InitStates
                                     15 	.globl _InitWindow
                                     16 	.globl _VBL_isr
                                     17 	.globl b_SetDefaultColorPalettes
                                     18 	.globl _SetDefaultColorPalettes
                                     19 	.globl b_FadeOut
                                     20 	.globl _FadeOut
                                     21 	.globl b_FadeIn
                                     22 	.globl _FadeIn
                                     23 	.globl _MUSIC_isr
                                     24 	.globl _sfx_sound_cut_mask
                                     25 	.globl _SyncVBlank
                                     26 	.globl _SpriteManagerUpdate
                                     27 	.globl _SpriteManagerReset
                                     28 	.globl _InitOAMs
                                     29 	.globl _joypad_ex
                                     30 	.globl _joypad_init
                                     31 	.globl _add_VBL
                                     32 	.globl _vbl_count
                                     33 	.globl _fade_mode
                                     34 	.globl _state_running
                                     35 	.globl __is_SGB
                                     36 	.globl _current_state
                                     37 	.globl _delta_time
                                     38 	.globl _SetState
                                     39 ;--------------------------------------------------------
                                     40 ; special function registers
                                     41 ;--------------------------------------------------------
                         00000000    42 _GG_STATE	=	0x0000
                         00000001    43 _GG_EXT_7BIT	=	0x0001
                         00000002    44 _GG_EXT_CTL	=	0x0002
                         00000003    45 _GG_SIO_SEND	=	0x0003
                         00000004    46 _GG_SIO_RECV	=	0x0004
                         00000005    47 _GG_SIO_CTL	=	0x0005
                         00000006    48 _GG_SOUND_PAN	=	0x0006
                         0000003E    49 _MEMORY_CTL	=	0x003e
                         0000003F    50 _JOY_CTL	=	0x003f
                         0000007E    51 _VCOUNTER	=	0x007e
                         0000007F    52 _PSG	=	0x007f
                         0000007F    53 _HCOUNTER	=	0x007f
                         000000BE    54 _VDP_DATA	=	0x00be
                         000000BF    55 _VDP_CMD	=	0x00bf
                         000000BF    56 _VDP_STATUS	=	0x00bf
                         000000DC    57 _JOY_PORT1	=	0x00dc
                         000000DD    58 _JOY_PORT2	=	0x00dd
                         000000F0    59 _FMADDRESS	=	0x00f0
                         000000F1    60 _FMDATA	=	0x00f1
                         000000F2    61 _AUDIOCTRL	=	0x00f2
                                     62 ;--------------------------------------------------------
                                     63 ; ram data
                                     64 ;--------------------------------------------------------
                                     65 	.area _DATA
                         0000FFFC    66 _RAM_CONTROL	=	0xfffc
                         0000FFF8    67 _GLASSES_3D	=	0xfff8
                         0000FFFD    68 _MAP_FRAME0	=	0xfffd
                         0000FFFE    69 _MAP_FRAME1	=	0xfffe
                         0000FFFF    70 _MAP_FRAME2	=	0xffff
    00000000                         71 _delta_time::
    00000000                         72 	.ds 1
    00000001                         73 _current_state::
    00000001                         74 	.ds 1
                                     75 ;--------------------------------------------------------
                                     76 ; ram data
                                     77 ;--------------------------------------------------------
                                     78 	.area _INITIALIZED
    00000000                         79 __is_SGB::
    00000000                         80 	.ds 1
    00000001                         81 _state_running::
    00000001                         82 	.ds 1
    00000002                         83 _fade_mode::
    00000002                         84 	.ds 1
    00000003                         85 _vbl_count::
    00000003                         86 	.ds 1
                                     87 ;--------------------------------------------------------
                                     88 ; absolute external ram data
                                     89 ;--------------------------------------------------------
                                     90 	.area _DABS (ABS)
                                     91 ;--------------------------------------------------------
                                     92 ; global & static initialisations
                                     93 ;--------------------------------------------------------
                                     94 	.area _HOME
                                     95 	.area _GSINIT
                                     96 	.area _GSFINAL
                                     97 	.area _GSINIT
                                     98 ;--------------------------------------------------------
                                     99 ; Home
                                    100 ;--------------------------------------------------------
                                    101 	.area _HOME
                                    102 	.area _HOME
                                    103 ;--------------------------------------------------------
                                    104 ; code
                                    105 ;--------------------------------------------------------
                                    106 	.area _CODE
                                    107 ;C:/Users/franc/Documents/Projets/Perso/GameBoyProjects/CrossZGB/common/src/main.c:21: static void __force_use_font(void) NAKED { __asm__(".globl _font_recode_table"); }
                                    108 ;	---------------------------------
                                    109 ; Function __force_use_font
                                    110 ; ---------------------------------
    00000000                        111 ___force_use_font:
                                    112 	.globl	_font_recode_table
                                    113 ;C:/Users/franc/Documents/Projets/Perso/GameBoyProjects/CrossZGB/common/src/main.c:33: void SetState(UINT8 state) {
                                    114 ;	---------------------------------
                                    115 ; Function SetState
                                    116 ; ---------------------------------
    00000000                        117 _SetState::
    00000000 32r00r00         [13]  118 	ld	(_next_state+0), a
                                    119 ;C:/Users/franc/Documents/Projets/Perso/GameBoyProjects/CrossZGB/common/src/main.c:34: state_running = FALSE;
    00000003 AF               [ 4]  120 	xor	a, a
    00000004 32r01r00         [13]  121 	ld	(_state_running+0), a
                                    122 ;C:/Users/franc/Documents/Projets/Perso/GameBoyProjects/CrossZGB/common/src/main.c:35: next_state = state;
                                    123 ;C:/Users/franc/Documents/Projets/Perso/GameBoyProjects/CrossZGB/common/src/main.c:36: }
    00000007 C9               [10]  124 	ret
                                    125 ;C:/Users/franc/Documents/Projets/Perso/GameBoyProjects/CrossZGB/common/src/main.c:46: void main(void) {
                                    126 ;	---------------------------------
                                    127 ; Function main
                                    128 ; ---------------------------------
    00000008                        129 _main::
    00000008 DD E5            [15]  130 	push	ix
    0000000A DD 21 00 00      [14]  131 	ld	ix,#0
    0000000E DD 39            [15]  132 	add	ix,sp
    00000010 F5               [11]  133 	push	af
                                    134 ;C:/Users/franc/Documents/Projets/Perso/GameBoyProjects/CrossZGB/common/include/Keys.h:12: joypad_init(4, &joypads);
    00000011 21r00r00         [10]  135 	ld	hl, #_joypads
    00000014 E5               [11]  136 	push	hl
    00000015 3E 04            [ 7]  137 	ld	a, #0x04
    00000017 F5               [11]  138 	push	af
    00000018 33               [ 6]  139 	inc	sp
    00000019 CDr00r00         [17]  140 	call	_joypad_init
                                    141 ;C:/Users/franc/Documents/Projets/Perso/GameBoyProjects/CrossZGB/common/src/main.c:63: InitOAMs();
    0000001C CDr00r00         [17]  142 	call	_InitOAMs
                                    143 ;C:/Users/franc/Documents/Projets/Perso/GameBoyProjects/CrossZGB/common/include/Sound.h:79: sfx_sound_cut_mask(MUTE_MASK_ALL);
    0000001F 3E 0F            [ 7]  144 	ld	a, #0x0f
    00000021 CDr00r00         [17]  145 	call	_sfx_sound_cut_mask
                                    146 ;C:/Users/franc/Documents/Projets/Perso/GameBoyProjects/CrossZGB/common/include/Music.h:87: }
    00000024 CDr00r00         [17]  147 	call	___sdcc_critical_enter
    00000027 F5               [11]  148 	push	af
                                    149 ;C:/Users/franc/Documents/Projets/Perso/GameBoyProjects/CrossZGB/common/include/Music.h:85: add_VBL(MUSIC_isr);
    00000028 21r00r00         [10]  150 	ld	hl, #_MUSIC_isr
    0000002B CDr00r00         [17]  151 	call	_add_VBL
    0000002E F1               [10]  152 	pop	af
    0000002F E2r33r00         [10]  153 	jp	PO, 00183$
    00000032 FB               [ 4]  154 	ei
    00000033                        155 00183$:
                                    156 ;C:/Users/franc/Documents/Projets/Perso/GameBoyProjects/CrossZGB/common/src/main.c:67: InitStates();
    00000033 1Er00            [ 7]  157 	ld	e, #b_InitStates
    00000035 21r00r00         [10]  158 	ld	hl, #_InitStates
    00000038 CDr00r00         [17]  159 	call	___sdcc_bcall_ehl
                                    160 ;C:/Users/franc/Documents/Projets/Perso/GameBoyProjects/CrossZGB/common/src/main.c:68: InitSprites();
    0000003B 1Er00            [ 7]  161 	ld	e, #b_InitSprites
    0000003D 21r00r00         [10]  162 	ld	hl, #_InitSprites
    00000040 CDr00r00         [17]  163 	call	___sdcc_bcall_ehl
                                    164 ;C:/Users/franc/Documents/Projets/Perso/GameBoyProjects/CrossZGB/common/src/main.c:73: }
    00000043 CDr00r00         [17]  165 	call	___sdcc_critical_enter
    00000046 F5               [11]  166 	push	af
                                    167 ;C:/Users/franc/Documents/Projets/Perso/GameBoyProjects/CrossZGB/common/src/main.c:72: add_VBL(VBL_isr);
    00000047 21r00r00         [10]  168 	ld	hl, #_VBL_isr
    0000004A CDr00r00         [17]  169 	call	_add_VBL
    0000004D F1               [10]  170 	pop	af
    0000004E E2r52r00         [10]  171 	jp	PO, 00185$
    00000051 FB               [ 4]  172 	ei
    00000052                        173 00185$:
                                    174 ;C:/Users/franc/Documents/Projets/Perso/GameBoyProjects/CrossZGB/common/src/main.c:75: InitWindow();
    00000052 CDr00r00         [17]  175 	call	_InitWindow
                                    176 ;C:/Users/franc/Documents/Projets/Perso/GameBoyProjects/CrossZGB/common/src/main.c:80: SPRITES_8x16;
    00000055 3Ar00r00         [13]  177 	ld	a, (_shadow_VDP_R1+0)
    00000058 F6 02            [ 7]  178 	or	a, #0x02
    0000005A 32r00r00         [13]  179 	ld	(_shadow_VDP_R1+0), a
    0000005D F3               [ 4]  180 	di
    0000005E 3Ar00r00         [13]  181 	ld	a, (_shadow_VDP_R1+0)
    00000061 D3 BF            [11]  182 	out	(_VDP_CMD), a
    00000063 3E 81            [ 7]  183 	ld	a, #0x81
    00000065 D3 BF            [11]  184 	out	(_VDP_CMD), a
    00000067 FB               [ 4]  185 	ei
                                    186 ;C:/Users/franc/Documents/Projets/Perso/GameBoyProjects/CrossZGB/common/src/main.c:82: SHOW_SPRITES; SHOW_BKG;
    00000068 AF               [ 4]  187 	xor	a, a
    00000069 32r00r00         [13]  188 	ld	(__sprites_OFF+0), a
                                    189 ;C:/Users/franc/Documents/Projets/Perso/GameBoyProjects/CrossZGB/common/src/main.c:86: HIDE_LEFT_COLUMN;
    0000006C 3Ar00r00         [13]  190 	ld	a, (_shadow_VDP_R0+0)
    0000006F F6 20            [ 7]  191 	or	a, #0x20
    00000071 32r00r00         [13]  192 	ld	(_shadow_VDP_R0+0), a
    00000074 F3               [ 4]  193 	di
    00000075 3Ar00r00         [13]  194 	ld	a, (_shadow_VDP_R0+0)
    00000078 D3 BF            [11]  195 	out	(_VDP_CMD), a
    0000007A 3E 80            [ 7]  196 	ld	a, #0x80
    0000007C D3 BF            [11]  197 	out	(_VDP_CMD), a
    0000007E FB               [ 4]  198 	ei
                                    199 ;C:/Users/franc/Documents/Projets/Perso/GameBoyProjects/CrossZGB/common/src/main.c:90: SetDefaultColorPalettes();
    0000007F 1Er00            [ 7]  200 	ld	e, #b_SetDefaultColorPalettes
    00000081 21r00r00         [10]  201 	ld	hl, #_SetDefaultColorPalettes
    00000084 CDr00r00         [17]  202 	call	___sdcc_bcall_ehl
                                    203 ;c:\users\franc\documents\projets\perso\gameboyprojects\gbdk\include\sms\sms.h:254: __WRITE_VDP_REG(VDP_R1, __READ_VDP_REG(VDP_R1) &= (~R1_DISP_ON));
    00000087 3Ar00r00         [13]  204 	ld	a, (_shadow_VDP_R1+0)
    0000008A E6 BF            [ 7]  205 	and	a, #0xbf
    0000008C 32r00r00         [13]  206 	ld	(_shadow_VDP_R1+0), a
    0000008F F3               [ 4]  207 	di
    00000090 3Ar00r00         [13]  208 	ld	a, (_shadow_VDP_R1+0)
    00000093 D3 BF            [11]  209 	out	(_VDP_CMD), a
    00000095 3E 81            [ 7]  210 	ld	a, #0x81
    00000097 D3 BF            [11]  211 	out	(_VDP_CMD), a
    00000099 FB               [ 4]  212 	ei
                                    213 ;C:/Users/franc/Documents/Projets/Perso/GameBoyProjects/CrossZGB/common/src/main.c:94: while(TRUE) {
    0000009A                        214 00115$:
                                    215 ;C:/Users/franc/Documents/Projets/Perso/GameBoyProjects/CrossZGB/common/src/main.c:104: SpriteManagerReset();                           // reset sprite manager and remove all sprites
    0000009A CDr00r00         [17]  216 	call	_SpriteManagerReset
                                    217 ;C:/Users/franc/Documents/Projets/Perso/GameBoyProjects/CrossZGB/common/src/main.c:105: scroll_target = NULL;                           // reset scroll target
    0000009D 21 00 00         [10]  218 	ld	hl, #0x0000
    000000A0 22r00r00         [16]  219 	ld	(_scroll_target), hl
                                    220 ;C:/Users/franc/Documents/Projets/Perso/GameBoyProjects/CrossZGB/common/src/main.c:107: state_running = TRUE;
    000000A3 FD 21r01r00      [14]  221 	ld	iy, #_state_running
    000000A7 FD 36 00 01      [19]  222 	ld	0 (iy), #0x01
                                    223 ;C:/Users/franc/Documents/Projets/Perso/GameBoyProjects/CrossZGB/common/src/main.c:108: current_state = next_state;                     // switch to the next scene
    000000AB 3Ar00r00         [13]  224 	ld	a, (_next_state+0)
    000000AE 32r01r00         [13]  225 	ld	(_current_state+0), a
                                    226 ;C:/Users/franc/Documents/Projets/Perso/GameBoyProjects/CrossZGB/common/src/main.c:110: last_tile_loaded = 0;                           // reset tile allocator
                                    227 ;C:/Users/franc/Documents/Projets/Perso/GameBoyProjects/CrossZGB/common/src/main.c:112: last_bg_pal_loaded = 0;                         // reset palette allocator for CGB/SMS/GG
    000000B1 AF               [ 4]  228 	xor	a, a
    000000B2 32r00r00         [13]  229 	ld	(_last_tile_loaded+0), a
    000000B5 32r00r00         [13]  230 	ld	(_last_bg_pal_loaded+0), a
                                    231 ;C:/Users/franc/Documents/Projets/Perso/GameBoyProjects/CrossZGB/common/src/main.c:114: scroll_x_vblank = scroll_offset_x = 0;          // reset the scroll position;
    000000B8 AF               [ 4]  232 	xor	a, a
    000000B9 32r00r00         [13]  233 	ld	(_scroll_offset_x+0), a
    000000BC 22r00r00         [16]  234 	ld	(_scroll_x_vblank), hl
                                    235 ;C:/Users/franc/Documents/Projets/Perso/GameBoyProjects/CrossZGB/common/src/main.c:115: scroll_y_vblank = scroll_offset_y = 0;
    000000BF AF               [ 4]  236 	xor	a, a
    000000C0 32r00r00         [13]  237 	ld	(_scroll_offset_y+0), a
    000000C3 22r00r00         [16]  238 	ld	(_scroll_y_vblank), hl
                                    239 ;C:/Users/franc/Documents/Projets/Perso/GameBoyProjects/CrossZGB/common/src/main.c:119: SWITCH_ROM(stateBanks[current_state]);          // switch to the current state bank and stay
    000000C6 01r00r00         [10]  240 	ld	bc, #_stateBanks+0
    000000C9 3Ar01r00         [13]  241 	ld	a, (_current_state)
    000000CC 6F               [ 4]  242 	ld	l, a
    000000CD 26 00            [ 7]  243 	ld	h, #0x00
    000000CF 09               [11]  244 	add	hl, bc
    000000D0 7E               [ 7]  245 	ld	a, (hl)
    000000D1 32 FE FF         [13]  246 	ld	(_MAP_FRAME1+0), a
                                    247 ;C:/Users/franc/Documents/Projets/Perso/GameBoyProjects/CrossZGB/common/src/main.c:121: startFuncs[current_state]();                    // initialize current state
    000000D4 01r00r00         [10]  248 	ld	bc, #_startFuncs+0
    000000D7 3Ar01r00         [13]  249 	ld	a, (_current_state)
    000000DA 26 00            [ 7]  250 	ld	h, #0x00
    000000DC 6F               [ 4]  251 	ld	l, a
    000000DD 29               [11]  252 	add	hl, hl
    000000DE 09               [11]  253 	add	hl, bc
    000000DF 4E               [ 7]  254 	ld	c, (hl)
    000000E0 23               [ 6]  255 	inc	hl
    000000E1 46               [ 7]  256 	ld	b, (hl)
    000000E2 69               [ 4]  257 	ld	l, c
    000000E3 60               [ 4]  258 	ld	h, b
    000000E4 CDr00r00         [17]  259 	call	___sdcc_call_hl
                                    260 ;C:/Users/franc/Documents/Projets/Perso/GameBoyProjects/CrossZGB/common/src/main.c:123: scroll_x_vblank = scroll_x, scroll_y_vblank = scroll_y;
    000000E7 2Ar00r00         [16]  261 	ld	hl, (_scroll_x)
    000000EA 22r00r00         [16]  262 	ld	(_scroll_x_vblank), hl
    000000ED 2Ar00r00         [16]  263 	ld	hl, (_scroll_y)
    000000F0 22r00r00         [16]  264 	ld	(_scroll_y_vblank), hl
                                    265 ;C:/Users/franc/Documents/Projets/Perso/GameBoyProjects/CrossZGB/common/src/main.c:125: if (VECTOR_LEN(sprite_manager_updatables)) {
    000000F3 3Ar00r00         [13]  266 	ld	a, (#_sprite_manager_updatables + 0)
    000000F6 B7               [ 4]  267 	or	a, a
    000000F7 28 06            [12]  268 	jr	Z, 00102$
                                    269 ;C:/Users/franc/Documents/Projets/Perso/GameBoyProjects/CrossZGB/common/src/main.c:126: SpriteManagerUpdate();                  // render sprites on screen if START() of the state spawns any
    000000F9 CDr00r00         [17]  270 	call	_SpriteManagerUpdate
                                    271 ;C:/Users/franc/Documents/Projets/Perso/GameBoyProjects/CrossZGB/common/src/main.c:127: SyncVBlank();                           // wait until sprites are actually rendered to OAM
    000000FC CDr00r00         [17]  272 	call	_SyncVBlank
    000000FF                        273 00102$:
                                    274 ;C:/Users/franc/Documents/Projets/Perso/GameBoyProjects/CrossZGB/common/src/main.c:130: if (state_running) {                            // initialization function may change state in START()
    000000FF 3Ar01r00         [13]  275 	ld	a, (_state_running+0)
    00000102 B7               [ 4]  276 	or	a, a
    00000103 CAr9Er01         [10]  277 	jp	Z, 00113$
                                    278 ;C:/Users/franc/Documents/Projets/Perso/GameBoyProjects/CrossZGB/common/src/main.c:132: switch (fade_mode) {                    // show screen content
    00000106 3Ar02r00         [13]  279 	ld	a, (_fade_mode+0)
    00000109 3D               [ 4]  280 	dec	a
    0000010A 20 0A            [12]  281 	jr	NZ, 00104$
                                    282 ;C:/Users/franc/Documents/Projets/Perso/GameBoyProjects/CrossZGB/common/src/main.c:133: case FADE_ON : FadeOut(); break;
    0000010C 1Er00            [ 7]  283 	ld	e, #b_FadeOut
    0000010E 21r00r00         [10]  284 	ld	hl, #_FadeOut
    00000111 CDr00r00         [17]  285 	call	___sdcc_bcall_ehl
    00000114 18 13            [12]  286 	jr	00105$
                                    287 ;C:/Users/franc/Documents/Projets/Perso/GameBoyProjects/CrossZGB/common/src/main.c:134: default: DISPLAY_ON; break;
    00000116                        288 00104$:
    00000116 3Ar00r00         [13]  289 	ld	a, (_shadow_VDP_R1+0)
    00000119 F6 40            [ 7]  290 	or	a, #0x40
    0000011B 32r00r00         [13]  291 	ld	(_shadow_VDP_R1+0), a
    0000011E F3               [ 4]  292 	di
    0000011F 3Ar00r00         [13]  293 	ld	a, (_shadow_VDP_R1+0)
    00000122 D3 BF            [11]  294 	out	(_VDP_CMD), a
    00000124 3E 81            [ 7]  295 	ld	a, #0x81
    00000126 D3 BF            [11]  296 	out	(_VDP_CMD), a
    00000128 FB               [ 4]  297 	ei
                                    298 ;C:/Users/franc/Documents/Projets/Perso/GameBoyProjects/CrossZGB/common/src/main.c:135: }
    00000129                        299 00105$:
                                    300 ;C:/Users/franc/Documents/Projets/Perso/GameBoyProjects/CrossZGB/common/src/main.c:137: Void_Func_Void current_update = updateFuncs[current_state];
    00000129 3Ar01r00         [13]  301 	ld	a, (_current_state)
    0000012C 26 00            [ 7]  302 	ld	h, #0x00
    0000012E 6F               [ 4]  303 	ld	l, a
    0000012F 29               [11]  304 	add	hl, hl
    00000130 FD 21r00r00      [14]  305 	ld	iy, #_updateFuncs
    00000134 EB               [ 4]  306 	ex	de, hl
    00000135 FD 19            [15]  307 	add	iy, de
    00000137 FD 7E 00         [19]  308 	ld	a, 0 (iy)
    0000013A DD 77 FE         [19]  309 	ld	-2 (ix), a
    0000013D FD 7E 01         [19]  310 	ld	a, 1 (iy)
    00000140 DD 77 FF         [19]  311 	ld	-1 (ix), a
                                    312 ;C:/Users/franc/Documents/Projets/Perso/GameBoyProjects/CrossZGB/common/src/main.c:139: while (state_running) {
    00000143                        313 00106$:
    00000143 3Ar01r00         [13]  314 	ld	a, (_state_running+0)
    00000146 B7               [ 4]  315 	or	a, a
    00000147 28 2C            [12]  316 	jr	Z, 00108$
                                    317 ;C:/Users/franc/Documents/Projets/Perso/GameBoyProjects/CrossZGB/common/src/main.c:140: delta_time = SyncVBlank();      // wait VBlank if not slowdown
    00000149 CDr00r00         [17]  318 	call	_SyncVBlank
    0000014C 32r00r00         [13]  319 	ld	(_delta_time+0), a
                                    320 ;C:/Users/franc/Documents/Projets/Perso/GameBoyProjects/CrossZGB/common/include/Keys.h:16: old_joypads.joy0 = joypads.joy0, old_joypads.joy1 = joypads.joy1, old_joypads.joy2 = joypads.joy2, old_joypads.joy3 = joypads.joy3;
    0000014F 3Ar01r00         [13]  321 	ld	a, (#_joypads + 1)
    00000152 21r01r00         [10]  322 	ld	hl, #(_old_joypads + 1)
    00000155 77               [ 7]  323 	ld	(hl), a
    00000156 23               [ 6]  324 	inc	hl
    00000157 3Ar02r00         [13]  325 	ld	a, (#_joypads + 2)
    0000015A 77               [ 7]  326 	ld	(hl), a
    0000015B 23               [ 6]  327 	inc	hl
    0000015C 3Ar03r00         [13]  328 	ld	a, (#_joypads + 3)
    0000015F 77               [ 7]  329 	ld	(hl), a
    00000160 23               [ 6]  330 	inc	hl
    00000161 3Ar04r00         [13]  331 	ld	a, (#_joypads + 4)
    00000164 77               [ 7]  332 	ld	(hl), a
                                    333 ;C:/Users/franc/Documents/Projets/Perso/GameBoyProjects/CrossZGB/common/include/Keys.h:17: joypad_ex(&joypads);
    00000165 21r00r00         [10]  334 	ld	hl, #_joypads
    00000168 CDr00r00         [17]  335 	call	_joypad_ex
                                    336 ;C:/Users/franc/Documents/Projets/Perso/GameBoyProjects/CrossZGB/common/src/main.c:144: SpriteManagerUpdate();          // render sprites on screen
    0000016B CDr00r00         [17]  337 	call	_SpriteManagerUpdate
                                    338 ;C:/Users/franc/Documents/Projets/Perso/GameBoyProjects/CrossZGB/common/src/main.c:146: current_update();               // update current state
    0000016E E1               [10]  339 	pop	hl
    0000016F E5               [11]  340 	push	hl
    00000170 CDr00r00         [17]  341 	call	___sdcc_call_hl
    00000173 18 CE            [12]  342 	jr	00106$
    00000175                        343 00108$:
                                    344 ;C:/Users/franc/Documents/Projets/Perso/GameBoyProjects/CrossZGB/common/src/main.c:149: switch (fade_mode) {                    // hide screen content
    00000175 3Ar02r00         [13]  345 	ld	a, (_fade_mode+0)
    00000178 B7               [ 4]  346 	or	a, a
    00000179 28 10            [12]  347 	jr	Z, 00110$
    0000017B 3Ar02r00         [13]  348 	ld	a, (_fade_mode+0)
    0000017E 3D               [ 4]  349 	dec	a
    0000017F 20 1D            [12]  350 	jr	NZ, 00113$
                                    351 ;C:/Users/franc/Documents/Projets/Perso/GameBoyProjects/CrossZGB/common/src/main.c:150: case FADE_ON : FadeIn(); break;
    00000181 1Er00            [ 7]  352 	ld	e, #b_FadeIn
    00000183 21r00r00         [10]  353 	ld	hl, #_FadeIn
    00000186 CDr00r00         [17]  354 	call	___sdcc_bcall_ehl
    00000189 18 13            [12]  355 	jr	00113$
                                    356 ;C:/Users/franc/Documents/Projets/Perso/GameBoyProjects/CrossZGB/common/src/main.c:151: case FADE_OFF: DISPLAY_OFF; break;
    0000018B                        357 00110$:
                                    358 ;c:\users\franc\documents\projets\perso\gameboyprojects\gbdk\include\sms\sms.h:254: __WRITE_VDP_REG(VDP_R1, __READ_VDP_REG(VDP_R1) &= (~R1_DISP_ON));
    0000018B 3Ar00r00         [13]  359 	ld	a, (_shadow_VDP_R1+0)
    0000018E E6 BF            [ 7]  360 	and	a, #0xbf
    00000190 32r00r00         [13]  361 	ld	(_shadow_VDP_R1+0), a
    00000193 F3               [ 4]  362 	di
    00000194 3Ar00r00         [13]  363 	ld	a, (_shadow_VDP_R1+0)
    00000197 D3 BF            [11]  364 	out	(_VDP_CMD), a
    00000199 3E 81            [ 7]  365 	ld	a, #0x81
    0000019B D3 BF            [11]  366 	out	(_VDP_CMD), a
    0000019D FB               [ 4]  367 	ei
                                    368 ;C:/Users/franc/Documents/Projets/Perso/GameBoyProjects/CrossZGB/common/src/main.c:152: }
    0000019E                        369 00113$:
                                    370 ;C:/Users/franc/Documents/Projets/Perso/GameBoyProjects/CrossZGB/common/src/main.c:155: destroyFuncs[current_state]();                  // destroy current state
    0000019E 01r00r00         [10]  371 	ld	bc, #_destroyFuncs+0
    000001A1 3Ar01r00         [13]  372 	ld	a, (_current_state)
    000001A4 26 00            [ 7]  373 	ld	h, #0x00
    000001A6 6F               [ 4]  374 	ld	l, a
    000001A7 29               [11]  375 	add	hl, hl
    000001A8 09               [11]  376 	add	hl, bc
    000001A9 4E               [ 7]  377 	ld	c, (hl)
    000001AA 23               [ 6]  378 	inc	hl
    000001AB 46               [ 7]  379 	ld	b, (hl)
    000001AC 69               [ 4]  380 	ld	l, c
    000001AD 60               [ 4]  381 	ld	h, b
    000001AE CDr00r00         [17]  382 	call	___sdcc_call_hl
                                    383 ;C:/Users/franc/Documents/Projets/Perso/GameBoyProjects/CrossZGB/common/src/main.c:157: }
    000001B1 C3r9Ar00         [10]  384 	jp	00115$
                                    385 	.area _CODE
                                    386 	.area _INITIALIZER
    00000000                        387 __xinit___is_SGB:
    00000000 00                     388 	.db #0x00	; 0
    00000001                        389 __xinit__state_running:
    00000001 00                     390 	.db #0x00	; 0
    00000002                        391 __xinit__fade_mode:
    00000002 01                     392 	.db #0x01	; 1
    00000003                        393 __xinit__vbl_count:
    00000003 00                     394 	.db #0x00	; 0
                                    395 	.area _CABS (ABS)
