                                      1 ;--------------------------------------------------------
                                      2 ; File Created by SDCC : free open source ISO C Compiler
                                      3 ; Version 4.5.1 #15267 (MINGW64)
                                      4 ;--------------------------------------------------------
                                      5 	.module Palette
                                      6 	
                                      7 ;--------------------------------------------------------
                                      8 ; Public variables in this module
                                      9 ;--------------------------------------------------------
                                     10 	.globl _memcpy
                                     11 	.globl _set_palette
                                     12 	.globl _last_bg_pal_loaded
                                     13 	.globl _default_palette
                                     14 	.globl b_SetDefaultColorPalettes
                                     15 	.globl _SetDefaultColorPalettes
                                     16 	.globl _SetPalette
                                     17 ;--------------------------------------------------------
                                     18 ; special function registers
                                     19 ;--------------------------------------------------------
                         00000000    20 _GG_STATE	=	0x0000
                         00000001    21 _GG_EXT_7BIT	=	0x0001
                         00000002    22 _GG_EXT_CTL	=	0x0002
                         00000003    23 _GG_SIO_SEND	=	0x0003
                         00000004    24 _GG_SIO_RECV	=	0x0004
                         00000005    25 _GG_SIO_CTL	=	0x0005
                         00000006    26 _GG_SOUND_PAN	=	0x0006
                         0000003E    27 _MEMORY_CTL	=	0x003e
                         0000003F    28 _JOY_CTL	=	0x003f
                         0000007E    29 _VCOUNTER	=	0x007e
                         0000007F    30 _PSG	=	0x007f
                         0000007F    31 _HCOUNTER	=	0x007f
                         000000BE    32 _VDP_DATA	=	0x00be
                         000000BF    33 _VDP_CMD	=	0x00bf
                         000000BF    34 _VDP_STATUS	=	0x00bf
                         000000DC    35 _JOY_PORT1	=	0x00dc
                         000000DD    36 _JOY_PORT2	=	0x00dd
                         000000F0    37 _FMADDRESS	=	0x00f0
                         000000F1    38 _FMDATA	=	0x00f1
                         000000F2    39 _AUDIOCTRL	=	0x00f2
                                     40 ;--------------------------------------------------------
                                     41 ; ram data
                                     42 ;--------------------------------------------------------
                                     43 	.area _DATA
                         0000FFFC    44 _RAM_CONTROL	=	0xfffc
                         0000FFF8    45 _GLASSES_3D	=	0xfff8
                         0000FFFD    46 _MAP_FRAME0	=	0xfffd
                         0000FFFE    47 _MAP_FRAME1	=	0xfffe
                         0000FFFF    48 _MAP_FRAME2	=	0xffff
                                     49 ;--------------------------------------------------------
                                     50 ; ram data
                                     51 ;--------------------------------------------------------
                                     52 	.area _INITIALIZED
    00000000                         53 _last_bg_pal_loaded::
    00000000                         54 	.ds 1
                                     55 ;--------------------------------------------------------
                                     56 ; absolute external ram data
                                     57 ;--------------------------------------------------------
                                     58 	.area _DABS (ABS)
                                     59 ;--------------------------------------------------------
                                     60 ; global & static initialisations
                                     61 ;--------------------------------------------------------
                                     62 	.area _HOME
                                     63 	.area _GSINIT
                                     64 	.area _GSFINAL
                                     65 	.area _GSINIT
                                     66 ;--------------------------------------------------------
                                     67 ; Home
                                     68 ;--------------------------------------------------------
                                     69 	.area _HOME
                                     70 ;C:/Users/franc/Documents/Projets/Perso/GameBoyProjects/CrossZGB/common/src/Palette.c:27: INT8 SetPalette(PALETTE_TYPE t, UINT8 first_palette, UINT8 nb_palettes, const palette_color_t *rgb_data, UINT8 bank) NONBANKED {
                                     71 ;	---------------------------------
                                     72 ; Function SetPalette
                                     73 ; ---------------------------------
    00000000                         74 _SetPalette::
    00000000 DD E5            [15]   75 	push	ix
    00000002 DD 21 00 00      [14]   76 	ld	ix,#0
    00000006 DD 39            [15]   77 	add	ix,sp
    00000008 F5               [11]   78 	push	af
    00000009 F5               [11]   79 	push	af
    0000000A F5               [11]   80 	push	af
    0000000B DD 77 FF         [19]   81 	ld	-1 (ix), a
    0000000E 45               [ 4]   82 	ld	b, l
                                     83 ;C:/Users/franc/Documents/Projets/Perso/GameBoyProjects/CrossZGB/common/src/Palette.c:32: if (!nb_palettes)
    0000000F DD 7E 04         [19]   84 	ld	a, 4 (ix)
    00000012 B7               [ 4]   85 	or	a, a
    00000013 20 04            [12]   86 	jr	NZ, 00102$
                                     87 ;C:/Users/franc/Documents/Projets/Perso/GameBoyProjects/CrossZGB/common/src/Palette.c:33: return 0;
    00000015 AF               [ 4]   88 	xor	a, a
    00000016 C3rB8r00         [10]   89 	jp	00111$
    00000019                         90 00102$:
                                     91 ;C:/Users/franc/Documents/Projets/Perso/GameBoyProjects/CrossZGB/common/src/Palette.c:34: if ((first_palette + nb_palettes) > MAX_PALETTES)
    00000019 DD 70 FA         [19]   92 	ld	-6 (ix), b
    0000001C DD 36 FB 00      [19]   93 	ld	-5 (ix), #0x00
    00000020 DD 5E 04         [19]   94 	ld	e, 4 (ix)
    00000023 16 00            [ 7]   95 	ld	d, #0x00
    00000025 E1               [10]   96 	pop	hl
    00000026 E5               [11]   97 	push	hl
    00000027 19               [11]   98 	add	hl, de
    00000028 3E 01            [ 7]   99 	ld	a, #0x01
    0000002A BD               [ 4]  100 	cp	a, l
    0000002B 3E 00            [ 7]  101 	ld	a, #0x00
    0000002D 9C               [ 4]  102 	sbc	a, h
    0000002E 30 04            [12]  103 	jr	NC, 00104$
                                    104 ;C:/Users/franc/Documents/Projets/Perso/GameBoyProjects/CrossZGB/common/src/Palette.c:35: return 0; // Adding more palettes than supported
    00000030 AF               [ 4]  105 	xor	a, a
    00000031 C3rB8r00         [10]  106 	jp	00111$
    00000034                        107 00104$:
                                    108 ;C:/Users/franc/Documents/Projets/Perso/GameBoyProjects/CrossZGB/common/src/Palette.c:37: UINT8 __save = CURRENT_BANK;
    00000034 3A FE FF         [13]  109 	ld	a, (_MAP_FRAME1+0)
    00000037 DD 77 FC         [19]  110 	ld	-4 (ix), a
                                    111 ;C:/Users/franc/Documents/Projets/Perso/GameBoyProjects/CrossZGB/common/src/Palette.c:38: SWITCH_ROM(bank);
    0000003A DD 7E 07         [19]  112 	ld	a, 7 (ix)
    0000003D 32 FE FF         [13]  113 	ld	(_MAP_FRAME1+0), a
                                    114 ;C:/Users/franc/Documents/Projets/Perso/GameBoyProjects/CrossZGB/common/src/Palette.c:39: WAIT_WRITABLE_CRAM;
    00000040                        115 00105$:
    00000040 DB 7E            [11]  116 	in	a, (_VCOUNTER)
    00000042 D6 D8            [ 7]  117 	sub	a, #0xd8
    00000044 38 FA            [12]  118 	jr	C, 00105$
                                    119 ;C:/Users/franc/Documents/Projets/Perso/GameBoyProjects/CrossZGB/common/src/Palette.c:40: if (t == BG_PALETTE) {
    00000046 DD CB FF 46      [20]  120 	bit	0, -1 (ix)
    0000004A 20 15            [12]  121 	jr	NZ, 00109$
                                    122 ;C:/Users/franc/Documents/Projets/Perso/GameBoyProjects/CrossZGB/common/src/Palette.c:41: set_bkg_palette(first_palette, nb_palettes, rgb_data);
    0000004C D5               [11]  123 	push	de
    0000004D DD 6E 05         [19]  124 	ld	l, 5 (ix)
    00000050 DD 66 06         [19]  125 	ld	h, 6 (ix)
    00000053 E5               [11]  126 	push	hl
    00000054 DD 7E 04         [19]  127 	ld	a, 4 (ix)
    00000057 F5               [11]  128 	push	af
    00000058 33               [ 6]  129 	inc	sp
    00000059 C5               [11]  130 	push	bc
    0000005A 33               [ 6]  131 	inc	sp
    0000005B CDr00r00         [17]  132 	call	_set_palette
    0000005E D1               [10]  133 	pop	de
    0000005F 18 10            [12]  134 	jr	00110$
    00000061                        135 00109$:
                                    136 ;C:/Users/franc/Documents/Projets/Perso/GameBoyProjects/CrossZGB/common/src/Palette.c:43: set_sprite_palette(first_palette, nb_palettes, rgb_data);
    00000061 D5               [11]  137 	push	de
    00000062 DD 6E 05         [19]  138 	ld	l, 5 (ix)
    00000065 DD 66 06         [19]  139 	ld	h, 6 (ix)
    00000068 E5               [11]  140 	push	hl
    00000069 21 01 01         [10]  141 	ld	hl, #0x101
    0000006C E5               [11]  142 	push	hl
    0000006D CDr00r00         [17]  143 	call	_set_palette
    00000070 D1               [10]  144 	pop	de
    00000071                        145 00110$:
                                    146 ;C:/Users/franc/Documents/Projets/Perso/GameBoyProjects/CrossZGB/common/src/Palette.c:45: memcpy(((t == BG_PALETTE) ? ZGB_Fading_BPal : ZGB_Fading_SPal) + (first_palette * N_PALETTE_COLORS), rgb_data, nb_palettes * PALETTE_SIZE);
    00000071 EB               [ 4]  147 	ex	de, hl
    00000072 29               [11]  148 	add	hl, hl
    00000073 29               [11]  149 	add	hl, hl
    00000074 29               [11]  150 	add	hl, hl
    00000075 29               [11]  151 	add	hl, hl
    00000076 29               [11]  152 	add	hl, hl
    00000077 EB               [ 4]  153 	ex	de, hl
    00000078 DD 4E 05         [19]  154 	ld	c, 5 (ix)
    0000007B DD 46 06         [19]  155 	ld	b, 6 (ix)
    0000007E DD CB FF 46      [20]  156 	bit	0, -1 (ix)
    00000082 20 0B            [12]  157 	jr	NZ, 00113$
    00000084 21r00r00         [10]  158 	ld	hl, #_ZGB_Fading_BPal+0
    00000087 DD 75 FD         [19]  159 	ld	-3 (ix), l
    0000008A DD 74 FE         [19]  160 	ld	-2 (ix), h
    0000008D 18 09            [12]  161 	jr	00114$
    0000008F                        162 00113$:
    0000008F 21r00r00         [10]  163 	ld	hl, #_ZGB_Fading_SPal+0
    00000092 DD 75 FD         [19]  164 	ld	-3 (ix), l
    00000095 DD 74 FE         [19]  165 	ld	-2 (ix), h
    00000098                        166 00114$:
    00000098 E1               [10]  167 	pop	hl
    00000099 E5               [11]  168 	push	hl
    0000009A 29               [11]  169 	add	hl, hl
    0000009B 29               [11]  170 	add	hl, hl
    0000009C 29               [11]  171 	add	hl, hl
    0000009D 29               [11]  172 	add	hl, hl
    0000009E 29               [11]  173 	add	hl, hl
    0000009F 7D               [ 4]  174 	ld	a, l
    000000A0 DD 86 FD         [19]  175 	add	a, -3 (ix)
    000000A3 6F               [ 4]  176 	ld	l, a
    000000A4 7C               [ 4]  177 	ld	a, h
    000000A5 DD 8E FE         [19]  178 	adc	a, -2 (ix)
    000000A8 D5               [11]  179 	push	de
    000000A9 59               [ 4]  180 	ld	e, c
    000000AA 50               [ 4]  181 	ld	d, b
    000000AB 67               [ 4]  182 	ld	h, a
    000000AC CDr00r00         [17]  183 	call	_memcpy
                                    184 ;C:/Users/franc/Documents/Projets/Perso/GameBoyProjects/CrossZGB/common/src/Palette.c:46: SWITCH_ROM(__save);
    000000AF DD 7E FC         [19]  185 	ld	a, -4 (ix)
    000000B2 32 FE FF         [13]  186 	ld	(_MAP_FRAME1+0), a
                                    187 ;C:/Users/franc/Documents/Projets/Perso/GameBoyProjects/CrossZGB/common/src/Palette.c:48: return nb_palettes;
    000000B5 DD 7E 04         [19]  188 	ld	a, 4 (ix)
    000000B8                        189 00111$:
                                    190 ;C:/Users/franc/Documents/Projets/Perso/GameBoyProjects/CrossZGB/common/src/Palette.c:50: }
    000000B8 DD F9            [10]  191 	ld	sp, ix
    000000BA DD E1            [14]  192 	pop	ix
    000000BC E1               [10]  193 	pop	hl
    000000BD C1               [10]  194 	pop	bc
    000000BE C1               [10]  195 	pop	bc
    000000BF E9               [ 4]  196 	jp	(hl)
                                    197 	.area _HOME
                                    198 ;--------------------------------------------------------
                                    199 ; code
                                    200 ;--------------------------------------------------------
                                    201 	.area _CODE_1
                                    202 ;C:/Users/franc/Documents/Projets/Perso/GameBoyProjects/CrossZGB/common/src/Palette.c:14: void SetDefaultColorPalettes(void) BANKED {
                                    203 ;	---------------------------------
                                    204 ; Function SetDefaultColorPalettes
                                    205 ; ---------------------------------
                         00000001   206 	b_SetDefaultColorPalettes	= 1
    00000000                        207 _SetDefaultColorPalettes::
                                    208 ;C:/Users/franc/Documents/Projets/Perso/GameBoyProjects/CrossZGB/common/src/Palette.c:18: set_bkg_palette(0, MAX_PALETTES, default_palette);
    00000000 21r31r00         [10]  209 	ld	hl, #_default_palette
    00000003 E5               [11]  210 	push	hl
    00000004 21 00 01         [10]  211 	ld	hl, #0x100
    00000007 E5               [11]  212 	push	hl
    00000008 CDr00r00         [17]  213 	call	_set_palette
                                    214 ;C:/Users/franc/Documents/Projets/Perso/GameBoyProjects/CrossZGB/common/src/Palette.c:19: memcpy(ZGB_Fading_BPal, default_palette, MAX_PALETTES * PALETTE_SIZE);
    0000000B 21 20 00         [10]  215 	ld	hl, #0x0020
    0000000E E5               [11]  216 	push	hl
    0000000F 11r31r00         [10]  217 	ld	de, #_default_palette
    00000012 21r00r00         [10]  218 	ld	hl, #_ZGB_Fading_BPal
    00000015 CDr00r00         [17]  219 	call	_memcpy
                                    220 ;C:/Users/franc/Documents/Projets/Perso/GameBoyProjects/CrossZGB/common/src/Palette.c:20: set_sprite_palette(0, MAX_PALETTES, default_palette);
    00000018 21r31r00         [10]  221 	ld	hl, #_default_palette
    0000001B E5               [11]  222 	push	hl
    0000001C 21 01 01         [10]  223 	ld	hl, #0x101
    0000001F E5               [11]  224 	push	hl
    00000020 CDr00r00         [17]  225 	call	_set_palette
                                    226 ;C:/Users/franc/Documents/Projets/Perso/GameBoyProjects/CrossZGB/common/src/Palette.c:21: memcpy(ZGB_Fading_SPal, default_palette, MAX_PALETTES * PALETTE_SIZE);
    00000023 21 20 00         [10]  227 	ld	hl, #0x0020
    00000026 E5               [11]  228 	push	hl
    00000027 11r31r00         [10]  229 	ld	de, #_default_palette
    0000002A 21r00r00         [10]  230 	ld	hl, #_ZGB_Fading_SPal
    0000002D CDr00r00         [17]  231 	call	_memcpy
                                    232 ;C:/Users/franc/Documents/Projets/Perso/GameBoyProjects/CrossZGB/common/src/Palette.c:25: }
    00000030 C9               [10]  233 	ret
    00000031                        234 _default_palette:
    00000031 FF 0F                  235 	.dw #0x0fff
    00000033 AA 0A                  236 	.dw #0x0aaa
    00000035 55 05                  237 	.dw #0x0555
    00000037 00 00                  238 	.dw #0x0000
    00000039 00                     239 	.db 0x00
    0000003A 00                     240 	.db 0x00
    0000003B 00                     241 	.db 0x00
    0000003C 00                     242 	.db 0x00
    0000003D 00                     243 	.db 0x00
    0000003E 00                     244 	.db 0x00
    0000003F 00                     245 	.db 0x00
    00000040 00                     246 	.db 0x00
    00000041 00                     247 	.db 0x00
    00000042 00                     248 	.db 0x00
    00000043 00                     249 	.db 0x00
    00000044 00                     250 	.db 0x00
    00000045 00                     251 	.db 0x00
    00000046 00                     252 	.db 0x00
    00000047 00                     253 	.db 0x00
    00000048 00                     254 	.db 0x00
    00000049 00                     255 	.db 0x00
    0000004A 00                     256 	.db 0x00
    0000004B 00                     257 	.db 0x00
    0000004C 00                     258 	.db 0x00
    0000004D 00                     259 	.db 0x00
    0000004E 00                     260 	.db 0x00
    0000004F 00                     261 	.db 0x00
    00000050 00                     262 	.db 0x00
                                    263 	.area _CODE_1
                                    264 	.area _INITIALIZER
    00000000                        265 __xinit__last_bg_pal_loaded:
    00000000 00                     266 	.db #0x00	; 0
                                    267 	.area _CABS (ABS)
