                                      1 ;--------------------------------------------------------
                                      2 ; File Created by SDCC : free open source ISO C Compiler
                                      3 ; Version 4.5.1 #15267 (MINGW64)
                                      4 ;--------------------------------------------------------
                                      5 	.module PSGlib
                                      6 	
                                      7 ;--------------------------------------------------------
                                      8 ; Public variables in this module
                                      9 ;--------------------------------------------------------
                                     10 	.globl _PSGMuteMask
                                     11 	.globl _PSGStatus
                                     12 	.globl _PSGStart
                                     13 	.globl _PSGLoopFlag
                                     14 	.globl _PSGPlay
                                     15 	.globl _PSGRetriggerChannels
                                     16 	.globl _PSGCutChannels
                                     17 	.globl _PSGFrame
                                     18 ;--------------------------------------------------------
                                     19 ; special function registers
                                     20 ;--------------------------------------------------------
                         00000000    21 _GG_STATE	=	0x0000
                         00000001    22 _GG_EXT_7BIT	=	0x0001
                         00000002    23 _GG_EXT_CTL	=	0x0002
                         00000003    24 _GG_SIO_SEND	=	0x0003
                         00000004    25 _GG_SIO_RECV	=	0x0004
                         00000005    26 _GG_SIO_CTL	=	0x0005
                         00000006    27 _GG_SOUND_PAN	=	0x0006
                         0000003E    28 _MEMORY_CTL	=	0x003e
                         0000003F    29 _JOY_CTL	=	0x003f
                         0000007E    30 _VCOUNTER	=	0x007e
                         0000007F    31 _PSG	=	0x007f
                         0000007F    32 _HCOUNTER	=	0x007f
                         000000BE    33 _VDP_DATA	=	0x00be
                         000000BF    34 _VDP_CMD	=	0x00bf
                         000000BF    35 _VDP_STATUS	=	0x00bf
                         000000DC    36 _JOY_PORT1	=	0x00dc
                         000000DD    37 _JOY_PORT2	=	0x00dd
                         000000F0    38 _FMADDRESS	=	0x00f0
                         000000F1    39 _FMDATA	=	0x00f1
                         000000F2    40 _AUDIOCTRL	=	0x00f2
                                     41 ;--------------------------------------------------------
                                     42 ; ram data
                                     43 ;--------------------------------------------------------
                                     44 	.area _DATA
                         0000FFFC    45 _RAM_CONTROL	=	0xfffc
                         0000FFF8    46 _GLASSES_3D	=	0xfff8
                         0000FFFD    47 _MAP_FRAME0	=	0xfffd
                         0000FFFE    48 _MAP_FRAME1	=	0xfffe
                         0000FFFF    49 _MAP_FRAME2	=	0xffff
    00000000                         50 _PSGLoopFlag::
    00000000                         51 	.ds 1
    00000001                         52 _PSGStart::
    00000001                         53 	.ds 2
    00000003                         54 _PSGPointer:
    00000003                         55 	.ds 2
    00000005                         56 _PSGLoopPoint:
    00000005                         57 	.ds 2
    00000007                         58 _PSGSkipFrames:
    00000007                         59 	.ds 1
    00000008                         60 _PSGLastChannel:
    00000008                         61 	.ds 1
    00000009                         62 _PSGShadow:
    00000009                         63 	.ds 12
    00000015                         64 _PSGSubLen:
    00000015                         65 	.ds 1
                                     66 ;--------------------------------------------------------
                                     67 ; ram data
                                     68 ;--------------------------------------------------------
                                     69 	.area _INITIALIZED
    00000000                         70 _PSGStatus::
    00000000                         71 	.ds 1
    00000001                         72 _PSGMuteMask::
    00000001                         73 	.ds 1
    00000002                         74 _PSGSubRetAddr:
    00000002                         75 	.ds 2
                                     76 ;--------------------------------------------------------
                                     77 ; absolute external ram data
                                     78 ;--------------------------------------------------------
                                     79 	.area _DABS (ABS)
                                     80 ;--------------------------------------------------------
                                     81 ; global & static initialisations
                                     82 ;--------------------------------------------------------
                                     83 	.area _HOME
                                     84 	.area _GSINIT
                                     85 	.area _GSFINAL
                                     86 	.area _GSINIT
                                     87 ;--------------------------------------------------------
                                     88 ; Home
                                     89 ;--------------------------------------------------------
                                     90 	.area _HOME
                                     91 	.area _HOME
                                     92 ;--------------------------------------------------------
                                     93 ; code
                                     94 ;--------------------------------------------------------
                                     95 	.area _CODE
                                     96 ;C:/Users/franc/Documents/Projets/Perso/GameBoyProjects/CrossZGB/common/src/gg/PSGlib.c:39: void PSGPlay (void *song, uint8_t loop) {
                                     97 ;	---------------------------------
                                     98 ; Function PSGPlay
                                     99 ; ---------------------------------
    00000000                        100 _PSGPlay::
                                    101 ;C:/Users/franc/Documents/Projets/Perso/GameBoyProjects/CrossZGB/common/src/gg/PSGlib.c:42: PSGLoopFlag = loop;
    00000000 E5               [ 3]  102 	push	hl
    00000001 21 04 00         [ 3]  103 	ld	hl, #4
    00000004 39               [ 1]  104 	add	hl, sp
    00000005 7E               [ 2]  105 	ld	a, (hl)
    00000006 32r00r00         [ 4]  106 	ld	(_PSGLoopFlag+0), a
    00000009 E1               [ 3]  107 	pop	hl
                                    108 ;C:/Users/franc/Documents/Projets/Perso/GameBoyProjects/CrossZGB/common/src/gg/PSGlib.c:43: PSGStart = song;                    // store the beginning point of music
    0000000A 22r01r00         [ 7]  109 	ld	(_PSGStart), hl
                                    110 ;C:/Users/franc/Documents/Projets/Perso/GameBoyProjects/CrossZGB/common/src/gg/PSGlib.c:44: PSGPointer = song;                  // set music pointer to the beginning
    0000000D 22r03r00         [ 7]  111 	ld	(_PSGPointer), hl
                                    112 ;C:/Users/franc/Documents/Projets/Perso/GameBoyProjects/CrossZGB/common/src/gg/PSGlib.c:45: PSGLoopPoint = song;                // loop pointer points to the beginning
    00000010 22r05r00         [ 7]  113 	ld	(_PSGLoopPoint), hl
                                    114 ;C:/Users/franc/Documents/Projets/Perso/GameBoyProjects/CrossZGB/common/src/gg/PSGlib.c:47: PSGSkipFrames = 0;                  // reset the skip frames
                                    115 ;C:/Users/franc/Documents/Projets/Perso/GameBoyProjects/CrossZGB/common/src/gg/PSGlib.c:48: PSGSubLen = 0;                      // reset the substring len (for compression)
    00000013 AF               [ 1]  116 	xor	a, a
    00000014 32r07r00         [ 4]  117 	ld	(_PSGSkipFrames+0), a
    00000017 32r15r00         [ 4]  118 	ld	(_PSGSubLen+0), a
                                    119 ;C:/Users/franc/Documents/Projets/Perso/GameBoyProjects/CrossZGB/common/src/gg/PSGlib.c:49: PSGLastChannel = 0;                 // latch channel 0
    0000001A AF               [ 1]  120 	xor	a, a
    0000001B 32r08r00         [ 4]  121 	ld	(_PSGLastChannel+0), a
                                    122 ;C:/Users/franc/Documents/Projets/Perso/GameBoyProjects/CrossZGB/common/src/gg/PSGlib.c:51: PSGShadow[PSG_CH0 >> 5].volume = PSG_LATCH | PSG_CH0 | PSG_VOLUME | 0x0f;
    0000001E 21r0Br00         [ 3]  123 	ld	hl, #_PSGShadow + 2
    00000021 36 9F            [ 3]  124 	ld	(hl), #0x9f
                                    125 ;C:/Users/franc/Documents/Projets/Perso/GameBoyProjects/CrossZGB/common/src/gg/PSGlib.c:52: PSGShadow[PSG_CH1 >> 5].volume = PSG_LATCH | PSG_CH1 | PSG_VOLUME | 0x0f;
    00000023 21r0Er00         [ 3]  126 	ld	hl, #_PSGShadow + 5
    00000026 36 BF            [ 3]  127 	ld	(hl), #0xbf
                                    128 ;C:/Users/franc/Documents/Projets/Perso/GameBoyProjects/CrossZGB/common/src/gg/PSGlib.c:53: PSGShadow[PSG_CH2 >> 5].volume = PSG_LATCH | PSG_CH2 | PSG_VOLUME | 0x0f;
    00000028 21r11r00         [ 3]  129 	ld	hl, #_PSGShadow + 8
    0000002B 36 DF            [ 3]  130 	ld	(hl), #0xdf
                                    131 ;C:/Users/franc/Documents/Projets/Perso/GameBoyProjects/CrossZGB/common/src/gg/PSGlib.c:54: PSGShadow[PSG_CH3 >> 5].volume = PSG_LATCH | PSG_CH3 | PSG_VOLUME | 0x0f;
    0000002D 21r14r00         [ 3]  132 	ld	hl, #_PSGShadow + 11
    00000030 36 FF            [ 3]  133 	ld	(hl), #0xff
                                    134 ;C:/Users/franc/Documents/Projets/Perso/GameBoyProjects/CrossZGB/common/src/gg/PSGlib.c:56: PSGStatus = PSG_PLAYING;            // start playback
    00000032 FD 21r00r00      [ 4]  135 	ld	iy, #_PSGStatus
    00000036 FD 36 00 01      [ 5]  136 	ld	0 (iy), #0x01
                                    137 ;C:/Users/franc/Documents/Projets/Perso/GameBoyProjects/CrossZGB/common/src/gg/PSGlib.c:57: }
    0000003A E1               [ 3]  138 	pop	hl
    0000003B 33               [ 1]  139 	inc	sp
    0000003C E9               [ 3]  140 	jp	(hl)
                                    141 ;C:/Users/franc/Documents/Projets/Perso/GameBoyProjects/CrossZGB/common/src/gg/PSGlib.c:59: void PSGRetriggerChannels(uint8_t mask) NAKED {
                                    142 ;	---------------------------------
                                    143 ; Function PSGRetriggerChannels
                                    144 ; ---------------------------------
    0000003D                        145 _PSGRetriggerChannels::
                                    146 ;C:/Users/franc/Documents/Projets/Perso/GameBoyProjects/CrossZGB/common/src/gg/PSGlib.c:80: __endasm;
    0000003D E6 0F            [ 2]  147 	and	#(0b00000001 | 0b00000010 | 0b00000100 | 0b00001000)
    0000003F C8               [ 6]  148 	ret	z ; if nothing to retrigger then return
    00000040 0E 7F            [ 2]  149 	ld	c, #_PSG ; c points to the PSG port
    00000042 21r09r00         [ 3]  150 	ld	hl, #_PSGShadow ; hl points to shadow regs copy
    00000045 11 03 00         [ 3]  151 	ld	de, #3
    00000048                        152 0$:
    00000048 CB 3F            [ 2]  153 	srl	a ; check bits one by one
    0000004A D2r57r00         [ 4]  154 	jp	nc, 1$ ; if zero then advance to next channel
    0000004D ED A3            [ 5]  155 	outi	; write tone to PSG
    0000004F ED A3            [ 5]  156 	outi	; write data to PSG
    00000051 ED A3            [ 5]  157 	outi	; write volume to PSG
    00000053 B7               [ 1]  158 	or	a ; check if anything else to retrigger
    00000054 C8               [ 6]  159 	ret	z ; return if done
    00000055 18 F1            [ 3]  160 	jr	0$ ; loop
    00000057                        161 1$:
    00000057 19               [ 1]  162 	add	hl, de ; advance pointer to the next channel
    00000058 18 EE            [ 3]  163 	jr	0$ ; loop
                                    164 ;C:/Users/franc/Documents/Projets/Perso/GameBoyProjects/CrossZGB/common/src/gg/PSGlib.c:81: }
                                    165 ;C:/Users/franc/Documents/Projets/Perso/GameBoyProjects/CrossZGB/common/src/gg/PSGlib.c:83: void PSGCutChannels(uint8_t mask) NAKED {
                                    166 ;	---------------------------------
                                    167 ; Function PSGCutChannels
                                    168 ; ---------------------------------
    0000005A                        169 _PSGCutChannels::
                                    170 ;C:/Users/franc/Documents/Projets/Perso/GameBoyProjects/CrossZGB/common/src/gg/PSGlib.c:105: __endasm;
    0000005A E6 0F            [ 2]  171 	and	#(0b00000001 | 0b00000010 | 0b00000100 | 0b00001000)
    0000005C C8               [ 6]  172 	ret	z ; if nothing to retrigger then return
    0000005D 0E 7F            [ 2]  173 	ld	c, #_PSG ; c points to the PSG port
    0000005F 21r6Fr00         [ 3]  174 	ld	hl, #2$ ; hl points to the muting data
    00000062                        175 0$:
    00000062 CB 3F            [ 2]  176 	srl	a
    00000064 30 06            [ 3]  177 	jr	nc, 1$
    00000066 ED A3            [ 5]  178 	outi
    00000068 B7               [ 1]  179 	or	a
    00000069 C8               [ 6]  180 	ret	z
    0000006A 18 F6            [ 3]  181 	jr	0$
    0000006C                        182 1$:
    0000006C 23               [ 1]  183 	inc	hl
    0000006D 18 F3            [ 3]  184 	jr	0$
    0000006F                        185 2$:
                                    186 	.irp	ch,0b00000000,0b00100000,0b01000000,0b01100000
                                    187 	.db	#(0b10000000 | ch | 0b00010000 | 0x0f)
                                    188 	.endm
    0000006F 9F                       1 	.db	#(0b10000000 | 0b00000000 | 0b00010000 | 0x0f)
    00000070 BF                       1 	.db	#(0b10000000 | 0b00100000 | 0b00010000 | 0x0f)
    00000071 DF                       1 	.db	#(0b10000000 | 0b01000000 | 0b00010000 | 0x0f)
    00000072 FF                       1 	.db	#(0b10000000 | 0b01100000 | 0b00010000 | 0x0f)
                                    189 ;C:/Users/franc/Documents/Projets/Perso/GameBoyProjects/CrossZGB/common/src/gg/PSGlib.c:106: }
                                    190 ;C:/Users/franc/Documents/Projets/Perso/GameBoyProjects/CrossZGB/common/src/gg/PSGlib.c:108: void PSGFrame (void) NAKED {
                                    191 ;	---------------------------------
                                    192 ; Function PSGFrame
                                    193 ; ---------------------------------
    00000073                        194 _PSGFrame::
                                    195 ;C:/Users/franc/Documents/Projets/Perso/GameBoyProjects/CrossZGB/common/src/gg/PSGlib.c:268: __endasm;
                                    196 	.ez80
    00000073 3Ar00r00         [ 4]  197 	ld	a, (_PSGStatus) ; check if we have got to play a tune
    00000076 B7               [ 1]  198 	or	a
    00000077 C8               [ 6]  199 	ret	z
    00000078 AF               [ 1]  200 	xor	a
    00000079 21r07r00         [ 3]  201 	ld	hl, #_PSGSkipFrames
    0000007C B6               [ 2]  202 	or	(hl)
    0000007D CAr82r00         [ 4]  203 	jp	z, 0$
    00000080 35               [ 4]  204 	dec	(hl)
    00000081 C9               [ 5]  205 	ret
    00000082                        206 0$:
    00000082 ED 5Br03r00      [ 6]  207 	ld	de, (_PSGPointer) ; read current address
    00000086                        208 11$:
    00000086 1A               [ 2]  209 	ld	a, (de)
    00000087 47               [ 1]  210 	ld	b, a ; load PSG byte (in B)
    00000088 13               [ 1]  211 	inc	de ; point to next byte
    00000089 3Ar15r00         [ 4]  212 	ld	a, (_PSGSubLen) ; read substring len
    0000008C B7               [ 1]  213 	or	a
    0000008D 28 0A            [ 3]  214 	jr	z, 1$ ; check if it is 0 (we are not in a substring)
    0000008F 3D               [ 1]  215 	dec	a ; decrease len
    00000090 32r15r00         [ 4]  216 	ld	(_PSGSubLen), a ; save len
    00000093 20 04            [ 3]  217 	jr	nz, 1$
    00000095 ED 5Br02r00      [ 6]  218 	ld	de, (_PSGSubRetAddr) ; substring is over, retrieve return address
    00000099                        219 1$:
    00000099 78               [ 1]  220 	ld	a, b ; copy PSG byte into A
    0000009A FE 80            [ 2]  221 	cp	#0b10000000 ; is it a latch?
    0000009C DArAAr00         [ 4]  222 	jp	c, 7$ ; if < $80 then it is NOT a latch
                                    223 ;	--- latch --------------------
    0000009F 07               [ 1]  224 	rlca
    000000A0 07               [ 1]  225 	rlca
    000000A1 07               [ 1]  226 	rlca
    000000A2 E6 03            [ 2]  227 	and	#0x03
    000000A4 32r08r00         [ 4]  228 	ld	(_PSGLastChannel), a ; store last latched channel
    000000A7 C3rAEr00         [ 4]  229 	jp	12$ ; save to shadow copy
                                    230 ;	--- no latch -----------------
    000000AA                        231 7$:
    000000AA FE 40            [ 2]  232 	cp	#0x40
    000000AC 38 60            [ 3]  233 	jr	c, 8$ ; if < $40 then it is a command
                                    234 ;	--- save shadow registers -----
    000000AE                        235 12$:
    000000AE FD 21r09r00      [ 4]  236 	ld	iy, #_PSGShadow
    000000B2 3Ar08r00         [ 4]  237 	ld	a, (_PSGLastChannel)
    000000B5 4F               [ 1]  238 	ld	c, a
    000000B6 87               [ 1]  239 	add	a
    000000B7 81               [ 1]  240 	add	c
    000000B8 FD 85            [ 2]  241 	add	iyl
    000000BA FD 6F            [ 2]  242 	ld	iyl, a
    000000BC FD 8C            [ 2]  243 	adc	iyh
    000000BE FD 95            [ 2]  244 	sub	iyl
    000000C0 FD 67            [ 2]  245 	ld	iyh, a
    000000C2 CB 60            [ 2]  246 	bit	4, b
    000000C4 CArCDr00         [ 4]  247 	jp	z, 14$
    000000C7 FD 70 02         [ 4]  248 	ld	2(iy), b ; volume byte
    000000CA C3rF2r00         [ 4]  249 	jp	17$
    000000CD                        250 14$:
    000000CD 3Ar08r00         [ 4]  251 	ld	a, (_PSGLastChannel)
    000000D0 FE 03            [ 2]  252 	cp	#(0b01100000 >> 5)
    000000D2 CArE6r00         [ 4]  253 	jp	z, 16$ ; special case for the noise
    000000D5 CB 78            [ 2]  254 	bit	7, b
    000000D7 CArE0r00         [ 4]  255 	jp	z, 13$
    000000DA FD 70 00         [ 4]  256 	ld	0(iy), b ; tone byte
    000000DD C3rF2r00         [ 4]  257 	jp	17$
    000000E0                        258 13$:
    000000E0 FD 70 01         [ 4]  259 	ld	1(iy), b ; tone data byte
    000000E3 C3rF2r00         [ 4]  260 	jp	17$
    000000E6                        261 16$:
    000000E6 78               [ 1]  262 	ld	a, b
    000000E7 E6 07            [ 2]  263 	and	#0b00000111
    000000E9 F6 E0            [ 2]  264 	or	#(0b10000000 | 0b01100000)
    000000EB 47               [ 1]  265 	ld	b, a
    000000EC FD 70 00         [ 4]  266 	ld	0(iy), b ; tone byte
    000000EF FD 70 01         [ 4]  267 	ld	1(iy), b ; tone data byte
                                    268 ;	--- check mute and write -------
    000000F2                        269 17$:
    000000F2 3Ar08r00         [ 4]  270 	ld	a, (_PSGLastChannel)
    000000F5 21r0Ar01         [ 3]  271 	ld	hl, #15$ ; point to the mute bits array
    000000F8 85               [ 1]  272 	add	l
    000000F9 6F               [ 1]  273 	ld	l, a
    000000FA 8C               [ 1]  274 	adc	h
    000000FB 95               [ 1]  275 	sub	l
    000000FC 67               [ 1]  276 	ld	h, a
    000000FD 3Ar01r00         [ 4]  277 	ld	a, (_PSGMuteMask)
    00000100 A6               [ 2]  278 	and	(hl)
    00000101 C2r86r00         [ 4]  279 	jp	nz, 11$ ; dont write to PSG if muted
    00000104 78               [ 1]  280 	ld	a, b
    00000105 D3 7F            [ 3]  281 	out	(_PSG), a ; write to PSG
    00000107 C3r86r00         [ 4]  282 	jp	11$ ; loop
    0000010A                        283 15$:
    0000010A 01 02 04 08            284 	.db	0b00000001, 0b00000010, 0b00000100, 0b00001000
                                    285 ;	--- commands -------------------
    0000010E                        286 8$:
    0000010E FE 38            [ 2]  287 	cp	#0x38
    00000110 28 07            [ 3]  288 	jr	z, 4$ ; no additional frames
    00000112 38 0A            [ 3]  289 	jr	c, 5$ ; other commands?
    00000114 E6 07            [ 2]  290 	and	#0x07 ; take only the last 3 bits for skip frames
    00000116 32r07r00         [ 4]  291 	ld	(_PSGSkipFrames), a ; we got additional frames
    00000119                        292 4$:
    00000119 ED 53r03r00      [ 6]  293 	ld	(_PSGPointer),de ; save current address
    0000011D C9               [ 5]  294 	ret	; frame done
    0000011E                        295 5$:
    0000011E FE 08            [ 2]  296 	cp	#0x08
    00000120 30 22            [ 3]  297 	jr	nc, 10$
    00000122 FE 00            [ 2]  298 	cp	#0x00
    00000124 28 0A            [ 3]  299 	jr	z, 9$
    00000126 FE 01            [ 2]  300 	cp	#0x01
    00000128 C0               [ 6]  301 	ret	nz
                                    302 ;	--- set loop point -------------
    00000129 ED 53r05r00      [ 6]  303 	ld	(_PSGLoopPoint), de
    0000012D C3r86r00         [ 4]  304 	jp	11$
                                    305 ;	--- set loop -------------------
    00000130                        306 9$:
    00000130 3Ar00r00         [ 4]  307 	ld	a, (_PSGLoopFlag) ; looping requested?
    00000133 B7               [ 1]  308 	or	a
    00000134 C2r3Dr01         [ 4]  309 	jp	nz, 6$ ; No - stop
    00000137 3E 00            [ 2]  310 	ld	a, #0
    00000139 32r00r00         [ 4]  311 	ld	(_PSGStatus), a
    0000013C C9               [ 5]  312 	ret
    0000013D                        313 6$:
    0000013D ED 5Br05r00      [ 6]  314 	ld	de, (_PSGLoopPoint)
    00000141 C3r86r00         [ 4]  315 	jp	11$
                                    316 ;	--- substring ------------------
    00000144                        317 10$:
    00000144 D6 04            [ 2]  318 	sub	#(#0x08 - 4) ; len is value - $08 + 4
    00000146 32r15r00         [ 4]  319 	ld	(_PSGSubLen), a ; save len
    00000149 1A               [ 2]  320 	ld	a, (de) ; load substring address (offset)
    0000014A 4F               [ 1]  321 	ld	c, a
    0000014B 13               [ 1]  322 	inc	de
    0000014C 1A               [ 2]  323 	ld	a, (de)
    0000014D 47               [ 1]  324 	ld	b, a
    0000014E 13               [ 1]  325 	inc	de
    0000014F ED 53r02r00      [ 6]  326 	ld	(_PSGSubRetAddr), de ; save return address
    00000153 2Ar01r00         [ 5]  327 	ld	hl, (_PSGStart)
    00000156 09               [ 1]  328 	add	hl, bc ; make substring current
    00000157 54               [ 1]  329 	ld	d, h
    00000158 5D               [ 1]  330 	ld	e, l
    00000159 C3r86r00         [ 4]  331 	jp	11$
                                    332 ;C:/Users/franc/Documents/Projets/Perso/GameBoyProjects/CrossZGB/common/src/gg/PSGlib.c:269: }
                                    333 	.area _CODE
                                    334 	.area _INITIALIZER
    00000000                        335 __xinit__PSGStatus:
    00000000 00                     336 	.db #0x00	; 0
    00000001                        337 __xinit__PSGMuteMask:
    00000001 00                     338 	.db #0x00	; 0
    00000002                        339 __xinit__PSGSubRetAddr:
    00000002 00 00                  340 	.dw #0x0000
                                    341 	.area _CABS (ABS)
