                                      1 ;--------------------------------------------------------
                                      2 ; File Created by SDCC : free open source ISO C Compiler
                                      3 ; Version 4.5.1 #15267 (MINGW64)
                                      4 ;--------------------------------------------------------
                                      5 	.module SpriteTranslateSprite
                                      6 	
                                      7 ;--------------------------------------------------------
                                      8 ; Public variables in this module
                                      9 ;--------------------------------------------------------
                                     10 	.globl _TranslateSprite
                                     11 ;--------------------------------------------------------
                                     12 ; special function registers
                                     13 ;--------------------------------------------------------
                         00000000    14 _GG_STATE	=	0x0000
                         00000001    15 _GG_EXT_7BIT	=	0x0001
                         00000002    16 _GG_EXT_CTL	=	0x0002
                         00000003    17 _GG_SIO_SEND	=	0x0003
                         00000004    18 _GG_SIO_RECV	=	0x0004
                         00000005    19 _GG_SIO_CTL	=	0x0005
                         00000006    20 _GG_SOUND_PAN	=	0x0006
                         0000003E    21 _MEMORY_CTL	=	0x003e
                         0000003F    22 _JOY_CTL	=	0x003f
                         0000007E    23 _VCOUNTER	=	0x007e
                         0000007F    24 _PSG	=	0x007f
                         0000007F    25 _HCOUNTER	=	0x007f
                         000000BE    26 _VDP_DATA	=	0x00be
                         000000BF    27 _VDP_CMD	=	0x00bf
                         000000BF    28 _VDP_STATUS	=	0x00bf
                         000000DC    29 _JOY_PORT1	=	0x00dc
                         000000DD    30 _JOY_PORT2	=	0x00dd
                         000000F0    31 _FMADDRESS	=	0x00f0
                         000000F1    32 _FMDATA	=	0x00f1
                         000000F2    33 _AUDIOCTRL	=	0x00f2
                                     34 ;--------------------------------------------------------
                                     35 ; ram data
                                     36 ;--------------------------------------------------------
                                     37 	.area _DATA
                         0000FFFC    38 _RAM_CONTROL	=	0xfffc
                         0000FFF8    39 _GLASSES_3D	=	0xfff8
                         0000FFFD    40 _MAP_FRAME0	=	0xfffd
                         0000FFFE    41 _MAP_FRAME1	=	0xfffe
                         0000FFFF    42 _MAP_FRAME2	=	0xffff
    00000000                         43 _tile_coll:
    00000000                         44 	.ds 2
                                     45 ;--------------------------------------------------------
                                     46 ; ram data
                                     47 ;--------------------------------------------------------
                                     48 	.area _INITIALIZED
                                     49 ;--------------------------------------------------------
                                     50 ; absolute external ram data
                                     51 ;--------------------------------------------------------
                                     52 	.area _DABS (ABS)
                                     53 ;--------------------------------------------------------
                                     54 ; global & static initialisations
                                     55 ;--------------------------------------------------------
                                     56 	.area _HOME
                                     57 	.area _GSINIT
                                     58 	.area _GSFINAL
                                     59 	.area _GSINIT
                                     60 ;--------------------------------------------------------
                                     61 ; Home
                                     62 ;--------------------------------------------------------
                                     63 	.area _HOME
                                     64 	.area _HOME
                                     65 ;--------------------------------------------------------
                                     66 ; code
                                     67 ;--------------------------------------------------------
                                     68 	.area _CODE
                                     69 ;C:/Users/franc/Documents/Projets/Perso/GameBoyProjects/CrossZGB/common/src/SpriteTranslateSprite.c:8: UINT8 TranslateSprite(Sprite* sprite, INT8 x, INT8 y) {
                                     70 ;	---------------------------------
                                     71 ; Function TranslateSprite
                                     72 ; ---------------------------------
    00000000                         73 _TranslateSprite::
    00000000 DD E5            [15]   74 	push	ix
    00000002 DD 21 00 00      [14]   75 	ld	ix,#0
    00000006 DD 39            [15]   76 	add	ix,sp
    00000008 FD 21 F2 FF      [14]   77 	ld	iy, #-14
    0000000C FD 39            [15]   78 	add	iy, sp
    0000000E FD F9            [10]   79 	ld	sp, iy
    00000010 DD 75 FE         [19]   80 	ld	-2 (ix), l
    00000013 DD 74 FF         [19]   81 	ld	-1 (ix), h
                                     82 ;C:/Users/franc/Documents/Projets/Perso/GameBoyProjects/CrossZGB/common/src/SpriteTranslateSprite.c:9: UINT8 ret = 0;
    00000016 DD 36 F5 00      [19]   83 	ld	-11 (ix), #0x00
                                     84 ;C:/Users/franc/Documents/Projets/Perso/GameBoyProjects/CrossZGB/common/src/SpriteTranslateSprite.c:17: pivot_x = sprite->x + (UINT8)(sprite->coll_w - 1u);
    0000001A DD 7E FE         [19]   85 	ld	a, -2 (ix)
    0000001D DD 77 F6         [19]   86 	ld	-10 (ix), a
    00000020 DD 7E FF         [19]   87 	ld	a, -1 (ix)
    00000023 DD 77 F7         [19]   88 	ld	-9 (ix), a
    00000026 DD 7E FE         [19]   89 	ld	a, -2 (ix)
    00000029 C6 04            [ 7]   90 	add	a, #0x04
    0000002B DD 77 F8         [19]   91 	ld	-8 (ix), a
    0000002E DD 7E FF         [19]   92 	ld	a, -1 (ix)
    00000031 CE 00            [ 7]   93 	adc	a, #0x00
    00000033 DD 77 F9         [19]   94 	ld	-7 (ix), a
                                     95 ;C:/Users/franc/Documents/Projets/Perso/GameBoyProjects/CrossZGB/common/src/SpriteTranslateSprite.c:15: if (x) {
    00000036 DD 7E 04         [19]   96 	ld	a, 4 (ix)
    00000039 B7               [ 4]   97 	or	a, a
    0000003A CAr14r02         [10]   98 	jp	Z, 00128$
                                     99 ;C:/Users/franc/Documents/Projets/Perso/GameBoyProjects/CrossZGB/common/src/SpriteTranslateSprite.c:16: if (x > 0) {
    0000003D AF               [ 4]  100 	xor	a, a
    0000003E DD 96 04         [19]  101 	sub	a, 4 (ix)
    00000041 E2r46r00         [10]  102 	jp	PO, 00344$
    00000044 EE 80            [ 7]  103 	xor	a, #0x80
    00000046                        104 00344$:
    00000046 07               [ 4]  105 	rlca
    00000047 E6 01            [ 7]  106 	and	a,#0x01
    00000049 DD 77 FA         [19]  107 	ld	-6 (ix), a
                                    108 ;C:/Users/franc/Documents/Projets/Perso/GameBoyProjects/CrossZGB/common/src/SpriteTranslateSprite.c:17: pivot_x = sprite->x + (UINT8)(sprite->coll_w - 1u);
    0000004C DD 6E F6         [19]  109 	ld	l, -10 (ix)
    0000004F DD 66 F7         [19]  110 	ld	h, -9 (ix)
    00000052 5E               [ 7]  111 	ld	e, (hl)
    00000053 23               [ 6]  112 	inc	hl
    00000054 56               [ 7]  113 	ld	d, (hl)
                                    114 ;C:/Users/franc/Documents/Projets/Perso/GameBoyProjects/CrossZGB/common/src/SpriteTranslateSprite.c:16: if (x > 0) {
    00000055 DD 7E FA         [19]  115 	ld	a, -6 (ix)
    00000058 B7               [ 4]  116 	or	a, a
    00000059 28 0D            [12]  117 	jr	Z, 00102$
                                    118 ;C:/Users/franc/Documents/Projets/Perso/GameBoyProjects/CrossZGB/common/src/SpriteTranslateSprite.c:17: pivot_x = sprite->x + (UINT8)(sprite->coll_w - 1u);
    0000005B DD 6E F8         [19]  119 	ld	l, -8 (ix)
    0000005E DD 66 F9         [19]  120 	ld	h, -7 (ix)
    00000061 6E               [ 7]  121 	ld	l, (hl)
    00000062 2D               [ 4]  122 	dec	l
    00000063 26 00            [ 7]  123 	ld	h, #0x00
    00000065 19               [11]  124 	add	hl, de
    00000066 18 01            [12]  125 	jr	00103$
    00000068                        126 00102$:
                                    127 ;C:/Users/franc/Documents/Projets/Perso/GameBoyProjects/CrossZGB/common/src/SpriteTranslateSprite.c:19: pivot_x = sprite->x;
    00000068 EB               [ 4]  128 	ex	de, hl
    00000069                        129 00103$:
                                    130 ;C:/Users/franc/Documents/Projets/Perso/GameBoyProjects/CrossZGB/common/src/SpriteTranslateSprite.c:23: tmp = PX_TO_TILE(pivot_x);
    00000069 4D               [ 4]  131 	ld	c, l
    0000006A 44               [ 4]  132 	ld	b, h
    0000006B CB 28            [ 8]  133 	sra	b
    0000006D CB 19            [ 8]  134 	rr	c
    0000006F CB 28            [ 8]  135 	sra	b
    00000071 CB 19            [ 8]  136 	rr	c
    00000073 CB 28            [ 8]  137 	sra	b
    00000075 CB 19            [ 8]  138 	rr	c
                                    139 ;C:/Users/franc/Documents/Projets/Perso/GameBoyProjects/CrossZGB/common/src/SpriteTranslateSprite.c:24: pivot_x += x;
    00000077 DD 7E 04         [19]  140 	ld	a, 4 (ix)
    0000007A 5F               [ 4]  141 	ld	e, a
    0000007B 07               [ 4]  142 	rlca
    0000007C 9F               [ 4]  143 	sbc	a, a
    0000007D 57               [ 4]  144 	ld	d, a
    0000007E 19               [11]  145 	add	hl, de
                                    146 ;C:/Users/franc/Documents/Projets/Perso/GameBoyProjects/CrossZGB/common/src/SpriteTranslateSprite.c:25: start_tile_x = PX_TO_TILE(pivot_x);
    0000007F 45               [ 4]  147 	ld	b, l
    00000080 5C               [ 4]  148 	ld	e, h
    00000081 CB 2B            [ 8]  149 	sra	e
    00000083 CB 18            [ 8]  150 	rr	b
    00000085 CB 2B            [ 8]  151 	sra	e
    00000087 CB 18            [ 8]  152 	rr	b
    00000089 CB 2B            [ 8]  153 	sra	e
    0000008B CB 18            [ 8]  154 	rr	b
    0000008D DD 70 FD         [19]  155 	ld	-3 (ix), b
                                    156 ;C:/Users/franc/Documents/Projets/Perso/GameBoyProjects/CrossZGB/common/src/SpriteTranslateSprite.c:26: if(tmp == start_tile_x) {
    00000090 79               [ 4]  157 	ld	a, c
    00000091 DD 96 FD         [19]  158 	sub	a, -3 (ix)
    00000094 CAr14r02         [10]  159 	jp	Z, 00128$
                                    160 ;C:/Users/franc/Documents/Projets/Perso/GameBoyProjects/CrossZGB/common/src/SpriteTranslateSprite.c:31: if((UINT16)pivot_x >= scroll_w) { //This checks pivot_x < 0 || pivot_x >= scroll_W
    00000097 EB               [ 4]  161 	ex	de, hl
    00000098 21r00r00         [10]  162 	ld	hl, #_scroll_w
    0000009B 7B               [ 4]  163 	ld	a, e
    0000009C 96               [ 7]  164 	sub	a, (hl)
    0000009D 23               [ 6]  165 	inc	hl
    0000009E 7A               [ 4]  166 	ld	a, d
    0000009F 9E               [ 7]  167 	sbc	a, (hl)
    000000A0 D2r14r02         [10]  168 	jp	NC, 00128$
                                    169 ;C:/Users/franc/Documents/Projets/Perso/GameBoyProjects/CrossZGB/common/src/SpriteTranslateSprite.c:36: if(sprite->y >= scroll_h) { //This checks sprite->y < 0 || sprite->y >= scroll_h
    000000A3 DD 6E FE         [19]  170 	ld	l, -2 (ix)
    000000A6 DD 66 FF         [19]  171 	ld	h, -1 (ix)
    000000A9 23               [ 6]  172 	inc	hl
    000000AA 23               [ 6]  173 	inc	hl
    000000AB 4E               [ 7]  174 	ld	c, (hl)
    000000AC 23               [ 6]  175 	inc	hl
    000000AD 46               [ 7]  176 	ld	b, (hl)
                                    177 ;C:/Users/franc/Documents/Projets/Perso/GameBoyProjects/CrossZGB/common/src/SpriteTranslateSprite.c:40: start_tile_y = scroll_tiles_h - 1;
    000000AE 3Ar00r00         [13]  178 	ld	a, (_scroll_tiles_h)
    000000B1 5F               [ 4]  179 	ld	e, a
    000000B2 1D               [ 4]  180 	dec	e
                                    181 ;C:/Users/franc/Documents/Projets/Perso/GameBoyProjects/CrossZGB/common/src/SpriteTranslateSprite.c:36: if(sprite->y >= scroll_h) { //This checks sprite->y < 0 || sprite->y >= scroll_h
    000000B3 21r00r00         [10]  182 	ld	hl, #_scroll_h
    000000B6 79               [ 4]  183 	ld	a, c
    000000B7 96               [ 7]  184 	sub	a, (hl)
    000000B8 23               [ 6]  185 	inc	hl
    000000B9 78               [ 4]  186 	ld	a, b
    000000BA 9E               [ 7]  187 	sbc	a, (hl)
    000000BB 38 0C            [12]  188 	jr	C, 00112$
                                    189 ;C:/Users/franc/Documents/Projets/Perso/GameBoyProjects/CrossZGB/common/src/SpriteTranslateSprite.c:37: if((INT16)sprite->y < 0) 
    000000BD 68               [ 4]  190 	ld	l, b
    000000BE CB 7D            [ 8]  191 	bit	7, l
    000000C0 28 04            [12]  192 	jr	Z, 00109$
                                    193 ;C:/Users/franc/Documents/Projets/Perso/GameBoyProjects/CrossZGB/common/src/SpriteTranslateSprite.c:38: start_tile_y = 0;
    000000C2 16 00            [ 7]  194 	ld	d, #0x00
    000000C4 18 12            [12]  195 	jr	00113$
    000000C6                        196 00109$:
                                    197 ;C:/Users/franc/Documents/Projets/Perso/GameBoyProjects/CrossZGB/common/src/SpriteTranslateSprite.c:40: start_tile_y = scroll_tiles_h - 1;
    000000C6 53               [ 4]  198 	ld	d, e
    000000C7 18 0F            [12]  199 	jr	00113$
    000000C9                        200 00112$:
                                    201 ;C:/Users/franc/Documents/Projets/Perso/GameBoyProjects/CrossZGB/common/src/SpriteTranslateSprite.c:42: start_tile_y = PX_TO_TILE(sprite->y);
    000000C9 69               [ 4]  202 	ld	l, c
    000000CA 50               [ 4]  203 	ld	d, b
    000000CB CB 3A            [ 8]  204 	srl	d
    000000CD CB 1D            [ 8]  205 	rr	l
    000000CF CB 3A            [ 8]  206 	srl	d
    000000D1 CB 1D            [ 8]  207 	rr	l
    000000D3 CB 3A            [ 8]  208 	srl	d
    000000D5 CB 1D            [ 8]  209 	rr	l
    000000D7 55               [ 4]  210 	ld	d, l
    000000D8                        211 00113$:
                                    212 ;C:/Users/franc/Documents/Projets/Perso/GameBoyProjects/CrossZGB/common/src/SpriteTranslateSprite.c:46: pivot_y = sprite->y + sprite->coll_h - 1;
    000000D8 DD 6E FE         [19]  213 	ld	l, -2 (ix)
    000000DB DD 66 FF         [19]  214 	ld	h, -1 (ix)
    000000DE 23               [ 6]  215 	inc	hl
    000000DF 23               [ 6]  216 	inc	hl
    000000E0 23               [ 6]  217 	inc	hl
    000000E1 23               [ 6]  218 	inc	hl
    000000E2 23               [ 6]  219 	inc	hl
    000000E3 6E               [ 7]  220 	ld	l, (hl)
    000000E4 26 00            [ 7]  221 	ld	h, #0x00
    000000E6 09               [11]  222 	add	hl, bc
    000000E7 4D               [ 4]  223 	ld	c, l
    000000E8 44               [ 4]  224 	ld	b, h
    000000E9 0B               [ 6]  225 	dec	bc
                                    226 ;C:/Users/franc/Documents/Projets/Perso/GameBoyProjects/CrossZGB/common/src/SpriteTranslateSprite.c:47: if((UINT16)pivot_y >= scroll_h) { //This checks pivot_y < 0 || pivot_y >= scroll_h
    000000EA DD 71 FB         [19]  227 	ld	-5 (ix), c
    000000ED DD 70 FC         [19]  228 	ld	-4 (ix), b
    000000F0 21r00r00         [10]  229 	ld	hl, #_scroll_h
    000000F3 DD 7E FB         [19]  230 	ld	a, -5 (ix)
    000000F6 96               [ 7]  231 	sub	a, (hl)
    000000F7 DD 7E FC         [19]  232 	ld	a, -4 (ix)
    000000FA 23               [ 6]  233 	inc	hl
    000000FB 9E               [ 7]  234 	sbc	a, (hl)
    000000FC 38 08            [12]  235 	jr	C, 00118$
                                    236 ;C:/Users/franc/Documents/Projets/Perso/GameBoyProjects/CrossZGB/common/src/SpriteTranslateSprite.c:48: if(pivot_y < 0) 
    000000FE CB 78            [ 8]  237 	bit	7, b
    00000100 28 11            [12]  238 	jr	Z, 00119$
                                    239 ;C:/Users/franc/Documents/Projets/Perso/GameBoyProjects/CrossZGB/common/src/SpriteTranslateSprite.c:49: end_tile_y = 0;
    00000102 1E 00            [ 7]  240 	ld	e, #0x00
                                    241 ;C:/Users/franc/Documents/Projets/Perso/GameBoyProjects/CrossZGB/common/src/SpriteTranslateSprite.c:51: end_tile_y = scroll_tiles_h - 1;
    00000104 18 0D            [12]  242 	jr	00119$
    00000106                        243 00118$:
                                    244 ;C:/Users/franc/Documents/Projets/Perso/GameBoyProjects/CrossZGB/common/src/SpriteTranslateSprite.c:53: end_tile_y = PX_TO_TILE(pivot_y);
    00000106 CB 28            [ 8]  245 	sra	b
    00000108 CB 19            [ 8]  246 	rr	c
    0000010A CB 28            [ 8]  247 	sra	b
    0000010C CB 19            [ 8]  248 	rr	c
    0000010E CB 28            [ 8]  249 	sra	b
    00000110 CB 19            [ 8]  250 	rr	c
    00000112 59               [ 4]  251 	ld	e, c
    00000113                        252 00119$:
                                    253 ;C:/Users/franc/Documents/Projets/Perso/GameBoyProjects/CrossZGB/common/src/SpriteTranslateSprite.c:56: UINT8 __save = CURRENT_BANK;
    00000113 3A FE FF         [13]  254 	ld	a, (_MAP_FRAME1+0)
    00000116 DD 77 FB         [19]  255 	ld	-5 (ix), a
                                    256 ;C:/Users/franc/Documents/Projets/Perso/GameBoyProjects/CrossZGB/common/src/SpriteTranslateSprite.c:57: SWITCH_ROM(scroll_bank);
    00000119 3Ar00r00         [13]  257 	ld	a, (_scroll_bank+0)
    0000011C 32 FE FF         [13]  258 	ld	(_MAP_FRAME1+0), a
                                    259 ;C:/Users/franc/Documents/Projets/Perso/GameBoyProjects/CrossZGB/common/src/SpriteTranslateSprite.c:58: tile_coll = scroll_map + (scroll_tiles_w * start_tile_y + start_tile_x);
    0000011F 6A               [ 4]  260 	ld	l, d
    00000120 26 00            [ 7]  261 	ld	h, #0x00
    00000122 EB               [ 4]  262 	ex	de, hl
    00000123 E5               [11]  263 	push	hl
    00000124 2Ar00r00         [16]  264 	ld	hl, (_scroll_tiles_w)
    00000127 CDr00r00         [17]  265 	call	__mulint
    0000012A EB               [ 4]  266 	ex	de, hl
    0000012B D1               [10]  267 	pop	de
    0000012C DD 7E FD         [19]  268 	ld	a, -3 (ix)
    0000012F DD 77 FC         [19]  269 	ld	-4 (ix), a
    00000132 DD 36 FD 00      [19]  270 	ld	-3 (ix), #0x00
    00000136 DD 4E FC         [19]  271 	ld	c, -4 (ix)
    00000139 06 00            [ 7]  272 	ld	b, #0x00
    0000013B 09               [11]  273 	add	hl, bc
    0000013C 4D               [ 4]  274 	ld	c, l
    0000013D 44               [ 4]  275 	ld	b, h
    0000013E 79               [ 4]  276 	ld	a, c
    0000013F FD 21r00r00      [14]  277 	ld	iy, #_scroll_map
    00000143 FD 86 00         [19]  278 	add	a, 0 (iy)
    00000146 32r00r00         [13]  279 	ld	(_tile_coll+0), a
    00000149 78               [ 4]  280 	ld	a, b
    0000014A FD 8E 01         [19]  281 	adc	a, 1 (iy)
    0000014D 32r01r00         [13]  282 	ld	(_tile_coll+1), a
                                    283 ;C:/Users/franc/Documents/Projets/Perso/GameBoyProjects/CrossZGB/common/src/SpriteTranslateSprite.c:59: end_tile_y ++;
    00000150 1C               [ 4]  284 	inc	e
                                    285 ;C:/Users/franc/Documents/Projets/Perso/GameBoyProjects/CrossZGB/common/src/SpriteTranslateSprite.c:60: scroll_coll_group = sprite->coll_group;
    00000151 DD 4E FE         [19]  286 	ld	c, -2 (ix)
    00000154 DD 46 FF         [19]  287 	ld	b, -1 (ix)
    00000157 21 22 00         [10]  288 	ld	hl, #34
    0000015A 09               [11]  289 	add	hl, bc
    0000015B 4E               [ 7]  290 	ld	c, (hl)
                                    291 ;C:/Users/franc/Documents/Projets/Perso/GameBoyProjects/CrossZGB/common/src/SpriteTranslateSprite.c:61: for(tmp = start_tile_y; tmp != end_tile_y; tmp ++, tile_coll += scroll_tiles_w) {
    0000015C                        292 00160$:
                                    293 ;C:/Users/franc/Documents/Projets/Perso/GameBoyProjects/CrossZGB/common/src/SpriteTranslateSprite.c:17: pivot_x = sprite->x + (UINT8)(sprite->coll_w - 1u);
    0000015C DD 7E FE         [19]  294 	ld	a, -2 (ix)
    0000015F DD 77 F6         [19]  295 	ld	-10 (ix), a
    00000162 DD 7E FF         [19]  296 	ld	a, -1 (ix)
    00000165 DD 77 F7         [19]  297 	ld	-9 (ix), a
    00000168 DD 7E FE         [19]  298 	ld	a, -2 (ix)
    0000016B C6 04            [ 7]  299 	add	a, #0x04
    0000016D DD 77 F8         [19]  300 	ld	-8 (ix), a
    00000170 DD 7E FF         [19]  301 	ld	a, -1 (ix)
    00000173 CE 00            [ 7]  302 	adc	a, #0x00
    00000175 DD 77 F9         [19]  303 	ld	-7 (ix), a
                                    304 ;C:/Users/franc/Documents/Projets/Perso/GameBoyProjects/CrossZGB/common/src/SpriteTranslateSprite.c:61: for(tmp = start_tile_y; tmp != end_tile_y; tmp ++, tile_coll += scroll_tiles_w) {
    00000178 7B               [ 4]  305 	ld	a, e
    00000179 92               [ 4]  306 	sub	a, d
    0000017A CAr0Er02         [10]  307 	jp	Z, 00125$
                                    308 ;C:/Users/franc/Documents/Projets/Perso/GameBoyProjects/CrossZGB/common/src/SpriteTranslateSprite.c:62: if(scroll_collisions[*tile_coll] & scroll_coll_group) {
    0000017D 2Ar00r00         [16]  309 	ld	hl, (_tile_coll)
    00000180 7E               [ 7]  310 	ld	a, (hl)
    00000181 C6r00            [ 7]  311 	add	a, #<(_scroll_collisions)
    00000183 6F               [ 4]  312 	ld	l, a
    00000184 3E 00            [ 7]  313 	ld	a, #0x00
    00000186 CEs00            [ 7]  314 	adc	a, #>(_scroll_collisions)
    00000188 67               [ 4]  315 	ld	h, a
    00000189 7E               [ 7]  316 	ld	a, (hl)
    0000018A A1               [ 4]  317 	and	a, c
    0000018B 28 69            [12]  318 	jr	Z, 00161$
                                    319 ;C:/Users/franc/Documents/Projets/Perso/GameBoyProjects/CrossZGB/common/src/SpriteTranslateSprite.c:63: if(x > 0) {
    0000018D DD 7E FA         [19]  320 	ld	a, -6 (ix)
    00000190 B7               [ 4]  321 	or	a, a
    00000191 28 40            [12]  322 	jr	Z, 00121$
                                    323 ;C:/Users/franc/Documents/Projets/Perso/GameBoyProjects/CrossZGB/common/src/SpriteTranslateSprite.c:64: sprite->x = TILE_TO_PX(start_tile_x) - sprite->coll_w;
    00000193 06 03            [ 7]  324 	ld	b, #0x03
    00000195                        325 00347$:
    00000195 DD CB FC 26      [23]  326 	sla	-4 (ix)
    00000199 DD CB FD 16      [23]  327 	rl	-3 (ix)
    0000019D 10 F6            [13]  328 	djnz	00347$
    0000019F DD 6E F8         [19]  329 	ld	l, -8 (ix)
    000001A2 DD 66 F9         [19]  330 	ld	h, -7 (ix)
    000001A5 7E               [ 7]  331 	ld	a, (hl)
    000001A6 DD 77 FA         [19]  332 	ld	-6 (ix), a
    000001A9 DD 77 F2         [19]  333 	ld	-14 (ix), a
    000001AC DD 36 F3 00      [19]  334 	ld	-13 (ix), #0x00
    000001B0 DD 7E FC         [19]  335 	ld	a, -4 (ix)
    000001B3 DD 96 F2         [19]  336 	sub	a, -14 (ix)
    000001B6 DD 77 F4         [19]  337 	ld	-12 (ix), a
    000001B9 DD 7E FD         [19]  338 	ld	a, -3 (ix)
    000001BC DD 9E F3         [19]  339 	sbc	a, -13 (ix)
    000001BF DD 77 F5         [19]  340 	ld	-11 (ix), a
    000001C2 DD 6E F6         [19]  341 	ld	l, -10 (ix)
    000001C5 DD 66 F7         [19]  342 	ld	h, -9 (ix)
    000001C8 DD 7E F4         [19]  343 	ld	a, -12 (ix)
    000001CB 77               [ 7]  344 	ld	(hl), a
    000001CC 23               [ 6]  345 	inc	hl
    000001CD DD 7E F5         [19]  346 	ld	a, -11 (ix)
    000001D0 77               [ 7]  347 	ld	(hl), a
    000001D1 18 14            [12]  348 	jr	00122$
    000001D3                        349 00121$:
                                    350 ;C:/Users/franc/Documents/Projets/Perso/GameBoyProjects/CrossZGB/common/src/SpriteTranslateSprite.c:66: sprite->x = TILE_TO_PX(start_tile_x + 1);
    000001D3 DD 6E FC         [19]  351 	ld	l, -4 (ix)
    000001D6 26 00            [ 7]  352 	ld	h, #0x00
    000001D8 23               [ 6]  353 	inc	hl
    000001D9 29               [11]  354 	add	hl, hl
    000001DA 29               [11]  355 	add	hl, hl
    000001DB 29               [11]  356 	add	hl, hl
    000001DC 4D               [ 4]  357 	ld	c, l
    000001DD 44               [ 4]  358 	ld	b, h
    000001DE DD 6E F6         [19]  359 	ld	l, -10 (ix)
    000001E1 DD 66 F7         [19]  360 	ld	h, -9 (ix)
    000001E4 71               [ 7]  361 	ld	(hl), c
    000001E5 23               [ 6]  362 	inc	hl
    000001E6 70               [ 7]  363 	ld	(hl), b
    000001E7                        364 00122$:
                                    365 ;C:/Users/franc/Documents/Projets/Perso/GameBoyProjects/CrossZGB/common/src/SpriteTranslateSprite.c:69: ret = *tile_coll;
    000001E7 2Ar00r00         [16]  366 	ld	hl, (_tile_coll)
    000001EA 7E               [ 7]  367 	ld	a, (hl)
    000001EB DD 77 F5         [19]  368 	ld	-11 (ix), a
                                    369 ;C:/Users/franc/Documents/Projets/Perso/GameBoyProjects/CrossZGB/common/src/SpriteTranslateSprite.c:70: SWITCH_ROM(__save);
    000001EE DD 7E FB         [19]  370 	ld	a, -5 (ix)
    000001F1 32 FE FF         [13]  371 	ld	(_MAP_FRAME1+0), a
                                    372 ;C:/Users/franc/Documents/Projets/Perso/GameBoyProjects/CrossZGB/common/src/SpriteTranslateSprite.c:71: goto done_x;
    000001F4 18 39            [12]  373 	jr	00129$
    000001F6                        374 00161$:
                                    375 ;C:/Users/franc/Documents/Projets/Perso/GameBoyProjects/CrossZGB/common/src/SpriteTranslateSprite.c:61: for(tmp = start_tile_y; tmp != end_tile_y; tmp ++, tile_coll += scroll_tiles_w) {
    000001F6 14               [ 4]  376 	inc	d
    000001F7 21r00r00         [10]  377 	ld	hl, #_scroll_tiles_w
    000001FA D5               [11]  378 	push	de
    000001FB FD 21r00r00      [14]  379 	ld	iy, #_tile_coll
    000001FF FD E5            [15]  380 	push	iy
    00000201 D1               [10]  381 	pop	de
    00000202 1A               [ 7]  382 	ld	a, (de)
    00000203 86               [ 7]  383 	add	a, (hl)
    00000204 23               [ 6]  384 	inc	hl
    00000205 12               [ 7]  385 	ld	(de), a
    00000206 13               [ 6]  386 	inc	de
    00000207 1A               [ 7]  387 	ld	a, (de)
    00000208 8E               [ 7]  388 	adc	a, (hl)
    00000209 12               [ 7]  389 	ld	(de), a
    0000020A D1               [10]  390 	pop	de
    0000020B C3r5Cr01         [10]  391 	jp	00160$
    0000020E                        392 00125$:
                                    393 ;C:/Users/franc/Documents/Projets/Perso/GameBoyProjects/CrossZGB/common/src/SpriteTranslateSprite.c:74: SWITCH_ROM(__save);
    0000020E DD 7E FB         [19]  394 	ld	a, -5 (ix)
    00000211 32 FE FF         [13]  395 	ld	(_MAP_FRAME1+0), a
                                    396 ;C:/Users/franc/Documents/Projets/Perso/GameBoyProjects/CrossZGB/common/src/SpriteTranslateSprite.c:77: inc_x:
    00000214                        397 00128$:
                                    398 ;C:/Users/franc/Documents/Projets/Perso/GameBoyProjects/CrossZGB/common/src/SpriteTranslateSprite.c:78: sprite->x += x;
    00000214 DD 6E F6         [19]  399 	ld	l, -10 (ix)
    00000217 DD 66 F7         [19]  400 	ld	h, -9 (ix)
    0000021A 4E               [ 7]  401 	ld	c, (hl)
    0000021B 23               [ 6]  402 	inc	hl
    0000021C 46               [ 7]  403 	ld	b, (hl)
    0000021D DD 7E 04         [19]  404 	ld	a, 4 (ix)
    00000220 6F               [ 4]  405 	ld	l, a
    00000221 07               [ 4]  406 	rlca
    00000222 9F               [ 4]  407 	sbc	a, a
    00000223 67               [ 4]  408 	ld	h, a
    00000224 09               [11]  409 	add	hl, bc
    00000225 EB               [ 4]  410 	ex	de, hl
    00000226 DD 6E F6         [19]  411 	ld	l, -10 (ix)
    00000229 DD 66 F7         [19]  412 	ld	h, -9 (ix)
    0000022C 73               [ 7]  413 	ld	(hl), e
    0000022D 23               [ 6]  414 	inc	hl
    0000022E 72               [ 7]  415 	ld	(hl), d
                                    416 ;C:/Users/franc/Documents/Projets/Perso/GameBoyProjects/CrossZGB/common/src/SpriteTranslateSprite.c:79: done_x:
    0000022F                        417 00129$:
                                    418 ;C:/Users/franc/Documents/Projets/Perso/GameBoyProjects/CrossZGB/common/src/SpriteTranslateSprite.c:36: if(sprite->y >= scroll_h) { //This checks sprite->y < 0 || sprite->y >= scroll_h
    0000022F DD 4E FE         [19]  419 	ld	c, -2 (ix)
    00000232 DD 46 FF         [19]  420 	ld	b, -1 (ix)
    00000235 03               [ 6]  421 	inc	bc
    00000236 03               [ 6]  422 	inc	bc
                                    423 ;C:/Users/franc/Documents/Projets/Perso/GameBoyProjects/CrossZGB/common/src/SpriteTranslateSprite.c:81: if (y) {
    00000237 DD 7E 05         [19]  424 	ld	a, 5 (ix)
    0000023A B7               [ 4]  425 	or	a, a
    0000023B CArE0r03         [10]  426 	jp	Z, 00157$
                                    427 ;C:/Users/franc/Documents/Projets/Perso/GameBoyProjects/CrossZGB/common/src/SpriteTranslateSprite.c:82: if (y > 0) {
    0000023E AF               [ 4]  428 	xor	a, a
    0000023F DD 96 05         [19]  429 	sub	a, 5 (ix)
    00000242 E2r47r02         [10]  430 	jp	PO, 00348$
    00000245 EE 80            [ 7]  431 	xor	a, #0x80
    00000247                        432 00348$:
    00000247 07               [ 4]  433 	rlca
    00000248 E6 01            [ 7]  434 	and	a,#0x01
    0000024A DD 77 FB         [19]  435 	ld	-5 (ix), a
                                    436 ;C:/Users/franc/Documents/Projets/Perso/GameBoyProjects/CrossZGB/common/src/SpriteTranslateSprite.c:83: pivot_y = sprite->y + (UINT8)(sprite->coll_h - 1u);
    0000024D 69               [ 4]  437 	ld	l, c
    0000024E 60               [ 4]  438 	ld	h, b
    0000024F 5E               [ 7]  439 	ld	e, (hl)
    00000250 23               [ 6]  440 	inc	hl
    00000251 56               [ 7]  441 	ld	d, (hl)
                                    442 ;C:/Users/franc/Documents/Projets/Perso/GameBoyProjects/CrossZGB/common/src/SpriteTranslateSprite.c:82: if (y > 0) {
    00000252 DD 7E FB         [19]  443 	ld	a, -5 (ix)
    00000255 B7               [ 4]  444 	or	a, a
    00000256 28 12            [12]  445 	jr	Z, 00131$
                                    446 ;C:/Users/franc/Documents/Projets/Perso/GameBoyProjects/CrossZGB/common/src/SpriteTranslateSprite.c:83: pivot_y = sprite->y + (UINT8)(sprite->coll_h - 1u);
    00000258 DD 6E FE         [19]  447 	ld	l, -2 (ix)
    0000025B DD 66 FF         [19]  448 	ld	h, -1 (ix)
    0000025E 23               [ 6]  449 	inc	hl
    0000025F 23               [ 6]  450 	inc	hl
    00000260 23               [ 6]  451 	inc	hl
    00000261 23               [ 6]  452 	inc	hl
    00000262 23               [ 6]  453 	inc	hl
    00000263 6E               [ 7]  454 	ld	l, (hl)
    00000264 2D               [ 4]  455 	dec	l
    00000265 26 00            [ 7]  456 	ld	h, #0x00
    00000267 19               [11]  457 	add	hl, de
    00000268 18 01            [12]  458 	jr	00132$
    0000026A                        459 00131$:
                                    460 ;C:/Users/franc/Documents/Projets/Perso/GameBoyProjects/CrossZGB/common/src/SpriteTranslateSprite.c:85: pivot_y = sprite->y;
    0000026A EB               [ 4]  461 	ex	de, hl
    0000026B                        462 00132$:
                                    463 ;C:/Users/franc/Documents/Projets/Perso/GameBoyProjects/CrossZGB/common/src/SpriteTranslateSprite.c:89: tmp = PX_TO_TILE(pivot_y);
    0000026B 5D               [ 4]  464 	ld	e, l
    0000026C 54               [ 4]  465 	ld	d, h
    0000026D CB 2A            [ 8]  466 	sra	d
    0000026F CB 1B            [ 8]  467 	rr	e
    00000271 CB 2A            [ 8]  468 	sra	d
    00000273 CB 1B            [ 8]  469 	rr	e
    00000275 CB 2A            [ 8]  470 	sra	d
    00000277 CB 1B            [ 8]  471 	rr	e
    00000279 DD 73 FC         [19]  472 	ld	-4 (ix), e
                                    473 ;C:/Users/franc/Documents/Projets/Perso/GameBoyProjects/CrossZGB/common/src/SpriteTranslateSprite.c:90: pivot_y += y;
    0000027C DD 7E 05         [19]  474 	ld	a, 5 (ix)
    0000027F 5F               [ 4]  475 	ld	e, a
    00000280 07               [ 4]  476 	rlca
    00000281 9F               [ 4]  477 	sbc	a, a
    00000282 57               [ 4]  478 	ld	d, a
    00000283 19               [11]  479 	add	hl, de
                                    480 ;C:/Users/franc/Documents/Projets/Perso/GameBoyProjects/CrossZGB/common/src/SpriteTranslateSprite.c:91: start_tile_y = PX_TO_TILE(pivot_y);
    00000284 5D               [ 4]  481 	ld	e, l
    00000285 54               [ 4]  482 	ld	d, h
    00000286 CB 2A            [ 8]  483 	sra	d
    00000288 CB 1B            [ 8]  484 	rr	e
    0000028A CB 2A            [ 8]  485 	sra	d
    0000028C CB 1B            [ 8]  486 	rr	e
    0000028E CB 2A            [ 8]  487 	sra	d
    00000290 CB 1B            [ 8]  488 	rr	e
                                    489 ;C:/Users/franc/Documents/Projets/Perso/GameBoyProjects/CrossZGB/common/src/SpriteTranslateSprite.c:92: if(tmp == start_tile_y) {
    00000292 DD 73 FD         [19]  490 	ld	-3 (ix), e
    00000295 7B               [ 4]  491 	ld	a, e
    00000296 DD 96 FC         [19]  492 	sub	a, -4 (ix)
    00000299 CArE0r03         [10]  493 	jp	Z, 00157$
                                    494 ;C:/Users/franc/Documents/Projets/Perso/GameBoyProjects/CrossZGB/common/src/SpriteTranslateSprite.c:97: if((UINT16)pivot_y >= scroll_h) {
    0000029C EB               [ 4]  495 	ex	de, hl
    0000029D 21r00r00         [10]  496 	ld	hl, #_scroll_h
    000002A0 7B               [ 4]  497 	ld	a, e
    000002A1 96               [ 7]  498 	sub	a, (hl)
    000002A2 23               [ 6]  499 	inc	hl
    000002A3 7A               [ 4]  500 	ld	a, d
    000002A4 9E               [ 7]  501 	sbc	a, (hl)
    000002A5 D2rE0r03         [10]  502 	jp	NC, 00157$
                                    503 ;C:/Users/franc/Documents/Projets/Perso/GameBoyProjects/CrossZGB/common/src/SpriteTranslateSprite.c:102: if(sprite->x >= scroll_w){
    000002A8 DD 6E F6         [19]  504 	ld	l, -10 (ix)
    000002AB DD 66 F7         [19]  505 	ld	h, -9 (ix)
    000002AE 5E               [ 7]  506 	ld	e, (hl)
    000002AF 23               [ 6]  507 	inc	hl
    000002B0 46               [ 7]  508 	ld	b, (hl)
                                    509 ;C:/Users/franc/Documents/Projets/Perso/GameBoyProjects/CrossZGB/common/src/SpriteTranslateSprite.c:106: start_tile_x = scroll_tiles_w - 1;
    000002B1 3Ar00r00         [13]  510 	ld	a, (_scroll_tiles_w)
    000002B4 3D               [ 4]  511 	dec	a
    000002B5 DD 77 FC         [19]  512 	ld	-4 (ix), a
                                    513 ;C:/Users/franc/Documents/Projets/Perso/GameBoyProjects/CrossZGB/common/src/SpriteTranslateSprite.c:102: if(sprite->x >= scroll_w){
    000002B8 21r00r00         [10]  514 	ld	hl, #_scroll_w
    000002BB 7B               [ 4]  515 	ld	a, e
    000002BC 96               [ 7]  516 	sub	a, (hl)
    000002BD 23               [ 6]  517 	inc	hl
    000002BE 78               [ 4]  518 	ld	a, b
    000002BF 9E               [ 7]  519 	sbc	a, (hl)
    000002C0 38 0E            [12]  520 	jr	C, 00141$
                                    521 ;C:/Users/franc/Documents/Projets/Perso/GameBoyProjects/CrossZGB/common/src/SpriteTranslateSprite.c:103: if((INT16)sprite->x < 0) 
    000002C2 50               [ 4]  522 	ld	d, b
    000002C3 CB 7A            [ 8]  523 	bit	7, d
    000002C5 28 04            [12]  524 	jr	Z, 00138$
                                    525 ;C:/Users/franc/Documents/Projets/Perso/GameBoyProjects/CrossZGB/common/src/SpriteTranslateSprite.c:104: start_tile_x = 0;
    000002C7 0E 00            [ 7]  526 	ld	c, #0x00
    000002C9 18 14            [12]  527 	jr	00142$
    000002CB                        528 00138$:
                                    529 ;C:/Users/franc/Documents/Projets/Perso/GameBoyProjects/CrossZGB/common/src/SpriteTranslateSprite.c:106: start_tile_x = scroll_tiles_w - 1;
    000002CB DD 4E FC         [19]  530 	ld	c, -4 (ix)
    000002CE 18 0F            [12]  531 	jr	00142$
    000002D0                        532 00141$:
                                    533 ;C:/Users/franc/Documents/Projets/Perso/GameBoyProjects/CrossZGB/common/src/SpriteTranslateSprite.c:108: start_tile_x = PX_TO_TILE(sprite->x);
    000002D0 6B               [ 4]  534 	ld	l, e
    000002D1 48               [ 4]  535 	ld	c, b
    000002D2 CB 39            [ 8]  536 	srl	c
    000002D4 CB 1D            [ 8]  537 	rr	l
    000002D6 CB 39            [ 8]  538 	srl	c
    000002D8 CB 1D            [ 8]  539 	rr	l
    000002DA CB 39            [ 8]  540 	srl	c
    000002DC CB 1D            [ 8]  541 	rr	l
    000002DE 4D               [ 4]  542 	ld	c, l
    000002DF                        543 00142$:
                                    544 ;C:/Users/franc/Documents/Projets/Perso/GameBoyProjects/CrossZGB/common/src/SpriteTranslateSprite.c:112: pivot_x = sprite->x + sprite->coll_w - 1;
    000002DF DD 6E F8         [19]  545 	ld	l, -8 (ix)
    000002E2 DD 66 F9         [19]  546 	ld	h, -7 (ix)
    000002E5 6E               [ 7]  547 	ld	l, (hl)
    000002E6 26 00            [ 7]  548 	ld	h, #0x00
    000002E8 50               [ 4]  549 	ld	d, b
    000002E9 19               [11]  550 	add	hl, de
    000002EA EB               [ 4]  551 	ex	de,hl
    000002EB 1B               [ 6]  552 	dec	de
                                    553 ;C:/Users/franc/Documents/Projets/Perso/GameBoyProjects/CrossZGB/common/src/SpriteTranslateSprite.c:113: if((UINT16)pivot_x >= scroll_w) {
    000002EC DD 73 F9         [19]  554 	ld	-7 (ix), e
    000002EF DD 72 FA         [19]  555 	ld	-6 (ix), d
    000002F2 21r00r00         [10]  556 	ld	hl, #_scroll_w
    000002F5 DD 7E F9         [19]  557 	ld	a, -7 (ix)
    000002F8 96               [ 7]  558 	sub	a, (hl)
    000002F9 DD 7E FA         [19]  559 	ld	a, -6 (ix)
    000002FC 23               [ 6]  560 	inc	hl
    000002FD 9E               [ 7]  561 	sbc	a, (hl)
    000002FE 38 0D            [12]  562 	jr	C, 00147$
                                    563 ;C:/Users/franc/Documents/Projets/Perso/GameBoyProjects/CrossZGB/common/src/SpriteTranslateSprite.c:114: if(pivot_x < 0) 
    00000300 CB 7A            [ 8]  564 	bit	7, d
    00000302 28 04            [12]  565 	jr	Z, 00144$
                                    566 ;C:/Users/franc/Documents/Projets/Perso/GameBoyProjects/CrossZGB/common/src/SpriteTranslateSprite.c:115: end_tile_x = 0;
    00000304 06 00            [ 7]  567 	ld	b, #0x00
    00000306 18 12            [12]  568 	jr	00148$
    00000308                        569 00144$:
                                    570 ;C:/Users/franc/Documents/Projets/Perso/GameBoyProjects/CrossZGB/common/src/SpriteTranslateSprite.c:117: end_tile_x = scroll_tiles_w - 1;
    00000308 DD 46 FC         [19]  571 	ld	b, -4 (ix)
    0000030B 18 0D            [12]  572 	jr	00148$
    0000030D                        573 00147$:
                                    574 ;C:/Users/franc/Documents/Projets/Perso/GameBoyProjects/CrossZGB/common/src/SpriteTranslateSprite.c:119: end_tile_x = PX_TO_TILE(pivot_x);
    0000030D 43               [ 4]  575 	ld	b, e
    0000030E CB 2A            [ 8]  576 	sra	d
    00000310 CB 18            [ 8]  577 	rr	b
    00000312 CB 2A            [ 8]  578 	sra	d
    00000314 CB 18            [ 8]  579 	rr	b
    00000316 CB 2A            [ 8]  580 	sra	d
    00000318 CB 18            [ 8]  581 	rr	b
    0000031A                        582 00148$:
                                    583 ;C:/Users/franc/Documents/Projets/Perso/GameBoyProjects/CrossZGB/common/src/SpriteTranslateSprite.c:122: UINT8 __save = CURRENT_BANK;
    0000031A 3A FE FF         [13]  584 	ld	a, (_MAP_FRAME1+0)
    0000031D DD 77 FA         [19]  585 	ld	-6 (ix), a
                                    586 ;C:/Users/franc/Documents/Projets/Perso/GameBoyProjects/CrossZGB/common/src/SpriteTranslateSprite.c:123: SWITCH_ROM(scroll_bank);
    00000320 3Ar00r00         [13]  587 	ld	a, (_scroll_bank+0)
    00000323 32 FE FF         [13]  588 	ld	(_MAP_FRAME1+0), a
                                    589 ;C:/Users/franc/Documents/Projets/Perso/GameBoyProjects/CrossZGB/common/src/SpriteTranslateSprite.c:124: tile_coll = scroll_map + (scroll_tiles_w * start_tile_y + start_tile_x);
    00000326 DD 5E FD         [19]  590 	ld	e, -3 (ix)
    00000329 16 00            [ 7]  591 	ld	d, #0x00
    0000032B C5               [11]  592 	push	bc
    0000032C 2Ar00r00         [16]  593 	ld	hl, (_scroll_tiles_w)
    0000032F CDr00r00         [17]  594 	call	__mulint
    00000332 C1               [10]  595 	pop	bc
    00000333 69               [ 4]  596 	ld	l, c
    00000334 26 00            [ 7]  597 	ld	h, #0x00
    00000336 19               [11]  598 	add	hl, de
    00000337 EB               [ 4]  599 	ex	de, hl
    00000338 7B               [ 4]  600 	ld	a, e
    00000339 FD 21r00r00      [14]  601 	ld	iy, #_scroll_map
    0000033D FD 86 00         [19]  602 	add	a, 0 (iy)
    00000340 32r00r00         [13]  603 	ld	(_tile_coll+0), a
    00000343 7A               [ 4]  604 	ld	a, d
    00000344 FD 8E 01         [19]  605 	adc	a, 1 (iy)
    00000347 32r01r00         [13]  606 	ld	(_tile_coll+1), a
                                    607 ;C:/Users/franc/Documents/Projets/Perso/GameBoyProjects/CrossZGB/common/src/SpriteTranslateSprite.c:125: end_tile_x ++;
    0000034A 78               [ 4]  608 	ld	a, b
    0000034B 3C               [ 4]  609 	inc	a
    0000034C DD 77 FC         [19]  610 	ld	-4 (ix), a
                                    611 ;C:/Users/franc/Documents/Projets/Perso/GameBoyProjects/CrossZGB/common/src/SpriteTranslateSprite.c:126: scroll_coll_group = y < 0 ? sprite->coll_group : sprite->coll_group_down;
    0000034F DD CB 05 7E      [20]  612 	bit	7, 5 (ix)
    00000353 28 0D            [12]  613 	jr	Z, 00167$
    00000355 DD 5E FE         [19]  614 	ld	e, -2 (ix)
    00000358 DD 56 FF         [19]  615 	ld	d, -1 (ix)
    0000035B 21 22 00         [10]  616 	ld	hl, #34
    0000035E 19               [11]  617 	add	hl, de
    0000035F 5E               [ 7]  618 	ld	e, (hl)
    00000360 18 0B            [12]  619 	jr	00168$
    00000362                        620 00167$:
    00000362 DD 5E FE         [19]  621 	ld	e, -2 (ix)
    00000365 DD 56 FF         [19]  622 	ld	d, -1 (ix)
    00000368 21 23 00         [10]  623 	ld	hl, #35
    0000036B 19               [11]  624 	add	hl, de
    0000036C 5E               [ 7]  625 	ld	e, (hl)
    0000036D                        626 00168$:
                                    627 ;C:/Users/franc/Documents/Projets/Perso/GameBoyProjects/CrossZGB/common/src/SpriteTranslateSprite.c:127: for(tmp = start_tile_x; tmp != end_tile_x; tmp ++, tile_coll += 1) {
    0000036D 51               [ 4]  628 	ld	d, c
    0000036E                        629 00163$:
                                    630 ;C:/Users/franc/Documents/Projets/Perso/GameBoyProjects/CrossZGB/common/src/SpriteTranslateSprite.c:36: if(sprite->y >= scroll_h) { //This checks sprite->y < 0 || sprite->y >= scroll_h
    0000036E DD 4E FE         [19]  631 	ld	c, -2 (ix)
    00000371 DD 46 FF         [19]  632 	ld	b, -1 (ix)
    00000374 03               [ 6]  633 	inc	bc
    00000375 03               [ 6]  634 	inc	bc
                                    635 ;C:/Users/franc/Documents/Projets/Perso/GameBoyProjects/CrossZGB/common/src/SpriteTranslateSprite.c:127: for(tmp = start_tile_x; tmp != end_tile_x; tmp ++, tile_coll += 1) {
    00000376 DD 7E FC         [19]  636 	ld	a, -4 (ix)
    00000379 92               [ 4]  637 	sub	a, d
    0000037A 28 5E            [12]  638 	jr	Z, 00154$
                                    639 ;C:/Users/franc/Documents/Projets/Perso/GameBoyProjects/CrossZGB/common/src/SpriteTranslateSprite.c:128: if(scroll_collisions[*tile_coll] & scroll_coll_group) {
    0000037C 2Ar00r00         [16]  640 	ld	hl, (_tile_coll)
    0000037F 7E               [ 7]  641 	ld	a, (hl)
    00000380 C6r00            [ 7]  642 	add	a, #<(_scroll_collisions)
    00000382 6F               [ 4]  643 	ld	l, a
    00000383 3E 00            [ 7]  644 	ld	a, #0x00
    00000385 CEs00            [ 7]  645 	adc	a, #>(_scroll_collisions)
    00000387 67               [ 4]  646 	ld	h, a
    00000388 7E               [ 7]  647 	ld	a, (hl)
    00000389 A3               [ 4]  648 	and	a, e
    0000038A 28 44            [12]  649 	jr	Z, 00164$
                                    650 ;C:/Users/franc/Documents/Projets/Perso/GameBoyProjects/CrossZGB/common/src/SpriteTranslateSprite.c:130: sprite->y = TILE_TO_PX(start_tile_y) - sprite->coll_h;
    0000038C DD 5E FD         [19]  651 	ld	e, -3 (ix)
    0000038F 16 00            [ 7]  652 	ld	d, #0x00
                                    653 ;C:/Users/franc/Documents/Projets/Perso/GameBoyProjects/CrossZGB/common/src/SpriteTranslateSprite.c:129: if(y > 0) {
    00000391 DD 7E FB         [19]  654 	ld	a, -5 (ix)
    00000394 B7               [ 4]  655 	or	a, a
    00000395 28 20            [12]  656 	jr	Z, 00150$
                                    657 ;C:/Users/franc/Documents/Projets/Perso/GameBoyProjects/CrossZGB/common/src/SpriteTranslateSprite.c:130: sprite->y = TILE_TO_PX(start_tile_y) - sprite->coll_h;
    00000397 EB               [ 4]  658 	ex	de, hl
    00000398 29               [11]  659 	add	hl, hl
    00000399 29               [11]  660 	add	hl, hl
    0000039A 29               [11]  661 	add	hl, hl
    0000039B EB               [ 4]  662 	ex	de, hl
    0000039C DD 6E FE         [19]  663 	ld	l, -2 (ix)
    0000039F DD 66 FF         [19]  664 	ld	h, -1 (ix)
    000003A2 23               [ 6]  665 	inc	hl
    000003A3 23               [ 6]  666 	inc	hl
    000003A4 23               [ 6]  667 	inc	hl
    000003A5 23               [ 6]  668 	inc	hl
    000003A6 23               [ 6]  669 	inc	hl
    000003A7 6E               [ 7]  670 	ld	l, (hl)
    000003A8 26 00            [ 7]  671 	ld	h, #0x00
    000003AA 7B               [ 4]  672 	ld	a, e
    000003AB 95               [ 4]  673 	sub	a, l
    000003AC 5F               [ 4]  674 	ld	e, a
    000003AD 7A               [ 4]  675 	ld	a, d
    000003AE 9C               [ 4]  676 	sbc	a, h
    000003AF 57               [ 4]  677 	ld	d, a
    000003B0 7B               [ 4]  678 	ld	a, e
    000003B1 02               [ 7]  679 	ld	(bc), a
    000003B2 03               [ 6]  680 	inc	bc
    000003B3 7A               [ 4]  681 	ld	a, d
    000003B4 02               [ 7]  682 	ld	(bc), a
    000003B5 18 0A            [12]  683 	jr	00151$
    000003B7                        684 00150$:
                                    685 ;C:/Users/franc/Documents/Projets/Perso/GameBoyProjects/CrossZGB/common/src/SpriteTranslateSprite.c:132: sprite->y = TILE_TO_PX(start_tile_y + 1);
    000003B7 13               [ 6]  686 	inc	de
    000003B8 EB               [ 4]  687 	ex	de, hl
    000003B9 29               [11]  688 	add	hl, hl
    000003BA 29               [11]  689 	add	hl, hl
    000003BB 29               [11]  690 	add	hl, hl
    000003BC 7D               [ 4]  691 	ld	a, l
    000003BD 02               [ 7]  692 	ld	(bc), a
    000003BE 03               [ 6]  693 	inc	bc
    000003BF 7C               [ 4]  694 	ld	a, h
    000003C0 02               [ 7]  695 	ld	(bc), a
    000003C1                        696 00151$:
                                    697 ;C:/Users/franc/Documents/Projets/Perso/GameBoyProjects/CrossZGB/common/src/SpriteTranslateSprite.c:135: ret = *tile_coll;
    000003C1 2Ar00r00         [16]  698 	ld	hl, (_tile_coll)
    000003C4 7E               [ 7]  699 	ld	a, (hl)
    000003C5 DD 77 F5         [19]  700 	ld	-11 (ix), a
                                    701 ;C:/Users/franc/Documents/Projets/Perso/GameBoyProjects/CrossZGB/common/src/SpriteTranslateSprite.c:136: SWITCH_ROM(__save);
    000003C8 DD 7E FA         [19]  702 	ld	a, -6 (ix)
    000003CB 32 FE FF         [13]  703 	ld	(_MAP_FRAME1+0), a
                                    704 ;C:/Users/franc/Documents/Projets/Perso/GameBoyProjects/CrossZGB/common/src/SpriteTranslateSprite.c:137: goto done_y;
    000003CE 18 22            [12]  705 	jr	00158$
    000003D0                        706 00164$:
                                    707 ;C:/Users/franc/Documents/Projets/Perso/GameBoyProjects/CrossZGB/common/src/SpriteTranslateSprite.c:127: for(tmp = start_tile_x; tmp != end_tile_x; tmp ++, tile_coll += 1) {
    000003D0 14               [ 4]  708 	inc	d
    000003D1 2Ar00r00         [16]  709 	ld	hl, (_tile_coll)
    000003D4 23               [ 6]  710 	inc	hl
    000003D5 22r00r00         [16]  711 	ld	(_tile_coll), hl
    000003D8 18 94            [12]  712 	jr	00163$
    000003DA                        713 00154$:
                                    714 ;C:/Users/franc/Documents/Projets/Perso/GameBoyProjects/CrossZGB/common/src/SpriteTranslateSprite.c:140: SWITCH_ROM(__save);
    000003DA DD 7E FA         [19]  715 	ld	a, -6 (ix)
    000003DD 32 FE FF         [13]  716 	ld	(_MAP_FRAME1+0), a
                                    717 ;C:/Users/franc/Documents/Projets/Perso/GameBoyProjects/CrossZGB/common/src/SpriteTranslateSprite.c:143: inc_y:
    000003E0                        718 00157$:
                                    719 ;C:/Users/franc/Documents/Projets/Perso/GameBoyProjects/CrossZGB/common/src/SpriteTranslateSprite.c:144: sprite->y += y;
    000003E0 69               [ 4]  720 	ld	l, c
    000003E1 60               [ 4]  721 	ld	h, b
    000003E2 5E               [ 7]  722 	ld	e, (hl)
    000003E3 23               [ 6]  723 	inc	hl
    000003E4 56               [ 7]  724 	ld	d, (hl)
    000003E5 DD 7E 05         [19]  725 	ld	a, 5 (ix)
    000003E8 6F               [ 4]  726 	ld	l, a
    000003E9 07               [ 4]  727 	rlca
    000003EA 9F               [ 4]  728 	sbc	a, a
    000003EB 67               [ 4]  729 	ld	h, a
    000003EC 19               [11]  730 	add	hl, de
    000003ED 7D               [ 4]  731 	ld	a, l
    000003EE 02               [ 7]  732 	ld	(bc), a
    000003EF 03               [ 6]  733 	inc	bc
    000003F0 7C               [ 4]  734 	ld	a, h
    000003F1 02               [ 7]  735 	ld	(bc), a
                                    736 ;C:/Users/franc/Documents/Projets/Perso/GameBoyProjects/CrossZGB/common/src/SpriteTranslateSprite.c:145: done_y:
    000003F2                        737 00158$:
                                    738 ;C:/Users/franc/Documents/Projets/Perso/GameBoyProjects/CrossZGB/common/src/SpriteTranslateSprite.c:147: return ret;
    000003F2 DD 7E F5         [19]  739 	ld	a, -11 (ix)
                                    740 ;C:/Users/franc/Documents/Projets/Perso/GameBoyProjects/CrossZGB/common/src/SpriteTranslateSprite.c:148: }
    000003F5 DD F9            [10]  741 	ld	sp, ix
    000003F7 DD E1            [14]  742 	pop	ix
    000003F9 E1               [10]  743 	pop	hl
    000003FA C1               [10]  744 	pop	bc
    000003FB E9               [ 4]  745 	jp	(hl)
                                    746 	.area _CODE
                                    747 	.area _INITIALIZER
                                    748 	.area _CABS (ABS)
