                                      1 ;--------------------------------------------------------
                                      2 ; File Created by SDCC : free open source ISO C Compiler
                                      3 ; Version 4.5.1 #15267 (MINGW64)
                                      4 ;--------------------------------------------------------
                                      5 	.module Sprite
                                      6 	
                                      7 ;--------------------------------------------------------
                                      8 ; Public variables in this module
                                      9 ;--------------------------------------------------------
                                     10 	.globl _SpriteManagerRemoveSprite
                                     11 	.globl _GetSpriteAnimation
                                     12 	.globl _InitSprite
                                     13 	.globl _SetSpriteAnim
                                     14 	.globl _DrawSprite
                                     15 	.globl _CheckCollision
                                     16 ;--------------------------------------------------------
                                     17 ; special function registers
                                     18 ;--------------------------------------------------------
                         00000000    19 _GG_STATE	=	0x0000
                         00000001    20 _GG_EXT_7BIT	=	0x0001
                         00000002    21 _GG_EXT_CTL	=	0x0002
                         00000003    22 _GG_SIO_SEND	=	0x0003
                         00000004    23 _GG_SIO_RECV	=	0x0004
                         00000005    24 _GG_SIO_CTL	=	0x0005
                         00000006    25 _GG_SOUND_PAN	=	0x0006
                         0000003E    26 _MEMORY_CTL	=	0x003e
                         0000003F    27 _JOY_CTL	=	0x003f
                         0000007E    28 _VCOUNTER	=	0x007e
                         0000007F    29 _PSG	=	0x007f
                         0000007F    30 _HCOUNTER	=	0x007f
                         000000BE    31 _VDP_DATA	=	0x00be
                         000000BF    32 _VDP_CMD	=	0x00bf
                         000000BF    33 _VDP_STATUS	=	0x00bf
                         000000DC    34 _JOY_PORT1	=	0x00dc
                         000000DD    35 _JOY_PORT2	=	0x00dd
                         000000F0    36 _FMADDRESS	=	0x00f0
                         000000F1    37 _FMDATA	=	0x00f1
                         000000F2    38 _AUDIOCTRL	=	0x00f2
                                     39 ;--------------------------------------------------------
                                     40 ; ram data
                                     41 ;--------------------------------------------------------
                                     42 	.area _DATA
                         0000FFFC    43 _RAM_CONTROL	=	0xfffc
                         0000FFF8    44 _GLASSES_3D	=	0xfff8
                         0000FFFD    45 _MAP_FRAME0	=	0xfffd
                         0000FFFE    46 _MAP_FRAME1	=	0xfffe
                         0000FFFF    47 _MAP_FRAME2	=	0xffff
    00000000                         48 _DrawSprite_screen_x_10000_256:
    00000000                         49 	.ds 2
    00000002                         50 _DrawSprite_screen_y_10000_256:
    00000002                         51 	.ds 2
                                     52 ;--------------------------------------------------------
                                     53 ; ram data
                                     54 ;--------------------------------------------------------
                                     55 	.area _INITIALIZED
                                     56 ;--------------------------------------------------------
                                     57 ; absolute external ram data
                                     58 ;--------------------------------------------------------
                                     59 	.area _DABS (ABS)
                                     60 ;--------------------------------------------------------
                                     61 ; global & static initialisations
                                     62 ;--------------------------------------------------------
                                     63 	.area _HOME
                                     64 	.area _GSINIT
                                     65 	.area _GSFINAL
                                     66 	.area _GSINIT
                                     67 ;--------------------------------------------------------
                                     68 ; Home
                                     69 ;--------------------------------------------------------
                                     70 	.area _HOME
                                     71 	.area _HOME
                                     72 ;--------------------------------------------------------
                                     73 ; code
                                     74 ;--------------------------------------------------------
                                     75 	.area _CODE
                                     76 ;C:/Users/franc/Documents/Projets/Perso/GameBoyProjects/CrossZGB/common/src/Sprite.c:19: void InitSprite(Sprite* sprite, UINT8 sprite_type) {
                                     77 ;	---------------------------------
                                     78 ; Function InitSprite
                                     79 ; ---------------------------------
    00000000                         80 _InitSprite::
    00000000 DD E5            [15]   81 	push	ix
    00000002 DD 21 00 00      [14]   82 	ld	ix,#0
    00000006 DD 39            [15]   83 	add	ix,sp
    00000008 F5               [11]   84 	push	af
    00000009 F5               [11]   85 	push	af
    0000000A 3B               [ 6]   86 	dec	sp
    0000000B 4D               [ 4]   87 	ld	c, l
    0000000C 44               [ 4]   88 	ld	b, h
                                     89 ;C:/Users/franc/Documents/Projets/Perso/GameBoyProjects/CrossZGB/common/src/Sprite.c:20: const struct MetaSpriteInfo* mt_sprite_info = spriteDatas[sprite_type];
    0000000D DD 6E 04         [19]   90 	ld	l, 4 (ix)
    00000010 26 00            [ 7]   91 	ld	h, #0x00
    00000012 29               [11]   92 	add	hl, hl
    00000013 11r00r00         [10]   93 	ld	de, #_spriteDatas
    00000016 19               [11]   94 	add	hl, de
    00000017 7E               [ 7]   95 	ld	a, (hl)
    00000018 DD 77 FB         [19]   96 	ld	-5 (ix), a
    0000001B 23               [ 6]   97 	inc	hl
    0000001C 7E               [ 7]   98 	ld	a, (hl)
    0000001D DD 77 FC         [19]   99 	ld	-4 (ix), a
                                    100 ;C:/Users/franc/Documents/Projets/Perso/GameBoyProjects/CrossZGB/common/src/Sprite.c:22: sprite->mt_sprite_info = mt_sprite_info;
    00000020 21 07 00         [10]  101 	ld	hl, #0x0007
    00000023 09               [11]  102 	add	hl, bc
    00000024 DD 7E FB         [19]  103 	ld	a, -5 (ix)
    00000027 77               [ 7]  104 	ld	(hl), a
    00000028 23               [ 6]  105 	inc	hl
    00000029 DD 7E FC         [19]  106 	ld	a, -4 (ix)
    0000002C 77               [ 7]  107 	ld	(hl), a
                                    108 ;C:/Users/franc/Documents/Projets/Perso/GameBoyProjects/CrossZGB/common/src/Sprite.c:23: sprite->mt_sprite_bank = spriteDataBanks[sprite_type];
    0000002D 21 06 00         [10]  109 	ld	hl, #0x0006
    00000030 09               [11]  110 	add	hl, bc
    00000031 EB               [ 4]  111 	ex	de, hl
    00000032 3Er00            [ 7]  112 	ld	a, #<(_spriteDataBanks)
    00000034 DD 86 04         [19]  113 	add	a, 4 (ix)
    00000037 DD 77 FD         [19]  114 	ld	-3 (ix), a
    0000003A 3Es00            [ 7]  115 	ld	a, #>(_spriteDataBanks)
    0000003C CE 00            [ 7]  116 	adc	a, #0x00
    0000003E DD 77 FE         [19]  117 	ld	-2 (ix), a
    00000041 DD 6E FD         [19]  118 	ld	l, -3 (ix)
    00000044 DD 66 FE         [19]  119 	ld	h, -2 (ix)
    00000047 7E               [ 7]  120 	ld	a, (hl)
    00000048 12               [ 7]  121 	ld	(de), a
                                    122 ;C:/Users/franc/Documents/Projets/Perso/GameBoyProjects/CrossZGB/common/src/Sprite.c:25: sprite->flips = spriteFlips[sprite_type];
    00000049 21 09 00         [10]  123 	ld	hl, #0x0009
    0000004C 09               [11]  124 	add	hl, bc
    0000004D EB               [ 4]  125 	ex	de, hl
    0000004E 3Er00            [ 7]  126 	ld	a, #<(_spriteFlips)
    00000050 DD 86 04         [19]  127 	add	a, 4 (ix)
    00000053 6F               [ 4]  128 	ld	l, a
    00000054 3Es00            [ 7]  129 	ld	a, #>(_spriteFlips)
    00000056 CE 00            [ 7]  130 	adc	a, #0x00
    00000058 67               [ 4]  131 	ld	h, a
    00000059 7E               [ 7]  132 	ld	a, (hl)
    0000005A 12               [ 7]  133 	ld	(de), a
                                    134 ;C:/Users/franc/Documents/Projets/Perso/GameBoyProjects/CrossZGB/common/src/Sprite.c:26: sprite->first_tile = spriteIdxs[sprite_type];
    0000005B 21 0A 00         [10]  135 	ld	hl, #0x000a
    0000005E 09               [11]  136 	add	hl, bc
    0000005F EB               [ 4]  137 	ex	de, hl
    00000060 3Er00            [ 7]  138 	ld	a, #<(_spriteIdxs)
    00000062 DD 86 04         [19]  139 	add	a, 4 (ix)
    00000065 6F               [ 4]  140 	ld	l, a
    00000066 3Es00            [ 7]  141 	ld	a, #>(_spriteIdxs)
    00000068 CE 00            [ 7]  142 	adc	a, #0x00
    0000006A 67               [ 4]  143 	ld	h, a
    0000006B 7E               [ 7]  144 	ld	a, (hl)
    0000006C 12               [ 7]  145 	ld	(de), a
                                    146 ;C:/Users/franc/Documents/Projets/Perso/GameBoyProjects/CrossZGB/common/src/Sprite.c:27: sprite->first_tile_H = spriteIdxsH[sprite_type];
    0000006D 21 0B 00         [10]  147 	ld	hl, #0x000b
    00000070 09               [11]  148 	add	hl, bc
    00000071 EB               [ 4]  149 	ex	de, hl
    00000072 3Er00            [ 7]  150 	ld	a, #<(_spriteIdxsH)
    00000074 DD 86 04         [19]  151 	add	a, 4 (ix)
    00000077 6F               [ 4]  152 	ld	l, a
    00000078 3Es00            [ 7]  153 	ld	a, #>(_spriteIdxsH)
    0000007A CE 00            [ 7]  154 	adc	a, #0x00
    0000007C 67               [ 4]  155 	ld	h, a
    0000007D 7E               [ 7]  156 	ld	a, (hl)
    0000007E 12               [ 7]  157 	ld	(de), a
                                    158 ;C:/Users/franc/Documents/Projets/Perso/GameBoyProjects/CrossZGB/common/src/Sprite.c:28: sprite->first_tile_V = spriteIdxsV[sprite_type];
    0000007F 21 0C 00         [10]  159 	ld	hl, #0x000c
    00000082 09               [11]  160 	add	hl, bc
    00000083 EB               [ 4]  161 	ex	de, hl
    00000084 3Er00            [ 7]  162 	ld	a, #<(_spriteIdxsV)
    00000086 DD 86 04         [19]  163 	add	a, 4 (ix)
    00000089 6F               [ 4]  164 	ld	l, a
    0000008A 3Es00            [ 7]  165 	ld	a, #>(_spriteIdxsV)
    0000008C CE 00            [ 7]  166 	adc	a, #0x00
    0000008E 67               [ 4]  167 	ld	h, a
    0000008F 7E               [ 7]  168 	ld	a, (hl)
    00000090 12               [ 7]  169 	ld	(de), a
                                    170 ;C:/Users/franc/Documents/Projets/Perso/GameBoyProjects/CrossZGB/common/src/Sprite.c:29: sprite->first_tile_HV = spriteIdxsHV[sprite_type];
    00000091 21 0D 00         [10]  171 	ld	hl, #0x000d
    00000094 09               [11]  172 	add	hl, bc
    00000095 EB               [ 4]  173 	ex	de, hl
    00000096 3Er00            [ 7]  174 	ld	a, #<(_spriteIdxsHV)
    00000098 DD 86 04         [19]  175 	add	a, 4 (ix)
    0000009B 6F               [ 4]  176 	ld	l, a
    0000009C 3Es00            [ 7]  177 	ld	a, #>(_spriteIdxsHV)
    0000009E CE 00            [ 7]  178 	adc	a, #0x00
    000000A0 67               [ 4]  179 	ld	h, a
    000000A1 7E               [ 7]  180 	ld	a, (hl)
    000000A2 12               [ 7]  181 	ld	(de), a
                                    182 ;C:/Users/franc/Documents/Projets/Perso/GameBoyProjects/CrossZGB/common/src/Sprite.c:33: sprite->attr_add = 0;
    000000A3 21 0E 00         [10]  183 	ld	hl, #0x000e
    000000A6 09               [11]  184 	add	hl, bc
    000000A7 36 00            [10]  185 	ld	(hl), #0x00
                                    186 ;C:/Users/franc/Documents/Projets/Perso/GameBoyProjects/CrossZGB/common/src/Sprite.c:36: sprite->anim_data = NULL;	
    000000A9 21 0F 00         [10]  187 	ld	hl, #0x000f
    000000AC 09               [11]  188 	add	hl, bc
    000000AD AF               [ 4]  189 	xor	a, a
    000000AE 77               [ 7]  190 	ld	(hl), a
    000000AF 23               [ 6]  191 	inc	hl
    000000B0 77               [ 7]  192 	ld	(hl), a
                                    193 ;C:/Users/franc/Documents/Projets/Perso/GameBoyProjects/CrossZGB/common/src/Sprite.c:37: sprite->anim_speed = 33u;
    000000B1 21 12 00         [10]  194 	ld	hl, #0x0012
    000000B4 09               [11]  195 	add	hl, bc
    000000B5 36 21            [10]  196 	ld	(hl), #0x21
                                    197 ;C:/Users/franc/Documents/Projets/Perso/GameBoyProjects/CrossZGB/common/include/Sprite.h:81: sprite->mt_sprite = GetSpriteAnimation(sprite, frame);
    000000B7 21 14 00         [10]  198 	ld	hl, #0x0014
    000000BA 09               [11]  199 	add	hl, bc
    000000BB E5               [11]  200 	push	hl
    000000BC C5               [11]  201 	push	bc
    000000BD 11 00 00         [10]  202 	ld	de, #0x0000
    000000C0 69               [ 4]  203 	ld	l, c
    000000C1 60               [ 4]  204 	ld	h, b
    000000C2 CDr00r00         [17]  205 	call	_GetSpriteAnimation
    000000C5 C1               [10]  206 	pop	bc
    000000C6 E1               [10]  207 	pop	hl
    000000C7 73               [ 7]  208 	ld	(hl), e
    000000C8 23               [ 6]  209 	inc	hl
    000000C9 72               [ 7]  210 	ld	(hl), d
                                    211 ;C:/Users/franc/Documents/Projets/Perso/GameBoyProjects/CrossZGB/common/include/Sprite.h:82: sprite->anim_frame = frame;
    000000CA 21 13 00         [10]  212 	ld	hl, #0x0013
    000000CD 09               [11]  213 	add	hl, bc
    000000CE 36 00            [10]  214 	ld	(hl), #0x00
                                    215 ;C:/Users/franc/Documents/Projets/Perso/GameBoyProjects/CrossZGB/common/src/Sprite.c:41: sprite->ctx = NULL;
    000000D0 21 17 00         [10]  216 	ld	hl, #0x0017
    000000D3 09               [11]  217 	add	hl, bc
    000000D4 AF               [ 4]  218 	xor	a, a
    000000D5 77               [ 7]  219 	ld	(hl), a
    000000D6 23               [ 6]  220 	inc	hl
    000000D7 77               [ 7]  221 	ld	(hl), a
                                    222 ;C:/Users/franc/Documents/Projets/Perso/GameBoyProjects/CrossZGB/common/src/Sprite.c:43: sprite->x = 0;
    000000D8 69               [ 4]  223 	ld	l, c
    000000D9 60               [ 4]  224 	ld	h, b
    000000DA AF               [ 4]  225 	xor	a, a
    000000DB 77               [ 7]  226 	ld	(hl), a
    000000DC 23               [ 6]  227 	inc	hl
    000000DD 77               [ 7]  228 	ld	(hl), a
                                    229 ;C:/Users/franc/Documents/Projets/Perso/GameBoyProjects/CrossZGB/common/src/Sprite.c:44: sprite->y = 0;
    000000DE 59               [ 4]  230 	ld	e, c
    000000DF 50               [ 4]  231 	ld	d, b
    000000E0 13               [ 6]  232 	inc	de
    000000E1 13               [ 6]  233 	inc	de
    000000E2 AF               [ 4]  234 	xor	a, a
    000000E3 12               [ 7]  235 	ld	(de), a
    000000E4 13               [ 6]  236 	inc	de
    000000E5 12               [ 7]  237 	ld	(de), a
                                    238 ;C:/Users/franc/Documents/Projets/Perso/GameBoyProjects/CrossZGB/common/src/Sprite.c:46: sprite->coll_group = COLL_GROUP_DEFAULT;
    000000E6 21 22 00         [10]  239 	ld	hl, #0x0022
    000000E9 09               [11]  240 	add	hl, bc
    000000EA 36 01            [10]  241 	ld	(hl), #0x01
                                    242 ;C:/Users/franc/Documents/Projets/Perso/GameBoyProjects/CrossZGB/common/src/Sprite.c:47: sprite->coll_group_down = COLL_GROUP_DOWN;
    000000EC 21 23 00         [10]  243 	ld	hl, #0x0023
    000000EF 09               [11]  244 	add	hl, bc
    000000F0 36 80            [10]  245 	ld	(hl), #0x80
                                    246 ;C:/Users/franc/Documents/Projets/Perso/GameBoyProjects/CrossZGB/common/include/Sprite.h:100: sprite->visible = (visible);
    000000F2 21 21 00         [10]  247 	ld	hl, #0x0021
    000000F5 09               [11]  248 	add	hl, bc
    000000F6 CB C6            [15]  249 	set	0, (hl)
                                    250 ;C:/Users/franc/Documents/Projets/Perso/GameBoyProjects/CrossZGB/common/include/Sprite.h:103: sprite->persistent = (persistent);
    000000F8 21 21 00         [10]  251 	ld	hl, #0x0021
    000000FB 09               [11]  252 	add	hl, bc
    000000FC CB 8E            [15]  253 	res	1, (hl)
                                    254 ;C:/Users/franc/Documents/Projets/Perso/GameBoyProjects/CrossZGB/common/include/Sprite.h:106: sprite->loop_anim = (loop_anim);
    000000FE 21 21 00         [10]  255 	ld	hl, #0x0021
    00000101 09               [11]  256 	add	hl, bc
    00000102 CB D6            [15]  257 	set	2, (hl)
                                    258 ;C:/Users/franc/Documents/Projets/Perso/GameBoyProjects/CrossZGB/common/src/Sprite.c:53: UINT8 __save = CURRENT_BANK;
    00000104 3A FE FF         [13]  259 	ld	a, (_MAP_FRAME1+0)
    00000107 DD 77 FF         [19]  260 	ld	-1 (ix), a
                                    261 ;C:/Users/franc/Documents/Projets/Perso/GameBoyProjects/CrossZGB/common/src/Sprite.c:54: SWITCH_ROM(spriteDataBanks[sprite_type]);
    0000010A D1               [10]  262 	pop	de
    0000010B E1               [10]  263 	pop	hl
    0000010C E5               [11]  264 	push	hl
    0000010D D5               [11]  265 	push	de
    0000010E 7E               [ 7]  266 	ld	a, (hl)
    0000010F 32 FE FF         [13]  267 	ld	(_MAP_FRAME1+0), a
                                    268 ;C:/Users/franc/Documents/Projets/Perso/GameBoyProjects/CrossZGB/common/src/Sprite.c:55: sprite->coll_w = mt_sprite_info->width;
    00000112 21 04 00         [10]  269 	ld	hl, #0x0004
    00000115 09               [11]  270 	add	hl, bc
    00000116 EB               [ 4]  271 	ex	de, hl
    00000117 E1               [10]  272 	pop	hl
    00000118 E5               [11]  273 	push	hl
    00000119 7E               [ 7]  274 	ld	a, (hl)
    0000011A 12               [ 7]  275 	ld	(de), a
                                    276 ;C:/Users/franc/Documents/Projets/Perso/GameBoyProjects/CrossZGB/common/src/Sprite.c:56: sprite->coll_h = mt_sprite_info->height;
    0000011B 21 05 00         [10]  277 	ld	hl, #0x0005
    0000011E 09               [11]  278 	add	hl, bc
    0000011F EB               [ 4]  279 	ex	de, hl
    00000120 E1               [10]  280 	pop	hl
    00000121 E5               [11]  281 	push	hl
    00000122 23               [ 6]  282 	inc	hl
    00000123 7E               [ 7]  283 	ld	a, (hl)
    00000124 12               [ 7]  284 	ld	(de), a
                                    285 ;C:/Users/franc/Documents/Projets/Perso/GameBoyProjects/CrossZGB/common/src/Sprite.c:57: SWITCH_ROM(__save);
    00000125 DD 7E FF         [19]  286 	ld	a, -1 (ix)
    00000128 32 FE FF         [13]  287 	ld	(_MAP_FRAME1+0), a
                                    288 ;C:/Users/franc/Documents/Projets/Perso/GameBoyProjects/CrossZGB/common/src/Sprite.c:58: }
    0000012B DD F9            [10]  289 	ld	sp, ix
    0000012D DD E1            [14]  290 	pop	ix
    0000012F E1               [10]  291 	pop	hl
    00000130 33               [ 6]  292 	inc	sp
    00000131 E9               [ 4]  293 	jp	(hl)
                                    294 ;C:/Users/franc/Documents/Projets/Perso/GameBoyProjects/CrossZGB/common/src/Sprite.c:60: void SetSpriteAnim(Sprite* sprite, const UINT8* data, UINT8 speed) {
                                    295 ;	---------------------------------
                                    296 ; Function SetSpriteAnim
                                    297 ; ---------------------------------
    00000132                        298 _SetSpriteAnim::
    00000132 DD E5            [15]  299 	push	ix
    00000134 DD 21 00 00      [14]  300 	ld	ix,#0
    00000138 DD 39            [15]  301 	add	ix,sp
    0000013A F5               [11]  302 	push	af
    0000013B 4D               [ 4]  303 	ld	c, l
    0000013C 44               [ 4]  304 	ld	b, h
                                    305 ;C:/Users/franc/Documents/Projets/Perso/GameBoyProjects/CrossZGB/common/src/Sprite.c:61: if (sprite->anim_data != data) {
    0000013D 21 0F 00         [10]  306 	ld	hl, #0x000f
    00000140 09               [11]  307 	add	hl, bc
    00000141 7E               [ 7]  308 	ld	a, (hl)
    00000142 DD 77 FE         [19]  309 	ld	-2 (ix), a
    00000145 23               [ 6]  310 	inc	hl
    00000146 7E               [ 7]  311 	ld	a, (hl)
    00000147 DD 77 FF         [19]  312 	ld	-1 (ix), a
    0000014A 2B               [ 6]  313 	dec	hl
    0000014B DD 7E FE         [19]  314 	ld	a, -2 (ix)
    0000014E 93               [ 4]  315 	sub	a, e
    0000014F 20 06            [12]  316 	jr	NZ, 00113$
    00000151 DD 7E FF         [19]  317 	ld	a, -1 (ix)
    00000154 92               [ 4]  318 	sub	a, d
    00000155 28 31            [12]  319 	jr	Z, 00104$
    00000157                        320 00113$:
                                    321 ;C:/Users/franc/Documents/Projets/Perso/GameBoyProjects/CrossZGB/common/src/Sprite.c:62: sprite->anim_data = (UINT8* )data;
    00000157 73               [ 7]  322 	ld	(hl), e
    00000158 23               [ 6]  323 	inc	hl
    00000159 72               [ 7]  324 	ld	(hl), d
                                    325 ;C:/Users/franc/Documents/Projets/Perso/GameBoyProjects/CrossZGB/common/src/Sprite.c:63: SetFrame(sprite, VECTOR_GET(data, 0));
    0000015A 13               [ 6]  326 	inc	de
    0000015B 1A               [ 7]  327 	ld	a, (de)
    0000015C DD 77 FF         [19]  328 	ld	-1 (ix), a
                                    329 ;C:/Users/franc/Documents/Projets/Perso/GameBoyProjects/CrossZGB/common/include/Sprite.h:81: sprite->mt_sprite = GetSpriteAnimation(sprite, frame);
    0000015F 21 14 00         [10]  330 	ld	hl, #0x0014
    00000162 09               [11]  331 	add	hl, bc
    00000163 DD 5E FF         [19]  332 	ld	e, -1 (ix)
    00000166 16 00            [ 7]  333 	ld	d, #0x00
    00000168 E5               [11]  334 	push	hl
    00000169 C5               [11]  335 	push	bc
    0000016A 69               [ 4]  336 	ld	l, c
    0000016B 60               [ 4]  337 	ld	h, b
    0000016C CDr00r00         [17]  338 	call	_GetSpriteAnimation
    0000016F C1               [10]  339 	pop	bc
    00000170 E1               [10]  340 	pop	hl
    00000171 73               [ 7]  341 	ld	(hl), e
    00000172 23               [ 6]  342 	inc	hl
    00000173 72               [ 7]  343 	ld	(hl), d
                                    344 ;C:/Users/franc/Documents/Projets/Perso/GameBoyProjects/CrossZGB/common/include/Sprite.h:82: sprite->anim_frame = frame;
    00000174 21 13 00         [10]  345 	ld	hl, #0x0013
    00000177 09               [11]  346 	add	hl, bc
                                    347 ;C:/Users/franc/Documents/Projets/Perso/GameBoyProjects/CrossZGB/common/src/Sprite.c:64: sprite->anim_frame = 0;
    00000178 36 00            [10]  348 	ld	(hl), #0x00
                                    349 ;C:/Users/franc/Documents/Projets/Perso/GameBoyProjects/CrossZGB/common/src/Sprite.c:65: sprite->anim_accum_ticks = 0;
    0000017A 21 11 00         [10]  350 	ld	hl, #0x0011
    0000017D 09               [11]  351 	add	hl, bc
    0000017E 36 00            [10]  352 	ld	(hl), #0x00
                                    353 ;C:/Users/franc/Documents/Projets/Perso/GameBoyProjects/CrossZGB/common/src/Sprite.c:66: sprite->anim_speed = speed;
    00000180 21 12 00         [10]  354 	ld	hl, #0x0012
    00000183 09               [11]  355 	add	hl, bc
    00000184 DD 7E 04         [19]  356 	ld	a, 4 (ix)
    00000187 77               [ 7]  357 	ld	(hl), a
    00000188                        358 00104$:
                                    359 ;C:/Users/franc/Documents/Projets/Perso/GameBoyProjects/CrossZGB/common/src/Sprite.c:68: }
    00000188 DD F9            [10]  360 	ld	sp, ix
    0000018A DD E1            [14]  361 	pop	ix
    0000018C E1               [10]  362 	pop	hl
    0000018D 33               [ 6]  363 	inc	sp
    0000018E E9               [ 4]  364 	jp	(hl)
                                    365 ;C:/Users/franc/Documents/Projets/Perso/GameBoyProjects/CrossZGB/common/src/Sprite.c:72: void DrawSprite(void) {
                                    366 ;	---------------------------------
                                    367 ; Function DrawSprite
                                    368 ; ---------------------------------
    0000018F                        369 _DrawSprite::
    0000018F DD E5            [15]  370 	push	ix
    00000191 DD 21 00 00      [14]  371 	ld	ix,#0
    00000195 DD 39            [15]  372 	add	ix,sp
    00000197 21 F0 FF         [10]  373 	ld	hl, #-16
    0000019A 39               [11]  374 	add	hl, sp
    0000019B F9               [ 6]  375 	ld	sp, hl
                                    376 ;C:/Users/franc/Documents/Projets/Perso/GameBoyProjects/CrossZGB/common/src/Sprite.c:74: screen_x = THIS->x - scroll_x;
    0000019C 2Ar00r00         [16]  377 	ld	hl, (_THIS)
    0000019F 4E               [ 7]  378 	ld	c, (hl)
    000001A0 23               [ 6]  379 	inc	hl
    000001A1 46               [ 7]  380 	ld	b, (hl)
    000001A2 ED 5Br00r00      [20]  381 	ld	de, (_scroll_x)
    000001A6 21r00r00         [10]  382 	ld	hl, #_DrawSprite_screen_x_10000_256
    000001A9 79               [ 4]  383 	ld	a, c
    000001AA 93               [ 4]  384 	sub	a, e
    000001AB 77               [ 7]  385 	ld	(hl), a
    000001AC 23               [ 6]  386 	inc	hl
    000001AD 78               [ 4]  387 	ld	a, b
    000001AE 9A               [ 4]  388 	sbc	a, d
    000001AF 77               [ 7]  389 	ld	(hl), a
                                    390 ;C:/Users/franc/Documents/Projets/Perso/GameBoyProjects/CrossZGB/common/src/Sprite.c:75: screen_y = THIS->y - scroll_y;
    000001B0 2Ar00r00         [16]  391 	ld	hl, (_THIS)
    000001B3 DD 75 FE         [19]  392 	ld	-2 (ix), l
    000001B6 DD 74 FF         [19]  393 	ld	-1 (ix), h
    000001B9 23               [ 6]  394 	inc	hl
    000001BA 23               [ 6]  395 	inc	hl
    000001BB 4E               [ 7]  396 	ld	c, (hl)
    000001BC 23               [ 6]  397 	inc	hl
    000001BD 46               [ 7]  398 	ld	b, (hl)
    000001BE ED 5Br00r00      [20]  399 	ld	de, (_scroll_y)
    000001C2 21r02r00         [10]  400 	ld	hl, #_DrawSprite_screen_y_10000_256
    000001C5 79               [ 4]  401 	ld	a, c
    000001C6 93               [ 4]  402 	sub	a, e
    000001C7 77               [ 7]  403 	ld	(hl), a
    000001C8 23               [ 6]  404 	inc	hl
    000001C9 78               [ 4]  405 	ld	a, b
    000001CA 9A               [ 4]  406 	sbc	a, d
    000001CB 77               [ 7]  407 	ld	(hl), a
                                    408 ;C:/Users/franc/Documents/Projets/Perso/GameBoyProjects/CrossZGB/common/src/Sprite.c:78: if (THIS->anim_data) {
    000001CC DD 4E FE         [19]  409 	ld	c, -2 (ix)
    000001CF DD 46 FF         [19]  410 	ld	b, -1 (ix)
    000001D2 21 0F 00         [10]  411 	ld	hl, #15
    000001D5 09               [11]  412 	add	hl, bc
    000001D6 7E               [ 7]  413 	ld	a, (hl)
    000001D7 23               [ 6]  414 	inc	hl
    000001D8 B6               [ 7]  415 	or	a, (hl)
    000001D9 CAr79r02         [10]  416 	jp	Z, 00109$
                                    417 ;C:/Users/franc/Documents/Projets/Perso/GameBoyProjects/CrossZGB/common/src/Sprite.c:79: THIS->anim_accum_ticks += (THIS->anim_speed << delta_time);
    000001DC DD 7E FE         [19]  418 	ld	a, -2 (ix)
    000001DF C6 11            [ 7]  419 	add	a, #0x11
    000001E1 5F               [ 4]  420 	ld	e, a
    000001E2 DD 7E FF         [19]  421 	ld	a, -1 (ix)
    000001E5 CE 00            [ 7]  422 	adc	a, #0x00
    000001E7 57               [ 4]  423 	ld	d, a
    000001E8 1A               [ 7]  424 	ld	a, (de)
    000001E9 DD 4E FE         [19]  425 	ld	c, -2 (ix)
    000001EC DD 46 FF         [19]  426 	ld	b, -1 (ix)
    000001EF 21 12 00         [10]  427 	ld	hl, #18
    000001F2 09               [11]  428 	add	hl, bc
    000001F3 4E               [ 7]  429 	ld	c, (hl)
    000001F4 FD 21r00r00      [14]  430 	ld	iy, #_delta_time
    000001F8 FD 46 00         [19]  431 	ld	b, 0 (iy)
    000001FB 04               [ 4]  432 	inc	b
    000001FC 18 02            [12]  433 	jr	00220$
    000001FE                        434 00219$:
    000001FE CB 21            [ 8]  435 	sla	c
    00000200                        436 00220$:
    00000200 10 FC            [13]  437 	djnz	00219$
    00000202 81               [ 4]  438 	add	a, c
    00000203 12               [ 7]  439 	ld	(de), a
                                    440 ;C:/Users/franc/Documents/Projets/Perso/GameBoyProjects/CrossZGB/common/src/Sprite.c:75: screen_y = THIS->y - scroll_y;
    00000204 2Ar00r00         [16]  441 	ld	hl, (_THIS)
                                    442 ;C:/Users/franc/Documents/Projets/Perso/GameBoyProjects/CrossZGB/common/src/Sprite.c:79: THIS->anim_accum_ticks += (THIS->anim_speed << delta_time);
    00000207 01 11 00         [10]  443 	ld	bc, #0x0011
    0000020A 09               [11]  444 	add	hl, bc
    0000020B 7E               [ 7]  445 	ld	a, (hl)
                                    446 ;C:/Users/franc/Documents/Projets/Perso/GameBoyProjects/CrossZGB/common/src/Sprite.c:80: if (THIS->anim_accum_ticks >= 100u) {
    0000020C FE 64            [ 7]  447 	cp	a, #0x64
    0000020E 38 69            [12]  448 	jr	C, 00109$
                                    449 ;C:/Users/franc/Documents/Projets/Perso/GameBoyProjects/CrossZGB/common/src/Sprite.c:81: THIS->anim_accum_ticks -= 100u;
    00000210 C6 9C            [ 7]  450 	add	a, #0x9c
    00000212 77               [ 7]  451 	ld	(hl), a
                                    452 ;C:/Users/franc/Documents/Projets/Perso/GameBoyProjects/CrossZGB/common/src/Sprite.c:83: if (++THIS->anim_frame >= VECTOR_LEN(THIS->anim_data)) {
    00000213 2Ar00r00         [16]  453 	ld	hl, (_THIS)
    00000216 01 13 00         [10]  454 	ld	bc, #0x0013
    00000219 09               [11]  455 	add	hl, bc
    0000021A 34               [11]  456 	inc	(hl)
    0000021B 5E               [ 7]  457 	ld	e, (hl)
                                    458 ;C:/Users/franc/Documents/Projets/Perso/GameBoyProjects/CrossZGB/common/src/Sprite.c:75: screen_y = THIS->y - scroll_y;
    0000021C ED 4Br00r00      [20]  459 	ld	bc, (_THIS)
                                    460 ;C:/Users/franc/Documents/Projets/Perso/GameBoyProjects/CrossZGB/common/src/Sprite.c:83: if (++THIS->anim_frame >= VECTOR_LEN(THIS->anim_data)) {
    00000220 C5               [11]  461 	push	bc
    00000221 FD E1            [14]  462 	pop	iy
    00000223 FD 6E 0F         [19]  463 	ld	l, 15 (iy)
    00000226 FD 66 10         [19]  464 	ld	h, 16 (iy)
    00000229 7B               [ 4]  465 	ld	a, e
    0000022A 96               [ 7]  466 	sub	a, (hl)
    0000022B 38 1A            [12]  467 	jr	C, 00105$
                                    468 ;C:/Users/franc/Documents/Projets/Perso/GameBoyProjects/CrossZGB/common/src/Sprite.c:84: if (THIS->loop_anim) {
    0000022D 59               [ 4]  469 	ld	e, c
    0000022E 50               [ 4]  470 	ld	d, b
    0000022F 21 21 00         [10]  471 	ld	hl, #33
    00000232 19               [11]  472 	add	hl, de
    00000233 7E               [ 7]  473 	ld	a, (hl)
    00000234 0F               [ 4]  474 	rrca
    00000235 0F               [ 4]  475 	rrca
    00000236 E6 01            [ 7]  476 	and	a, #0x01
    00000238 5F               [ 4]  477 	ld	e, a
                                    478 ;C:/Users/franc/Documents/Projets/Perso/GameBoyProjects/CrossZGB/common/src/Sprite.c:85: THIS->anim_frame = 0;
    00000239 21 13 00         [10]  479 	ld	hl, #0x0013
    0000023C 09               [11]  480 	add	hl, bc
                                    481 ;C:/Users/franc/Documents/Projets/Perso/GameBoyProjects/CrossZGB/common/src/Sprite.c:84: if (THIS->loop_anim) {
    0000023D 7B               [ 4]  482 	ld	a, e
    0000023E B7               [ 4]  483 	or	a, a
    0000023F 28 04            [12]  484 	jr	Z, 00102$
                                    485 ;C:/Users/franc/Documents/Projets/Perso/GameBoyProjects/CrossZGB/common/src/Sprite.c:85: THIS->anim_frame = 0;
    00000241 36 00            [10]  486 	ld	(hl), #0x00
    00000243 18 02            [12]  487 	jr	00105$
    00000245                        488 00102$:
                                    489 ;C:/Users/franc/Documents/Projets/Perso/GameBoyProjects/CrossZGB/common/src/Sprite.c:87: --THIS->anim_frame;
    00000245 35               [11]  490 	dec	(hl)
    00000246 7E               [ 7]  491 	ld	a, (hl)
    00000247                        492 00105$:
                                    493 ;C:/Users/franc/Documents/Projets/Perso/GameBoyProjects/CrossZGB/common/src/Sprite.c:75: screen_y = THIS->y - scroll_y;
    00000247 ED 5Br00r00      [20]  494 	ld	de, (_THIS)
                                    495 ;C:/Users/franc/Documents/Projets/Perso/GameBoyProjects/CrossZGB/common/src/Sprite.c:90: THIS->mt_sprite = GetSpriteAnimation(THIS, VECTOR_GET(THIS->anim_data, THIS->anim_frame));
    0000024B 21 14 00         [10]  496 	ld	hl, #0x0014
    0000024E 19               [11]  497 	add	hl, de
    0000024F DD 75 FE         [19]  498 	ld	-2 (ix), l
    00000252 DD 74 FF         [19]  499 	ld	-1 (ix), h
    00000255 4B               [ 4]  500 	ld	c, e
    00000256 42               [ 4]  501 	ld	b, d
    00000257 21 0F 00         [10]  502 	ld	hl, #15
    0000025A 09               [11]  503 	add	hl, bc
    0000025B 4E               [ 7]  504 	ld	c, (hl)
    0000025C 23               [ 6]  505 	inc	hl
    0000025D 46               [ 7]  506 	ld	b, (hl)
    0000025E 21 13 00         [10]  507 	ld	hl, #19
    00000261 19               [11]  508 	add	hl, de
    00000262 6E               [ 7]  509 	ld	l, (hl)
    00000263 26 00            [ 7]  510 	ld	h, #0x00
    00000265 23               [ 6]  511 	inc	hl
    00000266 09               [11]  512 	add	hl, bc
    00000267 5E               [ 7]  513 	ld	e, (hl)
    00000268 16 00            [ 7]  514 	ld	d, #0x00
    0000026A 2Ar00r00         [16]  515 	ld	hl, (_THIS)
    0000026D CDr00r00         [17]  516 	call	_GetSpriteAnimation
    00000270 DD 6E FE         [19]  517 	ld	l, -2 (ix)
    00000273 DD 66 FF         [19]  518 	ld	h, -1 (ix)
    00000276 73               [ 7]  519 	ld	(hl), e
    00000277 23               [ 6]  520 	inc	hl
    00000278 72               [ 7]  521 	ld	(hl), d
    00000279                        522 00109$:
                                    523 ;C:/Users/franc/Documents/Projets/Perso/GameBoyProjects/CrossZGB/common/src/Sprite.c:75: screen_y = THIS->y - scroll_y;
    00000279 ED 5Br00r00      [20]  524 	ld	de, (_THIS)
                                    525 ;C:/Users/franc/Documents/Projets/Perso/GameBoyProjects/CrossZGB/common/src/Sprite.c:96: (THIS->visible) &&
    0000027D 4B               [ 4]  526 	ld	c, e
    0000027E 42               [ 4]  527 	ld	b, d
    0000027F 21 21 00         [10]  528 	ld	hl, #33
    00000282 09               [11]  529 	add	hl, bc
    00000283 7E               [ 7]  530 	ld	a, (hl)
    00000284 E6 01            [ 7]  531 	and	a, #0x01
    00000286 CArC0r04         [10]  532 	jp	Z, 00121$
                                    533 ;C:/Users/franc/Documents/Projets/Perso/GameBoyProjects/CrossZGB/common/src/Sprite.c:98: ((UINT16)(screen_x + MAXIMUM_SPRITES_SIZE) < (UINT16)(DEVICE_SCREEN_PX_WIDTH + (MAXIMUM_SPRITES_SIZE << 1))) &&
    00000289 2Ar00r00         [16]  534 	ld	hl, (_DrawSprite_screen_x_10000_256)
    0000028C 01 20 00         [10]  535 	ld	bc, #0x0020
    0000028F 09               [11]  536 	add	hl, bc
    00000290 7D               [ 4]  537 	ld	a, l
    00000291 D6 E0            [ 7]  538 	sub	a, #0xe0
    00000293 7C               [ 4]  539 	ld	a, h
    00000294 DE 00            [ 7]  540 	sbc	a, #0x00
    00000296 D2rC0r04         [10]  541 	jp	NC, 00121$
                                    542 ;C:/Users/franc/Documents/Projets/Perso/GameBoyProjects/CrossZGB/common/src/Sprite.c:99: ((UINT16)(screen_y + MAXIMUM_SPRITES_SIZE) < (UINT16)(DEVICE_SCREEN_PX_HEIGHT + (MAXIMUM_SPRITES_SIZE << 1)))
    00000299 2Ar02r00         [16]  543 	ld	hl, (_DrawSprite_screen_y_10000_256)
    0000029C 01 20 00         [10]  544 	ld	bc, #0x0020
    0000029F 09               [11]  545 	add	hl, bc
    000002A0 7D               [ 4]  546 	ld	a, l
    000002A1 D6 D0            [ 7]  547 	sub	a, #0xd0
    000002A3 7C               [ 4]  548 	ld	a, h
    000002A4 DE 00            [ 7]  549 	sbc	a, #0x00
    000002A6 D2rC0r04         [10]  550 	jp	NC, 00121$
                                    551 ;C:/Users/franc/Documents/Projets/Perso/GameBoyProjects/CrossZGB/common/src/Sprite.c:103: screen_x += (DEVICE_SPRITE_PX_OFFSET_X + SCREEN_SPR_OFFSET_X);
    000002A9 21r00r00         [10]  552 	ld	hl, #_DrawSprite_screen_x_10000_256
    000002AC 7E               [ 7]  553 	ld	a, (hl)
    000002AD C6 30            [ 7]  554 	add	a, #0x30
    000002AF 77               [ 7]  555 	ld	(hl), a
    000002B0 30 02            [12]  556 	jr	NC, 00221$
    000002B2 23               [ 6]  557 	inc	hl
    000002B3 34               [11]  558 	inc	(hl)
    000002B4                        559 00221$:
                                    560 ;C:/Users/franc/Documents/Projets/Perso/GameBoyProjects/CrossZGB/common/src/Sprite.c:104: screen_y += DEVICE_SPRITE_PX_OFFSET_Y;
    000002B4 21r02r00         [10]  561 	ld	hl, #_DrawSprite_screen_y_10000_256
    000002B7 7E               [ 7]  562 	ld	a, (hl)
    000002B8 C6 17            [ 7]  563 	add	a, #0x17
    000002BA 77               [ 7]  564 	ld	(hl), a
    000002BB 30 02            [12]  565 	jr	NC, 00222$
    000002BD 23               [ 6]  566 	inc	hl
    000002BE 34               [11]  567 	inc	(hl)
    000002BF                        568 00222$:
                                    569 ;C:/Users/franc/Documents/Projets/Perso/GameBoyProjects/CrossZGB/common/src/Sprite.c:107: UINT8 __save = CURRENT_BANK;
    000002BF 3A FE FF         [13]  570 	ld	a, (_MAP_FRAME1+0)
    000002C2 DD 77 F0         [19]  571 	ld	-16 (ix), a
                                    572 ;C:/Users/franc/Documents/Projets/Perso/GameBoyProjects/CrossZGB/common/src/Sprite.c:75: screen_y = THIS->y - scroll_y;
    000002C5 2Ar00r00         [16]  573 	ld	hl, (_THIS)
                                    574 ;C:/Users/franc/Documents/Projets/Perso/GameBoyProjects/CrossZGB/common/src/Sprite.c:108: SWITCH_ROM(THIS->mt_sprite_bank);
    000002C8 DD 75 F1         [19]  575 	ld	-15 (ix), l
    000002CB DD 74 F2         [19]  576 	ld	-14 (ix), h
    000002CE 01 06 00         [10]  577 	ld	bc, #6
    000002D1 09               [11]  578 	add	hl, bc
    000002D2 7E               [ 7]  579 	ld	a, (hl)
    000002D3 32 FE FF         [13]  580 	ld	(_MAP_FRAME1+0), a
                                    581 ;C:/Users/franc/Documents/Projets/Perso/GameBoyProjects/CrossZGB/common/src/Sprite.c:109: switch(THIS->mirror) {
    000002D6 DD 4E F1         [19]  582 	ld	c, -15 (ix)
    000002D9 DD 46 F2         [19]  583 	ld	b, -14 (ix)
    000002DC 21 16 00         [10]  584 	ld	hl, #22
    000002DF 09               [11]  585 	add	hl, bc
    000002E0 7E               [ 7]  586 	ld	a, (hl)
    000002E1 DD 77 F3         [19]  587 	ld	-13 (ix), a
    000002E4 3E 04            [ 7]  588 	ld	a, #0x04
    000002E6 DD 96 F3         [19]  589 	sub	a, -13 (ix)
    000002E9 DArB8r04         [10]  590 	jp	C, 00115$
                                    591 ;C:/Users/franc/Documents/Projets/Perso/GameBoyProjects/CrossZGB/common/src/Sprite.c:110: case NO_MIRROR: next_oam_idx += move_metasprite_ex    (THIS->mt_sprite, THIS->first_tile,    THIS->attr_add, next_oam_idx, screen_x,                screen_y               ); break;
    000002EC 2Ar02r00         [16]  592 	ld	hl, (_DrawSprite_screen_y_10000_256)
    000002EF DD 75 F4         [19]  593 	ld	-12 (ix), l
    000002F2 DD 74 F5         [19]  594 	ld	-11 (ix), h
    000002F5 ED 5Br00r00      [20]  595 	ld	de, (_DrawSprite_screen_x_10000_256)
    000002F9 3Ar00r00         [13]  596 	ld	a, (_next_oam_idx+0)
    000002FC DD 77 F6         [19]  597 	ld	-10 (ix), a
                                    598 ;c:\users\franc\documents\projets\perso\gameboyprojects\gbdk\include\sms\metasprites.h:151: return __move_metasprite_flipy(base_sprite, x, y - ((__READ_VDP_REG(VDP_R1) & R1_SPR_8X16) ? 16 : 8) );
    000002FF 3Ar00r00         [13]  599 	ld	a, (_shadow_VDP_R1)
    00000302 6F               [ 4]  600 	ld	l, a
                                    601 ;C:/Users/franc/Documents/Projets/Perso/GameBoyProjects/CrossZGB/common/src/Sprite.c:90: THIS->mt_sprite = GetSpriteAnimation(THIS, VECTOR_GET(THIS->anim_data, THIS->anim_frame));
    00000303 DD 4E F1         [19]  602 	ld	c, -15 (ix)
    00000306 DD 46 F2         [19]  603 	ld	b, -14 (ix)
                                    604 ;C:/Users/franc/Documents/Projets/Perso/GameBoyProjects/CrossZGB/common/src/Sprite.c:111: case H_MIRROR:  next_oam_idx += move_metasprite_flipy (THIS->mt_sprite, THIS->first_tile_H,  THIS->attr_add, next_oam_idx, screen_x,                screen_y + THIS->coll_h); break;
    00000309 DD 7E F1         [19]  605 	ld	a, -15 (ix)
    0000030C C6 05            [ 7]  606 	add	a, #0x05
    0000030E DD 77 F7         [19]  607 	ld	-9 (ix), a
    00000311 DD 7E F2         [19]  608 	ld	a, -14 (ix)
    00000314 CE 00            [ 7]  609 	adc	a, #0x00
    00000316 DD 77 F8         [19]  610 	ld	-8 (ix), a
                                    611 ;c:\users\franc\documents\projets\perso\gameboyprojects\gbdk\include\sms\metasprites.h:151: return __move_metasprite_flipy(base_sprite, x, y - ((__READ_VDP_REG(VDP_R1) & R1_SPR_8X16) ? 16 : 8) );
    00000319 7D               [ 4]  612 	ld	a, l
    0000031A E6 02            [ 7]  613 	and	a, #0x02
    0000031C DD 77 F9         [19]  614 	ld	-7 (ix), a
                                    615 ;C:/Users/franc/Documents/Projets/Perso/GameBoyProjects/CrossZGB/common/src/Sprite.c:112: case V_MIRROR:  next_oam_idx += move_metasprite_flipx (THIS->mt_sprite, THIS->first_tile_V,  THIS->attr_add, next_oam_idx, screen_x + THIS->coll_w, screen_y               ); break;
    0000031F DD 7E F1         [19]  616 	ld	a, -15 (ix)
    00000322 C6 04            [ 7]  617 	add	a, #0x04
    00000324 DD 77 FA         [19]  618 	ld	-6 (ix), a
    00000327 DD 7E F2         [19]  619 	ld	a, -14 (ix)
    0000032A CE 00            [ 7]  620 	adc	a, #0x00
    0000032C DD 77 FB         [19]  621 	ld	-5 (ix), a
                                    622 ;C:/Users/franc/Documents/Projets/Perso/GameBoyProjects/CrossZGB/common/src/Sprite.c:110: case NO_MIRROR: next_oam_idx += move_metasprite_ex    (THIS->mt_sprite, THIS->first_tile,    THIS->attr_add, next_oam_idx, screen_x,                screen_y               ); break;
    0000032F 21 14 00         [10]  623 	ld	hl, #20
    00000332 09               [11]  624 	add	hl, bc
    00000333 7E               [ 7]  625 	ld	a, (hl)
    00000334 DD 77 FC         [19]  626 	ld	-4 (ix), a
    00000337 23               [ 6]  627 	inc	hl
    00000338 7E               [ 7]  628 	ld	a, (hl)
    00000339 DD 77 FD         [19]  629 	ld	-3 (ix), a
                                    630 ;c:\users\franc\documents\projets\perso\gameboyprojects\gbdk\include\sms\metasprites.h:83: __current_metasprite = metasprite;
    0000033C DD 7E FC         [19]  631 	ld	a, -4 (ix)
    0000033F DD 77 FE         [19]  632 	ld	-2 (ix), a
    00000342 DD 7E FD         [19]  633 	ld	a, -3 (ix)
    00000345 DD 77 FF         [19]  634 	ld	-1 (ix), a
                                    635 ;C:/Users/franc/Documents/Projets/Perso/GameBoyProjects/CrossZGB/common/src/Sprite.c:109: switch(THIS->mirror) {
    00000348 DD 4E F3         [19]  636 	ld	c, -13 (ix)
    0000034B 06 00            [ 7]  637 	ld	b, #0x00
    0000034D 21r57r03         [10]  638 	ld	hl, #00223$
    00000350 09               [11]  639 	add	hl, bc
    00000351 09               [11]  640 	add	hl, bc
    00000352 4E               [ 7]  641 	ld	c, (hl)
    00000353 23               [ 6]  642 	inc	hl
    00000354 66               [ 7]  643 	ld	h, (hl)
    00000355 69               [ 4]  644 	ld	l, c
    00000356 E9               [ 4]  645 	jp	(hl)
    00000357                        646 00223$:
    00000357r61r03                  647 	.dw	00110$
    00000359r8Fr03                  648 	.dw	00111$
    0000035Br01r04                  649 	.dw	00112$
    0000035Dr44r04                  650 	.dw	00114$
    0000035Fr44r04                  651 	.dw	00114$
                                    652 ;C:/Users/franc/Documents/Projets/Perso/GameBoyProjects/CrossZGB/common/src/Sprite.c:110: case NO_MIRROR: next_oam_idx += move_metasprite_ex    (THIS->mt_sprite, THIS->first_tile,    THIS->attr_add, next_oam_idx, screen_x,                screen_y               ); break;
    00000361                        653 00110$:
    00000361 DD 4E F4         [19]  654 	ld	c, -12 (ix)
    00000364 DD 46 F5         [19]  655 	ld	b, -11 (ix)
    00000367 DD 6E F1         [19]  656 	ld	l, -15 (ix)
    0000036A DD 66 F2         [19]  657 	ld	h, -14 (ix)
    0000036D C5               [11]  658 	push	bc
    0000036E 01 0A 00         [10]  659 	ld	bc, #0x000a
    00000371 09               [11]  660 	add	hl, bc
    00000372 C1               [10]  661 	pop	bc
    00000373 7E               [ 7]  662 	ld	a, (hl)
    00000374 32r00r00         [13]  663 	ld	(___current_base_tile+0), a
                                    664 ;c:\users\franc\documents\projets\perso\gameboyprojects\gbdk\include\sms\metasprites.h:83: __current_metasprite = metasprite;
    00000377 DD 6E FE         [19]  665 	ld	l, -2 (ix)
    0000037A DD 66 FF         [19]  666 	ld	h, -1 (ix)
    0000037D 22r00r00         [16]  667 	ld	(___current_metasprite), hl
                                    668 ;c:\users\franc\documents\projets\perso\gameboyprojects\gbdk\include\sms\metasprites.h:85: return __move_metasprite(base_sprite, x, y);
    00000380 C5               [11]  669 	push	bc
    00000381 DD 7E F6         [19]  670 	ld	a, -10 (ix)
    00000384 CDr00r00         [17]  671 	call	___move_metasprite
                                    672 ;C:/Users/franc/Documents/Projets/Perso/GameBoyProjects/CrossZGB/common/src/Sprite.c:110: case NO_MIRROR: next_oam_idx += move_metasprite_ex    (THIS->mt_sprite, THIS->first_tile,    THIS->attr_add, next_oam_idx, screen_x,                screen_y               ); break;
    00000387 21r00r00         [10]  673 	ld	hl, #_next_oam_idx
    0000038A 86               [ 7]  674 	add	a, (hl)
    0000038B 77               [ 7]  675 	ld	(hl), a
    0000038C C3rB8r04         [10]  676 	jp	00115$
                                    677 ;C:/Users/franc/Documents/Projets/Perso/GameBoyProjects/CrossZGB/common/src/Sprite.c:111: case H_MIRROR:  next_oam_idx += move_metasprite_flipy (THIS->mt_sprite, THIS->first_tile_H,  THIS->attr_add, next_oam_idx, screen_x,                screen_y + THIS->coll_h); break;
    0000038F                        678 00111$:
    0000038F DD 6E F7         [19]  679 	ld	l, -9 (ix)
    00000392 DD 66 F8         [19]  680 	ld	h, -8 (ix)
    00000395 4E               [ 7]  681 	ld	c, (hl)
    00000396 06 00            [ 7]  682 	ld	b, #0x00
    00000398 2Ar02r00         [16]  683 	ld	hl, (_DrawSprite_screen_y_10000_256)
    0000039B 09               [11]  684 	add	hl, bc
    0000039C DD 75 FA         [19]  685 	ld	-6 (ix), l
    0000039F DD 74 FB         [19]  686 	ld	-5 (ix), h
    000003A2 DD 73 FE         [19]  687 	ld	-2 (ix), e
    000003A5 DD 72 FF         [19]  688 	ld	-1 (ix), d
    000003A8 DD 4E F1         [19]  689 	ld	c, -15 (ix)
    000003AB DD 46 F2         [19]  690 	ld	b, -14 (ix)
    000003AE 21 0B 00         [10]  691 	ld	hl, #11
    000003B1 09               [11]  692 	add	hl, bc
    000003B2 7E               [ 7]  693 	ld	a, (hl)
    000003B3 32r00r00         [13]  694 	ld	(___current_base_tile+0), a
    000003B6 DD 6E FC         [19]  695 	ld	l, -4 (ix)
    000003B9 DD 66 FD         [19]  696 	ld	h, -3 (ix)
    000003BC DD 7E F6         [19]  697 	ld	a, -10 (ix)
    000003BF DD 77 FD         [19]  698 	ld	-3 (ix), a
                                    699 ;c:\users\franc\documents\projets\perso\gameboyprojects\gbdk\include\sms\metasprites.h:149: __current_metasprite = metasprite;
    000003C2 22r00r00         [16]  700 	ld	(___current_metasprite), hl
                                    701 ;c:\users\franc\documents\projets\perso\gameboyprojects\gbdk\include\sms\metasprites.h:151: return __move_metasprite_flipy(base_sprite, x, y - ((__READ_VDP_REG(VDP_R1) & R1_SPR_8X16) ? 16 : 8) );
    000003C5 DD 7E F9         [19]  702 	ld	a, -7 (ix)
    000003C8 B7               [ 4]  703 	or	a, a
    000003C9 28 0A            [12]  704 	jr	Z, 00131$
    000003CB DD 36 F8 10      [19]  705 	ld	-8 (ix), #0x10
    000003CF DD 36 F9 00      [19]  706 	ld	-7 (ix), #0
    000003D3 18 08            [12]  707 	jr	00132$
    000003D5                        708 00131$:
    000003D5 DD 36 F8 08      [19]  709 	ld	-8 (ix), #0x08
    000003D9 DD 36 F9 00      [19]  710 	ld	-7 (ix), #0
    000003DD                        711 00132$:
    000003DD DD 7E FA         [19]  712 	ld	a, -6 (ix)
    000003E0 DD 46 FB         [19]  713 	ld	b, -5 (ix)
    000003E3 DD 96 F8         [19]  714 	sub	a, -8 (ix)
    000003E6 4F               [ 4]  715 	ld	c, a
    000003E7 78               [ 4]  716 	ld	a, b
    000003E8 DD 9E F9         [19]  717 	sbc	a, -7 (ix)
    000003EB 47               [ 4]  718 	ld	b, a
    000003EC C5               [11]  719 	push	bc
    000003ED DD 5E FE         [19]  720 	ld	e, -2 (ix)
    000003F0 DD 56 FF         [19]  721 	ld	d, -1 (ix)
    000003F3 DD 7E FD         [19]  722 	ld	a, -3 (ix)
    000003F6 CDr00r00         [17]  723 	call	___move_metasprite_flipy
                                    724 ;C:/Users/franc/Documents/Projets/Perso/GameBoyProjects/CrossZGB/common/src/Sprite.c:111: case H_MIRROR:  next_oam_idx += move_metasprite_flipy (THIS->mt_sprite, THIS->first_tile_H,  THIS->attr_add, next_oam_idx, screen_x,                screen_y + THIS->coll_h); break;
    000003F9 21r00r00         [10]  725 	ld	hl, #_next_oam_idx
    000003FC 86               [ 7]  726 	add	a, (hl)
    000003FD 77               [ 7]  727 	ld	(hl), a
    000003FE C3rB8r04         [10]  728 	jp	00115$
                                    729 ;C:/Users/franc/Documents/Projets/Perso/GameBoyProjects/CrossZGB/common/src/Sprite.c:112: case V_MIRROR:  next_oam_idx += move_metasprite_flipx (THIS->mt_sprite, THIS->first_tile_V,  THIS->attr_add, next_oam_idx, screen_x + THIS->coll_w, screen_y               ); break;
    00000401                        730 00112$:
    00000401 DD 4E F4         [19]  731 	ld	c, -12 (ix)
    00000404 DD 46 F5         [19]  732 	ld	b, -11 (ix)
    00000407 DD 6E FA         [19]  733 	ld	l, -6 (ix)
    0000040A DD 66 FB         [19]  734 	ld	h, -5 (ix)
    0000040D 5E               [ 7]  735 	ld	e, (hl)
    0000040E 16 00            [ 7]  736 	ld	d, #0x00
    00000410 2Ar00r00         [16]  737 	ld	hl, (_DrawSprite_screen_x_10000_256)
    00000413 19               [11]  738 	add	hl, de
    00000414 EB               [ 4]  739 	ex	de, hl
    00000415 DD 6E F1         [19]  740 	ld	l, -15 (ix)
    00000418 DD 66 F2         [19]  741 	ld	h, -14 (ix)
    0000041B C5               [11]  742 	push	bc
    0000041C 01 0C 00         [10]  743 	ld	bc, #0x000c
    0000041F 09               [11]  744 	add	hl, bc
    00000420 C1               [10]  745 	pop	bc
    00000421 7E               [ 7]  746 	ld	a, (hl)
    00000422 32r00r00         [13]  747 	ld	(___current_base_tile+0), a
                                    748 ;c:\users\franc\documents\projets\perso\gameboyprojects\gbdk\include\sms\metasprites.h:120: __current_metasprite = metasprite;
    00000425 DD 6E FE         [19]  749 	ld	l, -2 (ix)
    00000428 DD 66 FF         [19]  750 	ld	h, -1 (ix)
    0000042B 22r00r00         [16]  751 	ld	(___current_metasprite), hl
                                    752 ;c:\users\franc\documents\projets\perso\gameboyprojects\gbdk\include\sms\metasprites.h:122: return __move_metasprite_flipx(base_sprite, x - 8, y);
    0000042E 7B               [ 4]  753 	ld	a, e
    0000042F C6 F8            [ 7]  754 	add	a, #0xf8
    00000431 5F               [ 4]  755 	ld	e, a
    00000432 7A               [ 4]  756 	ld	a, d
    00000433 CE FF            [ 7]  757 	adc	a, #0xff
    00000435 57               [ 4]  758 	ld	d, a
    00000436 C5               [11]  759 	push	bc
    00000437 DD 7E F6         [19]  760 	ld	a, -10 (ix)
    0000043A CDr00r00         [17]  761 	call	___move_metasprite_flipx
                                    762 ;C:/Users/franc/Documents/Projets/Perso/GameBoyProjects/CrossZGB/common/src/Sprite.c:112: case V_MIRROR:  next_oam_idx += move_metasprite_flipx (THIS->mt_sprite, THIS->first_tile_V,  THIS->attr_add, next_oam_idx, screen_x + THIS->coll_w, screen_y               ); break;
    0000043D 21r00r00         [10]  763 	ld	hl, #_next_oam_idx
    00000440 86               [ 7]  764 	add	a, (hl)
    00000441 77               [ 7]  765 	ld	(hl), a
    00000442 18 74            [12]  766 	jr	00115$
                                    767 ;C:/Users/franc/Documents/Projets/Perso/GameBoyProjects/CrossZGB/common/src/Sprite.c:114: case HV_MIRROR: next_oam_idx += move_metasprite_flipxy(THIS->mt_sprite, THIS->first_tile_HV, THIS->attr_add, next_oam_idx, screen_x + THIS->coll_w, screen_y + THIS->coll_h); break;
    00000444                        768 00114$:
    00000444 DD 6E F7         [19]  769 	ld	l, -9 (ix)
    00000447 DD 66 F8         [19]  770 	ld	h, -8 (ix)
    0000044A 4E               [ 7]  771 	ld	c, (hl)
    0000044B 06 00            [ 7]  772 	ld	b, #0x00
    0000044D 2Ar02r00         [16]  773 	ld	hl, (_DrawSprite_screen_y_10000_256)
    00000450 09               [11]  774 	add	hl, bc
    00000451 EB               [ 4]  775 	ex	de, hl
    00000452 DD 6E FA         [19]  776 	ld	l, -6 (ix)
    00000455 DD 66 FB         [19]  777 	ld	h, -5 (ix)
    00000458 4E               [ 7]  778 	ld	c, (hl)
    00000459 06 00            [ 7]  779 	ld	b, #0x00
    0000045B 2Ar00r00         [16]  780 	ld	hl, (_DrawSprite_screen_x_10000_256)
    0000045E 09               [11]  781 	add	hl, bc
    0000045F DD 75 FE         [19]  782 	ld	-2 (ix), l
    00000462 DD 74 FF         [19]  783 	ld	-1 (ix), h
    00000465 DD 4E F1         [19]  784 	ld	c, -15 (ix)
    00000468 DD 46 F2         [19]  785 	ld	b, -14 (ix)
    0000046B 21 0D 00         [10]  786 	ld	hl, #13
    0000046E 09               [11]  787 	add	hl, bc
    0000046F 7E               [ 7]  788 	ld	a, (hl)
    00000470 32r00r00         [13]  789 	ld	(___current_base_tile+0), a
    00000473 DD 6E FC         [19]  790 	ld	l, -4 (ix)
    00000476 DD 66 FD         [19]  791 	ld	h, -3 (ix)
    00000479 DD 4E F6         [19]  792 	ld	c, -10 (ix)
                                    793 ;c:\users\franc\documents\projets\perso\gameboyprojects\gbdk\include\sms\metasprites.h:178: __current_metasprite = metasprite;
    0000047C 22r00r00         [16]  794 	ld	(___current_metasprite), hl
                                    795 ;c:\users\franc\documents\projets\perso\gameboyprojects\gbdk\include\sms\metasprites.h:180: return __move_metasprite_flipxy(base_sprite, x - 8, y - ((__READ_VDP_REG(VDP_R1) & R1_SPR_8X16) ? 16 : 8));
    0000047F DD 7E F9         [19]  796 	ld	a, -7 (ix)
    00000482 B7               [ 4]  797 	or	a, a
    00000483 28 0A            [12]  798 	jr	Z, 00133$
    00000485 DD 36 FC 10      [19]  799 	ld	-4 (ix), #0x10
    00000489 DD 36 FD 00      [19]  800 	ld	-3 (ix), #0
    0000048D 18 08            [12]  801 	jr	00134$
    0000048F                        802 00133$:
    0000048F DD 36 FC 08      [19]  803 	ld	-4 (ix), #0x08
    00000493 DD 36 FD 00      [19]  804 	ld	-3 (ix), #0
    00000497                        805 00134$:
    00000497 7B               [ 4]  806 	ld	a, e
    00000498 DD 96 FC         [19]  807 	sub	a, -4 (ix)
    0000049B 6F               [ 4]  808 	ld	l, a
    0000049C 7A               [ 4]  809 	ld	a, d
    0000049D DD 9E FD         [19]  810 	sbc	a, -3 (ix)
    000004A0 67               [ 4]  811 	ld	h, a
    000004A1 DD 7E FE         [19]  812 	ld	a, -2 (ix)
    000004A4 DD 46 FF         [19]  813 	ld	b, -1 (ix)
    000004A7 C6 F8            [ 7]  814 	add	a, #0xf8
    000004A9 5F               [ 4]  815 	ld	e, a
    000004AA 78               [ 4]  816 	ld	a, b
    000004AB CE FF            [ 7]  817 	adc	a, #0xff
    000004AD E5               [11]  818 	push	hl
    000004AE 57               [ 4]  819 	ld	d, a
    000004AF 79               [ 4]  820 	ld	a, c
    000004B0 CDr00r00         [17]  821 	call	___move_metasprite_flipxy
                                    822 ;C:/Users/franc/Documents/Projets/Perso/GameBoyProjects/CrossZGB/common/src/Sprite.c:114: case HV_MIRROR: next_oam_idx += move_metasprite_flipxy(THIS->mt_sprite, THIS->first_tile_HV, THIS->attr_add, next_oam_idx, screen_x + THIS->coll_w, screen_y + THIS->coll_h); break;
    000004B3 21r00r00         [10]  823 	ld	hl, #_next_oam_idx
    000004B6 86               [ 7]  824 	add	a, (hl)
    000004B7 77               [ 7]  825 	ld	(hl), a
                                    826 ;C:/Users/franc/Documents/Projets/Perso/GameBoyProjects/CrossZGB/common/src/Sprite.c:115: }
    000004B8                        827 00115$:
                                    828 ;C:/Users/franc/Documents/Projets/Perso/GameBoyProjects/CrossZGB/common/src/Sprite.c:116: SWITCH_ROM(__save);
    000004B8 DD 7E F0         [19]  829 	ld	a, -16 (ix)
    000004BB 32 FE FF         [13]  830 	ld	(_MAP_FRAME1+0), a
    000004BE 18 52            [12]  831 	jr	00129$
    000004C0                        832 00121$:
                                    833 ;C:/Users/franc/Documents/Projets/Perso/GameBoyProjects/CrossZGB/common/src/Sprite.c:120: (!(THIS->persistent)) && 
    000004C0 4B               [ 4]  834 	ld	c, e
    000004C1 42               [ 4]  835 	ld	b, d
    000004C2 21 21 00         [10]  836 	ld	hl, #33
    000004C5 09               [11]  837 	add	hl, bc
    000004C6 7E               [ 7]  838 	ld	a, (hl)
    000004C7 0F               [ 4]  839 	rrca
    000004C8 E6 01            [ 7]  840 	and	a, #0x01
    000004CA 20 46            [12]  841 	jr	NZ, 00129$
                                    842 ;C:/Users/franc/Documents/Projets/Perso/GameBoyProjects/CrossZGB/common/src/Sprite.c:122: ((UINT16)(screen_x + THIS->lim_x + 16u) > (UINT16)((THIS->lim_x << 1) + (DEVICE_SCREEN_PX_WIDTH + (16u << 1)))) || 
    000004CC 4B               [ 4]  843 	ld	c, e
    000004CD 42               [ 4]  844 	ld	b, d
    000004CE 21 19 00         [10]  845 	ld	hl, #25
    000004D1 09               [11]  846 	add	hl, bc
    000004D2 4E               [ 7]  847 	ld	c, (hl)
    000004D3 23               [ 6]  848 	inc	hl
    000004D4 46               [ 7]  849 	ld	b, (hl)
    000004D5 2Ar00r00         [16]  850 	ld	hl, (_DrawSprite_screen_x_10000_256)
    000004D8 09               [11]  851 	add	hl, bc
    000004D9 D5               [11]  852 	push	de
    000004DA 11 10 00         [10]  853 	ld	de, #0x0010
    000004DD 19               [11]  854 	add	hl, de
    000004DE D1               [10]  855 	pop	de
    000004DF 79               [ 4]  856 	ld	a, c
    000004E0 87               [ 4]  857 	add	a, a
    000004E1 CB 10            [ 8]  858 	rl	b
    000004E3 C6 C0            [ 7]  859 	add	a, #0xc0
    000004E5 4F               [ 4]  860 	ld	c, a
    000004E6 30 01            [12]  861 	jr	NC, 00225$
    000004E8 04               [ 4]  862 	inc	b
    000004E9                        863 00225$:
    000004E9 79               [ 4]  864 	ld	a, c
    000004EA 95               [ 4]  865 	sub	a, l
    000004EB 78               [ 4]  866 	ld	a, b
    000004EC 9C               [ 4]  867 	sbc	a, h
    000004ED 38 1D            [12]  868 	jr	C, 00116$
                                    869 ;C:/Users/franc/Documents/Projets/Perso/GameBoyProjects/CrossZGB/common/src/Sprite.c:123: ((UINT16)(screen_y + THIS->lim_y + 16u) > (UINT16)((THIS->lim_y << 1) + (DEVICE_SCREEN_PX_HEIGHT + (16u << 1))))
    000004EF 21 1B 00         [10]  870 	ld	hl, #27
    000004F2 19               [11]  871 	add	hl, de
    000004F3 4E               [ 7]  872 	ld	c, (hl)
    000004F4 23               [ 6]  873 	inc	hl
    000004F5 46               [ 7]  874 	ld	b, (hl)
    000004F6 2Ar02r00         [16]  875 	ld	hl, (_DrawSprite_screen_y_10000_256)
    000004F9 09               [11]  876 	add	hl, bc
    000004FA EB               [ 4]  877 	ex	de, hl
    000004FB 21 10 00         [10]  878 	ld	hl, #0x0010
    000004FE 19               [11]  879 	add	hl, de
    000004FF EB               [ 4]  880 	ex	de, hl
    00000500 69               [ 4]  881 	ld	l, c
    00000501 60               [ 4]  882 	ld	h, b
    00000502 29               [11]  883 	add	hl, hl
    00000503 01 B0 00         [10]  884 	ld	bc, #0x00b0
    00000506 09               [11]  885 	add	hl, bc
    00000507 AF               [ 4]  886 	xor	a, a
    00000508 ED 52            [15]  887 	sbc	hl, de
    0000050A 30 06            [12]  888 	jr	NC, 00129$
    0000050C                        889 00116$:
                                    890 ;C:/Users/franc/Documents/Projets/Perso/GameBoyProjects/CrossZGB/common/src/Sprite.c:126: return SpriteManagerRemoveSprite(THIS);
    0000050C 2Ar00r00         [16]  891 	ld	hl, (_THIS)
    0000050F CDr00r00         [17]  892 	call	_SpriteManagerRemoveSprite
    00000512                        893 00129$:
                                    894 ;C:/Users/franc/Documents/Projets/Perso/GameBoyProjects/CrossZGB/common/src/Sprite.c:130: }
    00000512 DD F9            [10]  895 	ld	sp, ix
    00000514 DD E1            [14]  896 	pop	ix
    00000516 C9               [10]  897 	ret
                                    898 ;C:/Users/franc/Documents/Projets/Perso/GameBoyProjects/CrossZGB/common/src/Sprite.c:132: UINT8 CheckCollision(Sprite* sprite1, Sprite* sprite2) {
                                    899 ;	---------------------------------
                                    900 ; Function CheckCollision
                                    901 ; ---------------------------------
    00000517                        902 _CheckCollision::
    00000517 DD E5            [15]  903 	push	ix
    00000519 DD 21 00 00      [14]  904 	ld	ix,#0
    0000051D DD 39            [15]  905 	add	ix,sp
    0000051F F5               [11]  906 	push	af
    00000520 F5               [11]  907 	push	af
    00000521 F5               [11]  908 	push	af
    00000522 4D               [ 4]  909 	ld	c, l
    00000523 44               [ 4]  910 	ld	b, h
    00000524 DD 73 FE         [19]  911 	ld	-2 (ix), e
    00000527 DD 72 FF         [19]  912 	ld	-1 (ix), d
                                    913 ;C:/Users/franc/Documents/Projets/Perso/GameBoyProjects/CrossZGB/common/src/Sprite.c:133: if ((sprite1->x + sprite1->coll_w) < sprite2->x) return 0;
    0000052A 69               [ 4]  914 	ld	l, c
    0000052B 60               [ 4]  915 	ld	h, b
    0000052C 5E               [ 7]  916 	ld	e, (hl)
    0000052D 23               [ 6]  917 	inc	hl
    0000052E 56               [ 7]  918 	ld	d, (hl)
    0000052F C5               [11]  919 	push	bc
    00000530 FD E1            [14]  920 	pop	iy
    00000532 FD 6E 04         [19]  921 	ld	l, 4 (iy)
    00000535 26 00            [ 7]  922 	ld	h, #0x00
    00000537 19               [11]  923 	add	hl, de
    00000538 E3               [19]  924 	ex	(sp), hl
    00000539 DD 6E FE         [19]  925 	ld	l, -2 (ix)
    0000053C DD 66 FF         [19]  926 	ld	h, -1 (ix)
    0000053F 7E               [ 7]  927 	ld	a, (hl)
    00000540 DD 77 FC         [19]  928 	ld	-4 (ix), a
    00000543 23               [ 6]  929 	inc	hl
    00000544 7E               [ 7]  930 	ld	a, (hl)
    00000545 DD 77 FD         [19]  931 	ld	-3 (ix), a
    00000548 DD 7E FA         [19]  932 	ld	a, -6 (ix)
    0000054B DD 96 FC         [19]  933 	sub	a, -4 (ix)
    0000054E DD 7E FB         [19]  934 	ld	a, -5 (ix)
    00000551 DD 9E FD         [19]  935 	sbc	a, -3 (ix)
    00000554 30 03            [12]  936 	jr	NC, 00102$
    00000556 AF               [ 4]  937 	xor	a, a
    00000557 18 64            [12]  938 	jr	00109$
    00000559                        939 00102$:
                                    940 ;C:/Users/franc/Documents/Projets/Perso/GameBoyProjects/CrossZGB/common/src/Sprite.c:134: if ((sprite2->x + sprite2->coll_w) < sprite1->x) return 0;
    00000559 DD 6E FE         [19]  941 	ld	l, -2 (ix)
    0000055C DD 66 FF         [19]  942 	ld	h, -1 (ix)
    0000055F 23               [ 6]  943 	inc	hl
    00000560 23               [ 6]  944 	inc	hl
    00000561 23               [ 6]  945 	inc	hl
    00000562 23               [ 6]  946 	inc	hl
    00000563 7E               [ 7]  947 	ld	a, (hl)
    00000564 26 00            [ 7]  948 	ld	h, #0x00
    00000566 DD 86 FC         [19]  949 	add	a, -4 (ix)
    00000569 6F               [ 4]  950 	ld	l, a
    0000056A 7C               [ 4]  951 	ld	a, h
    0000056B DD 8E FD         [19]  952 	adc	a, -3 (ix)
    0000056E 67               [ 4]  953 	ld	h, a
    0000056F AF               [ 4]  954 	xor	a, a
    00000570 ED 52            [15]  955 	sbc	hl, de
    00000572 30 03            [12]  956 	jr	NC, 00104$
    00000574 AF               [ 4]  957 	xor	a, a
    00000575 18 46            [12]  958 	jr	00109$
    00000577                        959 00104$:
                                    960 ;C:/Users/franc/Documents/Projets/Perso/GameBoyProjects/CrossZGB/common/src/Sprite.c:135: if ((sprite1->y + sprite1->coll_h) < sprite2->y) return 0;
    00000577 69               [ 4]  961 	ld	l, c
    00000578 60               [ 4]  962 	ld	h, b
    00000579 23               [ 6]  963 	inc	hl
    0000057A 23               [ 6]  964 	inc	hl
    0000057B 5E               [ 7]  965 	ld	e, (hl)
    0000057C 23               [ 6]  966 	inc	hl
    0000057D 56               [ 7]  967 	ld	d, (hl)
    0000057E 21 05 00         [10]  968 	ld	hl, #5
    00000581 09               [11]  969 	add	hl, bc
    00000582 6E               [ 7]  970 	ld	l, (hl)
    00000583 26 00            [ 7]  971 	ld	h, #0x00
    00000585 19               [11]  972 	add	hl, de
    00000586 DD 75 FC         [19]  973 	ld	-4 (ix), l
    00000589 DD 74 FD         [19]  974 	ld	-3 (ix), h
    0000058C DD 6E FE         [19]  975 	ld	l, -2 (ix)
    0000058F DD 66 FF         [19]  976 	ld	h, -1 (ix)
    00000592 23               [ 6]  977 	inc	hl
    00000593 23               [ 6]  978 	inc	hl
    00000594 4E               [ 7]  979 	ld	c, (hl)
    00000595 23               [ 6]  980 	inc	hl
    00000596 46               [ 7]  981 	ld	b, (hl)
    00000597 DD 7E FC         [19]  982 	ld	a, -4 (ix)
    0000059A 91               [ 4]  983 	sub	a, c
    0000059B DD 7E FD         [19]  984 	ld	a, -3 (ix)
    0000059E 98               [ 4]  985 	sbc	a, b
    0000059F 30 03            [12]  986 	jr	NC, 00106$
    000005A1 AF               [ 4]  987 	xor	a, a
    000005A2 18 19            [12]  988 	jr	00109$
    000005A4                        989 00106$:
                                    990 ;C:/Users/franc/Documents/Projets/Perso/GameBoyProjects/CrossZGB/common/src/Sprite.c:136: if ((sprite2->y + sprite2->coll_h) < sprite1->y) return 0;
    000005A4 DD 6E FE         [19]  991 	ld	l, -2 (ix)
    000005A7 DD 66 FF         [19]  992 	ld	h, -1 (ix)
    000005AA 23               [ 6]  993 	inc	hl
    000005AB 23               [ 6]  994 	inc	hl
    000005AC 23               [ 6]  995 	inc	hl
    000005AD 23               [ 6]  996 	inc	hl
    000005AE 23               [ 6]  997 	inc	hl
    000005AF 6E               [ 7]  998 	ld	l, (hl)
    000005B0 26 00            [ 7]  999 	ld	h, #0x00
    000005B2 09               [11] 1000 	add	hl, bc
    000005B3 AF               [ 4] 1001 	xor	a, a
    000005B4 ED 52            [15] 1002 	sbc	hl, de
    000005B6 30 03            [12] 1003 	jr	NC, 00108$
    000005B8 AF               [ 4] 1004 	xor	a, a
    000005B9 18 02            [12] 1005 	jr	00109$
    000005BB                       1006 00108$:
                                   1007 ;C:/Users/franc/Documents/Projets/Perso/GameBoyProjects/CrossZGB/common/src/Sprite.c:137: return 1;
    000005BB 3E 01            [ 7] 1008 	ld	a, #0x01
    000005BD                       1009 00109$:
                                   1010 ;C:/Users/franc/Documents/Projets/Perso/GameBoyProjects/CrossZGB/common/src/Sprite.c:138: }
    000005BD DD F9            [10] 1011 	ld	sp, ix
    000005BF DD E1            [14] 1012 	pop	ix
    000005C1 C9               [10] 1013 	ret
                                   1014 	.area _CODE
                                   1015 	.area _INITIALIZER
                                   1016 	.area _CABS (ABS)
