                                      1 ;--------------------------------------------------------
                                      2 ; File Created by SDCC : free open source ISO C Compiler
                                      3 ; Version 4.5.1 #15267 (MINGW64)
                                      4 ;--------------------------------------------------------
                                      5 	.module bullet_png
                                      6 	
                                      7 ;--------------------------------------------------------
                                      8 ; Public variables in this module
                                      9 ;--------------------------------------------------------
                                     10 	.globl _bullet
                                     11 	.globl _bullet_metasprites
                                     12 	.globl _bullet_metasprite0
                                     13 	.globl _bullet_tiles
                                     14 	.globl _bullet_palettes
                                     15 	.globl b___func_bullet
                                     16 	.globl ___func_bullet
                                     17 ;--------------------------------------------------------
                                     18 ; special function registers
                                     19 ;--------------------------------------------------------
                                     20 	.area _HRAM
                                     21 ;--------------------------------------------------------
                                     22 ; ram data
                                     23 ;--------------------------------------------------------
                                     24 	.area _DATA
                                     25 ;--------------------------------------------------------
                                     26 ; ram data
                                     27 ;--------------------------------------------------------
                                     28 	.area _INITIALIZED
                                     29 ;--------------------------------------------------------
                                     30 ; absolute external ram data
                                     31 ;--------------------------------------------------------
                                     32 	.area _DABS (ABS)
                                     33 ;--------------------------------------------------------
                                     34 ; global & static initialisations
                                     35 ;--------------------------------------------------------
                                     36 	.area _HOME
                                     37 	.area _GSINIT
                                     38 	.area _GSFINAL
                                     39 	.area _GSINIT
                                     40 ;--------------------------------------------------------
                                     41 ; Home
                                     42 ;--------------------------------------------------------
                                     43 	.area _HOME
                                     44 	.area _HOME
                                     45 ;--------------------------------------------------------
                                     46 ; code
                                     47 ;--------------------------------------------------------
                                     48 	.area _CODE_255
                                     49 ;../obj/Release/gbc/res/sprites/bullet.png.c:12: BANKREF(bullet)
                                     50 ;	---------------------------------
                                     51 ; Function __func_bullet
                                     52 ; ---------------------------------
                         000000FF    53 	b___func_bullet	= 255
    00000000                         54 ___func_bullet::
                                     55 	.local b___func_bullet 
                         000000FF    56 	___bank_bullet = b___func_bullet 
                                     57 	.globl ___bank_bullet 
                                     58 	.area _CODE_255
    00000000                         59 _bullet_palettes:
    00000000 BC 17                   60 	.dw #0x17bc
    00000002 E7 22                   61 	.dw #0x22e7
    00000004 C4 19                   62 	.dw #0x19c4
    00000006 E0 14                   63 	.dw #0x14e0
    00000008                         64 _bullet_tiles:
    00000008 00                      65 	.db #0x00	; 0
    00000009 00                      66 	.db #0x00	; 0
    0000000A 00                      67 	.db #0x00	; 0
    0000000B 00                      68 	.db #0x00	; 0
    0000000C 00                      69 	.db #0x00	; 0
    0000000D 00                      70 	.db #0x00	; 0
    0000000E 00                      71 	.db #0x00	; 0
    0000000F 00                      72 	.db #0x00	; 0
    00000010 FE                      73 	.db #0xfe	; 254
    00000011 FE                      74 	.db #0xfe	; 254
    00000012 81                      75 	.db #0x81	; 129
    00000013 FF                      76 	.db #0xff	; 255
    00000014 FF                      77 	.db #0xff	; 255
    00000015 FF                      78 	.db #0xff	; 255
    00000016 CF                      79 	.db #0xcf	; 207
    00000017 B1                      80 	.db #0xb1	; 177
    00000018 F5                      81 	.db #0xf5	; 245
    00000019 8B                      82 	.db #0x8b	; 139
    0000001A CB                      83 	.db #0xcb	; 203
    0000001B B5                      84 	.db #0xb5	; 181
    0000001C D7                      85 	.db #0xd7	; 215
    0000001D A9                      86 	.db #0xa9	; 169
    0000001E FF                      87 	.db #0xff	; 255
    0000001F FF                      88 	.db #0xff	; 255
    00000020 00                      89 	.db #0x00	; 0
    00000021 00                      90 	.db #0x00	; 0
    00000022 00                      91 	.db #0x00	; 0
    00000023 00                      92 	.db #0x00	; 0
    00000024 00                      93 	.db #0x00	; 0
    00000025 00                      94 	.db #0x00	; 0
    00000026 00                      95 	.db #0x00	; 0
    00000027 00                      96 	.db #0x00	; 0
    00000028                         97 _bullet_metasprite0:
    00000028 F8                      98 	.db #0xf8	; -8
    00000029 FC                      99 	.db #0xfc	; -4
    0000002A 00                     100 	.db #0x00	; 0
    0000002B 00                     101 	.db #0x00	; 0
    0000002C 80                     102 	.db #0x80	; -128
    0000002D 00                     103 	.db #0x00	;  0
    0000002E 00                     104 	.db #0x00	; 0
    0000002F 00                     105 	.db #0x00	; 0
    00000030                        106 _bullet_metasprites:
    00000030r28r00                  107 	.dw _bullet_metasprite0
    00000032                        108 _bullet:
    00000032 08                     109 	.db #0x08	; 8
    00000033 10                     110 	.db #0x10	; 16
    00000034 02                     111 	.db #0x02	; 2
    00000035r08r00                  112 	.dw _bullet_tiles
    00000037 01                     113 	.db #0x01	; 1
    00000038r00r00                  114 	.dw _bullet_palettes
    0000003A 01                     115 	.db #0x01	; 1
    0000003Br30r00                  116 	.dw _bullet_metasprites
                                    117 	.area _INITIALIZER
                                    118 	.area _CABS (ABS)
