                                      1 ;--------------------------------------------------------
                                      2 ; File Created by SDCC : free open source ISO C Compiler
                                      3 ; Version 4.5.1 #15267 (MINGW64)
                                      4 ;--------------------------------------------------------
                                      5 	.module old_player_png
                                      6 	
                                      7 ;--------------------------------------------------------
                                      8 ; Public variables in this module
                                      9 ;--------------------------------------------------------
                                     10 	.globl _old_player
                                     11 	.globl _old_player_metasprites
                                     12 	.globl _old_player_metasprite0
                                     13 	.globl _old_player_tiles
                                     14 	.globl _old_player_palettes
                                     15 	.globl b___func_old_player
                                     16 	.globl ___func_old_player
                                     17 ;--------------------------------------------------------
                                     18 ; special function registers
                                     19 ;--------------------------------------------------------
                                     20 	.area _HRAM
                                     21 ;--------------------------------------------------------
                                     22 ; ram data
                                     23 ;--------------------------------------------------------
                                     24 	.area _DATA
                                     25 ;--------------------------------------------------------
                                     26 ; ram data
                                     27 ;--------------------------------------------------------
                                     28 	.area _INITIALIZED
                                     29 ;--------------------------------------------------------
                                     30 ; absolute external ram data
                                     31 ;--------------------------------------------------------
                                     32 	.area _DABS (ABS)
                                     33 ;--------------------------------------------------------
                                     34 ; global & static initialisations
                                     35 ;--------------------------------------------------------
                                     36 	.area _HOME
                                     37 	.area _GSINIT
                                     38 	.area _GSFINAL
                                     39 	.area _GSINIT
                                     40 ;--------------------------------------------------------
                                     41 ; Home
                                     42 ;--------------------------------------------------------
                                     43 	.area _HOME
                                     44 	.area _HOME
                                     45 ;--------------------------------------------------------
                                     46 ; code
                                     47 ;--------------------------------------------------------
                                     48 	.area _CODE_255
                                     49 ;../obj/Release/gbc/res/sprites/old_player.png.c:12: BANKREF(old_player)
                                     50 ;	---------------------------------
                                     51 ; Function __func_old_player
                                     52 ; ---------------------------------
                         000000FF    53 	b___func_old_player	= 255
    00000000                         54 ___func_old_player::
                                     55 	.local b___func_old_player 
                         000000FF    56 	___bank_old_player = b___func_old_player 
                                     57 	.globl ___bank_old_player 
                                     58 	.area _CODE_255
    00000000                         59 _old_player_palettes:
    00000000 BC 17                   60 	.dw #0x17bc
    00000002 E7 22                   61 	.dw #0x22e7
    00000004 C4 19                   62 	.dw #0x19c4
    00000006 E0 14                   63 	.dw #0x14e0
    00000008                         64 _old_player_tiles:
    00000008 1F                      65 	.db #0x1f	; 31
    00000009 1F                      66 	.db #0x1f	; 31
    0000000A 20                      67 	.db #0x20	; 32
    0000000B 3F                      68 	.db #0x3f	; 63
    0000000C 2F                      69 	.db #0x2f	; 47
    0000000D 30                      70 	.db #0x30	; 48	'0'
    0000000E 2F                      71 	.db #0x2f	; 47
    0000000F 30                      72 	.db #0x30	; 48	'0'
    00000010 2F                      73 	.db #0x2f	; 47
    00000011 30                      74 	.db #0x30	; 48	'0'
    00000012 2F                      75 	.db #0x2f	; 47
    00000013 30                      76 	.db #0x30	; 48	'0'
    00000014 2F                      77 	.db #0x2f	; 47
    00000015 30                      78 	.db #0x30	; 48	'0'
    00000016 2F                      79 	.db #0x2f	; 47
    00000017 30                      80 	.db #0x30	; 48	'0'
    00000018 20                      81 	.db #0x20	; 32
    00000019 3F                      82 	.db #0x3f	; 63
    0000001A 24                      83 	.db #0x24	; 36
    0000001B 3F                      84 	.db #0x3f	; 63
    0000001C 2E                      85 	.db #0x2e	; 46
    0000001D 3F                      86 	.db #0x3f	; 63
    0000001E 24                      87 	.db #0x24	; 36
    0000001F 3F                      88 	.db #0x3f	; 63
    00000020 20                      89 	.db #0x20	; 32
    00000021 3F                      90 	.db #0x3f	; 63
    00000022 26                      91 	.db #0x26	; 38
    00000023 3F                      92 	.db #0x3f	; 63
    00000024 20                      93 	.db #0x20	; 32
    00000025 3F                      94 	.db #0x3f	; 63
    00000026 1F                      95 	.db #0x1f	; 31
    00000027 1F                      96 	.db #0x1f	; 31
    00000028 F8                      97 	.db #0xf8	; 248
    00000029 F8                      98 	.db #0xf8	; 248
    0000002A 04                      99 	.db #0x04	; 4
    0000002B FC                     100 	.db #0xfc	; 252
    0000002C F4                     101 	.db #0xf4	; 244
    0000002D 0C                     102 	.db #0x0c	; 12
    0000002E F4                     103 	.db #0xf4	; 244
    0000002F 0C                     104 	.db #0x0c	; 12
    00000030 F4                     105 	.db #0xf4	; 244
    00000031 0C                     106 	.db #0x0c	; 12
    00000032 F4                     107 	.db #0xf4	; 244
    00000033 0C                     108 	.db #0x0c	; 12
    00000034 F4                     109 	.db #0xf4	; 244
    00000035 0C                     110 	.db #0x0c	; 12
    00000036 F4                     111 	.db #0xf4	; 244
    00000037 0C                     112 	.db #0x0c	; 12
    00000038 04                     113 	.db #0x04	; 4
    00000039 FC                     114 	.db #0xfc	; 252
    0000003A 04                     115 	.db #0x04	; 4
    0000003B FC                     116 	.db #0xfc	; 252
    0000003C 14                     117 	.db #0x14	; 20
    0000003D FC                     118 	.db #0xfc	; 252
    0000003E 44                     119 	.db #0x44	; 68	'D'
    0000003F FC                     120 	.db #0xfc	; 252
    00000040 04                     121 	.db #0x04	; 4
    00000041 FC                     122 	.db #0xfc	; 252
    00000042 C4                     123 	.db #0xc4	; 196
    00000043 FC                     124 	.db #0xfc	; 252
    00000044 04                     125 	.db #0x04	; 4
    00000045 FC                     126 	.db #0xfc	; 252
    00000046 F8                     127 	.db #0xf8	; 248
    00000047 F8                     128 	.db #0xf8	; 248
    00000048                        129 _old_player_metasprite0:
    00000048 F8                     130 	.db #0xf8	; -8
    00000049 F8                     131 	.db #0xf8	; -8
    0000004A 00                     132 	.db #0x00	; 0
    0000004B 00                     133 	.db #0x00	; 0
    0000004C 00                     134 	.db #0x00	;  0
    0000004D 08                     135 	.db #0x08	;  8
    0000004E 02                     136 	.db #0x02	; 2
    0000004F 00                     137 	.db #0x00	; 0
    00000050 80                     138 	.db #0x80	; -128
    00000051 00                     139 	.db #0x00	;  0
    00000052 00                     140 	.db #0x00	; 0
    00000053 00                     141 	.db #0x00	; 0
    00000054                        142 _old_player_metasprites:
    00000054r48r00                  143 	.dw _old_player_metasprite0
    00000056                        144 _old_player:
    00000056 10                     145 	.db #0x10	; 16
    00000057 10                     146 	.db #0x10	; 16
    00000058 04                     147 	.db #0x04	; 4
    00000059r08r00                  148 	.dw _old_player_tiles
    0000005B 01                     149 	.db #0x01	; 1
    0000005Cr00r00                  150 	.dw _old_player_palettes
    0000005E 01                     151 	.db #0x01	; 1
    0000005Fr54r00                  152 	.dw _old_player_metasprites
                                    153 	.area _INITIALIZER
                                    154 	.area _CABS (ABS)
