                                      1 ;--------------------------------------------------------
                                      2 ; File Created by SDCC : free open source ISO C Compiler
                                      3 ; Version 4.5.1 #15267 (MINGW64)
                                      4 ;--------------------------------------------------------
                                      5 	.module player_png
                                      6 	
                                      7 ;--------------------------------------------------------
                                      8 ; Public variables in this module
                                      9 ;--------------------------------------------------------
                                     10 	.globl _player
                                     11 	.globl _player_metasprites
                                     12 	.globl _player_metasprite0
                                     13 	.globl _player_tiles
                                     14 	.globl _player_palettes
                                     15 	.globl b___func_player
                                     16 	.globl ___func_player
                                     17 ;--------------------------------------------------------
                                     18 ; special function registers
                                     19 ;--------------------------------------------------------
                                     20 	.area _HRAM
                                     21 ;--------------------------------------------------------
                                     22 ; ram data
                                     23 ;--------------------------------------------------------
                                     24 	.area _DATA
                                     25 ;--------------------------------------------------------
                                     26 ; ram data
                                     27 ;--------------------------------------------------------
                                     28 	.area _INITIALIZED
                                     29 ;--------------------------------------------------------
                                     30 ; absolute external ram data
                                     31 ;--------------------------------------------------------
                                     32 	.area _DABS (ABS)
                                     33 ;--------------------------------------------------------
                                     34 ; global & static initialisations
                                     35 ;--------------------------------------------------------
                                     36 	.area _HOME
                                     37 	.area _GSINIT
                                     38 	.area _GSFINAL
                                     39 	.area _GSINIT
                                     40 ;--------------------------------------------------------
                                     41 ; Home
                                     42 ;--------------------------------------------------------
                                     43 	.area _HOME
                                     44 	.area _HOME
                                     45 ;--------------------------------------------------------
                                     46 ; code
                                     47 ;--------------------------------------------------------
                                     48 	.area _CODE_255
                                     49 ;../obj/Release/gbc/res/sprites/player.png.c:12: BANKREF(player)
                                     50 ;	---------------------------------
                                     51 ; Function __func_player
                                     52 ; ---------------------------------
                         000000FF    53 	b___func_player	= 255
    00000000                         54 ___func_player::
                                     55 	.local b___func_player 
                         000000FF    56 	___bank_player = b___func_player 
                                     57 	.globl ___bank_player 
                                     58 	.area _CODE_255
    00000000                         59 _player_palettes:
    00000000 BC 17                   60 	.dw #0x17bc
    00000002 00 00                   61 	.dw #0x0000
    00000004 00 00                   62 	.dw #0x0000
    00000006 00 00                   63 	.dw #0x0000
    00000008                         64 _player_tiles:
    00000008 7F                      65 	.db #0x7f	; 127
    00000009 00                      66 	.db #0x00	; 0
    0000000A FF                      67 	.db #0xff	; 255
    0000000B 00                      68 	.db #0x00	; 0
    0000000C F0                      69 	.db #0xf0	; 240
    0000000D 00                      70 	.db #0x00	; 0
    0000000E F8                      71 	.db #0xf8	; 248
    0000000F 00                      72 	.db #0x00	; 0
    00000010 DC                      73 	.db #0xdc	; 220
    00000011 00                      74 	.db #0x00	; 0
    00000012 CE                      75 	.db #0xce	; 206
    00000013 00                      76 	.db #0x00	; 0
    00000014 C7                      77 	.db #0xc7	; 199
    00000015 00                      78 	.db #0x00	; 0
    00000016 C3                      79 	.db #0xc3	; 195
    00000017 00                      80 	.db #0x00	; 0
    00000018 C3                      81 	.db #0xc3	; 195
    00000019 00                      82 	.db #0x00	; 0
    0000001A C7                      83 	.db #0xc7	; 199
    0000001B 00                      84 	.db #0x00	; 0
    0000001C CE                      85 	.db #0xce	; 206
    0000001D 00                      86 	.db #0x00	; 0
    0000001E DC                      87 	.db #0xdc	; 220
    0000001F 00                      88 	.db #0x00	; 0
    00000020 F8                      89 	.db #0xf8	; 248
    00000021 00                      90 	.db #0x00	; 0
    00000022 F0                      91 	.db #0xf0	; 240
    00000023 00                      92 	.db #0x00	; 0
    00000024 FF                      93 	.db #0xff	; 255
    00000025 00                      94 	.db #0x00	; 0
    00000026 7F                      95 	.db #0x7f	; 127
    00000027 00                      96 	.db #0x00	; 0
    00000028                         97 _player_metasprite0:
    00000028 00                      98 	.db #0x00	;  0
    00000029 00                      99 	.db #0x00	;  0
    0000002A 00                     100 	.db #0x00	; 0
    0000002B 00                     101 	.db #0x00	; 0
    0000002C 00                     102 	.db #0x00	;  0
    0000002D 08                     103 	.db #0x08	;  8
    0000002E 00                     104 	.db #0x00	; 0
    0000002F 20                     105 	.db #0x20	; 32
    00000030 80                     106 	.db #0x80	; -128
    00000031 00                     107 	.db #0x00	;  0
    00000032 00                     108 	.db #0x00	; 0
    00000033 00                     109 	.db #0x00	; 0
    00000034                        110 _player_metasprites:
    00000034r28r00                  111 	.dw _player_metasprite0
    00000036                        112 _player:
    00000036 10                     113 	.db #0x10	; 16
    00000037 10                     114 	.db #0x10	; 16
    00000038 02                     115 	.db #0x02	; 2
    00000039r08r00                  116 	.dw _player_tiles
    0000003B 01                     117 	.db #0x01	; 1
    0000003Cr00r00                  118 	.dw _player_palettes
    0000003E 01                     119 	.db #0x01	; 1
    0000003Fr34r00                  120 	.dw _player_metasprites
                                    121 	.area _INITIALIZER
                                    122 	.area _CABS (ABS)
