                                      1 ;--------------------------------------------------------
                                      2 ; File Created by SDCC : free open source ISO C Compiler
                                      3 ; Version 4.5.1 #15267 (MINGW64)
                                      4 ;--------------------------------------------------------
                                      5 	.module player_png
                                      6 	
                                      7 ;--------------------------------------------------------
                                      8 ; Public variables in this module
                                      9 ;--------------------------------------------------------
                                     10 	.globl _player
                                     11 	.globl _player_metasprites
                                     12 	.globl _player_metasprite0
                                     13 	.globl _player_tiles
                                     14 	.globl _player_palettes
                                     15 	.globl b___func_player
                                     16 	.globl ___func_player
                                     17 ;--------------------------------------------------------
                                     18 ; special function registers
                                     19 ;--------------------------------------------------------
                         00000000    20 _GG_STATE	=	0x0000
                         00000001    21 _GG_EXT_7BIT	=	0x0001
                         00000002    22 _GG_EXT_CTL	=	0x0002
                         00000003    23 _GG_SIO_SEND	=	0x0003
                         00000004    24 _GG_SIO_RECV	=	0x0004
                         00000005    25 _GG_SIO_CTL	=	0x0005
                         00000006    26 _GG_SOUND_PAN	=	0x0006
                         0000003E    27 _MEMORY_CTL	=	0x003e
                         0000003F    28 _JOY_CTL	=	0x003f
                         0000007E    29 _VCOUNTER	=	0x007e
                         0000007F    30 _PSG	=	0x007f
                         0000007F    31 _HCOUNTER	=	0x007f
                         000000BE    32 _VDP_DATA	=	0x00be
                         000000BF    33 _VDP_CMD	=	0x00bf
                         000000BF    34 _VDP_STATUS	=	0x00bf
                         000000DC    35 _JOY_PORT1	=	0x00dc
                         000000DD    36 _JOY_PORT2	=	0x00dd
                         000000F0    37 _FMADDRESS	=	0x00f0
                         000000F1    38 _FMDATA	=	0x00f1
                         000000F2    39 _AUDIOCTRL	=	0x00f2
                                     40 ;--------------------------------------------------------
                                     41 ; ram data
                                     42 ;--------------------------------------------------------
                                     43 	.area _DATA
                         0000FFFC    44 _RAM_CONTROL	=	0xfffc
                         0000FFF8    45 _GLASSES_3D	=	0xfff8
                         0000FFFD    46 _MAP_FRAME0	=	0xfffd
                         0000FFFE    47 _MAP_FRAME1	=	0xfffe
                         0000FFFF    48 _MAP_FRAME2	=	0xffff
                                     49 ;--------------------------------------------------------
                                     50 ; ram data
                                     51 ;--------------------------------------------------------
                                     52 	.area _INITIALIZED
                                     53 ;--------------------------------------------------------
                                     54 ; absolute external ram data
                                     55 ;--------------------------------------------------------
                                     56 	.area _DABS (ABS)
                                     57 ;--------------------------------------------------------
                                     58 ; global & static initialisations
                                     59 ;--------------------------------------------------------
                                     60 	.area _HOME
                                     61 	.area _GSINIT
                                     62 	.area _GSFINAL
                                     63 	.area _GSINIT
                                     64 ;--------------------------------------------------------
                                     65 ; Home
                                     66 ;--------------------------------------------------------
                                     67 	.area _HOME
                                     68 	.area _HOME
                                     69 ;--------------------------------------------------------
                                     70 ; code
                                     71 ;--------------------------------------------------------
                                     72 	.area _CODE_255
                                     73 ;../obj/Release/gg/res/sprites/player.png.c:12: BANKREF(player)
                                     74 ;	---------------------------------
                                     75 ; Function __func_player
                                     76 ; ---------------------------------
                         000000FF    77 	b___func_player	= 255
    00000000                         78 ___func_player::
                                     79 	.local b___func_player 
                         000000FF    80 	___bank_player = b___func_player 
                                     81 	.globl ___bank_player 
                                     82 	.area _CODE_255
    00000000                         83 _player_palettes:
    00000000 EE 02                   84 	.dw #0x02ee
    00000002 B3 04                   85 	.dw #0x04b3
    00000004 72 03                   86 	.dw #0x0372
    00000006 30 02                   87 	.dw #0x0230
    00000008 00 00                   88 	.dw #0x0000
    0000000A 00 00                   89 	.dw #0x0000
    0000000C 00 00                   90 	.dw #0x0000
    0000000E 00 00                   91 	.dw #0x0000
    00000010 00 00                   92 	.dw #0x0000
    00000012 00 00                   93 	.dw #0x0000
    00000014 00 00                   94 	.dw #0x0000
    00000016 00 00                   95 	.dw #0x0000
    00000018 00 00                   96 	.dw #0x0000
    0000001A 00 00                   97 	.dw #0x0000
    0000001C 00 00                   98 	.dw #0x0000
    0000001E 00 00                   99 	.dw #0x0000
    00000020                        100 _player_tiles:
    00000020 1F                     101 	.db #0x1f	; 31
    00000021 1F                     102 	.db #0x1f	; 31
    00000022 00                     103 	.db #0x00	; 0
    00000023 00                     104 	.db #0x00	; 0
    00000024 20                     105 	.db #0x20	; 32
    00000025 3F                     106 	.db #0x3f	; 63
    00000026 00                     107 	.db #0x00	; 0
    00000027 00                     108 	.db #0x00	; 0
    00000028 2F                     109 	.db #0x2f	; 47
    00000029 30                     110 	.db #0x30	; 48	'0'
    0000002A 00                     111 	.db #0x00	; 0
    0000002B 00                     112 	.db #0x00	; 0
    0000002C 2F                     113 	.db #0x2f	; 47
    0000002D 30                     114 	.db #0x30	; 48	'0'
    0000002E 00                     115 	.db #0x00	; 0
    0000002F 00                     116 	.db #0x00	; 0
    00000030 2F                     117 	.db #0x2f	; 47
    00000031 30                     118 	.db #0x30	; 48	'0'
    00000032 00                     119 	.db #0x00	; 0
    00000033 00                     120 	.db #0x00	; 0
    00000034 2F                     121 	.db #0x2f	; 47
    00000035 30                     122 	.db #0x30	; 48	'0'
    00000036 00                     123 	.db #0x00	; 0
    00000037 00                     124 	.db #0x00	; 0
    00000038 2F                     125 	.db #0x2f	; 47
    00000039 30                     126 	.db #0x30	; 48	'0'
    0000003A 00                     127 	.db #0x00	; 0
    0000003B 00                     128 	.db #0x00	; 0
    0000003C 2F                     129 	.db #0x2f	; 47
    0000003D 30                     130 	.db #0x30	; 48	'0'
    0000003E 00                     131 	.db #0x00	; 0
    0000003F 00                     132 	.db #0x00	; 0
    00000040 20                     133 	.db #0x20	; 32
    00000041 3F                     134 	.db #0x3f	; 63
    00000042 00                     135 	.db #0x00	; 0
    00000043 00                     136 	.db #0x00	; 0
    00000044 24                     137 	.db #0x24	; 36
    00000045 3F                     138 	.db #0x3f	; 63
    00000046 00                     139 	.db #0x00	; 0
    00000047 00                     140 	.db #0x00	; 0
    00000048 2E                     141 	.db #0x2e	; 46
    00000049 3F                     142 	.db #0x3f	; 63
    0000004A 00                     143 	.db #0x00	; 0
    0000004B 00                     144 	.db #0x00	; 0
    0000004C 24                     145 	.db #0x24	; 36
    0000004D 3F                     146 	.db #0x3f	; 63
    0000004E 00                     147 	.db #0x00	; 0
    0000004F 00                     148 	.db #0x00	; 0
    00000050 20                     149 	.db #0x20	; 32
    00000051 3F                     150 	.db #0x3f	; 63
    00000052 00                     151 	.db #0x00	; 0
    00000053 00                     152 	.db #0x00	; 0
    00000054 26                     153 	.db #0x26	; 38
    00000055 3F                     154 	.db #0x3f	; 63
    00000056 00                     155 	.db #0x00	; 0
    00000057 00                     156 	.db #0x00	; 0
    00000058 20                     157 	.db #0x20	; 32
    00000059 3F                     158 	.db #0x3f	; 63
    0000005A 00                     159 	.db #0x00	; 0
    0000005B 00                     160 	.db #0x00	; 0
    0000005C 1F                     161 	.db #0x1f	; 31
    0000005D 1F                     162 	.db #0x1f	; 31
    0000005E 00                     163 	.db #0x00	; 0
    0000005F 00                     164 	.db #0x00	; 0
    00000060 F8                     165 	.db #0xf8	; 248
    00000061 F8                     166 	.db #0xf8	; 248
    00000062 00                     167 	.db #0x00	; 0
    00000063 00                     168 	.db #0x00	; 0
    00000064 04                     169 	.db #0x04	; 4
    00000065 FC                     170 	.db #0xfc	; 252
    00000066 00                     171 	.db #0x00	; 0
    00000067 00                     172 	.db #0x00	; 0
    00000068 F4                     173 	.db #0xf4	; 244
    00000069 0C                     174 	.db #0x0c	; 12
    0000006A 00                     175 	.db #0x00	; 0
    0000006B 00                     176 	.db #0x00	; 0
    0000006C F4                     177 	.db #0xf4	; 244
    0000006D 0C                     178 	.db #0x0c	; 12
    0000006E 00                     179 	.db #0x00	; 0
    0000006F 00                     180 	.db #0x00	; 0
    00000070 F4                     181 	.db #0xf4	; 244
    00000071 0C                     182 	.db #0x0c	; 12
    00000072 00                     183 	.db #0x00	; 0
    00000073 00                     184 	.db #0x00	; 0
    00000074 F4                     185 	.db #0xf4	; 244
    00000075 0C                     186 	.db #0x0c	; 12
    00000076 00                     187 	.db #0x00	; 0
    00000077 00                     188 	.db #0x00	; 0
    00000078 F4                     189 	.db #0xf4	; 244
    00000079 0C                     190 	.db #0x0c	; 12
    0000007A 00                     191 	.db #0x00	; 0
    0000007B 00                     192 	.db #0x00	; 0
    0000007C F4                     193 	.db #0xf4	; 244
    0000007D 0C                     194 	.db #0x0c	; 12
    0000007E 00                     195 	.db #0x00	; 0
    0000007F 00                     196 	.db #0x00	; 0
    00000080 04                     197 	.db #0x04	; 4
    00000081 FC                     198 	.db #0xfc	; 252
    00000082 00                     199 	.db #0x00	; 0
    00000083 00                     200 	.db #0x00	; 0
    00000084 04                     201 	.db #0x04	; 4
    00000085 FC                     202 	.db #0xfc	; 252
    00000086 00                     203 	.db #0x00	; 0
    00000087 00                     204 	.db #0x00	; 0
    00000088 14                     205 	.db #0x14	; 20
    00000089 FC                     206 	.db #0xfc	; 252
    0000008A 00                     207 	.db #0x00	; 0
    0000008B 00                     208 	.db #0x00	; 0
    0000008C 44                     209 	.db #0x44	; 68	'D'
    0000008D FC                     210 	.db #0xfc	; 252
    0000008E 00                     211 	.db #0x00	; 0
    0000008F 00                     212 	.db #0x00	; 0
    00000090 04                     213 	.db #0x04	; 4
    00000091 FC                     214 	.db #0xfc	; 252
    00000092 00                     215 	.db #0x00	; 0
    00000093 00                     216 	.db #0x00	; 0
    00000094 C4                     217 	.db #0xc4	; 196
    00000095 FC                     218 	.db #0xfc	; 252
    00000096 00                     219 	.db #0x00	; 0
    00000097 00                     220 	.db #0x00	; 0
    00000098 04                     221 	.db #0x04	; 4
    00000099 FC                     222 	.db #0xfc	; 252
    0000009A 00                     223 	.db #0x00	; 0
    0000009B 00                     224 	.db #0x00	; 0
    0000009C F8                     225 	.db #0xf8	; 248
    0000009D F8                     226 	.db #0xf8	; 248
    0000009E 00                     227 	.db #0x00	; 0
    0000009F 00                     228 	.db #0x00	; 0
    000000A0                        229 _player_metasprite0:
    000000A0 00                     230 	.db #0x00	;  0
    000000A1 00                     231 	.db #0x00	;  0
    000000A2 00                     232 	.db #0x00	; 0
    000000A3 00                     233 	.db #0x00	;  0
    000000A4 08                     234 	.db #0x08	;  8
    000000A5 02                     235 	.db #0x02	; 2
    000000A6 80                     236 	.db #0x80	; -128
    000000A7 00                     237 	.db #0x00	;  0
    000000A8 00                     238 	.db #0x00	; 0
    000000A9                        239 _player_metasprites:
    000000A9rA0r00                  240 	.dw _player_metasprite0
    000000AB                        241 _player:
    000000AB 10                     242 	.db #0x10	; 16
    000000AC 10                     243 	.db #0x10	; 16
    000000AD 04                     244 	.db #0x04	; 4
    000000AEr20r00                  245 	.dw _player_tiles
    000000B0 01                     246 	.db #0x01	; 1
    000000B1r00r00                  247 	.dw _player_palettes
    000000B3 01                     248 	.db #0x01	; 1
    000000B4rA9r00                  249 	.dw _player_metasprites
                                    250 	.area _INITIALIZER
                                    251 	.area _CABS (ABS)
