                                      1 ;--------------------------------------------------------
                                      2 ; File Created by SDCC : free open source ISO C Compiler
                                      3 ; Version 4.5.1 #15267 (MINGW64)
                                      4 ;--------------------------------------------------------
                                      5 	.module Flip
                                      6 	
                                      7 ;--------------------------------------------------------
                                      8 ; Public variables in this module
                                      9 ;--------------------------------------------------------
                                     10 	.globl _set_sprite_native_data_flipx
                                     11 	.globl _set_sprite_native_data
                                     12 	.globl _set_sprite_data_flip
                                     13 ;--------------------------------------------------------
                                     14 ; special function registers
                                     15 ;--------------------------------------------------------
                         00000000    16 _GG_STATE	=	0x0000
                         00000001    17 _GG_EXT_7BIT	=	0x0001
                         00000002    18 _GG_EXT_CTL	=	0x0002
                         00000003    19 _GG_SIO_SEND	=	0x0003
                         00000004    20 _GG_SIO_RECV	=	0x0004
                         00000005    21 _GG_SIO_CTL	=	0x0005
                         00000006    22 _GG_SOUND_PAN	=	0x0006
                         0000003E    23 _MEMORY_CTL	=	0x003e
                         0000003F    24 _JOY_CTL	=	0x003f
                         0000007E    25 _VCOUNTER	=	0x007e
                         0000007F    26 _PSG	=	0x007f
                         0000007F    27 _HCOUNTER	=	0x007f
                         000000BE    28 _VDP_DATA	=	0x00be
                         000000BF    29 _VDP_CMD	=	0x00bf
                         000000BF    30 _VDP_STATUS	=	0x00bf
                         000000DC    31 _JOY_PORT1	=	0x00dc
                         000000DD    32 _JOY_PORT2	=	0x00dd
                         000000F0    33 _FMADDRESS	=	0x00f0
                         000000F1    34 _FMDATA	=	0x00f1
                         000000F2    35 _AUDIOCTRL	=	0x00f2
                                     36 ;--------------------------------------------------------
                                     37 ; ram data
                                     38 ;--------------------------------------------------------
                                     39 	.area _DATA
                         0000FFFC    40 _RAM_CONTROL	=	0xfffc
                         0000FFF8    41 _GLASSES_3D	=	0xfff8
                         0000FFFD    42 _MAP_FRAME0	=	0xfffd
                         0000FFFE    43 _MAP_FRAME1	=	0xfffe
                         0000FFFF    44 _MAP_FRAME2	=	0xffff
    00000000                         45 _flipped_data:
    00000000                         46 	.ds 64
                                     47 ;--------------------------------------------------------
                                     48 ; ram data
                                     49 ;--------------------------------------------------------
                                     50 	.area _INITIALIZED
                                     51 ;--------------------------------------------------------
                                     52 ; absolute external ram data
                                     53 ;--------------------------------------------------------
                                     54 	.area _DABS (ABS)
                                     55 ;--------------------------------------------------------
                                     56 ; global & static initialisations
                                     57 ;--------------------------------------------------------
                                     58 	.area _HOME
                                     59 	.area _GSINIT
                                     60 	.area _GSFINAL
                                     61 	.area _GSINIT
                                     62 ;--------------------------------------------------------
                                     63 ; Home
                                     64 ;--------------------------------------------------------
                                     65 	.area _HOME
                                     66 	.area _HOME
                                     67 ;--------------------------------------------------------
                                     68 ; code
                                     69 ;--------------------------------------------------------
                                     70 	.area _CODE
                                     71 ;C:/Users/franc/Documents/Projets/Perso/GameBoyProjects/CrossZGB/common/src/sms/Flip.c:11: static const UINT8 * copy_row(const UINT8* src, UINT8* dest) NAKED PRESERVES_REGS(a, iyh, iyl) {
                                     72 ;	---------------------------------
                                     73 ; Function copy_row
                                     74 ; ---------------------------------
    00000000                         75 _copy_row:
                                     76 ;C:/Users/franc/Documents/Projets/Perso/GameBoyProjects/CrossZGB/common/src/sms/Flip.c:22: __endasm;
    00000000 ED A0            [16]   77 	ldi
    00000002 ED A0            [16]   78 	ldi
    00000004 ED A0            [16]   79 	ldi
    00000006 ED A0            [16]   80 	ldi
    00000008 EB               [ 4]   81 	ex	de, hl
    00000009 C9               [10]   82 	ret
                                     83 ;C:/Users/franc/Documents/Projets/Perso/GameBoyProjects/CrossZGB/common/src/sms/Flip.c:23: }
                                     84 ;C:/Users/franc/Documents/Projets/Perso/GameBoyProjects/CrossZGB/common/src/sms/Flip.c:25: static const UINT8 * copy_row_flip(const UINT8* src, UINT8* dest) NAKED NAKED PRESERVES_REGS(iyh, iyl) {
                                     85 ;	---------------------------------
                                     86 ; Function copy_row_flip
                                     87 ; ---------------------------------
    0000000A                         88 _copy_row_flip:
                                     89 ;C:/Users/franc/Documents/Projets/Perso/GameBoyProjects/CrossZGB/common/src/sms/Flip.c:47: __endasm;
    0000000A 06s00            [ 7]   90 	ld	b, #>_flip_recode_table
                                     91 	.rept	2
                                     92 	ld	c, (hl)
                                     93 	ld	a, (bc)
                                     94 	ld	(de), a
                                     95 	inc	hl
                                     96 	inc	de
                                     97 	.endm
    0000000C 4E               [ 7]    1 	ld	c, (hl)
    0000000D 0A               [ 7]    2 	ld	a, (bc)
    0000000E 12               [ 7]    3 	ld	(de), a
    0000000F 23               [ 6]    4 	inc	hl
    00000010 13               [ 6]    5 	inc	de
    00000011 4E               [ 7]    1 	ld	c, (hl)
    00000012 0A               [ 7]    2 	ld	a, (bc)
    00000013 12               [ 7]    3 	ld	(de), a
    00000014 23               [ 6]    4 	inc	hl
    00000015 13               [ 6]    5 	inc	de
                                     98 	.rept	2
                                     99 	ld	c, (hl)
                                    100 	ld	a, (bc)
                                    101 	ld	(de), a
                                    102 	inc	hl
                                    103 	inc	de
                                    104 	.endm
    00000016 4E               [ 7]    1 	ld	c, (hl)
    00000017 0A               [ 7]    2 	ld	a, (bc)
    00000018 12               [ 7]    3 	ld	(de), a
    00000019 23               [ 6]    4 	inc	hl
    0000001A 13               [ 6]    5 	inc	de
    0000001B 4E               [ 7]    1 	ld	c, (hl)
    0000001C 0A               [ 7]    2 	ld	a, (bc)
    0000001D 12               [ 7]    3 	ld	(de), a
    0000001E 23               [ 6]    4 	inc	hl
    0000001F 13               [ 6]    5 	inc	de
    00000020 EB               [ 4]  105 	ex	de, hl
    00000021 C9               [10]  106 	ret
                                    107 ;C:/Users/franc/Documents/Projets/Perso/GameBoyProjects/CrossZGB/common/src/sms/Flip.c:48: }
                                    108 ;C:/Users/franc/Documents/Projets/Perso/GameBoyProjects/CrossZGB/common/src/sms/Flip.c:57: static const UINT8 * set_flipped_tile(UINT8 tile_idx, const UINT8* data, UINT8 flip) {
                                    109 ;	---------------------------------
                                    110 ; Function set_flipped_tile
                                    111 ; ---------------------------------
    00000022                        112 _set_flipped_tile:
    00000022 DD E5            [15]  113 	push	ix
    00000024 DD 21 00 00      [14]  114 	ld	ix,#0
    00000028 DD 39            [15]  115 	add	ix,sp
    0000002A F5               [11]  116 	push	af
    0000002B 3B               [ 6]  117 	dec	sp
    0000002C 4F               [ 4]  118 	ld	c, a
    0000002D 33               [ 6]  119 	inc	sp
    0000002E 33               [ 6]  120 	inc	sp
    0000002F D5               [11]  121 	push	de
                                    122 ;C:/Users/franc/Documents/Projets/Perso/GameBoyProjects/CrossZGB/common/src/sms/Flip.c:59: UINT8* dest = (flip & FLIP_Y) ? (flipped_data + (NUM_BYTES_PER_TILE - DEFAULT_COLOR_DEPTH)) : flipped_data;
    00000030 DD 46 04         [19]  123 	ld	b, 4 (ix)
    00000033 78               [ 4]  124 	ld	a, b
    00000034 E6 01            [ 7]  125 	and	a, #0x01
    00000036 DD 77 FF         [19]  126 	ld	-1 (ix), a
    00000039 B7               [ 4]  127 	or	a, a
    0000003A 28 05            [12]  128 	jr	Z, 00114$
    0000003C 11r3Cr00         [10]  129 	ld	de, #_flipped_data+60
    0000003F 18 03            [12]  130 	jr	00115$
    00000041                        131 00114$:
    00000041 11r00r00         [10]  132 	ld	de, #_flipped_data+0
    00000044                        133 00115$:
                                    134 ;C:/Users/franc/Documents/Projets/Perso/GameBoyProjects/CrossZGB/common/src/sms/Flip.c:60: INT16  delta = (flip & FLIP_Y) ? -DEFAULT_COLOR_DEPTH : DEFAULT_COLOR_DEPTH;
    00000044 DD 7E FF         [19]  135 	ld	a, -1 (ix)
    00000047 B7               [ 4]  136 	or	a, a
    00000048 28 05            [12]  137 	jr	Z, 00116$
    0000004A 21 FC FF         [10]  138 	ld	hl, #0xfffc
    0000004D 18 03            [12]  139 	jr	00117$
    0000004F                        140 00116$:
    0000004F 21 04 00         [10]  141 	ld	hl, #0x0004
    00000052                        142 00117$:
                                    143 ;C:/Users/franc/Documents/Projets/Perso/GameBoyProjects/CrossZGB/common/src/sms/Flip.c:61: if (flip & FLIP_X) {
    00000052 CB 48            [ 8]  144 	bit	1, b
    00000054 28 24            [12]  145 	jr	Z, 00124$
                                    146 ;C:/Users/franc/Documents/Projets/Perso/GameBoyProjects/CrossZGB/common/src/sms/Flip.c:62: for (UINT8 i = DEFAULT_SPRITES_SIZE; i != 0; i--, dest += delta) src = copy_row_flip(src, dest);
    00000056 06 10            [ 7]  147 	ld	b, #0x10
    00000058                        148 00107$:
    00000058 78               [ 4]  149 	ld	a, b
    00000059 B7               [ 4]  150 	or	a, a
    0000005A 28 42            [12]  151 	jr	Z, 00105$
    0000005C E5               [11]  152 	push	hl
    0000005D C5               [11]  153 	push	bc
    0000005E D5               [11]  154 	push	de
    0000005F DD 6E FD         [19]  155 	ld	l, -3 (ix)
    00000062 DD 66 FE         [19]  156 	ld	h, -2 (ix)
    00000065 CDr0Ar00         [17]  157 	call	_copy_row_flip
    00000068 DD 73 FD         [19]  158 	ld	-3 (ix), e
    0000006B DD 72 FE         [19]  159 	ld	-2 (ix), d
    0000006E D1               [10]  160 	pop	de
    0000006F C1               [10]  161 	pop	bc
    00000070 E1               [10]  162 	pop	hl
    00000071 05               [ 4]  163 	dec	b
    00000072 7D               [ 4]  164 	ld	a, l
    00000073 83               [ 4]  165 	add	a, e
    00000074 5F               [ 4]  166 	ld	e, a
    00000075 7C               [ 4]  167 	ld	a, h
    00000076 8A               [ 4]  168 	adc	a, d
    00000077 57               [ 4]  169 	ld	d, a
    00000078 18 DE            [12]  170 	jr	00107$
                                    171 ;C:/Users/franc/Documents/Projets/Perso/GameBoyProjects/CrossZGB/common/src/sms/Flip.c:64: for (UINT8 i = DEFAULT_SPRITES_SIZE; i != 0; i--, dest += delta) src = copy_row(src, dest);
    0000007A                        172 00124$:
    0000007A 06 10            [ 7]  173 	ld	b, #0x10
    0000007C                        174 00110$:
    0000007C 78               [ 4]  175 	ld	a, b
    0000007D B7               [ 4]  176 	or	a, a
    0000007E 28 1E            [12]  177 	jr	Z, 00105$
    00000080 E5               [11]  178 	push	hl
    00000081 C5               [11]  179 	push	bc
    00000082 D5               [11]  180 	push	de
    00000083 DD 6E FD         [19]  181 	ld	l, -3 (ix)
    00000086 DD 66 FE         [19]  182 	ld	h, -2 (ix)
    00000089 CDr00r00         [17]  183 	call	_copy_row
    0000008C DD 73 FD         [19]  184 	ld	-3 (ix), e
    0000008F DD 72 FE         [19]  185 	ld	-2 (ix), d
    00000092 D1               [10]  186 	pop	de
    00000093 C1               [10]  187 	pop	bc
    00000094 E1               [10]  188 	pop	hl
    00000095 05               [ 4]  189 	dec	b
    00000096 7D               [ 4]  190 	ld	a, l
    00000097 83               [ 4]  191 	add	a, e
    00000098 5F               [ 4]  192 	ld	e, a
    00000099 7C               [ 4]  193 	ld	a, h
    0000009A 8A               [ 4]  194 	adc	a, d
    0000009B 57               [ 4]  195 	ld	d, a
    0000009C 18 DE            [12]  196 	jr	00110$
    0000009E                        197 00105$:
                                    198 ;C:/Users/franc/Documents/Projets/Perso/GameBoyProjects/CrossZGB/common/src/sms/Flip.c:67: set_sprite_native_data(tile_idx, N_TILES_PER_SPRITE, flipped_data);
    0000009E 21r00r00         [10]  199 	ld	hl, #_flipped_data
    000000A1 E5               [11]  200 	push	hl
    000000A2 11 02 00         [10]  201 	ld	de, #0x0002
    000000A5 79               [ 4]  202 	ld	a, c
    000000A6 CDr00r00         [17]  203 	call	_set_sprite_native_data
                                    204 ;C:/Users/franc/Documents/Projets/Perso/GameBoyProjects/CrossZGB/common/src/sms/Flip.c:71: return src;
    000000A9 D1               [10]  205 	pop	de
    000000AA D5               [11]  206 	push	de
                                    207 ;C:/Users/franc/Documents/Projets/Perso/GameBoyProjects/CrossZGB/common/src/sms/Flip.c:72: }
    000000AB DD F9            [10]  208 	ld	sp, ix
    000000AD DD E1            [14]  209 	pop	ix
    000000AF E1               [10]  210 	pop	hl
    000000B0 33               [ 6]  211 	inc	sp
    000000B1 E9               [ 4]  212 	jp	(hl)
                                    213 ;C:/Users/franc/Documents/Projets/Perso/GameBoyProjects/CrossZGB/common/src/sms/Flip.c:76: void set_sprite_data_flip(UINT8 first_tile, UINT8 nb_tiles, const UINT8 *data, UINT8 flip) {
                                    214 ;	---------------------------------
                                    215 ; Function set_sprite_data_flip
                                    216 ; ---------------------------------
    000000B2                        217 _set_sprite_data_flip::
    000000B2 DD E5            [15]  218 	push	ix
    000000B4 DD 21 00 00      [14]  219 	ld	ix,#0
    000000B8 DD 39            [15]  220 	add	ix,sp
    000000BA F5               [11]  221 	push	af
    000000BB 3B               [ 6]  222 	dec	sp
    000000BC 4F               [ 4]  223 	ld	c, a
    000000BD DD 75 FF         [19]  224 	ld	-1 (ix), l
                                    225 ;C:/Users/franc/Documents/Projets/Perso/GameBoyProjects/CrossZGB/common/src/sms/Flip.c:78: if (flip == FLIP_X) {
    000000C0 DD 7E 06         [19]  226 	ld	a, 6 (ix)
    000000C3 D6 02            [ 7]  227 	sub	a, #0x02
    000000C5 20 12            [12]  228 	jr	NZ, 00106$
                                    229 ;C:/Users/franc/Documents/Projets/Perso/GameBoyProjects/CrossZGB/common/src/sms/Flip.c:79: set_sprite_native_data_flipx(first_tile, nb_tiles, data);
    000000C7 DD 5E FF         [19]  230 	ld	e, -1 (ix)
    000000CA 16 00            [ 7]  231 	ld	d, #0x00
    000000CC DD 6E 04         [19]  232 	ld	l, 4 (ix)
    000000CF DD 66 05         [19]  233 	ld	h, 5 (ix)
    000000D2 E5               [11]  234 	push	hl
    000000D3 79               [ 4]  235 	ld	a, c
    000000D4 CDr00r00         [17]  236 	call	_set_sprite_native_data_flipx
    000000D7 18 55            [12]  237 	jr	00111$
    000000D9                        238 00106$:
                                    239 ;C:/Users/franc/Documents/Projets/Perso/GameBoyProjects/CrossZGB/common/src/sms/Flip.c:82: if (flip & (FLIP_X | FLIP_Y)) {
    000000D9 DD 7E 06         [19]  240 	ld	a, 6 (ix)
    000000DC E6 03            [ 7]  241 	and	a, #0x03
    000000DE 28 3E            [12]  242 	jr	Z, 00103$
                                    243 ;C:/Users/franc/Documents/Projets/Perso/GameBoyProjects/CrossZGB/common/src/sms/Flip.c:83: const UINT8* src = data;
    000000E0 DD 7E 04         [19]  244 	ld	a, 4 (ix)
    000000E3 DD 77 FD         [19]  245 	ld	-3 (ix), a
    000000E6 DD 7E 05         [19]  246 	ld	a, 5 (ix)
    000000E9 DD 77 FE         [19]  247 	ld	-2 (ix), a
                                    248 ;C:/Users/franc/Documents/Projets/Perso/GameBoyProjects/CrossZGB/common/src/sms/Flip.c:85: for (UINT8 i = (first_tile & 0xfe); i != first_tile + (nb_tiles & 0xfe); i += 2) {		
    000000EC 79               [ 4]  249 	ld	a, c
    000000ED E6 FE            [ 7]  250 	and	a, #0xfe
    000000EF 47               [ 4]  251 	ld	b, a
    000000F0                        252 00109$:
    000000F0 59               [ 4]  253 	ld	e, c
    000000F1 16 00            [ 7]  254 	ld	d, #0x00
    000000F3 DD 6E FF         [19]  255 	ld	l, -1 (ix)
    000000F6 CB 85            [ 8]  256 	res	0, l
    000000F8 26 00            [ 7]  257 	ld	h, #0x00
    000000FA 19               [11]  258 	add	hl, de
    000000FB 58               [ 4]  259 	ld	e, b
    000000FC 16 00            [ 7]  260 	ld	d, #0x00
    000000FE BF               [ 4]  261 	cp	a, a
    000000FF ED 52            [15]  262 	sbc	hl, de
    00000101 28 2B            [12]  263 	jr	Z, 00111$
                                    264 ;C:/Users/franc/Documents/Projets/Perso/GameBoyProjects/CrossZGB/common/src/sms/Flip.c:86: src = set_flipped_tile(i, src, flip);
    00000103 C5               [11]  265 	push	bc
    00000104 DD 7E 06         [19]  266 	ld	a, 6 (ix)
    00000107 F5               [11]  267 	push	af
    00000108 33               [ 6]  268 	inc	sp
    00000109 DD 5E FD         [19]  269 	ld	e, -3 (ix)
    0000010C DD 56 FE         [19]  270 	ld	d, -2 (ix)
    0000010F 78               [ 4]  271 	ld	a, b
    00000110 CDr22r00         [17]  272 	call	_set_flipped_tile
    00000113 DD 73 FD         [19]  273 	ld	-3 (ix), e
    00000116 DD 72 FE         [19]  274 	ld	-2 (ix), d
    00000119 C1               [10]  275 	pop	bc
                                    276 ;C:/Users/franc/Documents/Projets/Perso/GameBoyProjects/CrossZGB/common/src/sms/Flip.c:85: for (UINT8 i = (first_tile & 0xfe); i != first_tile + (nb_tiles & 0xfe); i += 2) {		
    0000011A 04               [ 4]  277 	inc	b
    0000011B 04               [ 4]  278 	inc	b
    0000011C 18 D2            [12]  279 	jr	00109$
    0000011E                        280 00103$:
                                    281 ;C:/Users/franc/Documents/Projets/Perso/GameBoyProjects/CrossZGB/common/src/sms/Flip.c:95: set_sprite_native_data(first_tile, nb_tiles, data);
    0000011E DD 6E 04         [19]  282 	ld	l, 4 (ix)
    00000121 DD 66 05         [19]  283 	ld	h, 5 (ix)
    00000124 DD 5E FF         [19]  284 	ld	e, -1 (ix)
    00000127 16 00            [ 7]  285 	ld	d, #0x00
    00000129 E5               [11]  286 	push	hl
    0000012A 79               [ 4]  287 	ld	a, c
    0000012B CDr00r00         [17]  288 	call	_set_sprite_native_data
    0000012E                        289 00111$:
                                    290 ;C:/Users/franc/Documents/Projets/Perso/GameBoyProjects/CrossZGB/common/src/sms/Flip.c:100: }
    0000012E DD F9            [10]  291 	ld	sp, ix
    00000130 DD E1            [14]  292 	pop	ix
    00000132 E1               [10]  293 	pop	hl
    00000133 F1               [10]  294 	pop	af
    00000134 33               [ 6]  295 	inc	sp
    00000135 E9               [ 4]  296 	jp	(hl)
                                    297 	.area _CODE
                                    298 	.area _INITIALIZER
                                    299 	.area _CABS (ABS)
