                                      1 ;--------------------------------------------------------
                                      2 ; File Created by SDCC : free open source ISO C Compiler
                                      3 ; Version 4.5.1 #15267 (MINGW64)
                                      4 ;--------------------------------------------------------
                                      5 	.module Music
                                      6 	
                                      7 ;--------------------------------------------------------
                                      8 ; Public variables in this module
                                      9 ;--------------------------------------------------------
                                     10 	.globl _sfx_play_isr
                                     11 	.globl _sfx_sound_cut_mask
                                     12 	.globl _stop_music_on_new_state
                                     13 	.globl _last_music_bank
                                     14 	.globl _last_music
                                     15 	.globl _sfx_priority
                                     16 	.globl _music_mute_mask
                                     17 	.globl _music_paused
                                     18 	.globl _compensate_music_NTSC
                                     19 	.globl _MUSIC_isr
                                     20 	.globl ___PlayMusic
                                     21 ;--------------------------------------------------------
                                     22 ; special function registers
                                     23 ;--------------------------------------------------------
                         00000000    24 _GG_STATE	=	0x0000
                         00000001    25 _GG_EXT_7BIT	=	0x0001
                         00000002    26 _GG_EXT_CTL	=	0x0002
                         00000003    27 _GG_SIO_SEND	=	0x0003
                         00000004    28 _GG_SIO_RECV	=	0x0004
                         00000005    29 _GG_SIO_CTL	=	0x0005
                         00000006    30 _GG_SOUND_PAN	=	0x0006
                         0000003E    31 _MEMORY_CTL	=	0x003e
                         0000003F    32 _JOY_CTL	=	0x003f
                         0000007E    33 _VCOUNTER	=	0x007e
                         0000007F    34 _PSG	=	0x007f
                         0000007F    35 _HCOUNTER	=	0x007f
                         000000BE    36 _VDP_DATA	=	0x00be
                         000000BF    37 _VDP_CMD	=	0x00bf
                         000000BF    38 _VDP_STATUS	=	0x00bf
                         000000DC    39 _JOY_PORT1	=	0x00dc
                         000000DD    40 _JOY_PORT2	=	0x00dd
                         000000F0    41 _FMADDRESS	=	0x00f0
                         000000F1    42 _FMDATA	=	0x00f1
                         000000F2    43 _AUDIOCTRL	=	0x00f2
                                     44 ;--------------------------------------------------------
                                     45 ; ram data
                                     46 ;--------------------------------------------------------
                                     47 	.area _DATA
                         0000FFFC    48 _RAM_CONTROL	=	0xfffc
                         0000FFF8    49 _GLASSES_3D	=	0xfff8
                         0000FFFD    50 _MAP_FRAME0	=	0xfffd
                         0000FFFE    51 _MAP_FRAME1	=	0xfffe
                         0000FFFF    52 _MAP_FRAME2	=	0xffff
    00000000                         53 _compensate_music_NTSC::
    00000000                         54 	.ds 1
    00000001                         55 _music_compensation:
    00000001                         56 	.ds 1
    00000002                         57 _MUSIC_isr_old_mute_mask_10000_149:
    00000002                         58 	.ds 1
                                     59 ;--------------------------------------------------------
                                     60 ; ram data
                                     61 ;--------------------------------------------------------
                                     62 	.area _INITIALIZED
    00000000                         63 _music_paused::
    00000000                         64 	.ds 1
    00000001                         65 _music_mute_mask::
    00000001                         66 	.ds 1
    00000002                         67 _sfx_priority::
    00000002                         68 	.ds 1
    00000003                         69 _last_music::
    00000003                         70 	.ds 2
    00000005                         71 _last_music_bank::
    00000005                         72 	.ds 1
    00000006                         73 _stop_music_on_new_state::
    00000006                         74 	.ds 1
                                     75 ;--------------------------------------------------------
                                     76 ; absolute external ram data
                                     77 ;--------------------------------------------------------
                                     78 	.area _DABS (ABS)
                                     79 ;--------------------------------------------------------
                                     80 ; global & static initialisations
                                     81 ;--------------------------------------------------------
                                     82 	.area _HOME
                                     83 	.area _GSINIT
                                     84 	.area _GSFINAL
                                     85 	.area _GSINIT
                                     86 ;C:/Users/franc/Documents/Projets/Perso/GameBoyProjects/CrossZGB/common/src/Music.c:85: static UINT8 old_mute_mask = ~MUTE_MASK_NONE;
    00000000 FD 21r02r00      [14]   87 	ld	iy, #_MUSIC_isr_old_mute_mask_10000_149
    00000004 FD 36 00 FF      [19]   88 	ld	0 (iy), #0xff
                                     89 ;--------------------------------------------------------
                                     90 ; Home
                                     91 ;--------------------------------------------------------
                                     92 	.area _HOME
                                     93 ;C:/Users/franc/Documents/Projets/Perso/GameBoyProjects/CrossZGB/common/src/Music.c:84: void MUSIC_isr(void) NONBANKED {
                                     94 ;	---------------------------------
                                     95 ; Function MUSIC_isr
                                     96 ; ---------------------------------
    00000000                         97 _MUSIC_isr::
                                     98 ;C:/Users/franc/Documents/Projets/Perso/GameBoyProjects/CrossZGB/common/src/Music.c:88: if ((compensate_music_NTSC) && (++music_compensation > 5)) {
    00000000 3Ar00r00         [13]   99 	ld	a, (_compensate_music_NTSC+0)
    00000003 B7               [ 4]  100 	or	a, a
    00000004 28 13            [12]  101 	jr	Z, 00102$
    00000006 FD 21r01r00      [14]  102 	ld	iy, #_music_compensation
    0000000A FD 34 00         [23]  103 	inc	0 (iy)
    0000000D 3E 05            [ 7]  104 	ld	a, #0x05
    0000000F FD 96 00         [19]  105 	sub	a, 0 (iy)
    00000012 30 05            [12]  106 	jr	NC, 00102$
                                    107 ;C:/Users/franc/Documents/Projets/Perso/GameBoyProjects/CrossZGB/common/src/Music.c:89: music_compensation = 0; 
    00000014 FD 36 00 00      [19]  108 	ld	0 (iy), #0x00
                                    109 ;C:/Users/franc/Documents/Projets/Perso/GameBoyProjects/CrossZGB/common/src/Music.c:90: return;
    00000018 C9               [10]  110 	ret
    00000019                        111 00102$:
                                    112 ;C:/Users/franc/Documents/Projets/Perso/GameBoyProjects/CrossZGB/common/src/Music.c:94: if (old_mute_mask != music_mute_mask) {
    00000019 3Ar02r00         [13]  113 	ld	a, (_MUSIC_isr_old_mute_mask_10000_149+0)
    0000001C 21r01r00         [10]  114 	ld	hl, #_music_mute_mask
    0000001F 96               [ 7]  115 	sub	a, (hl)
    00000020 28 06            [12]  116 	jr	Z, 00105$
                                    117 ;C:/Users/franc/Documents/Projets/Perso/GameBoyProjects/CrossZGB/common/src/Music.c:96: old_mute_mask = music_mute_mask;
    00000022 3Ar01r00         [13]  118 	ld	a, (_music_mute_mask+0)
    00000025 32r02r00         [13]  119 	ld	(_MUSIC_isr_old_mute_mask_10000_149+0), a
    00000028                        120 00105$:
                                    121 ;C:/Users/franc/Documents/Projets/Perso/GameBoyProjects/CrossZGB/common/src/Music.c:99: if (sfx_play_bank != SFX_STOP_BANK) {
    00000028 3Ar00r00         [13]  122 	ld	a, (_sfx_play_bank+0)
    0000002B 3C               [ 4]  123 	inc	a
    0000002C 28 1C            [12]  124 	jr	Z, 00109$
                                    125 ;C:/Users/franc/Documents/Projets/Perso/GameBoyProjects/CrossZGB/common/src/Music.c:100: if (!sfx_play_isr()) {
    0000002E CDr00r00         [17]  126 	call	_sfx_play_isr
    00000031 B7               [ 4]  127 	or	a, a
    00000032 20 16            [12]  128 	jr	NZ, 00109$
                                    129 ;C:/Users/franc/Documents/Projets/Perso/GameBoyProjects/CrossZGB/common/src/Music.c:102: sfx_sound_cut_mask(music_mute_mask);
    00000034 3Ar01r00         [13]  130 	ld	a, (_music_mute_mask)
    00000037 CDr00r00         [17]  131 	call	_sfx_sound_cut_mask
                                    132 ;C:/Users/franc/Documents/Projets/Perso/GameBoyProjects/CrossZGB/common/src/Music.c:105: music_mute_mask = old_mute_mask = MUTE_MASK_NONE;
    0000003A AF               [ 4]  133 	xor	a, a
    0000003B 32r02r00         [13]  134 	ld	(_MUSIC_isr_old_mute_mask_10000_149+0), a
    0000003E 32r01r00         [13]  135 	ld	(_music_mute_mask+0), a
                                    136 ;C:/Users/franc/Documents/Projets/Perso/GameBoyProjects/CrossZGB/common/src/Music.c:107: sfx_priority = SFX_PRIORITY_MINIMAL;
    00000041 AF               [ 4]  137 	xor	a, a
    00000042 32r02r00         [13]  138 	ld	(_sfx_priority+0), a
                                    139 ;C:/Users/franc/Documents/Projets/Perso/GameBoyProjects/CrossZGB/common/src/Music.c:108: sfx_play_bank = SFX_STOP_BANK;
    00000045 21r00r00         [10]  140 	ld	hl, #_sfx_play_bank
    00000048 36 FF            [10]  141 	ld	(hl), #0xff
    0000004A                        142 00109$:
                                    143 ;C:/Users/franc/Documents/Projets/Perso/GameBoyProjects/CrossZGB/common/src/Music.c:112: if (music_paused)
    0000004A 3Ar00r00         [13]  144 	ld	a, (_music_paused+0)
    0000004D B7               [ 4]  145 	or	a, a
                                    146 ;C:/Users/franc/Documents/Projets/Perso/GameBoyProjects/CrossZGB/common/src/Music.c:113: return;
    0000004E C0               [11]  147 	ret	NZ
                                    148 ;C:/Users/franc/Documents/Projets/Perso/GameBoyProjects/CrossZGB/common/src/Music.c:114: if (last_music_bank == SFX_STOP_BANK)
    0000004F 3Ar05r00         [13]  149 	ld	a, (_last_music_bank+0)
    00000052 3C               [ 4]  150 	inc	a
    00000053 C8               [11]  151 	ret	Z
                                    152 ;C:/Users/franc/Documents/Projets/Perso/GameBoyProjects/CrossZGB/common/src/Music.c:115: return;
                                    153 ;C:/Users/franc/Documents/Projets/Perso/GameBoyProjects/CrossZGB/common/src/Music.c:139: }
    00000054 C9               [10]  154 	ret
                                    155 ;C:/Users/franc/Documents/Projets/Perso/GameBoyProjects/CrossZGB/common/src/Music.c:141: void __PlayMusic(void* music, UINT8 bank, UINT8 loop) NONBANKED {
                                    156 ;	---------------------------------
                                    157 ; Function __PlayMusic
                                    158 ; ---------------------------------
    00000055                        159 ___PlayMusic::
    00000055 EB               [ 4]  160 	ex	de, hl
                                    161 ;C:/Users/franc/Documents/Projets/Perso/GameBoyProjects/CrossZGB/common/src/Music.c:143: if ((music != last_music) || (last_music_bank != bank)) {
    00000056 2Ar03r00         [16]  162 	ld	hl, (_last_music)
    00000059 BF               [ 4]  163 	cp	a, a
    0000005A ED 52            [15]  164 	sbc	hl, de
    0000005C 20 0E            [12]  165 	jr	NZ, 00101$
    0000005E 3Ar05r00         [13]  166 	ld	a, (_last_music_bank+0)
    00000061 FD 21 02 00      [14]  167 	ld	iy, #2
    00000065 FD 39            [15]  168 	add	iy, sp
    00000067 FD 96 00         [19]  169 	sub	a, 0 (iy)
    0000006A 28 26            [12]  170 	jr	Z, 00102$
    0000006C                        171 00101$:
                                    172 ;C:/Users/franc/Documents/Projets/Perso/GameBoyProjects/CrossZGB/common/src/Music.c:144: last_music_bank = SFX_STOP_BANK;
    0000006C 21r05r00         [10]  173 	ld	hl, #_last_music_bank
    0000006F 36 FF            [10]  174 	ld	(hl), #0xff
                                    175 ;C:/Users/franc/Documents/Projets/Perso/GameBoyProjects/CrossZGB/common/src/Music.c:145: UBYTE __save = CURRENT_BANK;
    00000071 3A FE FF         [13]  176 	ld	a, (_MAP_FRAME1)
    00000074 4F               [ 4]  177 	ld	c, a
                                    178 ;C:/Users/franc/Documents/Projets/Perso/GameBoyProjects/CrossZGB/common/include/Sound.h:79: sfx_sound_cut_mask(MUTE_MASK_ALL);
    00000075 C5               [11]  179 	push	bc
    00000076 D5               [11]  180 	push	de
    00000077 3E 0F            [ 7]  181 	ld	a, #0x0f
    00000079 CDr00r00         [17]  182 	call	_sfx_sound_cut_mask
    0000007C D1               [10]  183 	pop	de
    0000007D C1               [10]  184 	pop	bc
                                    185 ;C:/Users/franc/Documents/Projets/Perso/GameBoyProjects/CrossZGB/common/src/Music.c:164: SWITCH_ROM(__save);
    0000007E 21 FE FF         [10]  186 	ld	hl, #_MAP_FRAME1
    00000081 71               [ 7]  187 	ld	(hl), c
                                    188 ;C:/Users/franc/Documents/Projets/Perso/GameBoyProjects/CrossZGB/common/src/Music.c:165: last_music = music;
    00000082 ED 53r03r00      [20]  189 	ld	(_last_music), de
                                    190 ;C:/Users/franc/Documents/Projets/Perso/GameBoyProjects/CrossZGB/common/src/Music.c:166: last_music_bank = bank;
    00000086 FD 21 02 00      [14]  191 	ld	iy, #2
    0000008A FD 39            [15]  192 	add	iy, sp
    0000008C FD 7E 00         [19]  193 	ld	a, 0 (iy)
    0000008F 32r05r00         [13]  194 	ld	(_last_music_bank+0), a
    00000092                        195 00102$:
                                    196 ;C:/Users/franc/Documents/Projets/Perso/GameBoyProjects/CrossZGB/common/src/Music.c:168: music_paused = 0;
    00000092 AF               [ 4]  197 	xor	a, a
    00000093 32r00r00         [13]  198 	ld	(_music_paused+0), a
                                    199 ;C:/Users/franc/Documents/Projets/Perso/GameBoyProjects/CrossZGB/common/src/Music.c:169: }
    00000096 E1               [10]  200 	pop	hl
    00000097 F1               [10]  201 	pop	af
    00000098 E9               [ 4]  202 	jp	(hl)
                                    203 	.area _HOME
                                    204 ;--------------------------------------------------------
                                    205 ; code
                                    206 ;--------------------------------------------------------
                                    207 	.area _CODE
                                    208 	.area _CODE
                                    209 	.area _INITIALIZER
    00000000                        210 __xinit__music_paused:
    00000000 01                     211 	.db #0x01	; 1
    00000001                        212 __xinit__music_mute_mask:
    00000001 00                     213 	.db #0x00	; 0
    00000002                        214 __xinit__sfx_priority:
    00000002 00                     215 	.db #0x00	; 0
    00000003                        216 __xinit__last_music:
    00000003 00 00                  217 	.dw #0x0000
    00000005                        218 __xinit__last_music_bank:
    00000005 FF                     219 	.db #0xff	; 255
    00000006                        220 __xinit__stop_music_on_new_state:
    00000006 01                     221 	.db #0x01	; 1
                                    222 	.area _CABS (ABS)
