                                      1 ;--------------------------------------------------------
                                      2 ; File Created by SDCC : free open source ISO C Compiler
                                      3 ; Version 4.5.1 #15267 (MINGW64)
                                      4 ;--------------------------------------------------------
                                      5 	.module OAMManager
                                      6 	
                                      7 ;--------------------------------------------------------
                                      8 ; Public variables in this module
                                      9 ;--------------------------------------------------------
                                     10 	.globl _memset
                                     11 	.globl _oam1
                                     12 	.globl _oam0
                                     13 	.globl _oam
                                     14 	.globl _next_oam_idx
                                     15 	.globl _SwapOAMs
                                     16 	.globl _ClearOAMs
                                     17 	.globl _InitOAMs
                                     18 ;--------------------------------------------------------
                                     19 ; special function registers
                                     20 ;--------------------------------------------------------
                         00000000    21 _GG_STATE	=	0x0000
                         00000001    22 _GG_EXT_7BIT	=	0x0001
                         00000002    23 _GG_EXT_CTL	=	0x0002
                         00000003    24 _GG_SIO_SEND	=	0x0003
                         00000004    25 _GG_SIO_RECV	=	0x0004
                         00000005    26 _GG_SIO_CTL	=	0x0005
                         00000006    27 _GG_SOUND_PAN	=	0x0006
                         0000003E    28 _MEMORY_CTL	=	0x003e
                         0000003F    29 _JOY_CTL	=	0x003f
                         0000007E    30 _VCOUNTER	=	0x007e
                         0000007F    31 _PSG	=	0x007f
                         0000007F    32 _HCOUNTER	=	0x007f
                         000000BE    33 _VDP_DATA	=	0x00be
                         000000BF    34 _VDP_CMD	=	0x00bf
                         000000BF    35 _VDP_STATUS	=	0x00bf
                         000000DC    36 _JOY_PORT1	=	0x00dc
                         000000DD    37 _JOY_PORT2	=	0x00dd
                         000000F0    38 _FMADDRESS	=	0x00f0
                         000000F1    39 _FMDATA	=	0x00f1
                         000000F2    40 _AUDIOCTRL	=	0x00f2
                                     41 ;--------------------------------------------------------
                                     42 ; ram data
                                     43 ;--------------------------------------------------------
                                     44 	.area _DATA
                         0000FFFC    45 _RAM_CONTROL	=	0xfffc
                         0000FFF8    46 _GLASSES_3D	=	0xfff8
                         0000FFFD    47 _MAP_FRAME0	=	0xfffd
                         0000FFFE    48 _MAP_FRAME1	=	0xfffe
                         0000FFFF    49 _MAP_FRAME2	=	0xffff
                                     50 ;--------------------------------------------------------
                                     51 ; ram data
                                     52 ;--------------------------------------------------------
                                     53 	.area _INITIALIZED
    00000000                         54 _next_oam_idx::
    00000000                         55 	.ds 1
    00000001                         56 _oam::
    00000001                         57 	.ds 2
    00000003                         58 _oam0::
    00000003                         59 	.ds 2
    00000005                         60 _oam1::
    00000005                         61 	.ds 2
                                     62 ;--------------------------------------------------------
                                     63 ; absolute external ram data
                                     64 ;--------------------------------------------------------
                                     65 	.area _DABS (ABS)
                                     66 ;--------------------------------------------------------
                                     67 ; global & static initialisations
                                     68 ;--------------------------------------------------------
                                     69 	.area _HOME
                                     70 	.area _GSINIT
                                     71 	.area _GSFINAL
                                     72 	.area _GSINIT
                                     73 ;--------------------------------------------------------
                                     74 ; Home
                                     75 ;--------------------------------------------------------
                                     76 	.area _HOME
                                     77 	.area _HOME
                                     78 ;--------------------------------------------------------
                                     79 ; code
                                     80 ;--------------------------------------------------------
                                     81 	.area _CODE
                                     82 ;C:/Users/franc/Documents/Projets/Perso/GameBoyProjects/CrossZGB/common/src/OAMManager.c:28: void SwapOAMs(void) {
                                     83 ;	---------------------------------
                                     84 ; Function SwapOAMs
                                     85 ; ---------------------------------
    00000000                         86 _SwapOAMs::
                                     87 ;C:/Users/franc/Documents/Projets/Perso/GameBoyProjects/CrossZGB/common/src/OAMManager.c:30: if (next_oam_idx < MAX_HARDWARE_SPRITES) oam[next_oam_idx] = 0xd0;
    00000000 3Ar00r00         [13]   88 	ld	a, (_next_oam_idx+0)
    00000003 D6 40            [ 7]   89 	sub	a, #0x40
    00000005 30 11            [12]   90 	jr	NC, 00102$
    00000007 21r00r00         [10]   91 	ld	hl, #_next_oam_idx
    0000000A 3Ar01r00         [13]   92 	ld	a, (_oam+0)
    0000000D 86               [ 7]   93 	add	a, (hl)
    0000000E 4F               [ 4]   94 	ld	c, a
    0000000F 3Ar02r00         [13]   95 	ld	a, (_oam+1)
    00000012 CE 00            [ 7]   96 	adc	a, #0x00
    00000014 67               [ 4]   97 	ld	h, a
    00000015 69               [ 4]   98 	ld	l, c
    00000016 36 D0            [10]   99 	ld	(hl), #0xd0
    00000018                        100 00102$:
                                    101 ;C:/Users/franc/Documents/Projets/Perso/GameBoyProjects/CrossZGB/common/src/OAMManager.c:35: if ((_shadow_OAM_base = __render_shadow_OAM) == (UINT8)((UINT16)mirror_OAM >> 8)) {
    00000018 3Ar00r00         [13]  102 	ld	a, (___render_shadow_OAM+0)
    0000001B 32r00r00         [13]  103 	ld	(__shadow_OAM_base+0), a
    0000001E 0Es00            [ 7]  104 	ld	c, #>(_mirror_OAM)
    00000020 3Ar00r00         [13]  105 	ld	a, (___render_shadow_OAM+0)
    00000023 91               [ 4]  106 	sub	a, c
    00000024 20 16            [12]  107 	jr	NZ, 00104$
                                    108 ;C:/Users/franc/Documents/Projets/Perso/GameBoyProjects/CrossZGB/common/src/OAMManager.c:36: __render_shadow_OAM = (UINT8)((UINT16)(oam = (UINT8*)shadow_OAM) >> 8);
    00000026 21r00r00         [10]  109 	ld	hl, #_shadow_OAM
    00000029 FD 21r01r00      [14]  110 	ld	iy, #_oam
    0000002D FD 36 00r00      [19]  111 	ld	0 (iy), #<(_shadow_OAM)
    00000031 FD 36 01s00      [19]  112 	ld	1 (iy), #>(_shadow_OAM)
    00000035 21r00r00         [10]  113 	ld	hl, #___render_shadow_OAM
    00000038 36s00            [10]  114 	ld	(hl), #>(_shadow_OAM)
    0000003A 18 11            [12]  115 	jr	00105$
    0000003C                        116 00104$:
                                    117 ;C:/Users/franc/Documents/Projets/Perso/GameBoyProjects/CrossZGB/common/src/OAMManager.c:38: __render_shadow_OAM = (UINT8)((UINT16)(oam = (UINT8*)mirror_OAM) >> 8);
    0000003C FD 21r01r00      [14]  118 	ld	iy, #_oam
    00000040 FD 36 00r00      [19]  119 	ld	0 (iy), #<(_mirror_OAM)
    00000044 FD 36 01s00      [19]  120 	ld	1 (iy), #>(_mirror_OAM)
    00000048 21r00r00         [10]  121 	ld	hl, #___render_shadow_OAM
    0000004B 36s00            [10]  122 	ld	(hl), #>(_mirror_OAM)
    0000004D                        123 00105$:
                                    124 ;C:/Users/franc/Documents/Projets/Perso/GameBoyProjects/CrossZGB/common/src/OAMManager.c:40: next_oam_idx = 0;
    0000004D AF               [ 4]  125 	xor	a, a
    0000004E 32r00r00         [13]  126 	ld	(_next_oam_idx+0), a
                                    127 ;C:/Users/franc/Documents/Projets/Perso/GameBoyProjects/CrossZGB/common/src/OAMManager.c:42: scroll_x_vblank = scroll_x, scroll_y_vblank = scroll_y;
    00000051 2Ar00r00         [16]  128 	ld	hl, (_scroll_x)
    00000054 22r00r00         [16]  129 	ld	(_scroll_x_vblank), hl
    00000057 2Ar00r00         [16]  130 	ld	hl, (_scroll_y)
    0000005A 22r00r00         [16]  131 	ld	(_scroll_y_vblank), hl
                                    132 ;C:/Users/franc/Documents/Projets/Perso/GameBoyProjects/CrossZGB/common/src/OAMManager.c:43: }
    0000005D C9               [10]  133 	ret
                                    134 ;C:/Users/franc/Documents/Projets/Perso/GameBoyProjects/CrossZGB/common/src/OAMManager.c:45: void ClearOAMs(void) {
                                    135 ;	---------------------------------
                                    136 ; Function ClearOAMs
                                    137 ; ---------------------------------
    0000005E                        138 _ClearOAMs::
                                    139 ;C:/Users/franc/Documents/Projets/Perso/GameBoyProjects/CrossZGB/common/src/OAMManager.c:46: next_oam_idx = 0;
    0000005E AF               [ 4]  140 	xor	a, a
    0000005F 32r00r00         [13]  141 	ld	(_next_oam_idx+0), a
                                    142 ;C:/Users/franc/Documents/Projets/Perso/GameBoyProjects/CrossZGB/common/src/OAMManager.c:48: shadow_OAM[0] = mirror_OAM[0] = 0xd0;
    00000062 21r00r00         [10]  143 	ld	hl, #_mirror_OAM+0
    00000065 36 D0            [10]  144 	ld	(hl), #0xd0
    00000067 21r00r00         [10]  145 	ld	hl, #_shadow_OAM
    0000006A 36 D0            [10]  146 	ld	(hl), #0xd0
                                    147 ;C:/Users/franc/Documents/Projets/Perso/GameBoyProjects/CrossZGB/common/src/OAMManager.c:52: }
    0000006C C9               [10]  148 	ret
                                    149 ;C:/Users/franc/Documents/Projets/Perso/GameBoyProjects/CrossZGB/common/src/OAMManager.c:54: void InitOAMs(void) {
                                    150 ;	---------------------------------
                                    151 ; Function InitOAMs
                                    152 ; ---------------------------------
    0000006D                        153 _InitOAMs::
                                    154 ;C:/Users/franc/Documents/Projets/Perso/GameBoyProjects/CrossZGB/common/src/OAMManager.c:55: memset(shadow_OAM, 0, MAX_HARDWARE_SPRITES * OAM_ENTRY_SIZE);
    0000006D 21 C0 00         [10]  155 	ld	hl, #0x00c0
    00000070 E5               [11]  156 	push	hl
    00000071 6C               [ 4]  157 	ld	l, h
    00000072 E5               [11]  158 	push	hl
    00000073 21r00r00         [10]  159 	ld	hl, #_shadow_OAM
    00000076 E5               [11]  160 	push	hl
    00000077 CDr00r00         [17]  161 	call	_memset
                                    162 ;C:/Users/franc/Documents/Projets/Perso/GameBoyProjects/CrossZGB/common/src/OAMManager.c:56: memset(mirror_OAM, 0, MAX_HARDWARE_SPRITES * OAM_ENTRY_SIZE);
    0000007A 21 C0 00         [10]  163 	ld	hl, #0x00c0
    0000007D E5               [11]  164 	push	hl
    0000007E 6C               [ 4]  165 	ld	l, h
    0000007F E5               [11]  166 	push	hl
    00000080 21r00r00         [10]  167 	ld	hl, #_mirror_OAM
    00000083 E5               [11]  168 	push	hl
    00000084 CDr00r00         [17]  169 	call	_memset
                                    170 ;C:/Users/franc/Documents/Projets/Perso/GameBoyProjects/CrossZGB/common/src/OAMManager.c:57: }
    00000087 C9               [10]  171 	ret
                                    172 	.area _CODE
                                    173 	.area _INITIALIZER
    00000000                        174 __xinit__next_oam_idx:
    00000000 00                     175 	.db #0x00	; 0
    00000001                        176 __xinit__oam:
    00000001r00r00                  177 	.dw _shadow_OAM
    00000003                        178 __xinit__oam0:
    00000003r00r00                  179 	.dw _shadow_OAM
    00000005                        180 __xinit__oam1:
    00000005r00r00                  181 	.dw _mirror_OAM
                                    182 	.area _CABS (ABS)
