                                      1 ;--------------------------------------------------------
                                      2 ; File Created by SDCC : free open source ISO C Compiler
                                      3 ; Version 4.5.1 #15267 (MINGW64)
                                      4 ;--------------------------------------------------------
                                      5 	.module Print
                                      6 	
                                      7 ;--------------------------------------------------------
                                      8 ; Public variables in this module
                                      9 ;--------------------------------------------------------
                                     10 	.globl _UpdateMapTile
                                     11 	.globl _set_native_tile_data
                                     12 	.globl _memcpy
                                     13 	.globl _uitoa
                                     14 	.globl _itoa
                                     15 	.globl _font_offset
                                     16 	.globl _print_target
                                     17 	.globl _print_y
                                     18 	.globl _print_x
                                     19 	.globl _print_render
                                     20 	.globl _font_tiledata_bank
                                     21 	.globl _font_tiledata
                                     22 	.globl _font_current_offset
                                     23 	.globl _default_recode_table
                                     24 	.globl b_InitDefaultRecode
                                     25 	.globl _InitDefaultRecode
                                     26 	.globl _InitRecodeTable
                                     27 	.globl _Printf
                                     28 ;--------------------------------------------------------
                                     29 ; special function registers
                                     30 ;--------------------------------------------------------
                         00000000    31 _GG_STATE	=	0x0000
                         00000001    32 _GG_EXT_7BIT	=	0x0001
                         00000002    33 _GG_EXT_CTL	=	0x0002
                         00000003    34 _GG_SIO_SEND	=	0x0003
                         00000004    35 _GG_SIO_RECV	=	0x0004
                         00000005    36 _GG_SIO_CTL	=	0x0005
                         00000006    37 _GG_SOUND_PAN	=	0x0006
                         0000003E    38 _MEMORY_CTL	=	0x003e
                         0000003F    39 _JOY_CTL	=	0x003f
                         0000007E    40 _VCOUNTER	=	0x007e
                         0000007F    41 _PSG	=	0x007f
                         0000007F    42 _HCOUNTER	=	0x007f
                         000000BE    43 _VDP_DATA	=	0x00be
                         000000BF    44 _VDP_CMD	=	0x00bf
                         000000BF    45 _VDP_STATUS	=	0x00bf
                         000000DC    46 _JOY_PORT1	=	0x00dc
                         000000DD    47 _JOY_PORT2	=	0x00dd
                         000000F0    48 _FMADDRESS	=	0x00f0
                         000000F1    49 _FMDATA	=	0x00f1
                         000000F2    50 _AUDIOCTRL	=	0x00f2
                                     51 ;--------------------------------------------------------
                                     52 ; ram data
                                     53 ;--------------------------------------------------------
                                     54 	.area _DATA
                         0000FFFC    55 _RAM_CONTROL	=	0xfffc
                         0000FFF8    56 _GLASSES_3D	=	0xfff8
                         0000FFFD    57 _MAP_FRAME0	=	0xfffd
                         0000FFFE    58 _MAP_FRAME1	=	0xfffe
                         0000FFFF    59 _MAP_FRAME2	=	0xffff
    00000000                         60 _font_current_offset::
    00000000                         61 	.ds 2
    00000002                         62 _font_tiledata::
    00000002                         63 	.ds 2
    00000004                         64 _font_tiledata_bank::
    00000004                         65 	.ds 1
    00000005                         66 _Printf_tmp_10000_233:
    00000005                         67 	.ds 10
    0000000F                         68 _Printf_old_x_10000_233:
    0000000F                         69 	.ds 1
                                     70 ;--------------------------------------------------------
                                     71 ; ram data
                                     72 ;--------------------------------------------------------
                                     73 	.area _INITIALIZED
    00000000                         74 _print_render::
    00000000                         75 	.ds 1
    00000001                         76 _print_x::
    00000001                         77 	.ds 1
    00000002                         78 _print_y::
    00000002                         79 	.ds 1
    00000003                         80 _print_target::
    00000003                         81 	.ds 1
    00000004                         82 _font_offset::
    00000004                         83 	.ds 2
                                     84 ;--------------------------------------------------------
                                     85 ; absolute external ram data
                                     86 ;--------------------------------------------------------
                                     87 	.area _DABS (ABS)
                                     88 ;--------------------------------------------------------
                                     89 ; global & static initialisations
                                     90 ;--------------------------------------------------------
                                     91 	.area _HOME
                                     92 	.area _GSINIT
                                     93 	.area _GSFINAL
                                     94 	.area _GSINIT
                                     95 ;--------------------------------------------------------
                                     96 ; Home
                                     97 ;--------------------------------------------------------
                                     98 	.area _HOME
                                     99 ;C:/Users/franc/Documents/Projets/Perso/GameBoyProjects/CrossZGB/common/src/Print.c:32: void InitRecodeTable(const UINT8* recode_table, UINT8 bank) NONBANKED {
                                    100 ;	---------------------------------
                                    101 ; Function InitRecodeTable
                                    102 ; ---------------------------------
    00000000                        103 _InitRecodeTable::
    00000000 DD E5            [15]  104 	push	ix
    00000002 DD 21 00 00      [14]  105 	ld	ix,#0
    00000006 DD 39            [15]  106 	add	ix,sp
    00000008 3B               [ 6]  107 	dec	sp
    00000009 EB               [ 4]  108 	ex	de, hl
                                    109 ;C:/Users/franc/Documents/Projets/Perso/GameBoyProjects/CrossZGB/common/src/Print.c:33: UINT8 __save = CURRENT_BANK;
    0000000A 3A FE FF         [13]  110 	ld	a, (_MAP_FRAME1+0)
    0000000D DD 77 FF         [19]  111 	ld	-1 (ix), a
                                    112 ;C:/Users/franc/Documents/Projets/Perso/GameBoyProjects/CrossZGB/common/src/Print.c:34: SWITCH_ROM(bank);
    00000010 DD 7E 04         [19]  113 	ld	a, 4 (ix)
    00000013 32 FE FF         [13]  114 	ld	(_MAP_FRAME1+0), a
                                    115 ;C:/Users/franc/Documents/Projets/Perso/GameBoyProjects/CrossZGB/common/src/Print.c:35: memcpy(font_recode_table, recode_table + ' ', RECODE_TABLE_SIZE);
    00000016 21 20 00         [10]  116 	ld	hl, #0x0020
    00000019 19               [11]  117 	add	hl, de
    0000001A EB               [ 4]  118 	ex	de, hl
    0000001B 21 60 00         [10]  119 	ld	hl, #0x0060
    0000001E E5               [11]  120 	push	hl
    0000001F 21r00r00         [10]  121 	ld	hl, #_font_recode_table
    00000022 CDr00r00         [17]  122 	call	_memcpy
                                    123 ;C:/Users/franc/Documents/Projets/Perso/GameBoyProjects/CrossZGB/common/src/Print.c:36: SWITCH_ROM(__save);
    00000025 DD 7E FF         [19]  124 	ld	a, -1 (ix)
    00000028 32 FE FF         [13]  125 	ld	(_MAP_FRAME1+0), a
                                    126 ;C:/Users/franc/Documents/Projets/Perso/GameBoyProjects/CrossZGB/common/src/Print.c:37: }
    0000002B 33               [ 6]  127 	inc	sp
    0000002C DD E1            [14]  128 	pop	ix
    0000002E E1               [10]  129 	pop	hl
    0000002F 33               [ 6]  130 	inc	sp
    00000030 E9               [ 4]  131 	jp	(hl)
                                    132 ;C:/Users/franc/Documents/Projets/Perso/GameBoyProjects/CrossZGB/common/src/Print.c:39: UINT8 Printf(const unsigned char* txt, ...) NONBANKED { 
                                    133 ;	---------------------------------
                                    134 ; Function Printf
                                    135 ; ---------------------------------
    00000031                        136 _Printf::
    00000031 DD E5            [15]  137 	push	ix
    00000033 DD 21 00 00      [14]  138 	ld	ix,#0
    00000037 DD 39            [15]  139 	add	ix,sp
    00000039 F5               [11]  140 	push	af
    0000003A 3B               [ 6]  141 	dec	sp
                                    142 ;C:/Users/franc/Documents/Projets/Perso/GameBoyProjects/CrossZGB/common/src/Print.c:43: const unsigned char *ptr = txt; 
    0000003B DD 4E 04         [19]  143 	ld	c, 4 (ix)
    0000003E DD 46 05         [19]  144 	ld	b, 5 (ix)
                                    145 ;C:/Users/franc/Documents/Projets/Perso/GameBoyProjects/CrossZGB/common/src/Print.c:46: old_x = print_x;
    00000041 3Ar01r00         [13]  146 	ld	a, (_print_x+0)
    00000044 32r0Fr00         [13]  147 	ld	(_Printf_old_x_10000_233+0), a
                                    148 ;C:/Users/franc/Documents/Projets/Perso/GameBoyProjects/CrossZGB/common/src/Print.c:49: if(print_target != PRINT_BKG) return 0;
    00000047 3Ar03r00         [13]  149 	ld	a, (_print_target+0)
    0000004A B7               [ 4]  150 	or	a, a
    0000004B 28 04            [12]  151 	jr	Z, 00102$
    0000004D AF               [ 4]  152 	xor	a, a
    0000004E C3r8Dr01         [10]  153 	jp	00117$
    00000051                        154 00102$:
                                    155 ;C:/Users/franc/Documents/Projets/Perso/GameBoyProjects/CrossZGB/common/src/Print.c:51: va_start(list, txt); 
    00000051 21 09 00         [10]  156 	ld	hl, #9
    00000054 39               [11]  157 	add	hl, sp
    00000055 E3               [19]  158 	ex	(sp), hl
                                    159 ;C:/Users/franc/Documents/Projets/Perso/GameBoyProjects/CrossZGB/common/src/Print.c:52: while(*ptr) {
    00000056                        160 00114$:
    00000056 0A               [ 7]  161 	ld	a, (bc)
    00000057 B7               [ 4]  162 	or	a, a
    00000058 CAr86r01         [10]  163 	jp	Z, 00116$
                                    164 ;C:/Users/franc/Documents/Projets/Perso/GameBoyProjects/CrossZGB/common/src/Print.c:53: c = (*ptr++) & 0x7fu; // support only ascii
    0000005B 03               [ 6]  165 	inc	bc
    0000005C E6 7F            [ 7]  166 	and	a, #0x7f
                                    167 ;C:/Users/franc/Documents/Projets/Perso/GameBoyProjects/CrossZGB/common/src/Print.c:54: if (c == '%') {
    0000005E DD 77 FF         [19]  168 	ld	-1 (ix), a
    00000061 D6 25            [ 7]  169 	sub	a, #0x25
    00000063 20 7A            [12]  170 	jr	NZ, 00110$
                                    171 ;C:/Users/franc/Documents/Projets/Perso/GameBoyProjects/CrossZGB/common/src/Print.c:55: switch(c = *(ptr++) & 0x7fu) {
    00000065 0A               [ 7]  172 	ld	a, (bc)
    00000066 03               [ 6]  173 	inc	bc
    00000067 CB BF            [ 8]  174 	res	7, a
    00000069 DD 77 FF         [19]  175 	ld	-1 (ix), a
                                    176 ;C:/Users/franc/Documents/Projets/Perso/GameBoyProjects/CrossZGB/common/src/Print.c:58: itoa(va_arg(list, INT16), tmp, 10);
    0000006C D1               [10]  177 	pop	de
    0000006D D5               [11]  178 	push	de
    0000006E 13               [ 6]  179 	inc	de
    0000006F 13               [ 6]  180 	inc	de
    00000070 6B               [ 4]  181 	ld	l, e
    00000071 62               [ 4]  182 	ld	h, d
    00000072 2B               [ 6]  183 	dec	hl
    00000073 2B               [ 6]  184 	dec	hl
    00000074 E5               [11]  185 	push	hl
    00000075 FD E1            [14]  186 	pop	iy
                                    187 ;C:/Users/franc/Documents/Projets/Perso/GameBoyProjects/CrossZGB/common/src/Print.c:55: switch(c = *(ptr++) & 0x7fu) {
    00000077 FE 64            [ 7]  188 	cp	a, #0x64
    00000079 28 0E            [12]  189 	jr	Z, 00104$
    0000007B FE 69            [ 7]  190 	cp	a, #0x69
    0000007D 28 0A            [12]  191 	jr	Z, 00104$
    0000007F FE 73            [ 7]  192 	cp	a, #0x73
    00000081 28 4C            [12]  193 	jr	Z, 00106$
    00000083 D6 75            [ 7]  194 	sub	a, #0x75
    00000085 28 25            [12]  195 	jr	Z, 00105$
    00000087 18 56            [12]  196 	jr	00110$
                                    197 ;C:/Users/franc/Documents/Projets/Perso/GameBoyProjects/CrossZGB/common/src/Print.c:57: case 'i':
    00000089                        198 00104$:
                                    199 ;C:/Users/franc/Documents/Projets/Perso/GameBoyProjects/CrossZGB/common/src/Print.c:58: itoa(va_arg(list, INT16), tmp, 10);
    00000089 33               [ 6]  200 	inc	sp
    0000008A 33               [ 6]  201 	inc	sp
    0000008B D5               [11]  202 	push	de
    0000008C FD 5E 00         [19]  203 	ld	e, 0 (iy)
    0000008F FD 56 01         [19]  204 	ld	d, 1 (iy)
    00000092 C5               [11]  205 	push	bc
    00000093 3E 0A            [ 7]  206 	ld	a, #0x0a
    00000095 F5               [11]  207 	push	af
    00000096 33               [ 6]  208 	inc	sp
    00000097 21r05r00         [10]  209 	ld	hl, #_Printf_tmp_10000_233
    0000009A E5               [11]  210 	push	hl
    0000009B D5               [11]  211 	push	de
    0000009C CDr00r00         [17]  212 	call	_itoa
    0000009F F1               [10]  213 	pop	af
                                    214 ;C:/Users/franc/Documents/Projets/Perso/GameBoyProjects/CrossZGB/common/src/Print.c:59: Printf(tmp);
    000000A0 33               [ 6]  215 	inc	sp
    000000A1 21r05r00         [10]  216 	ld	hl,#_Printf_tmp_10000_233
    000000A4 E3               [19]  217 	ex	(sp),hl
    000000A5 CDr31r00         [17]  218 	call	_Printf
    000000A8 F1               [10]  219 	pop	af
    000000A9 C1               [10]  220 	pop	bc
                                    221 ;C:/Users/franc/Documents/Projets/Perso/GameBoyProjects/CrossZGB/common/src/Print.c:60: continue;
    000000AA 18 AA            [12]  222 	jr	00114$
                                    223 ;C:/Users/franc/Documents/Projets/Perso/GameBoyProjects/CrossZGB/common/src/Print.c:61: case 'u':
    000000AC                        224 00105$:
                                    225 ;C:/Users/franc/Documents/Projets/Perso/GameBoyProjects/CrossZGB/common/src/Print.c:62: uitoa(va_arg(list, INT16), tmp, 10);
    000000AC 33               [ 6]  226 	inc	sp
    000000AD 33               [ 6]  227 	inc	sp
    000000AE D5               [11]  228 	push	de
    000000AF FD 5E 00         [19]  229 	ld	e, 0 (iy)
    000000B2 FD 56 01         [19]  230 	ld	d, 1 (iy)
    000000B5 C5               [11]  231 	push	bc
    000000B6 3E 0A            [ 7]  232 	ld	a, #0x0a
    000000B8 F5               [11]  233 	push	af
    000000B9 33               [ 6]  234 	inc	sp
    000000BA 21r05r00         [10]  235 	ld	hl, #_Printf_tmp_10000_233
    000000BD E5               [11]  236 	push	hl
    000000BE D5               [11]  237 	push	de
    000000BF CDr00r00         [17]  238 	call	_uitoa
    000000C2 F1               [10]  239 	pop	af
                                    240 ;C:/Users/franc/Documents/Projets/Perso/GameBoyProjects/CrossZGB/common/src/Print.c:63: Printf(tmp);
    000000C3 33               [ 6]  241 	inc	sp
    000000C4 21r05r00         [10]  242 	ld	hl,#_Printf_tmp_10000_233
    000000C7 E3               [19]  243 	ex	(sp),hl
    000000C8 CDr31r00         [17]  244 	call	_Printf
    000000CB F1               [10]  245 	pop	af
    000000CC C1               [10]  246 	pop	bc
                                    247 ;C:/Users/franc/Documents/Projets/Perso/GameBoyProjects/CrossZGB/common/src/Print.c:64: continue;
    000000CD 18 87            [12]  248 	jr	00114$
                                    249 ;C:/Users/franc/Documents/Projets/Perso/GameBoyProjects/CrossZGB/common/src/Print.c:65: case 's':
    000000CF                        250 00106$:
                                    251 ;C:/Users/franc/Documents/Projets/Perso/GameBoyProjects/CrossZGB/common/src/Print.c:66: Printf(va_arg(list, char*));
    000000CF 33               [ 6]  252 	inc	sp
    000000D0 33               [ 6]  253 	inc	sp
    000000D1 D5               [11]  254 	push	de
    000000D2 5E               [ 7]  255 	ld	e, (hl)
    000000D3 23               [ 6]  256 	inc	hl
    000000D4 56               [ 7]  257 	ld	d, (hl)
    000000D5 C5               [11]  258 	push	bc
    000000D6 D5               [11]  259 	push	de
    000000D7 CDr31r00         [17]  260 	call	_Printf
    000000DA F1               [10]  261 	pop	af
    000000DB C1               [10]  262 	pop	bc
                                    263 ;C:/Users/franc/Documents/Projets/Perso/GameBoyProjects/CrossZGB/common/src/Print.c:67: continue;
    000000DC C3r56r00         [10]  264 	jp	00114$
                                    265 ;C:/Users/franc/Documents/Projets/Perso/GameBoyProjects/CrossZGB/common/src/Print.c:70: }
    000000DF                        266 00110$:
                                    267 ;C:/Users/franc/Documents/Projets/Perso/GameBoyProjects/CrossZGB/common/src/Print.c:72: c = font_recode_table[((c < ' ') ? 0u : (c - ' '))];
    000000DF DD 7E FF         [19]  268 	ld	a, -1 (ix)
    000000E2 D6 20            [ 7]  269 	sub	a, #0x20
    000000E4 30 03            [12]  270 	jr	NC, 00119$
    000000E6 AF               [ 4]  271 	xor	a, a
    000000E7 18 05            [12]  272 	jr	00120$
    000000E9                        273 00119$:
    000000E9 DD 7E FF         [19]  274 	ld	a, -1 (ix)
    000000EC C6 E0            [ 7]  275 	add	a, #0xe0
    000000EE                        276 00120$:
    000000EE 6F               [ 4]  277 	ld	l, a
    000000EF 26 00            [ 7]  278 	ld	h, #0x00
    000000F1 11r00r00         [10]  279 	ld	de, #_font_recode_table
    000000F4 19               [11]  280 	add	hl, de
    000000F5 5E               [ 7]  281 	ld	e, (hl)
                                    282 ;C:/Users/franc/Documents/Projets/Perso/GameBoyProjects/CrossZGB/common/src/Print.c:73: if (print_render) {
    000000F6 3Ar00r00         [13]  283 	ld	a, (_print_render+0)
    000000F9 B7               [ 4]  284 	or	a, a
    000000FA 28 5E            [12]  285 	jr	Z, 00112$
                                    286 ;C:/Users/franc/Documents/Projets/Perso/GameBoyProjects/CrossZGB/common/src/Print.c:74: UINT8 __save = CURRENT_BANK;
    000000FC 3A FE FF         [13]  287 	ld	a, (_MAP_FRAME1+0)
    000000FF DD 77 FF         [19]  288 	ld	-1 (ix), a
                                    289 ;C:/Users/franc/Documents/Projets/Perso/GameBoyProjects/CrossZGB/common/src/Print.c:75: SWITCH_ROM(font_tiledata_bank);
    00000102 3Ar04r00         [13]  290 	ld	a, (_font_tiledata_bank+0)
    00000105 32 FE FF         [13]  291 	ld	(_MAP_FRAME1+0), a
                                    292 ;C:/Users/franc/Documents/Projets/Perso/GameBoyProjects/CrossZGB/common/src/Print.c:80: set_native_tile_data(font_current_offset, 1, font_tiledata + ((UINT16)c << 5));
    00000108 16 00            [ 7]  293 	ld	d, #0x00
    0000010A EB               [ 4]  294 	ex	de, hl
    0000010B 29               [11]  295 	add	hl, hl
    0000010C 29               [11]  296 	add	hl, hl
    0000010D 29               [11]  297 	add	hl, hl
    0000010E 29               [11]  298 	add	hl, hl
    0000010F 29               [11]  299 	add	hl, hl
    00000110 EB               [ 4]  300 	ex	de, hl
    00000111 2Ar02r00         [16]  301 	ld	hl, (_font_tiledata)
    00000114 19               [11]  302 	add	hl, de
    00000115 FD 2Ar00r00      [20]  303 	ld	iy, (_font_current_offset)
    00000119 C5               [11]  304 	push	bc
    0000011A E5               [11]  305 	push	hl
    0000011B 11 01 00         [10]  306 	ld	de, #0x0001
    0000011E FD E5            [15]  307 	push	iy
    00000120 E1               [10]  308 	pop	hl
    00000121 CDr00r00         [17]  309 	call	_set_native_tile_data
    00000124 C1               [10]  310 	pop	bc
                                    311 ;C:/Users/franc/Documents/Projets/Perso/GameBoyProjects/CrossZGB/common/src/Print.c:85: SWITCH_ROM(__save);
    00000125 DD 7E FF         [19]  312 	ld	a, -1 (ix)
    00000128 32 FE FF         [13]  313 	ld	(_MAP_FRAME1+0), a
                                    314 ;C:/Users/franc/Documents/Projets/Perso/GameBoyProjects/CrossZGB/common/src/Print.c:90: UpdateMapTile(print_target, print_x + scroll_offset_x, print_y + scroll_offset_y, font_current_offset, 0, NULL);
    0000012B 21r00r00         [10]  315 	ld	hl, #_scroll_offset_y
    0000012E 3Ar02r00         [13]  316 	ld	a, (_print_y+0)
    00000131 86               [ 7]  317 	add	a, (hl)
    00000132 57               [ 4]  318 	ld	d, a
    00000133 21r00r00         [10]  319 	ld	hl, #_scroll_offset_x
    00000136 3Ar01r00         [13]  320 	ld	a, (_print_x+0)
    00000139 86               [ 7]  321 	add	a, (hl)
    0000013A C5               [11]  322 	push	bc
    0000013B 21 00 00         [10]  323 	ld	hl, #0x0000
    0000013E E5               [11]  324 	push	hl
    0000013F 26 00            [ 7]  325 	ld	h, #0x00
    00000141 E5               [11]  326 	push	hl
    00000142 33               [ 6]  327 	inc	sp
    00000143 2Ar00r00         [16]  328 	ld	hl, (_font_current_offset)
    00000146 E5               [11]  329 	push	hl
    00000147 D5               [11]  330 	push	de
    00000148 33               [ 6]  331 	inc	sp
    00000149 6F               [ 4]  332 	ld	l, a
    0000014A 3Ar03r00         [13]  333 	ld	a, (_print_target)
    0000014D CDr00r00         [17]  334 	call	_UpdateMapTile
    00000150 C1               [10]  335 	pop	bc
                                    336 ;C:/Users/franc/Documents/Projets/Perso/GameBoyProjects/CrossZGB/common/src/Print.c:95: font_current_offset++;
    00000151 2Ar00r00         [16]  337 	ld	hl, (_font_current_offset)
    00000154 23               [ 6]  338 	inc	hl
    00000155 22r00r00         [16]  339 	ld	(_font_current_offset), hl
    00000158 18 25            [12]  340 	jr	00113$
    0000015A                        341 00112$:
                                    342 ;C:/Users/franc/Documents/Projets/Perso/GameBoyProjects/CrossZGB/common/src/Print.c:100: UpdateMapTile(print_target, print_x + scroll_offset_x, print_y + scroll_offset_y, font_offset, c, NULL);
    0000015A 21r00r00         [10]  343 	ld	hl, #_scroll_offset_y
    0000015D 3Ar02r00         [13]  344 	ld	a, (_print_y+0)
    00000160 86               [ 7]  345 	add	a, (hl)
    00000161 57               [ 4]  346 	ld	d, a
    00000162 21r00r00         [10]  347 	ld	hl, #_scroll_offset_x
    00000165 3Ar01r00         [13]  348 	ld	a, (_print_x+0)
    00000168 86               [ 7]  349 	add	a, (hl)
    00000169 C5               [11]  350 	push	bc
    0000016A 21 00 00         [10]  351 	ld	hl, #0x0000
    0000016D E5               [11]  352 	push	hl
    0000016E 63               [ 4]  353 	ld	h, e
    0000016F E5               [11]  354 	push	hl
    00000170 33               [ 6]  355 	inc	sp
    00000171 2Ar04r00         [16]  356 	ld	hl, (_font_offset)
    00000174 E5               [11]  357 	push	hl
    00000175 D5               [11]  358 	push	de
    00000176 33               [ 6]  359 	inc	sp
    00000177 6F               [ 4]  360 	ld	l, a
    00000178 3Ar03r00         [13]  361 	ld	a, (_print_target)
    0000017B CDr00r00         [17]  362 	call	_UpdateMapTile
    0000017E C1               [10]  363 	pop	bc
    0000017F                        364 00113$:
                                    365 ;C:/Users/franc/Documents/Projets/Perso/GameBoyProjects/CrossZGB/common/src/Print.c:106: print_x++;
    0000017F 21r01r00         [10]  366 	ld	hl, #_print_x
    00000182 34               [11]  367 	inc	(hl)
    00000183 C3r56r00         [10]  368 	jp	00114$
    00000186                        369 00116$:
                                    370 ;C:/Users/franc/Documents/Projets/Perso/GameBoyProjects/CrossZGB/common/src/Print.c:110: return print_x - old_x;
    00000186 21r0Fr00         [10]  371 	ld	hl, #_Printf_old_x_10000_233
    00000189 3Ar01r00         [13]  372 	ld	a, (_print_x+0)
    0000018C 96               [ 7]  373 	sub	a, (hl)
    0000018D                        374 00117$:
                                    375 ;C:/Users/franc/Documents/Projets/Perso/GameBoyProjects/CrossZGB/common/src/Print.c:111: }
    0000018D DD F9            [10]  376 	ld	sp, ix
    0000018F DD E1            [14]  377 	pop	ix
    00000191 C9               [10]  378 	ret
                                    379 	.area _HOME
                                    380 ;--------------------------------------------------------
                                    381 ; code
                                    382 ;--------------------------------------------------------
                                    383 	.area _CODE_1
                                    384 ;C:/Users/franc/Documents/Projets/Perso/GameBoyProjects/CrossZGB/common/src/Print.c:28: void InitDefaultRecode(void) BANKED {
                                    385 ;	---------------------------------
                                    386 ; Function InitDefaultRecode
                                    387 ; ---------------------------------
                         00000001   388 	b_InitDefaultRecode	= 1
    00000000                        389 _InitDefaultRecode::
                                    390 ;C:/Users/franc/Documents/Projets/Perso/GameBoyProjects/CrossZGB/common/src/Print.c:29: memcpy(font_recode_table, default_recode_table, RECODE_TABLE_SIZE);
    00000000 21 60 00         [10]  391 	ld	hl, #0x0060
    00000003 E5               [11]  392 	push	hl
    00000004 11r0Er00         [10]  393 	ld	de, #_default_recode_table
    00000007 21r00r00         [10]  394 	ld	hl, #_font_recode_table
    0000000A CDr00r00         [17]  395 	call	_memcpy
                                    396 ;C:/Users/franc/Documents/Projets/Perso/GameBoyProjects/CrossZGB/common/src/Print.c:30: }
    0000000D C9               [10]  397 	ret
    0000000E                        398 _default_recode_table:
    0000000E 00                     399 	.db #0x00	; 0
    0000000F 25                     400 	.db #0x25	; 37
    00000010 00                     401 	.db #0x00	; 0
    00000011 00                     402 	.db #0x00	; 0
    00000012 00                     403 	.db #0x00	; 0
    00000013 00                     404 	.db #0x00	; 0
    00000014 00                     405 	.db #0x00	; 0
    00000015 00                     406 	.db #0x00	; 0
    00000016 27                     407 	.db #0x27	; 39
    00000017 28                     408 	.db #0x28	; 40
    00000018 00                     409 	.db #0x00	; 0
    00000019 00                     410 	.db #0x00	; 0
    0000001A 00                     411 	.db #0x00	; 0
    0000001B 29                     412 	.db #0x29	; 41
    0000001C 2A                     413 	.db #0x2a	; 42
    0000001D 00                     414 	.db #0x00	; 0
    0000001E 1B                     415 	.db #0x1b	; 27
    0000001F 1C                     416 	.db #0x1c	; 28
    00000020 1D                     417 	.db #0x1d	; 29
    00000021 1E                     418 	.db #0x1e	; 30
    00000022 1F                     419 	.db #0x1f	; 31
    00000023 20                     420 	.db #0x20	; 32
    00000024 21                     421 	.db #0x21	; 33
    00000025 22                     422 	.db #0x22	; 34
    00000026 23                     423 	.db #0x23	; 35
    00000027 24                     424 	.db #0x24	; 36
    00000028 2B                     425 	.db #0x2b	; 43
    00000029 00                     426 	.db #0x00	; 0
    0000002A 00                     427 	.db #0x00	; 0
    0000002B 00                     428 	.db #0x00	; 0
    0000002C 00                     429 	.db #0x00	; 0
    0000002D 2C                     430 	.db #0x2c	; 44
    0000002E 00                     431 	.db #0x00	; 0
    0000002F 01                     432 	.db #0x01	; 1
    00000030 02                     433 	.db #0x02	; 2
    00000031 03                     434 	.db #0x03	; 3
    00000032 04                     435 	.db #0x04	; 4
    00000033 05                     436 	.db #0x05	; 5
    00000034 06                     437 	.db #0x06	; 6
    00000035 07                     438 	.db #0x07	; 7
    00000036 08                     439 	.db #0x08	; 8
    00000037 09                     440 	.db #0x09	; 9
    00000038 0A                     441 	.db #0x0a	; 10
    00000039 0B                     442 	.db #0x0b	; 11
    0000003A 0C                     443 	.db #0x0c	; 12
    0000003B 0D                     444 	.db #0x0d	; 13
    0000003C 0E                     445 	.db #0x0e	; 14
    0000003D 0F                     446 	.db #0x0f	; 15
    0000003E 10                     447 	.db #0x10	; 16
    0000003F 11                     448 	.db #0x11	; 17
    00000040 12                     449 	.db #0x12	; 18
    00000041 13                     450 	.db #0x13	; 19
    00000042 14                     451 	.db #0x14	; 20
    00000043 15                     452 	.db #0x15	; 21
    00000044 16                     453 	.db #0x16	; 22
    00000045 17                     454 	.db #0x17	; 23
    00000046 18                     455 	.db #0x18	; 24
    00000047 19                     456 	.db #0x19	; 25
    00000048 1A                     457 	.db #0x1a	; 26
    00000049 00                     458 	.db #0x00	; 0
    0000004A 26                     459 	.db #0x26	; 38
    0000004B 00                     460 	.db #0x00	; 0
    0000004C 00                     461 	.db #0x00	; 0
    0000004D 00                     462 	.db #0x00	; 0
    0000004E 00                     463 	.db #0x00	; 0
    0000004F 01                     464 	.db #0x01	; 1
    00000050 02                     465 	.db #0x02	; 2
    00000051 03                     466 	.db #0x03	; 3
    00000052 04                     467 	.db #0x04	; 4
    00000053 05                     468 	.db #0x05	; 5
    00000054 06                     469 	.db #0x06	; 6
    00000055 07                     470 	.db #0x07	; 7
    00000056 08                     471 	.db #0x08	; 8
    00000057 09                     472 	.db #0x09	; 9
    00000058 0A                     473 	.db #0x0a	; 10
    00000059 0B                     474 	.db #0x0b	; 11
    0000005A 0C                     475 	.db #0x0c	; 12
    0000005B 0D                     476 	.db #0x0d	; 13
    0000005C 0E                     477 	.db #0x0e	; 14
    0000005D 0F                     478 	.db #0x0f	; 15
    0000005E 10                     479 	.db #0x10	; 16
    0000005F 11                     480 	.db #0x11	; 17
    00000060 12                     481 	.db #0x12	; 18
    00000061 13                     482 	.db #0x13	; 19
    00000062 14                     483 	.db #0x14	; 20
    00000063 15                     484 	.db #0x15	; 21
    00000064 16                     485 	.db #0x16	; 22
    00000065 17                     486 	.db #0x17	; 23
    00000066 18                     487 	.db #0x18	; 24
    00000067 19                     488 	.db #0x19	; 25
    00000068 1A                     489 	.db #0x1a	; 26
    00000069 00                     490 	.db #0x00	; 0
    0000006A 00                     491 	.db #0x00	; 0
    0000006B 00                     492 	.db #0x00	; 0
    0000006C 00                     493 	.db #0x00	; 0
    0000006D 00                     494 	.db #0x00	; 0
                                    495 	.area _CODE_1
                                    496 	.area _INITIALIZER
    00000000                        497 __xinit__print_render:
    00000000 00                     498 	.db #0x00	; 0
    00000001                        499 __xinit__print_x:
    00000001 00                     500 	.db #0x00	; 0
    00000002                        501 __xinit__print_y:
    00000002 00                     502 	.db #0x00	; 0
    00000003                        503 __xinit__print_target:
    00000003 00                     504 	.db #0x00	; 0
    00000004                        505 __xinit__font_offset:
    00000004 00 00                  506 	.dw #0x0000
                                    507 	.area _CABS (ABS)
