                                      1 ;--------------------------------------------------------
                                      2 ; File Created by SDCC : free open source ISO C Compiler
                                      3 ; Version 4.5.1 #15267 (MINGW64)
                                      4 ;--------------------------------------------------------
                                      5 	.module ScrollFindTile
                                      6 	
                                      7 ;--------------------------------------------------------
                                      8 ; Public variables in this module
                                      9 ;--------------------------------------------------------
                                     10 	.globl _ScrollFindTile
                                     11 ;--------------------------------------------------------
                                     12 ; special function registers
                                     13 ;--------------------------------------------------------
                         00000000    14 _GG_STATE	=	0x0000
                         00000001    15 _GG_EXT_7BIT	=	0x0001
                         00000002    16 _GG_EXT_CTL	=	0x0002
                         00000003    17 _GG_SIO_SEND	=	0x0003
                         00000004    18 _GG_SIO_RECV	=	0x0004
                         00000005    19 _GG_SIO_CTL	=	0x0005
                         00000006    20 _GG_SOUND_PAN	=	0x0006
                         0000003E    21 _MEMORY_CTL	=	0x003e
                         0000003F    22 _JOY_CTL	=	0x003f
                         0000007E    23 _VCOUNTER	=	0x007e
                         0000007F    24 _PSG	=	0x007f
                         0000007F    25 _HCOUNTER	=	0x007f
                         000000BE    26 _VDP_DATA	=	0x00be
                         000000BF    27 _VDP_CMD	=	0x00bf
                         000000BF    28 _VDP_STATUS	=	0x00bf
                         000000DC    29 _JOY_PORT1	=	0x00dc
                         000000DD    30 _JOY_PORT2	=	0x00dd
                         000000F0    31 _FMADDRESS	=	0x00f0
                         000000F1    32 _FMDATA	=	0x00f1
                         000000F2    33 _AUDIOCTRL	=	0x00f2
                                     34 ;--------------------------------------------------------
                                     35 ; ram data
                                     36 ;--------------------------------------------------------
                                     37 	.area _DATA
                         0000FFFC    38 _RAM_CONTROL	=	0xfffc
                         0000FFF8    39 _GLASSES_3D	=	0xfff8
                         0000FFFD    40 _MAP_FRAME0	=	0xfffd
                         0000FFFE    41 _MAP_FRAME1	=	0xfffe
                         0000FFFF    42 _MAP_FRAME2	=	0xffff
                                     43 ;--------------------------------------------------------
                                     44 ; ram data
                                     45 ;--------------------------------------------------------
                                     46 	.area _INITIALIZED
                                     47 ;--------------------------------------------------------
                                     48 ; absolute external ram data
                                     49 ;--------------------------------------------------------
                                     50 	.area _DABS (ABS)
                                     51 ;--------------------------------------------------------
                                     52 ; global & static initialisations
                                     53 ;--------------------------------------------------------
                                     54 	.area _HOME
                                     55 	.area _GSINIT
                                     56 	.area _GSFINAL
                                     57 	.area _GSINIT
                                     58 ;--------------------------------------------------------
                                     59 ; Home
                                     60 ;--------------------------------------------------------
                                     61 	.area _HOME
                                     62 	.area _HOME
                                     63 ;--------------------------------------------------------
                                     64 ; code
                                     65 ;--------------------------------------------------------
                                     66 	.area _CODE
                                     67 ;C:/Users/franc/Documents/Projets/Perso/GameBoyProjects/CrossZGB/common/src/ScrollFindTile.c:3: UINT8 ScrollFindTile(UINT8 map_bank, const struct MapInfo* map, UINT8 tile, UINT16 start_x, UINT16 start_y, UINT16 w, UINT16 h, UINT16* x, UINT16* y) {
                                     68 ;	---------------------------------
                                     69 ; Function ScrollFindTile
                                     70 ; ---------------------------------
    00000000                         71 _ScrollFindTile::
    00000000 DD E5            [15]   72 	push	ix
    00000002 DD 21 00 00      [14]   73 	ld	ix,#0
    00000006 DD 39            [15]   74 	add	ix,sp
    00000008 21 E5 FF         [10]   75 	ld	hl, #-27
    0000000B 39               [11]   76 	add	hl, sp
    0000000C F9               [ 6]   77 	ld	sp, hl
    0000000D DD 73 FA         [19]   78 	ld	-6 (ix), e
    00000010 DD 72 FB         [19]   79 	ld	-5 (ix), d
                                     80 ;C:/Users/franc/Documents/Projets/Perso/GameBoyProjects/CrossZGB/common/src/ScrollFindTile.c:4: UINT8 __save = CURRENT_BANK;
    00000013 F5               [11]   81 	push	af
    00000014 3A FE FF         [13]   82 	ld	a, (_MAP_FRAME1+0)
    00000017 DD 77 E5         [19]   83 	ld	-27 (ix), a
    0000001A F1               [10]   84 	pop	af
                                     85 ;C:/Users/franc/Documents/Projets/Perso/GameBoyProjects/CrossZGB/common/src/ScrollFindTile.c:5: SWITCH_ROM(map_bank);
    0000001B 32 FE FF         [13]   86 	ld	(_MAP_FRAME1+0), a
                                     87 ;C:/Users/franc/Documents/Projets/Perso/GameBoyProjects/CrossZGB/common/src/ScrollFindTile.c:6: for (UINT16 xt = start_x; xt != start_x + w; ++ xt) {
    0000001E DD 7E FA         [19]   88 	ld	a, -6 (ix)
    00000021 DD 77 E6         [19]   89 	ld	-26 (ix), a
    00000024 DD 7E FB         [19]   90 	ld	a, -5 (ix)
    00000027 DD 77 E7         [19]   91 	ld	-25 (ix), a
    0000002A DD 7E 05         [19]   92 	ld	a, 5 (ix)
    0000002D DD 86 09         [19]   93 	add	a, 9 (ix)
    00000030 DD 77 E8         [19]   94 	ld	-24 (ix), a
    00000033 DD 7E 06         [19]   95 	ld	a, 6 (ix)
    00000036 DD 8E 0A         [19]   96 	adc	a, 10 (ix)
    00000039 DD 77 E9         [19]   97 	ld	-23 (ix), a
    0000003C DD 7E 05         [19]   98 	ld	a, 5 (ix)
    0000003F DD 77 FC         [19]   99 	ld	-4 (ix), a
    00000042 DD 7E 06         [19]  100 	ld	a, 6 (ix)
    00000045 DD 77 FD         [19]  101 	ld	-3 (ix), a
    00000048                        102 00109$:
                                    103 ;C:/Users/franc/Documents/Projets/Perso/GameBoyProjects/CrossZGB/common/src/ScrollFindTile.c:9: *x = xt;
    00000048 DD 7E 0D         [19]  104 	ld	a, 13 (ix)
    0000004B DD 77 EA         [19]  105 	ld	-22 (ix), a
    0000004E DD 7E 0E         [19]  106 	ld	a, 14 (ix)
    00000051 DD 77 EB         [19]  107 	ld	-21 (ix), a
                                    108 ;C:/Users/franc/Documents/Projets/Perso/GameBoyProjects/CrossZGB/common/src/ScrollFindTile.c:10: *y = yt;
    00000054 DD 7E 0F         [19]  109 	ld	a, 15 (ix)
    00000057 DD 77 EC         [19]  110 	ld	-20 (ix), a
    0000005A DD 7E 10         [19]  111 	ld	a, 16 (ix)
    0000005D DD 77 ED         [19]  112 	ld	-19 (ix), a
                                    113 ;C:/Users/franc/Documents/Projets/Perso/GameBoyProjects/CrossZGB/common/src/ScrollFindTile.c:6: for (UINT16 xt = start_x; xt != start_x + w; ++ xt) {
    00000060 DD 7E E8         [19]  114 	ld	a, -24 (ix)
    00000063 DD 96 FC         [19]  115 	sub	a, -4 (ix)
    00000066 20 09            [12]  116 	jr	NZ, 00148$
    00000068 DD 7E E9         [19]  117 	ld	a, -23 (ix)
    0000006B DD 96 FD         [19]  118 	sub	a, -3 (ix)
    0000006E CAr63r01         [10]  119 	jp	Z, 00104$
    00000071                        120 00148$:
                                    121 ;C:/Users/franc/Documents/Projets/Perso/GameBoyProjects/CrossZGB/common/src/ScrollFindTile.c:7: for (UINT16 yt = start_y; yt != start_y + h; ++ yt) {
    00000071 DD 7E 07         [19]  122 	ld	a, 7 (ix)
    00000074 DD 77 EE         [19]  123 	ld	-18 (ix), a
    00000077 DD 7E 08         [19]  124 	ld	a, 8 (ix)
    0000007A DD 77 EF         [19]  125 	ld	-17 (ix), a
    0000007D DD 6E E6         [19]  126 	ld	l, -26 (ix)
    00000080 DD 66 E7         [19]  127 	ld	h, -25 (ix)
    00000083 23               [ 6]  128 	inc	hl
    00000084 23               [ 6]  129 	inc	hl
    00000085 7E               [ 7]  130 	ld	a, (hl)
    00000086 DD 77 F0         [19]  131 	ld	-16 (ix), a
    00000089 23               [ 6]  132 	inc	hl
    0000008A 7E               [ 7]  133 	ld	a, (hl)
    0000008B DD 77 F1         [19]  134 	ld	-15 (ix), a
    0000008E DD 7E EE         [19]  135 	ld	a, -18 (ix)
    00000091 DD 86 0B         [19]  136 	add	a, 11 (ix)
    00000094 DD 77 F2         [19]  137 	ld	-14 (ix), a
    00000097 DD 7E EF         [19]  138 	ld	a, -17 (ix)
    0000009A DD 8E 0C         [19]  139 	adc	a, 12 (ix)
    0000009D DD 77 F3         [19]  140 	ld	-13 (ix), a
    000000A0 DD 7E EE         [19]  141 	ld	a, -18 (ix)
    000000A3 DD 77 FE         [19]  142 	ld	-2 (ix), a
    000000A6 DD 7E EF         [19]  143 	ld	a, -17 (ix)
    000000A9 DD 77 FF         [19]  144 	ld	-1 (ix), a
    000000AC                        145 00106$:
    000000AC DD 7E FE         [19]  146 	ld	a, -2 (ix)
    000000AF DD 96 F2         [19]  147 	sub	a, -14 (ix)
    000000B2 20 09            [12]  148 	jr	NZ, 00149$
    000000B4 DD 7E FF         [19]  149 	ld	a, -1 (ix)
    000000B7 DD 96 F3         [19]  150 	sub	a, -13 (ix)
    000000BA CAr4Cr01         [10]  151 	jp	Z, 00110$
    000000BD                        152 00149$:
                                    153 ;C:/Users/franc/Documents/Projets/Perso/GameBoyProjects/CrossZGB/common/src/ScrollFindTile.c:8: if (map->data[map->width * yt + xt] == tile) {
    000000BD DD 6E FA         [19]  154 	ld	l, -6 (ix)
    000000C0 DD 66 FB         [19]  155 	ld	h, -5 (ix)
    000000C3 7E               [ 7]  156 	ld	a, (hl)
    000000C4 DD 77 F4         [19]  157 	ld	-12 (ix), a
    000000C7 23               [ 6]  158 	inc	hl
    000000C8 7E               [ 7]  159 	ld	a, (hl)
    000000C9 DD 77 F5         [19]  160 	ld	-11 (ix), a
    000000CC DD 5E FE         [19]  161 	ld	e, -2 (ix)
    000000CF DD 56 FF         [19]  162 	ld	d, -1 (ix)
    000000D2 DD 6E F0         [19]  163 	ld	l, -16 (ix)
    000000D5 DD 66 F1         [19]  164 	ld	h, -15 (ix)
    000000D8 CDr00r00         [17]  165 	call	__mulint
    000000DB 7B               [ 4]  166 	ld	a, e
    000000DC DD 86 FC         [19]  167 	add	a, -4 (ix)
    000000DF DD 77 F6         [19]  168 	ld	-10 (ix), a
    000000E2 7A               [ 4]  169 	ld	a, d
    000000E3 DD 8E FD         [19]  170 	adc	a, -3 (ix)
    000000E6 DD 77 F7         [19]  171 	ld	-9 (ix), a
    000000E9 DD 7E F4         [19]  172 	ld	a, -12 (ix)
    000000EC DD 86 F6         [19]  173 	add	a, -10 (ix)
    000000EF DD 77 F8         [19]  174 	ld	-8 (ix), a
    000000F2 DD 7E F5         [19]  175 	ld	a, -11 (ix)
    000000F5 DD 8E F7         [19]  176 	adc	a, -9 (ix)
    000000F8 DD 77 F9         [19]  177 	ld	-7 (ix), a
    000000FB DD 6E F8         [19]  178 	ld	l, -8 (ix)
    000000FE DD 66 F9         [19]  179 	ld	h, -7 (ix)
    00000101 7E               [ 7]  180 	ld	a, (hl)
    00000102 DD 77 F9         [19]  181 	ld	-7 (ix), a
    00000105 DD 7E 04         [19]  182 	ld	a, 4 (ix)
    00000108 DD 96 F9         [19]  183 	sub	a, -7 (ix)
    0000010B 20 28            [12]  184 	jr	NZ, 00107$
                                    185 ;C:/Users/franc/Documents/Projets/Perso/GameBoyProjects/CrossZGB/common/src/ScrollFindTile.c:9: *x = xt;
    0000010D DD 6E EA         [19]  186 	ld	l, -22 (ix)
    00000110 DD 66 EB         [19]  187 	ld	h, -21 (ix)
    00000113 DD 7E 05         [19]  188 	ld	a, 5 (ix)
    00000116 77               [ 7]  189 	ld	(hl), a
    00000117 23               [ 6]  190 	inc	hl
    00000118 DD 7E 06         [19]  191 	ld	a, 6 (ix)
    0000011B 77               [ 7]  192 	ld	(hl), a
                                    193 ;C:/Users/franc/Documents/Projets/Perso/GameBoyProjects/CrossZGB/common/src/ScrollFindTile.c:10: *y = yt;
    0000011C DD 6E EC         [19]  194 	ld	l, -20 (ix)
    0000011F DD 66 ED         [19]  195 	ld	h, -19 (ix)
    00000122 DD 7E EE         [19]  196 	ld	a, -18 (ix)
    00000125 77               [ 7]  197 	ld	(hl), a
    00000126 23               [ 6]  198 	inc	hl
    00000127 DD 7E EF         [19]  199 	ld	a, -17 (ix)
    0000012A 77               [ 7]  200 	ld	(hl), a
                                    201 ;C:/Users/franc/Documents/Projets/Perso/GameBoyProjects/CrossZGB/common/src/ScrollFindTile.c:11: SWITCH_ROM(__save);
    0000012B DD 7E E5         [19]  202 	ld	a, -27 (ix)
    0000012E 32 FE FF         [13]  203 	ld	(_MAP_FRAME1+0), a
                                    204 ;C:/Users/franc/Documents/Projets/Perso/GameBoyProjects/CrossZGB/common/src/ScrollFindTile.c:12: return 1;
    00000131 3E 01            [ 7]  205 	ld	a, #0x01
    00000133 18 49            [12]  206 	jr	00111$
    00000135                        207 00107$:
                                    208 ;C:/Users/franc/Documents/Projets/Perso/GameBoyProjects/CrossZGB/common/src/ScrollFindTile.c:7: for (UINT16 yt = start_y; yt != start_y + h; ++ yt) {
    00000135 DD 34 FE         [23]  209 	inc	-2 (ix)
    00000138 20 03            [12]  210 	jr	NZ, 00152$
    0000013A DD 34 FF         [23]  211 	inc	-1 (ix)
    0000013D                        212 00152$:
    0000013D DD 7E FE         [19]  213 	ld	a, -2 (ix)
    00000140 DD 77 EE         [19]  214 	ld	-18 (ix), a
    00000143 DD 7E FF         [19]  215 	ld	a, -1 (ix)
    00000146 DD 77 EF         [19]  216 	ld	-17 (ix), a
    00000149 C3rACr00         [10]  217 	jp	00106$
    0000014C                        218 00110$:
                                    219 ;C:/Users/franc/Documents/Projets/Perso/GameBoyProjects/CrossZGB/common/src/ScrollFindTile.c:6: for (UINT16 xt = start_x; xt != start_x + w; ++ xt) {
    0000014C DD 34 FC         [23]  220 	inc	-4 (ix)
    0000014F 20 03            [12]  221 	jr	NZ, 00153$
    00000151 DD 34 FD         [23]  222 	inc	-3 (ix)
    00000154                        223 00153$:
    00000154 DD 7E FC         [19]  224 	ld	a, -4 (ix)
    00000157 DD 77 05         [19]  225 	ld	5 (ix), a
    0000015A DD 7E FD         [19]  226 	ld	a, -3 (ix)
    0000015D DD 77 06         [19]  227 	ld	6 (ix), a
    00000160 C3r48r00         [10]  228 	jp	00109$
    00000163                        229 00104$:
                                    230 ;C:/Users/franc/Documents/Projets/Perso/GameBoyProjects/CrossZGB/common/src/ScrollFindTile.c:16: SWITCH_ROM(__save);
    00000163 DD 7E E5         [19]  231 	ld	a, -27 (ix)
    00000166 32 FE FF         [13]  232 	ld	(_MAP_FRAME1+0), a
                                    233 ;C:/Users/franc/Documents/Projets/Perso/GameBoyProjects/CrossZGB/common/src/ScrollFindTile.c:18: *x = *y = 0;
    00000169 DD 6E EC         [19]  234 	ld	l, -20 (ix)
    0000016C DD 66 ED         [19]  235 	ld	h, -19 (ix)
    0000016F AF               [ 4]  236 	xor	a, a
    00000170 77               [ 7]  237 	ld	(hl), a
    00000171 23               [ 6]  238 	inc	hl
    00000172 77               [ 7]  239 	ld	(hl), a
    00000173 DD 6E EA         [19]  240 	ld	l, -22 (ix)
    00000176 DD 66 EB         [19]  241 	ld	h, -21 (ix)
    00000179 AF               [ 4]  242 	xor	a, a
    0000017A 77               [ 7]  243 	ld	(hl), a
    0000017B 23               [ 6]  244 	inc	hl
    0000017C 77               [ 7]  245 	ld	(hl), a
                                    246 ;C:/Users/franc/Documents/Projets/Perso/GameBoyProjects/CrossZGB/common/src/ScrollFindTile.c:19: return 0;
    0000017D AF               [ 4]  247 	xor	a, a
    0000017E                        248 00111$:
                                    249 ;C:/Users/franc/Documents/Projets/Perso/GameBoyProjects/CrossZGB/common/src/ScrollFindTile.c:20: }
    0000017E DD F9            [10]  250 	ld	sp, ix
    00000180 DD E1            [14]  251 	pop	ix
    00000182 E1               [10]  252 	pop	hl
    00000183 C1               [10]  253 	pop	bc
    00000184 C1               [10]  254 	pop	bc
    00000185 C1               [10]  255 	pop	bc
    00000186 C1               [10]  256 	pop	bc
    00000187 C1               [10]  257 	pop	bc
    00000188 C1               [10]  258 	pop	bc
    00000189 33               [ 6]  259 	inc	sp
    0000018A E9               [ 4]  260 	jp	(hl)
                                    261 	.area _CODE
                                    262 	.area _INITIALIZER
                                    263 	.area _CABS (ABS)
