                                      1 ;--------------------------------------------------------
                                      2 ; File Created by SDCC : free open source ISO C Compiler
                                      3 ; Version 4.5.1 #15267 (MINGW64)
                                      4 ;--------------------------------------------------------
                                      5 	.module sfxplayer
                                      6 	
                                      7 ;--------------------------------------------------------
                                      8 ; Public variables in this module
                                      9 ;--------------------------------------------------------
                                     10 	.globl _sfx_play_sample
                                     11 	.globl _sfx_play_bank
                                     12 	.globl _sfx_frame_skip
                                     13 	.globl _sfx_play_isr
                                     14 	.globl _sfx_sound_cut_mask
                                     15 ;--------------------------------------------------------
                                     16 ; special function registers
                                     17 ;--------------------------------------------------------
                         00000000    18 _GG_STATE	=	0x0000
                         00000001    19 _GG_EXT_7BIT	=	0x0001
                         00000002    20 _GG_EXT_CTL	=	0x0002
                         00000003    21 _GG_SIO_SEND	=	0x0003
                         00000004    22 _GG_SIO_RECV	=	0x0004
                         00000005    23 _GG_SIO_CTL	=	0x0005
                         00000006    24 _GG_SOUND_PAN	=	0x0006
                         0000003E    25 _MEMORY_CTL	=	0x003e
                         0000003F    26 _JOY_CTL	=	0x003f
                         0000007E    27 _VCOUNTER	=	0x007e
                         0000007F    28 _PSG	=	0x007f
                         0000007F    29 _HCOUNTER	=	0x007f
                         000000BE    30 _VDP_DATA	=	0x00be
                         000000BF    31 _VDP_CMD	=	0x00bf
                         000000BF    32 _VDP_STATUS	=	0x00bf
                         000000DC    33 _JOY_PORT1	=	0x00dc
                         000000DD    34 _JOY_PORT2	=	0x00dd
                         000000F0    35 _FMADDRESS	=	0x00f0
                         000000F1    36 _FMDATA	=	0x00f1
                         000000F2    37 _AUDIOCTRL	=	0x00f2
                                     38 ;--------------------------------------------------------
                                     39 ; ram data
                                     40 ;--------------------------------------------------------
                                     41 	.area _DATA
                         0000FFFC    42 _RAM_CONTROL	=	0xfffc
                         0000FFF8    43 _GLASSES_3D	=	0xfff8
                         0000FFFD    44 _MAP_FRAME0	=	0xfffd
                         0000FFFE    45 _MAP_FRAME1	=	0xfffe
                         0000FFFF    46 _MAP_FRAME2	=	0xffff
    00000000                         47 _sfx_frame_skip::
    00000000                         48 	.ds 1
                                     49 ;--------------------------------------------------------
                                     50 ; ram data
                                     51 ;--------------------------------------------------------
                                     52 	.area _INITIALIZED
    00000000                         53 _sfx_play_bank::
    00000000                         54 	.ds 1
    00000001                         55 _sfx_play_sample::
    00000001                         56 	.ds 2
                                     57 ;--------------------------------------------------------
                                     58 ; absolute external ram data
                                     59 ;--------------------------------------------------------
                                     60 	.area _DABS (ABS)
                                     61 ;--------------------------------------------------------
                                     62 ; global & static initialisations
                                     63 ;--------------------------------------------------------
                                     64 	.area _HOME
                                     65 	.area _GSINIT
                                     66 	.area _GSFINAL
                                     67 	.area _GSINIT
                                     68 ;--------------------------------------------------------
                                     69 ; Home
                                     70 ;--------------------------------------------------------
                                     71 	.area _HOME
                                     72 ;C:/Users/franc/Documents/Projets/Perso/GameBoyProjects/CrossZGB/common/src/sms/sfxplayer.c:9: UINT8 sfx_play_isr(void) NONBANKED NAKED {
                                     73 ;	---------------------------------
                                     74 ; Function sfx_play_isr
                                     75 ; ---------------------------------
    00000000                         76 _sfx_play_isr::
                                     77 ;C:/Users/franc/Documents/Projets/Perso/GameBoyProjects/CrossZGB/common/src/sms/sfxplayer.c:66: __endasm;
    00000000 ED 5Br01r00      [20]   78 	ld	de, (_sfx_play_sample)
    00000004 7A               [ 4]   79 	ld	a, d
    00000005 B3               [ 4]   80 	or	e
    00000006 C8               [11]   81 	ret	z ; return 0
    00000007 21r00r00         [10]   82 	ld	hl, #_sfx_frame_skip
    0000000A AF               [ 4]   83 	xor	a
    0000000B B6               [ 7]   84 	or	(hl)
    0000000C 28 02            [12]   85 	jr	z, 7$
    0000000E 35               [11]   86 	dec	(hl)
    0000000F C9               [10]   87 	ret	; A != 0 that returns 1
    00000010                         88 7$:
    00000010 EB               [ 4]   89 	ex	de, hl
    00000011 3A FE FF         [13]   90 	ld	a, (_MAP_FRAME1) ; save bank and switch
    00000014 5F               [ 4]   91 	ld	e, a
    00000015 3Ar00r00         [13]   92 	ld	a, (_sfx_play_bank)
    00000018 3C               [ 4]   93 	inc	a ; 0xffu ?
    00000019 C8               [11]   94 	ret	z ; return 0
    0000001A 3D               [ 4]   95 	dec	a
    0000001B 32 FE FF         [13]   96 	ld	(_MAP_FRAME1), a
    0000001E 16 0F            [ 7]   97 	ld	d, #0x0f
    00000020 7E               [ 7]   98 	ld	a, (hl)
    00000021 07               [ 4]   99 	rlca
    00000022 07               [ 4]  100 	rlca
    00000023 07               [ 4]  101 	rlca
    00000024 07               [ 4]  102 	rlca
    00000025 A2               [ 4]  103 	and	d
    00000026 32r00r00         [13]  104 	ld	(_sfx_frame_skip), a
    00000029 7E               [ 7]  105 	ld	a, (hl)
    0000002A 23               [ 6]  106 	inc	hl
    0000002B A2               [ 4]  107 	and	d
    0000002C 47               [ 4]  108 	ld	b, a ; b = frame channel count
    0000002D CAr39r00         [10]  109 	jp	z, 0$ ; length 0 == terminator
    00000030 BA               [ 4]  110 	cp	d
    00000031 CAr39r00         [10]  111 	jp	z, 0$ ; length 0x0f == empty row
    00000034 0E 7F            [ 7]  112 	ld	c, #_PSG
    00000036 ED B3            [21]  113 	otir
    00000038                        114 6$:
    00000038 04               [ 4]  115 	inc	b ; return 1 if still playing
    00000039                        116 0$:
    00000039 22r01r00         [16]  117 	ld	(_sfx_play_sample), hl ; save current position
    0000003C 7B               [ 4]  118 	ld	a, e ; restore bank
    0000003D 32 FE FF         [13]  119 	ld	(_MAP_FRAME1), a
    00000040 78               [ 4]  120 	ld	a, b ; result in a
    00000041 C9               [10]  121 	ret
                                    122 ;C:/Users/franc/Documents/Projets/Perso/GameBoyProjects/CrossZGB/common/src/sms/sfxplayer.c:75: }
                                    123 	.area _HOME
                                    124 ;--------------------------------------------------------
                                    125 ; code
                                    126 ;--------------------------------------------------------
                                    127 	.area _CODE
                                    128 ;C:/Users/franc/Documents/Projets/Perso/GameBoyProjects/CrossZGB/common/src/sms/sfxplayer.c:77: void sfx_sound_cut_mask(uint8_t mask) NAKED {
                                    129 ;	---------------------------------
                                    130 ; Function sfx_sound_cut_mask
                                    131 ; ---------------------------------
    00000000                        132 _sfx_sound_cut_mask::
                                    133 ;C:/Users/franc/Documents/Projets/Perso/GameBoyProjects/CrossZGB/common/src/sms/sfxplayer.c:101: __endasm;
    00000000 E6 0F            [ 7]  134 	and	#0b00001111
    00000002 C8               [11]  135 	ret	z ; if nothing to retrigger then return
    00000003 0E 7F            [ 7]  136 	ld	c, #_PSG ; c points to the PSG port
    00000005 21r15r00         [10]  137 	ld	hl, #2$ ; hl points to the muting data
    00000008                        138 0$:
    00000008 CB 3F            [ 8]  139 	srl	a
    0000000A 30 06            [12]  140 	jr	nc, 1$
    0000000C ED A3            [16]  141 	outi
    0000000E B7               [ 4]  142 	or	a
    0000000F C8               [11]  143 	ret	z
    00000010 18 F6            [12]  144 	jr	0$
    00000012                        145 1$:
    00000012 23               [ 6]  146 	inc	hl
    00000013 18 F3            [12]  147 	jr	0$
    00000015                        148 2$:
                                    149 	.irp	ch,0,1,2,3
                                    150 	.db	#(0b10000000 | (ch << 5) | 0b00010000 | 0x0f)
                                    151 	.endm
    00000015 9F                       1 	.db	#(0b10000000 | (0 << 5) | 0b00010000 | 0x0f)
    00000016 BF                       1 	.db	#(0b10000000 | (1 << 5) | 0b00010000 | 0x0f)
    00000017 DF                       1 	.db	#(0b10000000 | (2 << 5) | 0b00010000 | 0x0f)
    00000018 FF                       1 	.db	#(0b10000000 | (3 << 5) | 0b00010000 | 0x0f)
                                    152 ;C:/Users/franc/Documents/Projets/Perso/GameBoyProjects/CrossZGB/common/src/sms/sfxplayer.c:108: }
                                    153 	.area _CODE
                                    154 	.area _INITIALIZER
    00000000                        155 __xinit__sfx_play_bank:
    00000000 FF                     156 	.db #0xff	; 255
    00000001                        157 __xinit__sfx_play_sample:
    00000001 00 00                  158 	.dw #0x0000
                                    159 	.area _CABS (ABS)
