                                      1 ;--------------------------------------------------------
                                      2 ; File Created by SDCC : free open source ISO C Compiler
                                      3 ; Version 4.5.1 #15267 (MINGW64)
                                      4 ;--------------------------------------------------------
                                      5 	.module SRAM
                                      6 	
                                      7 ;--------------------------------------------------------
                                      8 ; Public variables in this module
                                      9 ;--------------------------------------------------------
                                     10 	.globl _memset
                                     11 	.globl _strcmp
                                     12 	.globl _strcpy
                                     13 	.globl b_CheckSRAMIntegrity
                                     14 	.globl _CheckSRAMIntegrity
                                     15 ;--------------------------------------------------------
                                     16 ; special function registers
                                     17 ;--------------------------------------------------------
                         00000000    18 _GG_STATE	=	0x0000
                         00000001    19 _GG_EXT_7BIT	=	0x0001
                         00000002    20 _GG_EXT_CTL	=	0x0002
                         00000003    21 _GG_SIO_SEND	=	0x0003
                         00000004    22 _GG_SIO_RECV	=	0x0004
                         00000005    23 _GG_SIO_CTL	=	0x0005
                         00000006    24 _GG_SOUND_PAN	=	0x0006
                         0000003E    25 _MEMORY_CTL	=	0x003e
                         0000003F    26 _JOY_CTL	=	0x003f
                         0000007E    27 _VCOUNTER	=	0x007e
                         0000007F    28 _PSG	=	0x007f
                         0000007F    29 _HCOUNTER	=	0x007f
                         000000BE    30 _VDP_DATA	=	0x00be
                         000000BF    31 _VDP_CMD	=	0x00bf
                         000000BF    32 _VDP_STATUS	=	0x00bf
                         000000DC    33 _JOY_PORT1	=	0x00dc
                         000000DD    34 _JOY_PORT2	=	0x00dd
                         000000F0    35 _FMADDRESS	=	0x00f0
                         000000F1    36 _FMDATA	=	0x00f1
                         000000F2    37 _AUDIOCTRL	=	0x00f2
                                     38 ;--------------------------------------------------------
                                     39 ; ram data
                                     40 ;--------------------------------------------------------
                                     41 	.area _DATA
                         0000FFFC    42 _RAM_CONTROL	=	0xfffc
                         0000FFF8    43 _GLASSES_3D	=	0xfff8
                         0000FFFD    44 _MAP_FRAME0	=	0xfffd
                         0000FFFE    45 _MAP_FRAME1	=	0xfffe
                         0000FFFF    46 _MAP_FRAME2	=	0xffff
                                     47 ;--------------------------------------------------------
                                     48 ; ram data
                                     49 ;--------------------------------------------------------
                                     50 	.area _INITIALIZED
                                     51 ;--------------------------------------------------------
                                     52 ; absolute external ram data
                                     53 ;--------------------------------------------------------
                                     54 	.area _DABS (ABS)
                                     55 ;--------------------------------------------------------
                                     56 ; global & static initialisations
                                     57 ;--------------------------------------------------------
                                     58 	.area _HOME
                                     59 	.area _GSINIT
                                     60 	.area _GSFINAL
                                     61 	.area _GSINIT
                                     62 ;--------------------------------------------------------
                                     63 ; Home
                                     64 ;--------------------------------------------------------
                                     65 	.area _HOME
                                     66 	.area _HOME
                                     67 ;--------------------------------------------------------
                                     68 ; code
                                     69 ;--------------------------------------------------------
                                     70 	.area _CODE_1
                                     71 ;C:/Users/franc/Documents/Projets/Perso/GameBoyProjects/CrossZGB/common/src/SRAM.c:10: void CheckSRAMIntegrity(UINT8* ptr, UINT16 size) BANKED {
                                     72 ;	---------------------------------
                                     73 ; Function CheckSRAMIntegrity
                                     74 ; ---------------------------------
                         00000001    75 	b_CheckSRAMIntegrity	= 1
    00000000                         76 _CheckSRAMIntegrity::
    00000000 DD E5            [15]   77 	push	ix
    00000002 DD 21 00 00      [14]   78 	ld	ix,#0
    00000006 DD 39            [15]   79 	add	ix,sp
    00000008 F5               [11]   80 	push	af
                                     81 ;C:/Users/franc/Documents/Projets/Perso/GameBoyProjects/CrossZGB/common/src/SRAM.c:11: ENABLE_RAM;
    00000009 3A FC FF         [13]   82 	ld	a, (_RAM_CONTROL+0)
    0000000C F6 08            [ 7]   83 	or	a, #0x08
    0000000E 32 FC FF         [13]   84 	ld	(_RAM_CONTROL+0), a
                                     85 ;C:/Users/franc/Documents/Projets/Perso/GameBoyProjects/CrossZGB/common/src/SRAM.c:12: SWITCH_RAM(0);
    00000011 3A FC FF         [13]   86 	ld	a, (_RAM_CONTROL+0)
    00000014 E6 FB            [ 7]   87 	and	a, #0xfb
    00000016 32 FC FF         [13]   88 	ld	(_RAM_CONTROL+0), a
                                     89 ;C:/Users/franc/Documents/Projets/Perso/GameBoyProjects/CrossZGB/common/src/SRAM.c:13: UINT16 bytes_to_clear = 0;
    00000019 01 00 00         [10]   90 	ld	bc, #0x0000
                                     91 ;C:/Users/franc/Documents/Projets/Perso/GameBoyProjects/CrossZGB/common/src/SRAM.c:14: UINT16* bytes_stored = (UINT16*)(ptr + MAGIC_LENGTH);
    0000001C DD 6E 07         [19]   92 	ld	l, 7 (ix)
    0000001F DD 66 08         [19]   93 	ld	h, 8 (ix)
    00000022 11 09 00         [10]   94 	ld	de, #0x0009
    00000025 19               [11]   95 	add	hl, de
                                     96 ;C:/Users/franc/Documents/Projets/Perso/GameBoyProjects/CrossZGB/common/src/SRAM.c:15: if(strcmp((char*)ptr, MAGIC) != 0) {
    00000026 DD 7E 07         [19]   97 	ld	a, 7 (ix)
    00000029 DD 77 FE         [19]   98 	ld	-2 (ix), a
    0000002C DD 7E 08         [19]   99 	ld	a, 8 (ix)
    0000002F DD 77 FF         [19]  100 	ld	-1 (ix), a
    00000032 E5               [11]  101 	push	hl
    00000033 C5               [11]  102 	push	bc
    00000034 11rC2r00         [10]  103 	ld	de, #___str_0
    00000037 DD 6E FE         [19]  104 	ld	l, -2 (ix)
    0000003A DD 66 FF         [19]  105 	ld	h, -1 (ix)
    0000003D CDr00r00         [17]  106 	call	_strcmp
    00000040 C1               [10]  107 	pop	bc
    00000041 E1               [10]  108 	pop	hl
    00000042 7A               [ 4]  109 	ld	a, d
    00000043 B3               [ 4]  110 	or	a, e
    00000044 28 20            [12]  111 	jr	Z, 00104$
                                    112 ;C:/Users/franc/Documents/Projets/Perso/GameBoyProjects/CrossZGB/common/src/SRAM.c:16: strcpy(ptr, MAGIC);
    00000046 E5               [11]  113 	push	hl
    00000047 11rC2r00         [10]  114 	ld	de, #___str_0
    0000004A D5               [11]  115 	push	de
    0000004B DD 5E 07         [19]  116 	ld	e, 7 (ix)
    0000004E DD 56 08         [19]  117 	ld	d, 8 (ix)
    00000051 D5               [11]  118 	push	de
    00000052 CDr00r00         [17]  119 	call	_strcpy
    00000055 F1               [10]  120 	pop	af
    00000056 F1               [10]  121 	pop	af
    00000057 E1               [10]  122 	pop	hl
                                    123 ;C:/Users/franc/Documents/Projets/Perso/GameBoyProjects/CrossZGB/common/src/SRAM.c:18: bytes_to_clear = size - MAGIC_LENGTH - 2;
    00000058 DD 7E 09         [19]  124 	ld	a, 9 (ix)
    0000005B C6 F5            [ 7]  125 	add	a, #0xf5
    0000005D 4F               [ 4]  126 	ld	c, a
    0000005E DD 7E 0A         [19]  127 	ld	a, 10 (ix)
    00000061 CE FF            [ 7]  128 	adc	a, #0xff
    00000063 47               [ 4]  129 	ld	b, a
    00000064 18 18            [12]  130 	jr	00105$
    00000066                        131 00104$:
                                    132 ;C:/Users/franc/Documents/Projets/Perso/GameBoyProjects/CrossZGB/common/src/SRAM.c:20: if(*bytes_stored < size) {
    00000066 5E               [ 7]  133 	ld	e, (hl)
    00000067 23               [ 6]  134 	inc	hl
    00000068 56               [ 7]  135 	ld	d, (hl)
    00000069 2B               [ 6]  136 	dec	hl
    0000006A 7B               [ 4]  137 	ld	a, e
    0000006B DD 96 09         [19]  138 	sub	a, 9 (ix)
    0000006E 7A               [ 4]  139 	ld	a, d
    0000006F DD 9E 0A         [19]  140 	sbc	a, 10 (ix)
    00000072 30 0A            [12]  141 	jr	NC, 00105$
                                    142 ;C:/Users/franc/Documents/Projets/Perso/GameBoyProjects/CrossZGB/common/src/SRAM.c:21: bytes_to_clear = size - *bytes_stored;
    00000074 DD 7E 09         [19]  143 	ld	a, 9 (ix)
    00000077 93               [ 4]  144 	sub	a, e
    00000078 4F               [ 4]  145 	ld	c, a
    00000079 DD 7E 0A         [19]  146 	ld	a, 10 (ix)
    0000007C 9A               [ 4]  147 	sbc	a, d
    0000007D 47               [ 4]  148 	ld	b, a
    0000007E                        149 00105$:
                                    150 ;C:/Users/franc/Documents/Projets/Perso/GameBoyProjects/CrossZGB/common/src/SRAM.c:25: if(*bytes_stored != size) {
    0000007E 5E               [ 7]  151 	ld	e, (hl)
    0000007F 23               [ 6]  152 	inc	hl
    00000080 56               [ 7]  153 	ld	d, (hl)
    00000081 2B               [ 6]  154 	dec	hl
    00000082 DD 7E 09         [19]  155 	ld	a, 9 (ix)
    00000085 93               [ 4]  156 	sub	a, e
    00000086 20 06            [12]  157 	jr	NZ, 00140$
    00000088 DD 7E 0A         [19]  158 	ld	a, 10 (ix)
    0000008B 92               [ 4]  159 	sub	a, d
    0000008C 28 09            [12]  160 	jr	Z, 00107$
    0000008E                        161 00140$:
                                    162 ;C:/Users/franc/Documents/Projets/Perso/GameBoyProjects/CrossZGB/common/src/SRAM.c:26: *bytes_stored = size;
    0000008E DD 7E 09         [19]  163 	ld	a, 9 (ix)
    00000091 77               [ 7]  164 	ld	(hl), a
    00000092 23               [ 6]  165 	inc	hl
    00000093 DD 7E 0A         [19]  166 	ld	a, 10 (ix)
    00000096 77               [ 7]  167 	ld	(hl), a
    00000097                        168 00107$:
                                    169 ;C:/Users/franc/Documents/Projets/Perso/GameBoyProjects/CrossZGB/common/src/SRAM.c:29: if(bytes_to_clear > 0) {
    00000097 78               [ 4]  170 	ld	a, b
    00000098 B1               [ 4]  171 	or	a, c
    00000099 28 1A            [12]  172 	jr	Z, 00109$
                                    173 ;C:/Users/franc/Documents/Projets/Perso/GameBoyProjects/CrossZGB/common/src/SRAM.c:30: memset(ptr + size - bytes_to_clear, 0, bytes_to_clear);
    0000009B DD 7E 07         [19]  174 	ld	a, 7 (ix)
    0000009E DD 86 09         [19]  175 	add	a, 9 (ix)
    000000A1 6F               [ 4]  176 	ld	l, a
    000000A2 DD 7E 08         [19]  177 	ld	a, 8 (ix)
    000000A5 DD 8E 0A         [19]  178 	adc	a, 10 (ix)
    000000A8 67               [ 4]  179 	ld	h, a
    000000A9 BF               [ 4]  180 	cp	a, a
    000000AA ED 42            [15]  181 	sbc	hl, bc
    000000AC C5               [11]  182 	push	bc
    000000AD 11 00 00         [10]  183 	ld	de, #0x0000
    000000B0 D5               [11]  184 	push	de
    000000B1 E5               [11]  185 	push	hl
    000000B2 CDr00r00         [17]  186 	call	_memset
    000000B5                        187 00109$:
                                    188 ;C:/Users/franc/Documents/Projets/Perso/GameBoyProjects/CrossZGB/common/src/SRAM.c:32: DISABLE_RAM;
    000000B5 3A FC FF         [13]  189 	ld	a, (_RAM_CONTROL+0)
    000000B8 E6 F7            [ 7]  190 	and	a, #0xf7
    000000BA 32 FC FF         [13]  191 	ld	(_RAM_CONTROL+0), a
                                    192 ;C:/Users/franc/Documents/Projets/Perso/GameBoyProjects/CrossZGB/common/src/SRAM.c:33: }
    000000BD DD F9            [10]  193 	ld	sp, ix
    000000BF DD E1            [14]  194 	pop	ix
    000000C1 C9               [10]  195 	ret
    000000C2                        196 ___str_0:
    000000C2 5A 47 42 2D 53 41 56   197 	.ascii "ZGB-SAVE"
             45
    000000CA 00                     198 	.db 0x00
                                    199 	.area _CODE_1
                                    200 	.area _INITIALIZER
                                    201 	.area _CABS (ABS)
