                                      1 ;--------------------------------------------------------
                                      2 ; File Created by SDCC : free open source ISO C Compiler
                                      3 ; Version 4.5.1 #15267 (MINGW64)
                                      4 ;--------------------------------------------------------
                                      5 	.module SpritePlayer
                                      6 	
                                      7 ;--------------------------------------------------------
                                      8 ; Public variables in this module
                                      9 ;--------------------------------------------------------
                                     10 	.globl _Destroy_SpritePlayer
                                     11 	.globl _Update_SpritePlayer
                                     12 	.globl _Start_SpritePlayer
                                     13 	.globl _SpriteManagerAddEx
                                     14 	.globl ___bank_SpritePlayer
                                     15 ;--------------------------------------------------------
                                     16 ; special function registers
                                     17 ;--------------------------------------------------------
                                     18 	.area _HRAM
                                     19 ;--------------------------------------------------------
                                     20 ; ram data
                                     21 ;--------------------------------------------------------
                                     22 	.area _DATA
                                     23 ;--------------------------------------------------------
                                     24 ; ram data
                                     25 ;--------------------------------------------------------
                                     26 	.area _INITIALIZED
                                     27 ;--------------------------------------------------------
                                     28 ; absolute external ram data
                                     29 ;--------------------------------------------------------
                                     30 	.area _DABS (ABS)
                                     31 ;--------------------------------------------------------
                                     32 ; global & static initialisations
                                     33 ;--------------------------------------------------------
                                     34 	.area _HOME
                                     35 	.area _GSINIT
                                     36 	.area _GSFINAL
                                     37 	.area _GSINIT
                                     38 ;--------------------------------------------------------
                                     39 ; Home
                                     40 ;--------------------------------------------------------
                                     41 	.area _HOME
                                     42 	.area _HOME
                                     43 ;--------------------------------------------------------
                                     44 ; code
                                     45 ;--------------------------------------------------------
                                     46 	.area _CODE_255
                                     47 ;SpritePlayer.c:31: void START(void) {
                                     48 ;	---------------------------------
                                     49 ; Function Start_SpritePlayer
                                     50 ; ---------------------------------
    00000000                         51 _Start_SpritePlayer::
                                     52 ;SpritePlayer.c:32: player_form   = FORM_OFFENSIVE;
    00000000 FAr00r00         [16]   53 	ld	a, (_THIS)
    00000003 21r01r00         [12]   54 	ld	hl, #_THIS + 1
    00000006 66               [ 8]   55 	ld	h, (hl)
    00000007 6F               [ 4]   56 	ld	l, a
    00000008 11 24 00         [12]   57 	ld	de, #0x0024
    0000000B 19               [ 8]   58 	add	hl, de
    0000000C 36 00            [12]   59 	ld	(hl), #0x00
                                     60 ;SpritePlayer.c:33: fire_cooldown = 0;
    0000000E FAr00r00         [16]   61 	ld	a, (_THIS)
    00000011 21r01r00         [12]   62 	ld	hl, #_THIS + 1
    00000014 66               [ 8]   63 	ld	h, (hl)
    00000015 6F               [ 4]   64 	ld	l, a
    00000016 11 25 00         [12]   65 	ld	de, #0x0025
    00000019 19               [ 8]   66 	add	hl, de
    0000001A 36 00            [12]   67 	ld	(hl), #0x00
                                     68 ;SpritePlayer.c:34: }
    0000001C C9               [16]   69 	ret
                         000000FF    70 ___bank_SpritePlayer	=	0x00ff
                                     71 ;SpritePlayer.c:36: void UPDATE(void) {
                                     72 ;	---------------------------------
                                     73 ; Function Update_SpritePlayer
                                     74 ; ---------------------------------
    0000001D                         75 _Update_SpritePlayer::
    0000001D E8 FA            [16]   76 	add	sp, #-6
                                     77 ;SpritePlayer.c:37: INT8 dx = 0;
    0000001F 0E 00            [ 8]   78 	ld	c, #0x00
                                     79 ;SpritePlayer.c:38: INT8 dy = 0;
    00000021 F8 00            [12]   80 	ldhl	sp,	#0
    00000023 36 00            [12]   81 	ld	(hl), #0x00
                                     82 ;SpritePlayer.c:42: if (KEY_TICKED(J_B)) {
    00000025 21r01r00         [12]   83 	ld	hl, #(_joypads + 1)
    00000028 46               [ 8]   84 	ld	b, (hl)
    00000029 FAr01r00         [16]   85 	ld	a, (#(_old_joypads + 1) + 0)
    0000002C A8               [ 4]   86 	xor	a, b
    0000002D A0               [ 4]   87 	and	a, b
    0000002E CB 6F            [ 8]   88 	bit	5, a
    00000030 28 14            [12]   89 	jr	Z, 00102$
                                     90 ;SpritePlayer.c:43: player_form = (player_form == FORM_OFFENSIVE) ? FORM_DEFENSIVE : FORM_OFFENSIVE;
    00000032 FAr00r00         [16]   91 	ld	a, (_THIS)
    00000035 21r01r00         [12]   92 	ld	hl, #_THIS + 1
    00000038 66               [ 8]   93 	ld	h, (hl)
    00000039 6F               [ 4]   94 	ld	l, a
    0000003A 11 24 00         [12]   95 	ld	de, #0x0024
    0000003D 19               [ 8]   96 	add	hl, de
    0000003E 7E               [ 8]   97 	ld	a, (hl)
    0000003F B7               [ 4]   98 	or	a, a
    00000040 3E 01            [ 8]   99 	ld	a, #0x01
    00000042 28 01            [12]  100 	jr	Z, 00136$
    00000044 AF               [ 4]  101 	xor	a, a
    00000045                        102 00136$:
    00000045 77               [ 8]  103 	ld	(hl), a
    00000046                        104 00102$:
    00000046 FAr00r00         [16]  105 	ld	a, (_THIS)
    00000049 21r01r00         [12]  106 	ld	hl, #_THIS + 1
    0000004C 66               [ 8]  107 	ld	h, (hl)
                                    108 ;SpritePlayer.c:49: if (fire_cooldown > 0) {
    0000004D 6F               [ 4]  109 	ld	l, a
    0000004E 11 25 00         [12]  110 	ld	de, #0x0025
    00000051 19               [ 8]  111 	add	hl, de
    00000052 7E               [ 8]  112 	ld	a, (hl)
    00000053 B7               [ 4]  113 	or	a, a
    00000054 28 02            [12]  114 	jr	Z, 00104$
                                    115 ;SpritePlayer.c:50: fire_cooldown--;
    00000056 3D               [ 4]  116 	dec	a
    00000057 77               [ 8]  117 	ld	(hl), a
    00000058                        118 00104$:
                                    119 ;SpritePlayer.c:52: if (KEY_PRESSED(J_A) && fire_cooldown == 0) {
    00000058 FAr01r00         [16]  120 	ld	a, (#(_joypads + 1) + 0)
    0000005B CB 67            [ 8]  121 	bit	4, a
    0000005D 28 5E            [12]  122 	jr	Z, 00106$
                                    123 ;SpritePlayer.c:43: player_form = (player_form == FORM_OFFENSIVE) ? FORM_DEFENSIVE : FORM_OFFENSIVE;
    0000005F FAr00r00         [16]  124 	ld	a, (_THIS)
    00000062 5F               [ 4]  125 	ld	e, a
    00000063 21r01r00         [12]  126 	ld	hl, #_THIS + 1
    00000066 56               [ 8]  127 	ld	d, (hl)
                                    128 ;SpritePlayer.c:52: if (KEY_PRESSED(J_A) && fire_cooldown == 0) {
    00000067 21 25 00         [12]  129 	ld	hl, #0x0025
    0000006A 19               [ 8]  130 	add	hl, de
    0000006B 7E               [ 8]  131 	ld	a, (hl)
    0000006C B7               [ 4]  132 	or	a, a
    0000006D 20 4E            [12]  133 	jr	NZ, 00106$
                                    134 ;SpritePlayer.c:53: player_form = FORM_OFFENSIVE;
    0000006F 21 24 00         [12]  135 	ld	hl, #0x0024
    00000072 19               [ 8]  136 	add	hl, de
    00000073 36 00            [12]  137 	ld	(hl), #0x00
                                    138 ;SpritePlayer.c:54: SpriteManagerAdd(SpriteBullet, THIS->x + 4, THIS->y);
    00000075 FAr00r00         [16]  139 	ld	a, (_THIS)
    00000078 21r01r00         [12]  140 	ld	hl, #_THIS + 1
    0000007B 66               [ 8]  141 	ld	h, (hl)
    0000007C 6F               [ 4]  142 	ld	l, a
    0000007D 23               [ 8]  143 	inc	hl
    0000007E 23               [ 8]  144 	inc	hl
    0000007F 5D               [ 4]  145 	ld	e, l
    00000080 54               [ 4]  146 	ld	d, h
    00000081 1A               [ 8]  147 	ld	a, (de)
    00000082 F8 02            [12]  148 	ldhl	sp,	#2
    00000084 22               [ 8]  149 	ld	(hl+), a
    00000085 13               [ 8]  150 	inc	de
    00000086 1A               [ 8]  151 	ld	a, (de)
    00000087 77               [ 8]  152 	ld	(hl), a
    00000088 21r00r00         [12]  153 	ld	hl, #_THIS
    0000008B 2A               [ 8]  154 	ld	a, (hl+)
    0000008C 5F               [ 4]  155 	ld	e, a
    0000008D 56               [ 8]  156 	ld	d, (hl)
    0000008E 1A               [ 8]  157 	ld	a, (de)
    0000008F F8 04            [12]  158 	ldhl	sp,	#4
    00000091 22               [ 8]  159 	ld	(hl+), a
    00000092 13               [ 8]  160 	inc	de
    00000093 1A               [ 8]  161 	ld	a, (de)
    00000094 32               [ 8]  162 	ld	(hl-), a
    00000095 2A               [ 8]  163 	ld	a, (hl+)
    00000096 5F               [ 4]  164 	ld	e, a
    00000097 56               [ 8]  165 	ld	d, (hl)
    00000098 21 04 00         [12]  166 	ld	hl, #0x0004
    0000009B 19               [ 8]  167 	add	hl, de
    0000009C 5D               [ 4]  168 	ld	e, l
    0000009D 54               [ 4]  169 	ld	d, h
                                    170 ;C:/Users/franc/Documents/Projets/Perso/GameBoyProjects/CrossZGB/common/include/SpriteManager.h:45: return SpriteManagerAddEx(sprite_type, x, y, NULL);
    0000009E C5               [16]  171 	push	bc
    0000009F 21 00 00         [12]  172 	ld	hl, #0x0000
    000000A2 E5               [16]  173 	push	hl
    000000A3 F8 06            [12]  174 	ldhl	sp,	#6
    000000A5 2A               [ 8]  175 	ld	a, (hl+)
    000000A6 66               [ 8]  176 	ld	h, (hl)
    000000A7 6F               [ 4]  177 	ld	l, a
    000000A8 E5               [16]  178 	push	hl
    000000A9 3E 01            [ 8]  179 	ld	a, #0x01
    000000AB CDr00r00         [24]  180 	call	_SpriteManagerAddEx
    000000AE C1               [12]  181 	pop	bc
                                    182 ;SpritePlayer.c:55: fire_cooldown = FIRE_COOLDOWN;
    000000AF FAr00r00         [16]  183 	ld	a, (_THIS)
    000000B2 21r01r00         [12]  184 	ld	hl, #_THIS + 1
    000000B5 66               [ 8]  185 	ld	h, (hl)
    000000B6 6F               [ 4]  186 	ld	l, a
    000000B7 11 25 00         [12]  187 	ld	de, #0x0025
    000000BA 19               [ 8]  188 	add	hl, de
    000000BB 36 0F            [12]  189 	ld	(hl), #0x0f
    000000BD                        190 00106$:
                                    191 ;SpritePlayer.c:43: player_form = (player_form == FORM_OFFENSIVE) ? FORM_DEFENSIVE : FORM_OFFENSIVE;
    000000BD FAr00r00         [16]  192 	ld	a, (#_THIS)
    000000C0 F8 01            [12]  193 	ldhl	sp,	#1
    000000C2 77               [ 8]  194 	ld	(hl), a
    000000C3 FAr01r00         [16]  195 	ld	a, (#_THIS + 1)
    000000C6 F8 02            [12]  196 	ldhl	sp,	#2
    000000C8 32               [ 8]  197 	ld	(hl-), a
    000000C9 2A               [ 8]  198 	ld	a, (hl+)
    000000CA 5F               [ 4]  199 	ld	e, a
    000000CB 56               [ 8]  200 	ld	d, (hl)
    000000CC 21 24 00         [12]  201 	ld	hl, #0x0024
    000000CF 19               [ 8]  202 	add	hl, de
    000000D0 5D               [ 4]  203 	ld	e, l
    000000D1 54               [ 4]  204 	ld	d, h
    000000D2 1A               [ 8]  205 	ld	a, (de)
                                    206 ;SpritePlayer.c:59: speed = (player_form == FORM_OFFENSIVE) ? SPEED_SLOW : SPEED_FAST;
    000000D3 B7               [ 4]  207 	or	a, a
    000000D4 20 04            [12]  208 	jr	NZ, 00137$
    000000D6 06 01            [ 8]  209 	ld	b, #0x01
    000000D8 18 02            [12]  210 	jr	00138$
    000000DA                        211 00137$:
    000000DA 06 03            [ 8]  212 	ld	b, #0x03
    000000DC                        213 00138$:
    000000DC F8 03            [12]  214 	ldhl	sp,	#3
    000000DE 70               [ 8]  215 	ld	(hl), b
                                    216 ;SpritePlayer.c:62: if (KEY_PRESSED(J_LEFT))  dx = -1;
    000000DF 21r01r00         [12]  217 	ld	hl, #(_joypads + 1)
    000000E2 46               [ 8]  218 	ld	b, (hl)
    000000E3 CB 48            [ 8]  219 	bit	1, b
    000000E5 28 02            [12]  220 	jr	Z, 00109$
    000000E7 0E FF            [ 8]  221 	ld	c, #0xff
    000000E9                        222 00109$:
                                    223 ;SpritePlayer.c:63: if (KEY_PRESSED(J_RIGHT)) dx = 1;
    000000E9 CB 40            [ 8]  224 	bit	0, b
    000000EB 28 02            [12]  225 	jr	Z, 00111$
    000000ED 0E 01            [ 8]  226 	ld	c, #0x01
    000000EF                        227 00111$:
                                    228 ;SpritePlayer.c:64: if (KEY_PRESSED(J_UP))    dy = -1;
    000000EF CB 50            [ 8]  229 	bit	2, b
    000000F1 28 04            [12]  230 	jr	Z, 00113$
    000000F3 F8 00            [12]  231 	ldhl	sp,	#0
    000000F5 36 FF            [12]  232 	ld	(hl), #0xff
    000000F7                        233 00113$:
                                    234 ;SpritePlayer.c:65: if (KEY_PRESSED(J_DOWN))  dy = 1;
    000000F7 CB 58            [ 8]  235 	bit	3, b
    000000F9 28 04            [12]  236 	jr	Z, 00115$
    000000FB F8 00            [12]  237 	ldhl	sp,	#0
    000000FD 36 01            [12]  238 	ld	(hl), #0x01
    000000FF                        239 00115$:
                                    240 ;SpritePlayer.c:68: UINT8 spd_diag = (player_form == FORM_OFFENSIVE) ? SPEED_SLOW_DIAG : SPEED_FAST_DIAG;
    000000FF B7               [ 4]  241 	or	a, a
    00000100 20 04            [12]  242 	jr	NZ, 00139$
    00000102 06 01            [ 8]  243 	ld	b, #0x01
    00000104 18 02            [12]  244 	jr	00140$
    00000106                        245 00139$:
    00000106 06 02            [ 8]  246 	ld	b, #0x02
    00000108                        247 00140$:
                                    248 ;SpritePlayer.c:72: dx = (dx > 0) ? (INT8)spd_diag : -(INT8)spd_diag;
    00000108 59               [ 4]  249 	ld	e, c
    00000109 AF               [ 4]  250 	xor	a, a
    0000010A 57               [ 4]  251 	ld	d, a
    0000010B 91               [ 4]  252 	sub	a, c
    0000010C CB 7B            [ 8]  253 	bit	7, e
    0000010E 28 07            [12]  254 	jr	Z, 00316$
    00000110 CB 7A            [ 8]  255 	bit	7, d
    00000112 20 08            [12]  256 	jr	NZ, 00317$
    00000114 BF               [ 4]  257 	cp	a, a
    00000115 18 05            [12]  258 	jr	00317$
    00000117                        259 00316$:
    00000117 CB 7A            [ 8]  260 	bit	7, d
    00000119 28 01            [12]  261 	jr	Z, 00317$
    0000011B 37               [ 4]  262 	scf
    0000011C                        263 00317$:
    0000011C 3E 00            [ 8]  264 	ld	a, #0x00
    0000011E 17               [ 4]  265 	rla
    0000011F F8 04            [12]  266 	ldhl	sp,	#4
    00000121 77               [ 8]  267 	ld	(hl), a
                                    268 ;SpritePlayer.c:73: dy = (dy > 0) ? (INT8)spd_diag : -(INT8)spd_diag;
    00000122 F8 00            [12]  269 	ldhl	sp,	#0
    00000124 5E               [ 8]  270 	ld	e, (hl)
    00000125 AF               [ 4]  271 	xor	a, a
    00000126 57               [ 4]  272 	ld	d, a
    00000127 96               [ 8]  273 	sub	a, (hl)
    00000128 CB 7B            [ 8]  274 	bit	7, e
    0000012A 28 07            [12]  275 	jr	Z, 00318$
    0000012C CB 7A            [ 8]  276 	bit	7, d
    0000012E 20 08            [12]  277 	jr	NZ, 00319$
    00000130 BF               [ 4]  278 	cp	a, a
    00000131 18 05            [12]  279 	jr	00319$
    00000133                        280 00318$:
    00000133 CB 7A            [ 8]  281 	bit	7, d
    00000135 28 01            [12]  282 	jr	Z, 00319$
    00000137 37               [ 4]  283 	scf
    00000138                        284 00319$:
    00000138 3E 00            [ 8]  285 	ld	a, #0x00
    0000013A 17               [ 4]  286 	rla
    0000013B F8 05            [12]  287 	ldhl	sp,	#5
    0000013D 77               [ 8]  288 	ld	(hl), a
                                    289 ;SpritePlayer.c:70: if (dx != 0 && dy != 0) {
    0000013E 79               [ 4]  290 	ld	a, c
    0000013F B7               [ 4]  291 	or	a, a
    00000140 28 1F            [12]  292 	jr	Z, 00121$
    00000142 F8 00            [12]  293 	ldhl	sp,	#0
    00000144 7E               [ 8]  294 	ld	a, (hl)
    00000145 B7               [ 4]  295 	or	a, a
    00000146 28 19            [12]  296 	jr	Z, 00121$
                                    297 ;SpritePlayer.c:72: dx = (dx > 0) ? (INT8)spd_diag : -(INT8)spd_diag;
    00000148 AF               [ 4]  298 	xor	a, a
    00000149 90               [ 4]  299 	sub	a, b
    0000014A 5F               [ 4]  300 	ld	e, a
    0000014B F8 04            [12]  301 	ldhl	sp,	#4
    0000014D 7E               [ 8]  302 	ld	a, (hl)
    0000014E B7               [ 4]  303 	or	a, a
    0000014F 28 03            [12]  304 	jr	Z, 00141$
    00000151 48               [ 4]  305 	ld	c, b
    00000152 18 01            [12]  306 	jr	00142$
    00000154                        307 00141$:
    00000154 4B               [ 4]  308 	ld	c, e
    00000155                        309 00142$:
                                    310 ;SpritePlayer.c:73: dy = (dy > 0) ? (INT8)spd_diag : -(INT8)spd_diag;
    00000155 F8 05            [12]  311 	ldhl	sp,	#5
    00000157 7E               [ 8]  312 	ld	a, (hl)
    00000158 B7               [ 4]  313 	or	a, a
    00000159 20 01            [12]  314 	jr	NZ, 00144$
    0000015B 43               [ 4]  315 	ld	b, e
    0000015C                        316 00144$:
    0000015C F8 00            [12]  317 	ldhl	sp,	#0
    0000015E 70               [ 8]  318 	ld	(hl), b
    0000015F 18 23            [12]  319 	jr	00122$
    00000161                        320 00121$:
                                    321 ;SpritePlayer.c:76: if (dx != 0) dx = (dx > 0) ? (INT8)speed : -(INT8)speed;
    00000161 F8 03            [12]  322 	ldhl	sp,	#3
    00000163 46               [ 8]  323 	ld	b, (hl)
    00000164 AF               [ 4]  324 	xor	a, a
    00000165 90               [ 4]  325 	sub	a, b
    00000166 5F               [ 4]  326 	ld	e, a
    00000167 79               [ 4]  327 	ld	a, c
    00000168 B7               [ 4]  328 	or	a, a
    00000169 28 09            [12]  329 	jr	Z, 00117$
    0000016B 23               [ 8]  330 	inc	hl
    0000016C 7E               [ 8]  331 	ld	a, (hl)
    0000016D B7               [ 4]  332 	or	a, a
    0000016E 28 03            [12]  333 	jr	Z, 00145$
    00000170 48               [ 4]  334 	ld	c, b
    00000171 18 01            [12]  335 	jr	00146$
    00000173                        336 00145$:
    00000173 4B               [ 4]  337 	ld	c, e
    00000174                        338 00146$:
    00000174                        339 00117$:
                                    340 ;SpritePlayer.c:77: if (dy != 0) dy = (dy > 0) ? (INT8)speed : -(INT8)speed;
    00000174 F8 00            [12]  341 	ldhl	sp,	#0
    00000176 7E               [ 8]  342 	ld	a, (hl)
    00000177 B7               [ 4]  343 	or	a, a
    00000178 28 0A            [12]  344 	jr	Z, 00122$
    0000017A F8 05            [12]  345 	ldhl	sp,	#5
    0000017C 7E               [ 8]  346 	ld	a, (hl)
    0000017D B7               [ 4]  347 	or	a, a
    0000017E 28 01            [12]  348 	jr	Z, 00147$
    00000180 58               [ 4]  349 	ld	e, b
    00000181                        350 00147$:
    00000181 F8 00            [12]  351 	ldhl	sp,	#0
    00000183 73               [ 8]  352 	ld	(hl), e
    00000184                        353 00122$:
                                    354 ;SpritePlayer.c:81: INT16 new_x = (INT16)THIS->x + (INT16)dx;
    00000184 FAr00r00         [16]  355 	ld	a, (#_THIS)
    00000187 F8 04            [12]  356 	ldhl	sp,	#4
    00000189 77               [ 8]  357 	ld	(hl), a
    0000018A FAr01r00         [16]  358 	ld	a, (#_THIS + 1)
    0000018D F8 05            [12]  359 	ldhl	sp,	#5
    0000018F 32               [ 8]  360 	ld	(hl-), a
    00000190 2A               [ 8]  361 	ld	a, (hl+)
    00000191 5F               [ 4]  362 	ld	e, a
    00000192 56               [ 8]  363 	ld	d, (hl)
    00000193 1A               [ 8]  364 	ld	a, (de)
    00000194 6F               [ 4]  365 	ld	l, a
    00000195 13               [ 8]  366 	inc	de
    00000196 1A               [ 8]  367 	ld	a, (de)
    00000197 67               [ 4]  368 	ld	h, a
    00000198 79               [ 4]  369 	ld	a, c
    00000199 07               [ 4]  370 	rlca
    0000019A 9F               [ 4]  371 	sbc	a, a
    0000019B 47               [ 4]  372 	ld	b, a
    0000019C 09               [ 8]  373 	add	hl, bc
    0000019D 4D               [ 4]  374 	ld	c, l
    0000019E 44               [ 4]  375 	ld	b, h
                                    376 ;SpritePlayer.c:82: INT16 new_y = (INT16)THIS->y + (INT16)dy;
    0000019F F8 01            [12]  377 	ldhl	sp,	#1
    000001A1 2A               [ 8]  378 	ld	a, (hl+)
    000001A2 66               [ 8]  379 	ld	h, (hl)
    000001A3 6F               [ 4]  380 	ld	l, a
    000001A4 23               [ 8]  381 	inc	hl
    000001A5 23               [ 8]  382 	inc	hl
    000001A6 2A               [ 8]  383 	ld	a, (hl+)
    000001A7 6E               [ 8]  384 	ld	l, (hl)
    000001A8 5F               [ 4]  385 	ld	e, a
    000001A9 55               [ 4]  386 	ld	d, l
    000001AA F8 00            [12]  387 	ldhl	sp,	#0
    000001AC 2A               [ 8]  388 	ld	a, (hl+)
    000001AD 23               [ 8]  389 	inc	hl
    000001AE 22               [ 8]  390 	ld	(hl+), a
    000001AF 07               [ 4]  391 	rlca
    000001B0 9F               [ 4]  392 	sbc	a, a
    000001B1 32               [ 8]  393 	ld	(hl-), a
    000001B2 2A               [ 8]  394 	ld	a,	(hl+)
    000001B3 66               [ 8]  395 	ld	h, (hl)
    000001B4 6F               [ 4]  396 	ld	l, a
    000001B5 19               [ 8]  397 	add	hl, de
    000001B6 33               [ 8]  398 	inc	sp
    000001B7 33               [ 8]  399 	inc	sp
    000001B8 E5               [16]  400 	push	hl
                                    401 ;SpritePlayer.c:84: if (new_x < PLAYER_MIN_X) new_x = PLAYER_MIN_X;
    000001B9 79               [ 4]  402 	ld	a, c
    000001BA D6 08            [ 8]  403 	sub	a, #0x08
    000001BC 78               [ 4]  404 	ld	a, b
    000001BD 17               [ 4]  405 	rla
    000001BE 3F               [ 4]  406 	ccf
    000001BF 1F               [ 4]  407 	rra
    000001C0 DE 80            [ 8]  408 	sbc	a, #0x80
    000001C2 30 03            [12]  409 	jr	NC, 00125$
    000001C4 01 08 00         [12]  410 	ld	bc, #0x0008
    000001C7                        411 00125$:
                                    412 ;SpritePlayer.c:85: if (new_x > PLAYER_MAX_X) new_x = PLAYER_MAX_X;
    000001C7 3E 90            [ 8]  413 	ld	a, #0x90
    000001C9 B9               [ 4]  414 	cp	a, c
    000001CA 3E 00            [ 8]  415 	ld	a, #0x00
    000001CC 98               [ 4]  416 	sbc	a, b
    000001CD 30 03            [12]  417 	jr	NC, 00127$
    000001CF 01 90 00         [12]  418 	ld	bc, #0x0090
    000001D2                        419 00127$:
                                    420 ;SpritePlayer.c:86: if (new_y < PLAYER_MIN_Y) new_y = PLAYER_MIN_Y;
    000001D2 F8 00            [12]  421 	ldhl	sp,	#0
    000001D4 2A               [ 8]  422 	ld	a, (hl+)
    000001D5 D6 10            [ 8]  423 	sub	a, #0x10
    000001D7 7E               [ 8]  424 	ld	a, (hl)
    000001D8 DE 00            [ 8]  425 	sbc	a, #0x00
    000001DA 56               [ 8]  426 	ld	d, (hl)
    000001DB 3E 00            [ 8]  427 	ld	a, #0x00
    000001DD CB 7F            [ 8]  428 	bit	7,a
    000001DF 28 07            [12]  429 	jr	Z, 00320$
    000001E1 CB 7A            [ 8]  430 	bit	7, d
    000001E3 20 08            [12]  431 	jr	NZ, 00321$
    000001E5 BF               [ 4]  432 	cp	a, a
    000001E6 18 05            [12]  433 	jr	00321$
    000001E8                        434 00320$:
    000001E8 CB 7A            [ 8]  435 	bit	7, d
    000001EA 28 01            [12]  436 	jr	Z, 00321$
    000001EC 37               [ 4]  437 	scf
    000001ED                        438 00321$:
    000001ED 30 07            [12]  439 	jr	NC, 00129$
    000001EF F8 00            [12]  440 	ldhl	sp,	#0
    000001F1 3E 10            [ 8]  441 	ld	a, #0x10
    000001F3 22               [ 8]  442 	ld	(hl+), a
    000001F4 AF               [ 4]  443 	xor	a, a
    000001F5 77               [ 8]  444 	ld	(hl), a
    000001F6                        445 00129$:
                                    446 ;SpritePlayer.c:87: if (new_y > PLAYER_MAX_Y) new_y = PLAYER_MAX_Y;
    000001F6 F8 00            [12]  447 	ldhl	sp,	#0
    000001F8 3E 80            [ 8]  448 	ld	a, #0x80
    000001FA 96               [ 8]  449 	sub	a, (hl)
    000001FB 23               [ 8]  450 	inc	hl
    000001FC 3E 00            [ 8]  451 	ld	a, #0x00
    000001FE 9E               [ 8]  452 	sbc	a, (hl)
    000001FF 30 07            [12]  453 	jr	NC, 00131$
    00000201 F8 00            [12]  454 	ldhl	sp,	#0
    00000203 3E 80            [ 8]  455 	ld	a, #0x80
    00000205 22               [ 8]  456 	ld	(hl+), a
    00000206 AF               [ 4]  457 	xor	a, a
    00000207 77               [ 8]  458 	ld	(hl), a
    00000208                        459 00131$:
                                    460 ;SpritePlayer.c:89: THIS->x = (UINT16)new_x;
    00000208 F8 04            [12]  461 	ldhl	sp,	#4
    0000020A 2A               [ 8]  462 	ld	a, (hl+)
    0000020B 66               [ 8]  463 	ld	h, (hl)
    0000020C 6F               [ 4]  464 	ld	l, a
    0000020D 79               [ 4]  465 	ld	a, c
    0000020E 22               [ 8]  466 	ld	(hl+), a
    0000020F 70               [ 8]  467 	ld	(hl), b
                                    468 ;SpritePlayer.c:90: THIS->y = (UINT16)new_y;
    00000210 FAr00r00         [16]  469 	ld	a, (_THIS)
    00000213 21r01r00         [12]  470 	ld	hl, #_THIS + 1
    00000216 46               [ 8]  471 	ld	b, (hl)
    00000217 4F               [ 4]  472 	ld	c, a
    00000218 03               [ 8]  473 	inc	bc
    00000219 03               [ 8]  474 	inc	bc
    0000021A D1               [12]  475 	pop	de
    0000021B D5               [16]  476 	push	de
    0000021C 7B               [ 4]  477 	ld	a, e
    0000021D 02               [ 8]  478 	ld	(bc), a
    0000021E 03               [ 8]  479 	inc	bc
    0000021F 7A               [ 4]  480 	ld	a, d
    00000220 02               [ 8]  481 	ld	(bc), a
                                    482 ;SpritePlayer.c:91: }
    00000221 E8 06            [16]  483 	add	sp, #6
    00000223 C9               [16]  484 	ret
                                    485 ;SpritePlayer.c:93: void DESTROY(void) {
                                    486 ;	---------------------------------
                                    487 ; Function Destroy_SpritePlayer
                                    488 ; ---------------------------------
    00000224                        489 _Destroy_SpritePlayer::
                                    490 ;SpritePlayer.c:94: }
    00000224 C9               [16]  491 	ret
                                    492 	.area _CODE_255
                                    493 	.area _INITIALIZER
                                    494 	.area _CABS (ABS)
