                                      1 ;--------------------------------------------------------
                                      2 ; File Created by SDCC : free open source ISO C Compiler
                                      3 ; Version 4.5.1 #15267 (MINGW64)
                                      4 ;--------------------------------------------------------
                                      5 	.module Fade
                                      6 	
                                      7 ;--------------------------------------------------------
                                      8 ; Public variables in this module
                                      9 ;--------------------------------------------------------
                                     10 	.globl _FadeDMG
                                     11 	.globl _SyncVBlank
                                     12 	.globl _display_off
                                     13 	.globl b_FadeIn
                                     14 	.globl _FadeIn
                                     15 	.globl b_FadeOut
                                     16 	.globl _FadeOut
                                     17 ;--------------------------------------------------------
                                     18 ; special function registers
                                     19 ;--------------------------------------------------------
                                     20 	.area _HRAM
                                     21 ;--------------------------------------------------------
                                     22 ; ram data
                                     23 ;--------------------------------------------------------
                                     24 	.area _DATA
    00000000                         25 _FadeDMG_colors_10000_276:
    00000000                         26 	.ds 12
                                     27 ;--------------------------------------------------------
                                     28 ; ram data
                                     29 ;--------------------------------------------------------
                                     30 	.area _INITIALIZED
                                     31 ;--------------------------------------------------------
                                     32 ; absolute external ram data
                                     33 ;--------------------------------------------------------
                                     34 	.area _DABS (ABS)
                                     35 ;--------------------------------------------------------
                                     36 ; global & static initialisations
                                     37 ;--------------------------------------------------------
                                     38 	.area _HOME
                                     39 	.area _GSINIT
                                     40 	.area _GSFINAL
                                     41 	.area _GSINIT
                                     42 ;--------------------------------------------------------
                                     43 ; Home
                                     44 ;--------------------------------------------------------
                                     45 	.area _HOME
                                     46 	.area _HOME
                                     47 ;--------------------------------------------------------
                                     48 ; code
                                     49 ;--------------------------------------------------------
                                     50 	.area _CODE_1
                                     51 ;C:/Users/franc/Documents/Projets/Perso/GameBoyProjects/CrossZGB/common/src/duck/Fade.c:14: void FadeDMG(UINT8 fadeout) {
                                     52 ;	---------------------------------
                                     53 ; Function FadeDMG
                                     54 ; ---------------------------------
    00000000                         55 _FadeDMG::
    00000000 E8 F6            [16]   56 	add	sp, #-10
    00000002 F8 07            [12]   57 	ldhl	sp,	#7
                                     58 ;C:/Users/franc/Documents/Projets/Perso/GameBoyProjects/CrossZGB/common/src/duck/Fade.c:17: UINT8* c = colors;
    00000004 22               [ 8]   59 	ld	(hl+), a
    00000005 36r00            [12]   60 	ld	(hl), #<(_FadeDMG_colors_10000_276)
    00000007 23               [ 8]   61 	inc	hl
    00000008 36s00            [12]   62 	ld	(hl), #>(_FadeDMG_colors_10000_276)
                                     63 ;C:/Users/franc/Documents/Projets/Perso/GameBoyProjects/CrossZGB/common/src/duck/Fade.c:21: for(i = 0; i != 3; ++i) {
    0000000A F8 06            [12]   64 	ldhl	sp,	#6
    0000000C 36 00            [12]   65 	ld	(hl), #0x00
    0000000E                         66 00112$:
                                     67 ;C:/Users/franc/Documents/Projets/Perso/GameBoyProjects/CrossZGB/common/src/duck/Fade.c:22: p = (UINT8)*(pals[i]);
    0000000E F8 06            [12]   68 	ldhl	sp,	#6
    00000010 4E               [ 8]   69 	ld	c, (hl)
    00000011 AF               [ 4]   70 	xor	a, a
    00000012 69               [ 4]   71 	ld	l, c
    00000013 67               [ 4]   72 	ld	h, a
    00000014 29               [ 8]   73 	add	hl, hl
    00000015 11r70r01         [12]   74 	ld	de, #_pals
    00000018 19               [ 8]   75 	add	hl, de
    00000019 2A               [ 8]   76 	ld	a, (hl+)
    0000001A 4F               [ 4]   77 	ld	c, a
    0000001B 46               [ 8]   78 	ld	b, (hl)
    0000001C 0A               [ 8]   79 	ld	a, (bc)
    0000001D F8 02            [12]   80 	ldhl	sp,	#2
                                     81 ;C:/Users/franc/Documents/Projets/Perso/GameBoyProjects/CrossZGB/common/src/duck/Fade.c:23: for(j = 0; j != 8; j += 2, ++c) {
    0000001F 22               [ 8]   82 	ld	(hl+), a
    00000020 36 00            [12]   83 	ld	(hl), #0x00
    00000022                         84 00110$:
                                     85 ;C:/Users/franc/Documents/Projets/Perso/GameBoyProjects/CrossZGB/common/src/duck/Fade.c:24: *c = (DespRight(p, j)) & 0x3;
    00000022 F8 02            [12]   86 	ldhl	sp,	#2
    00000024 2A               [ 8]   87 	ld	a, (hl+)
    00000025 23               [ 8]   88 	inc	hl
    00000026 22               [ 8]   89 	ld	(hl+), a
                                     90 ;C:/Users/franc/Documents/Projets/Perso/GameBoyProjects/CrossZGB/common/include/Math.h:27: return a >> b;
    00000027 AF               [ 4]   91 	xor	a, a
    00000028 32               [ 8]   92 	ld	(hl-), a
    00000029 2B               [ 8]   93 	dec	hl
    0000002A 7E               [ 8]   94 	ld	a, (hl)
    0000002B 3C               [ 4]   95 	inc	a
    0000002C 18 07            [12]   96 	jr	00219$
    0000002E                         97 00218$:
    0000002E F8 05            [12]   98 	ldhl	sp,	#5
    00000030 CB 2E            [16]   99 	sra	(hl)
    00000032 2B               [ 8]  100 	dec	hl
    00000033 CB 1E            [16]  101 	rr	(hl)
    00000035                        102 00219$:
    00000035 3D               [ 4]  103 	dec	a
    00000036 20 F6            [12]  104 	jr	NZ, 00218$
                                    105 ;C:/Users/franc/Documents/Projets/Perso/GameBoyProjects/CrossZGB/common/src/duck/Fade.c:24: *c = (DespRight(p, j)) & 0x3;
    00000038 F8 04            [12]  106 	ldhl	sp,	#4
    0000003A 7E               [ 8]  107 	ld	a, (hl)
    0000003B E6 03            [ 8]  108 	and	a, #0x03
    0000003D F8 08            [12]  109 	ldhl	sp,	#8
    0000003F 5E               [ 8]  110 	ld	e, (hl)
    00000040 23               [ 8]  111 	inc	hl
    00000041 66               [ 8]  112 	ld	h, (hl)
    00000042 6B               [ 4]  113 	ld	l, e
    00000043 77               [ 8]  114 	ld	(hl), a
                                    115 ;C:/Users/franc/Documents/Projets/Perso/GameBoyProjects/CrossZGB/common/src/duck/Fade.c:23: for(j = 0; j != 8; j += 2, ++c) {
    00000044 F8 03            [12]  116 	ldhl	sp,	#3
    00000046 7E               [ 8]  117 	ld	a, (hl)
    00000047 C6 02            [ 8]  118 	add	a, #0x02
    00000049 77               [ 8]  119 	ld	(hl), a
    0000004A F8 08            [12]  120 	ldhl	sp,	#8
    0000004C 34               [12]  121 	inc	(hl)
    0000004D 20 02            [12]  122 	jr	NZ, 00220$
    0000004F 23               [ 8]  123 	inc	hl
    00000050 34               [12]  124 	inc	(hl)
    00000051                        125 00220$:
    00000051 F8 03            [12]  126 	ldhl	sp,	#3
    00000053 7E               [ 8]  127 	ld	a, (hl)
    00000054 D6 08            [ 8]  128 	sub	a, #0x08
    00000056 20 CA            [12]  129 	jr	NZ, 00110$
                                    130 ;C:/Users/franc/Documents/Projets/Perso/GameBoyProjects/CrossZGB/common/src/duck/Fade.c:21: for(i = 0; i != 3; ++i) {
    00000058 F8 06            [12]  131 	ldhl	sp,	#6
    0000005A 34               [12]  132 	inc	(hl)
    0000005B 7E               [ 8]  133 	ld	a, (hl)
    0000005C D6 03            [ 8]  134 	sub	a, #0x03
    0000005E 20 AE            [12]  135 	jr	NZ, 00112$
                                    136 ;C:/Users/franc/Documents/Projets/Perso/GameBoyProjects/CrossZGB/common/src/duck/Fade.c:28: for(i = 0; i != 4; ++i) {
    00000060 F8 08            [12]  137 	ldhl	sp,	#8
    00000062 36 00            [12]  138 	ld	(hl), #0x00
    00000064                        139 00116$:
                                    140 ;C:/Users/franc/Documents/Projets/Perso/GameBoyProjects/CrossZGB/common/src/duck/Fade.c:29: p = fadeout ? 3 - i : i;
    00000064 F8 07            [12]  141 	ldhl	sp,	#7
    00000066 7E               [ 8]  142 	ld	a, (hl)
    00000067 B7               [ 4]  143 	or	a, a
    00000068 28 06            [12]  144 	jr	Z, 00120$
    0000006A 23               [ 8]  145 	inc	hl
    0000006B 3E 03            [ 8]  146 	ld	a, #0x03
    0000006D 96               [ 8]  147 	sub	a, (hl)
    0000006E 18 03            [12]  148 	jr	00121$
    00000070                        149 00120$:
    00000070 F8 08            [12]  150 	ldhl	sp,	#8
    00000072 7E               [ 8]  151 	ld	a, (hl)
    00000073                        152 00121$:
    00000073 F8 00            [12]  153 	ldhl	sp,	#0
    00000075 77               [ 8]  154 	ld	(hl), a
                                    155 ;C:/Users/franc/Documents/Projets/Perso/GameBoyProjects/CrossZGB/common/src/duck/Fade.c:30: for(j = 0; j != 3; ++j) {
    00000076 F8 09            [12]  156 	ldhl	sp,	#9
    00000078 36 00            [12]  157 	ld	(hl), #0x00
    0000007A                        158 00114$:
                                    159 ;C:/Users/franc/Documents/Projets/Perso/GameBoyProjects/CrossZGB/common/src/duck/Fade.c:31: c = &colors[j << 2];
    0000007A F8 09            [12]  160 	ldhl	sp,	#9
    0000007C 7E               [ 8]  161 	ld	a, (hl)
    0000007D 87               [ 4]  162 	add	a, a
    0000007E 87               [ 4]  163 	add	a, a
    0000007F 5F               [ 4]  164 	ld	e, a
    00000080 16 00            [ 8]  165 	ld	d, #0x00
    00000082 21r00r00         [12]  166 	ld	hl, #_FadeDMG_colors_10000_276
    00000085 19               [ 8]  167 	add	hl, de
    00000086 E5               [16]  168 	push	hl
    00000087 7D               [ 4]  169 	ld	a, l
    00000088 F8 07            [12]  170 	ldhl	sp,	#7
    0000008A 77               [ 8]  171 	ld	(hl), a
    0000008B E1               [12]  172 	pop	hl
    0000008C 7C               [ 4]  173 	ld	a, h
    0000008D F8 06            [12]  174 	ldhl	sp,	#6
    0000008F 32               [ 8]  175 	ld	(hl-), a
    00000090 7E               [ 8]  176 	ld	a, (hl)
    00000091 F8 01            [12]  177 	ldhl	sp,	#1
    00000093 77               [ 8]  178 	ld	(hl), a
    00000094 F8 06            [12]  179 	ldhl	sp,	#6
    00000096 7E               [ 8]  180 	ld	a, (hl)
    00000097 F8 02            [12]  181 	ldhl	sp,	#2
    00000099 77               [ 8]  182 	ld	(hl), a
                                    183 ;C:/Users/franc/Documents/Projets/Perso/GameBoyProjects/CrossZGB/common/src/duck/Fade.c:32: *pals[j] = DMG_PALETTE(FadeInOp(c[0], p), FadeInOp(c[1], p), FadeInOp(c[2], p), FadeInOp(c[3], p));
    0000009A F8 09            [12]  184 	ldhl	sp,	#9
    0000009C 7E               [ 8]  185 	ld	a, (hl)
    0000009D F8 05            [12]  186 	ldhl	sp,	#5
    0000009F 22               [ 8]  187 	ld	(hl+), a
    000000A0 AF               [ 4]  188 	xor	a, a
    000000A1 32               [ 8]  189 	ld	(hl-), a
    000000A2 3A               [ 8]  190 	ld	a, (hl-)
    000000A3 2B               [ 8]  191 	dec	hl
    000000A4 22               [ 8]  192 	ld	(hl+), a
    000000A5 AF               [ 4]  193 	xor	a, a
    000000A6 32               [ 8]  194 	ld	(hl-), a
    000000A7 CB 26            [16]  195 	sla	(hl)
    000000A9 23               [ 8]  196 	inc	hl
    000000AA CB 16            [16]  197 	rl	(hl)
    000000AC 2B               [ 8]  198 	dec	hl
    000000AD 2A               [ 8]  199 	ld	a, (hl+)
    000000AE 5F               [ 4]  200 	ld	e, a
    000000AF 56               [ 8]  201 	ld	d, (hl)
    000000B0 21r70r01         [12]  202 	ld	hl, #_pals
    000000B3 19               [ 8]  203 	add	hl, de
    000000B4 E5               [16]  204 	push	hl
    000000B5 7D               [ 4]  205 	ld	a, l
    000000B6 F8 07            [12]  206 	ldhl	sp,	#7
    000000B8 77               [ 8]  207 	ld	(hl), a
    000000B9 E1               [12]  208 	pop	hl
    000000BA 7C               [ 4]  209 	ld	a, h
    000000BB F8 06            [12]  210 	ldhl	sp,	#6
    000000BD 32               [ 8]  211 	ld	(hl-), a
    000000BE 2A               [ 8]  212 	ld	a, (hl+)
    000000BF 5F               [ 4]  213 	ld	e, a
    000000C0 56               [ 8]  214 	ld	d, (hl)
    000000C1 1A               [ 8]  215 	ld	a, (de)
    000000C2 F8 03            [12]  216 	ldhl	sp,	#3
    000000C4 22               [ 8]  217 	ld	(hl+), a
    000000C5 13               [ 8]  218 	inc	de
    000000C6 1A               [ 8]  219 	ld	a, (de)
    000000C7 77               [ 8]  220 	ld	(hl), a
    000000C8 F8 01            [12]  221 	ldhl	sp,	#1
    000000CA 2A               [ 8]  222 	ld	a, (hl+)
    000000CB 4F               [ 4]  223 	ld	c, a
    000000CC 46               [ 8]  224 	ld	b, (hl)
    000000CD 03               [ 8]  225 	inc	bc
    000000CE 03               [ 8]  226 	inc	bc
    000000CF 03               [ 8]  227 	inc	bc
    000000D0 0A               [ 8]  228 	ld	a, (bc)
    000000D1 F8 06            [12]  229 	ldhl	sp,	#6
                                    230 ;C:/Users/franc/Documents/Projets/Perso/GameBoyProjects/CrossZGB/common/src/duck/Fade.c:9: return (c < i) ? 0: (c - i);
    000000D3 77               [ 8]  231 	ld	(hl), a
    000000D4 F8 00            [12]  232 	ldhl	sp,	#0
    000000D6 96               [ 8]  233 	sub	a, (hl)
    000000D7 30 04            [12]  234 	jr	NC, 00122$
    000000D9 16 00            [ 8]  235 	ld	d, #0x00
    000000DB 18 0A            [12]  236 	jr	00123$
    000000DD                        237 00122$:
    000000DD F8 06            [12]  238 	ldhl	sp,	#6
    000000DF 7E               [ 8]  239 	ld	a, (hl)
    000000E0 F8 00            [12]  240 	ldhl	sp,	#0
    000000E2 96               [ 8]  241 	sub	a, (hl)
    000000E3 F8 06            [12]  242 	ldhl	sp,	#6
    000000E5 77               [ 8]  243 	ld	(hl), a
    000000E6 56               [ 8]  244 	ld	d, (hl)
    000000E7                        245 00123$:
    000000E7 7A               [ 4]  246 	ld	a, d
                                    247 ;C:/Users/franc/Documents/Projets/Perso/GameBoyProjects/CrossZGB/common/src/duck/Fade.c:32: *pals[j] = DMG_PALETTE(FadeInOp(c[0], p), FadeInOp(c[1], p), FadeInOp(c[2], p), FadeInOp(c[3], p));
    000000E8 E6 03            [ 8]  248 	and	a, #0x03
    000000EA 0F               [ 4]  249 	rrca
    000000EB 0F               [ 4]  250 	rrca
    000000EC E6 C0            [ 8]  251 	and	a, #0xc0
    000000EE F8 05            [12]  252 	ldhl	sp,	#5
    000000F0 77               [ 8]  253 	ld	(hl), a
    000000F1 F8 01            [12]  254 	ldhl	sp,	#1
    000000F3 2A               [ 8]  255 	ld	a, (hl+)
    000000F4 4F               [ 4]  256 	ld	c, a
    000000F5 46               [ 8]  257 	ld	b, (hl)
    000000F6 03               [ 8]  258 	inc	bc
    000000F7 03               [ 8]  259 	inc	bc
    000000F8 0A               [ 8]  260 	ld	a, (bc)
    000000F9 F8 06            [12]  261 	ldhl	sp,	#6
                                    262 ;C:/Users/franc/Documents/Projets/Perso/GameBoyProjects/CrossZGB/common/src/duck/Fade.c:9: return (c < i) ? 0: (c - i);
    000000FB 77               [ 8]  263 	ld	(hl), a
    000000FC F8 00            [12]  264 	ldhl	sp,	#0
    000000FE 96               [ 8]  265 	sub	a, (hl)
    000000FF 30 03            [12]  266 	jr	NC, 00124$
    00000101 AF               [ 4]  267 	xor	a, a
    00000102 18 06            [12]  268 	jr	00125$
    00000104                        269 00124$:
    00000104 F8 06            [12]  270 	ldhl	sp,	#6
    00000106 7E               [ 8]  271 	ld	a, (hl)
    00000107 F8 00            [12]  272 	ldhl	sp,	#0
    00000109 96               [ 8]  273 	sub	a, (hl)
    0000010A                        274 00125$:
                                    275 ;C:/Users/franc/Documents/Projets/Perso/GameBoyProjects/CrossZGB/common/src/duck/Fade.c:32: *pals[j] = DMG_PALETTE(FadeInOp(c[0], p), FadeInOp(c[1], p), FadeInOp(c[2], p), FadeInOp(c[3], p));
    0000010A CB 37            [ 8]  276 	swap a
    0000010C E6 30            [ 8]  277 	and	a, #0x30
    0000010E 47               [ 4]  278 	ld	b, a
    0000010F F8 05            [12]  279 	ldhl	sp,	#5
    00000111 7E               [ 8]  280 	ld	a, (hl)
    00000112 B0               [ 4]  281 	or	a, b
    00000113 4F               [ 4]  282 	ld	c, a
    00000114 F8 01            [12]  283 	ldhl	sp,	#1
    00000116 2A               [ 8]  284 	ld	a, (hl+)
    00000117 66               [ 8]  285 	ld	h, (hl)
    00000118 6F               [ 4]  286 	ld	l, a
    00000119 23               [ 8]  287 	inc	hl
    0000011A 46               [ 8]  288 	ld	b, (hl)
                                    289 ;C:/Users/franc/Documents/Projets/Perso/GameBoyProjects/CrossZGB/common/src/duck/Fade.c:9: return (c < i) ? 0: (c - i);
    0000011B 78               [ 4]  290 	ld	a, b
    0000011C F8 00            [12]  291 	ldhl	sp,	#0
    0000011E 96               [ 8]  292 	sub	a, (hl)
    0000011F 30 03            [12]  293 	jr	NC, 00126$
    00000121 AF               [ 4]  294 	xor	a, a
    00000122 18 04            [12]  295 	jr	00127$
    00000124                        296 00126$:
    00000124 78               [ 4]  297 	ld	a, b
    00000125 F8 00            [12]  298 	ldhl	sp,	#0
    00000127 96               [ 8]  299 	sub	a, (hl)
    00000128                        300 00127$:
                                    301 ;C:/Users/franc/Documents/Projets/Perso/GameBoyProjects/CrossZGB/common/src/duck/Fade.c:32: *pals[j] = DMG_PALETTE(FadeInOp(c[0], p), FadeInOp(c[1], p), FadeInOp(c[2], p), FadeInOp(c[3], p));
    00000128 E6 03            [ 8]  302 	and	a, #0x03
    0000012A 87               [ 4]  303 	add	a, a
    0000012B 87               [ 4]  304 	add	a, a
    0000012C B1               [ 4]  305 	or	a, c
    0000012D 4F               [ 4]  306 	ld	c, a
    0000012E F8 01            [12]  307 	ldhl	sp,#1
    00000130 2A               [ 8]  308 	ld	a, (hl+)
    00000131 5F               [ 4]  309 	ld	e, a
    00000132 56               [ 8]  310 	ld	d, (hl)
    00000133 1A               [ 8]  311 	ld	a, (de)
    00000134 F8 06            [12]  312 	ldhl	sp,	#6
                                    313 ;C:/Users/franc/Documents/Projets/Perso/GameBoyProjects/CrossZGB/common/src/duck/Fade.c:9: return (c < i) ? 0: (c - i);
    00000136 77               [ 8]  314 	ld	(hl), a
    00000137 F8 00            [12]  315 	ldhl	sp,	#0
    00000139 96               [ 8]  316 	sub	a, (hl)
    0000013A 30 04            [12]  317 	jr	NC, 00128$
    0000013C 16 00            [ 8]  318 	ld	d, #0x00
    0000013E 18 07            [12]  319 	jr	00129$
    00000140                        320 00128$:
    00000140 F8 06            [12]  321 	ldhl	sp,	#6
    00000142 7E               [ 8]  322 	ld	a, (hl)
    00000143 F8 00            [12]  323 	ldhl	sp,	#0
    00000145 96               [ 8]  324 	sub	a, (hl)
    00000146 57               [ 4]  325 	ld	d, a
    00000147                        326 00129$:
    00000147 7A               [ 4]  327 	ld	a, d
                                    328 ;C:/Users/franc/Documents/Projets/Perso/GameBoyProjects/CrossZGB/common/src/duck/Fade.c:32: *pals[j] = DMG_PALETTE(FadeInOp(c[0], p), FadeInOp(c[1], p), FadeInOp(c[2], p), FadeInOp(c[3], p));
    00000148 E6 03            [ 8]  329 	and	a, #0x03
    0000014A B1               [ 4]  330 	or	a, c
    0000014B F8 03            [12]  331 	ldhl	sp,	#3
    0000014D 5E               [ 8]  332 	ld	e, (hl)
    0000014E 23               [ 8]  333 	inc	hl
    0000014F 66               [ 8]  334 	ld	h, (hl)
    00000150 6B               [ 4]  335 	ld	l, e
    00000151 77               [ 8]  336 	ld	(hl), a
                                    337 ;C:/Users/franc/Documents/Projets/Perso/GameBoyProjects/CrossZGB/common/src/duck/Fade.c:30: for(j = 0; j != 3; ++j) {
    00000152 F8 09            [12]  338 	ldhl	sp,	#9
    00000154 34               [12]  339 	inc	(hl)
    00000155 7E               [ 8]  340 	ld	a, (hl)
    00000156 D6 03            [ 8]  341 	sub	a, #0x03
    00000158 C2r7Ar00         [16]  342 	jp	NZ, 00114$
                                    343 ;C:/Users/franc/Documents/Projets/Perso/GameBoyProjects/CrossZGB/common/src/duck/Fade.c:34: SyncVBlank();
    0000015B CDr00r00         [24]  344 	call	_SyncVBlank
                                    345 ;C:/Users/franc/Documents/Projets/Perso/GameBoyProjects/CrossZGB/common/src/duck/Fade.c:35: SyncVBlank();
    0000015E CDr00r00         [24]  346 	call	_SyncVBlank
                                    347 ;C:/Users/franc/Documents/Projets/Perso/GameBoyProjects/CrossZGB/common/src/duck/Fade.c:36: SyncVBlank();
    00000161 CDr00r00         [24]  348 	call	_SyncVBlank
                                    349 ;C:/Users/franc/Documents/Projets/Perso/GameBoyProjects/CrossZGB/common/src/duck/Fade.c:28: for(i = 0; i != 4; ++i) {
    00000164 F8 08            [12]  350 	ldhl	sp,	#8
    00000166 34               [12]  351 	inc	(hl)
    00000167 7E               [ 8]  352 	ld	a, (hl)
    00000168 D6 04            [ 8]  353 	sub	a, #0x04
    0000016A C2r64r00         [16]  354 	jp	NZ, 00116$
                                    355 ;C:/Users/franc/Documents/Projets/Perso/GameBoyProjects/CrossZGB/common/src/duck/Fade.c:38: }
    0000016D E8 0A            [16]  356 	add	sp, #10
    0000016F C9               [16]  357 	ret
    00000170                        358 _pals:
    00000170r00r00                  359 	.dw _BGP_REG
    00000172r00r00                  360 	.dw _OBP0_REG
    00000174r00r00                  361 	.dw _OBP1_REG
                                    362 ;C:/Users/franc/Documents/Projets/Perso/GameBoyProjects/CrossZGB/common/src/duck/Fade.c:40: void FadeIn(void) BANKED {
                                    363 ;	---------------------------------
                                    364 ; Function FadeIn
                                    365 ; ---------------------------------
                         00000001   366 	b_FadeIn	= 1
    00000176                        367 _FadeIn::
                                    368 ;C:/Users/franc/Documents/Projets/Perso/GameBoyProjects/CrossZGB/common/src/duck/Fade.c:41: FadeDMG(0);
    00000176 AF               [ 4]  369 	xor	a, a
    00000177 CDr00r00         [24]  370 	call	_FadeDMG
                                    371 ;C:/Users/franc/Documents/Projets/Perso/GameBoyProjects/CrossZGB/common/src/duck/Fade.c:42: DISPLAY_OFF;
                                    372 ;C:/Users/franc/Documents/Projets/Perso/GameBoyProjects/CrossZGB/common/src/duck/Fade.c:43: }
    0000017A C3r00r00         [16]  373 	jp	_display_off
                                    374 ;C:/Users/franc/Documents/Projets/Perso/GameBoyProjects/CrossZGB/common/src/duck/Fade.c:45: void FadeOut(void) BANKED {
                                    375 ;	---------------------------------
                                    376 ; Function FadeOut
                                    377 ; ---------------------------------
                         00000001   378 	b_FadeOut	= 1
    0000017D                        379 _FadeOut::
                                    380 ;C:/Users/franc/Documents/Projets/Perso/GameBoyProjects/CrossZGB/common/src/duck/Fade.c:46: DISPLAY_ON;
    0000017D F0r00            [12]  381 	ldh	a, (_LCDC_REG + 0)
    0000017F F6 80            [ 8]  382 	or	a, #0x80
    00000181 E0r00            [12]  383 	ldh	(_LCDC_REG + 0), a
                                    384 ;C:/Users/franc/Documents/Projets/Perso/GameBoyProjects/CrossZGB/common/src/duck/Fade.c:47: FadeDMG(1);
    00000183 3E 01            [ 8]  385 	ld	a, #0x01
                                    386 ;C:/Users/franc/Documents/Projets/Perso/GameBoyProjects/CrossZGB/common/src/duck/Fade.c:48: }
    00000185 C3r00r00         [16]  387 	jp	_FadeDMG
                                    388 	.area _CODE_1
                                    389 	.area _INITIALIZER
                                    390 	.area _CABS (ABS)
