                                      1 ;--------------------------------------------------------
                                      2 ; File Created by SDCC : free open source ISO C Compiler
                                      3 ; Version 4.5.1 #15267 (MINGW64)
                                      4 ;--------------------------------------------------------
                                      5 	.module main
                                      6 	
                                      7 ;--------------------------------------------------------
                                      8 ; Public variables in this module
                                      9 ;--------------------------------------------------------
                                     10 	.globl _main
                                     11 	.globl b_InitSprites
                                     12 	.globl _InitSprites
                                     13 	.globl b_InitStates
                                     14 	.globl _InitStates
                                     15 	.globl _InitWindow
                                     16 	.globl _VBL_isr
                                     17 	.globl b_FadeOut
                                     18 	.globl _FadeOut
                                     19 	.globl b_FadeIn
                                     20 	.globl _FadeIn
                                     21 	.globl _MUSIC_isr
                                     22 	.globl _SyncVBlank
                                     23 	.globl _SetWindowPos
                                     24 	.globl _SpriteManagerUpdate
                                     25 	.globl _SpriteManagerReset
                                     26 	.globl _InitOAMs
                                     27 	.globl _sgb_check
                                     28 	.globl _display_off
                                     29 	.globl _vsync
                                     30 	.globl _set_interrupts
                                     31 	.globl _joypad_ex
                                     32 	.globl _joypad_init
                                     33 	.globl _add_low_priority_TIM
                                     34 	.globl _add_VBL
                                     35 	.globl _vbl_count
                                     36 	.globl _fade_mode
                                     37 	.globl _state_running
                                     38 	.globl __is_SGB
                                     39 	.globl _current_state
                                     40 	.globl _delta_time
                                     41 	.globl _SetState
                                     42 ;--------------------------------------------------------
                                     43 ; special function registers
                                     44 ;--------------------------------------------------------
                                     45 	.area _HRAM
                                     46 ;--------------------------------------------------------
                                     47 ; ram data
                                     48 ;--------------------------------------------------------
                                     49 	.area _DATA
    00000000                         50 _delta_time::
    00000000                         51 	.ds 1
    00000001                         52 _current_state::
    00000001                         53 	.ds 1
                                     54 ;--------------------------------------------------------
                                     55 ; ram data
                                     56 ;--------------------------------------------------------
                                     57 	.area _INITIALIZED
    00000000                         58 __is_SGB::
    00000000                         59 	.ds 1
    00000001                         60 _state_running::
    00000001                         61 	.ds 1
    00000002                         62 _fade_mode::
    00000002                         63 	.ds 1
    00000003                         64 _vbl_count::
    00000003                         65 	.ds 1
                                     66 ;--------------------------------------------------------
                                     67 ; absolute external ram data
                                     68 ;--------------------------------------------------------
                                     69 	.area _DABS (ABS)
                                     70 ;--------------------------------------------------------
                                     71 ; global & static initialisations
                                     72 ;--------------------------------------------------------
                                     73 	.area _HOME
                                     74 	.area _GSINIT
                                     75 	.area _GSFINAL
                                     76 	.area _GSINIT
                                     77 ;--------------------------------------------------------
                                     78 ; Home
                                     79 ;--------------------------------------------------------
                                     80 	.area _HOME
                                     81 	.area _HOME
                                     82 ;--------------------------------------------------------
                                     83 ; code
                                     84 ;--------------------------------------------------------
                                     85 	.area _CODE
                                     86 ;C:/Users/franc/Documents/Projets/Perso/GameBoyProjects/CrossZGB/common/src/main.c:21: static void __force_use_font(void) NAKED { __asm__(".globl _font_recode_table"); }
                                     87 ;	---------------------------------
                                     88 ; Function __force_use_font
                                     89 ; ---------------------------------
    00000000                         90 ___force_use_font:
                                     91 	.globl	_font_recode_table
                                     92 ;C:/Users/franc/Documents/Projets/Perso/GameBoyProjects/CrossZGB/common/src/main.c:33: void SetState(UINT8 state) {
                                     93 ;	---------------------------------
                                     94 ; Function SetState
                                     95 ; ---------------------------------
    00000000                         96 _SetState::
    00000000 EAr00r00         [16]   97 	ld	(#_next_state),a
                                     98 ;C:/Users/franc/Documents/Projets/Perso/GameBoyProjects/CrossZGB/common/src/main.c:34: state_running = FALSE;
    00000003 AF               [ 4]   99 	xor	a, a
    00000004 EAr01r00         [16]  100 	ld	(#_state_running),a
                                    101 ;C:/Users/franc/Documents/Projets/Perso/GameBoyProjects/CrossZGB/common/src/main.c:35: next_state = state;
                                    102 ;C:/Users/franc/Documents/Projets/Perso/GameBoyProjects/CrossZGB/common/src/main.c:36: }
    00000007 C9               [16]  103 	ret
                                    104 ;C:/Users/franc/Documents/Projets/Perso/GameBoyProjects/CrossZGB/common/src/main.c:46: void main(void) {
                                    105 ;	---------------------------------
                                    106 ; Function main
                                    107 ; ---------------------------------
    00000008                        108 _main::
    00000008 3B               [ 8]  109 	dec	sp
    00000009 3B               [ 8]  110 	dec	sp
                                    111 ;C:/Users/franc/Documents/Projets/Perso/GameBoyProjects/CrossZGB/common/src/main.c:49: for (UINT8 i = 4; i != 0; i--) vsync();
    0000000A 0E 04            [ 8]  112 	ld	c, #0x04
    0000000C                        113 00126$:
    0000000C 79               [ 4]  114 	ld	a, c
    0000000D B7               [ 4]  115 	or	a, a
    0000000E 28 06            [12]  116 	jr	Z, 00101$
    00000010 CDr00r00         [24]  117 	call	_vsync
    00000013 0D               [ 4]  118 	dec	c
    00000014 18 F6            [12]  119 	jr	00126$
    00000016                        120 00101$:
                                    121 ;C:/Users/franc/Documents/Projets/Perso/GameBoyProjects/CrossZGB/common/src/main.c:51: _is_SGB = sgb_check();
    00000016 CDr00r00         [24]  122 	call	_sgb_check
    00000019 21r00r00         [12]  123 	ld	hl, #__is_SGB
    0000001C 73               [ 8]  124 	ld	(hl), e
                                    125 ;C:/Users/franc/Documents/Projets/Perso/GameBoyProjects/CrossZGB/common/include/Keys.h:12: joypad_init(4, &joypads);
    0000001D 11r00r00         [12]  126 	ld	de, #_joypads
    00000020 D5               [16]  127 	push	de
    00000021 3E 04            [ 8]  128 	ld	a, #0x04
    00000023 F5               [16]  129 	push	af
    00000024 33               [ 8]  130 	inc	sp
    00000025 CDr00r00         [24]  131 	call	_joypad_init
    00000028 E8 03            [16]  132 	add	sp, #3
                                    133 ;C:/Users/franc/Documents/Projets/Perso/GameBoyProjects/CrossZGB/common/src/main.c:63: InitOAMs();
    0000002A CDr00r00         [24]  134 	call	_InitOAMs
                                    135 ;C:/Users/franc/Documents/Projets/Perso/GameBoyProjects/CrossZGB/common/include/Sound.h:35: NR52_REG = SFX_CH_ENABLE, NR51_REG = 0xFF, NR50_REG = 0x77;  // enable sound
    0000002D 3E 80            [ 8]  136 	ld	a, #0x80
    0000002F E0r00            [12]  137 	ldh	(_NR52_REG + 0), a
    00000031 3E FF            [ 8]  138 	ld	a, #0xff
    00000033 E0r00            [12]  139 	ldh	(_NR51_REG + 0), a
    00000035 3E 77            [ 8]  140 	ld	a, #0x77
    00000037 E0r00            [12]  141 	ldh	(_NR50_REG + 0), a
                                    142 ;C:/Users/franc/Documents/Projets/Perso/GameBoyProjects/CrossZGB/common/include/Sound.h:75: NR12_REG = NR22_REG = NR32_REG = NR42_REG = 0;
    00000039 AF               [ 4]  143 	xor	a, a
    0000003A E0r00            [12]  144 	ldh	(_NR42_REG + 0), a
    0000003C AF               [ 4]  145 	xor	a, a
    0000003D E0r00            [12]  146 	ldh	(_NR32_REG + 0), a
    0000003F AF               [ 4]  147 	xor	a, a
    00000040 E0r00            [12]  148 	ldh	(_NR22_REG + 0), a
    00000042 AF               [ 4]  149 	xor	a, a
    00000043 E0r00            [12]  150 	ldh	(_NR12_REG + 0), a
                                    151 ;C:/Users/franc/Documents/Projets/Perso/GameBoyProjects/CrossZGB/common/include/Sound.h:76: NR14_REG = NR24_REG = NR44_REG = SFX_CH_RETRIGGER;
    00000045 3E C0            [ 8]  152 	ld	a, #0xc0
    00000047 E0r00            [12]  153 	ldh	(_NR44_REG + 0), a
    00000049 3E C0            [ 8]  154 	ld	a, #0xc0
    0000004B E0r00            [12]  155 	ldh	(_NR24_REG + 0), a
    0000004D 3E C0            [ 8]  156 	ld	a, #0xc0
    0000004F E0r00            [12]  157 	ldh	(_NR14_REG + 0), a
                                    158 ;C:/Users/franc/Documents/Projets/Perso/GameBoyProjects/CrossZGB/common/include/Sound.h:77: NR51_REG = 0xFF;
    00000051 3E FF            [ 8]  159 	ld	a, #0xff
    00000053 E0r00            [12]  160 	ldh	(_NR51_REG + 0), a
                                    161 ;C:/Users/franc/Documents/Projets/Perso/GameBoyProjects/CrossZGB/common/include/Music.h:87: }
    00000055 F3               [ 4]  162 	di
                                    163 ;C:/Users/franc/Documents/Projets/Perso/GameBoyProjects/CrossZGB/common/include/Music.h:79: TMA_REG = 0xBCu;
    00000056 3E BC            [ 8]  164 	ld	a, #0xbc
    00000058 E0r00            [12]  165 	ldh	(_TMA_REG + 0), a
                                    166 ;C:/Users/franc/Documents/Projets/Perso/GameBoyProjects/CrossZGB/common/include/Music.h:81: TAC_REG = 0x04u;
    0000005A 3E 04            [ 8]  167 	ld	a, #0x04
    0000005C E0r00            [12]  168 	ldh	(_TAC_REG + 0), a
                                    169 ;C:/Users/franc/Documents/Projets/Perso/GameBoyProjects/CrossZGB/common/include/Music.h:82: add_low_priority_TIM(MUSIC_isr);
    0000005E 11r00r00         [12]  170 	ld	de, #_MUSIC_isr
    00000061 CDr00r00         [24]  171 	call	_add_low_priority_TIM
    00000064 FB               [ 4]  172 	ei
                                    173 ;C:/Users/franc/Documents/Projets/Perso/GameBoyProjects/CrossZGB/common/include/Music.h:89: set_interrupts(IE_REG | TIM_IFLAG);
    00000065 F0r00            [12]  174 	ldh	a, (_IE_REG + 0)
    00000067 CB D7            [ 8]  175 	set	2, a
    00000069 CDr00r00         [24]  176 	call	_set_interrupts
                                    177 ;C:/Users/franc/Documents/Projets/Perso/GameBoyProjects/CrossZGB/common/src/main.c:67: InitStates();
    0000006C 1Er00            [ 8]  178 	ld	e, #b_InitStates
    0000006E 21r00r00         [12]  179 	ld	hl, #_InitStates
    00000071 CDr00r00         [24]  180 	call	___sdcc_bcall_ehl
                                    181 ;C:/Users/franc/Documents/Projets/Perso/GameBoyProjects/CrossZGB/common/src/main.c:68: InitSprites();
    00000074 1Er00            [ 8]  182 	ld	e, #b_InitSprites
    00000076 21r00r00         [12]  183 	ld	hl, #_InitSprites
    00000079 CDr00r00         [24]  184 	call	___sdcc_bcall_ehl
                                    185 ;C:/Users/franc/Documents/Projets/Perso/GameBoyProjects/CrossZGB/common/src/main.c:73: }
    0000007C F3               [ 4]  186 	di
                                    187 ;C:/Users/franc/Documents/Projets/Perso/GameBoyProjects/CrossZGB/common/src/main.c:72: add_VBL(VBL_isr);
    0000007D 11r00r00         [12]  188 	ld	de, #_VBL_isr
    00000080 CDr00r00         [24]  189 	call	_add_VBL
    00000083 FB               [ 4]  190 	ei
                                    191 ;C:/Users/franc/Documents/Projets/Perso/GameBoyProjects/CrossZGB/common/src/main.c:75: InitWindow();
    00000084 CDr00r00         [24]  192 	call	_InitWindow
                                    193 ;C:/Users/franc/Documents/Projets/Perso/GameBoyProjects/CrossZGB/common/src/main.c:80: SPRITES_8x16;
    00000087 F0r00            [12]  194 	ldh	a, (_LCDC_REG + 0)
    00000089 F6 02            [ 8]  195 	or	a, #0x02
    0000008B E0r00            [12]  196 	ldh	(_LCDC_REG + 0), a
                                    197 ;C:/Users/franc/Documents/Projets/Perso/GameBoyProjects/CrossZGB/common/src/main.c:82: SHOW_SPRITES; SHOW_BKG;
    0000008D F0r00            [12]  198 	ldh	a, (_LCDC_REG + 0)
    0000008F F6 01            [ 8]  199 	or	a, #0x01
    00000091 E0r00            [12]  200 	ldh	(_LCDC_REG + 0), a
    00000093 F0r00            [12]  201 	ldh	a, (_LCDC_REG + 0)
    00000095 F6 40            [ 8]  202 	or	a, #0x40
    00000097 E0r00            [12]  203 	ldh	(_LCDC_REG + 0), a
                                    204 ;C:/Users/franc/Documents/Projets/Perso/GameBoyProjects/CrossZGB/common/src/main.c:84: WY_REG = (UINT8)(DEVICE_WINDOW_PX_OFFSET_Y + DEVICE_SCREEN_PX_HEIGHT);
    00000099 3E 90            [ 8]  205 	ld	a, #0x90
    0000009B E0r00            [12]  206 	ldh	(_WY_REG + 0), a
                                    207 ;C:/Users/franc/Documents/Projets/Perso/GameBoyProjects/CrossZGB/common/src/main.c:93: DISPLAY_OFF;
    0000009D CDr00r00         [24]  208 	call	_display_off
                                    209 ;C:/Users/franc/Documents/Projets/Perso/GameBoyProjects/CrossZGB/common/src/main.c:94: while(TRUE) {
    000000A0                        210 00118$:
                                    211 ;C:/Users/franc/Documents/Projets/Perso/GameBoyProjects/CrossZGB/common/src/main.c:96: if (fade_mode != FADE_MANUAL) {
    000000A0 FAr02r00         [16]  212 	ld	a, (#_fade_mode)
    000000A3 D6 02            [ 8]  213 	sub	a, #0x02
    000000A5 28 0C            [12]  214 	jr	Z, 00103$
                                    215 ;C:/Users/franc/Documents/Projets/Perso/GameBoyProjects/CrossZGB/common/src/main.c:97: BGP_REG = OBP0_REG = DMG_PALETTE(DMG_WHITE, DMG_LITE_GRAY, DMG_DARK_GRAY, DMG_BLACK);
    000000A7 3E E4            [ 8]  216 	ld	a, #0xe4
    000000A9 E0r00            [12]  217 	ldh	(_OBP0_REG + 0), a
    000000AB 3E E4            [ 8]  218 	ld	a, #0xe4
    000000AD E0r00            [12]  219 	ldh	(_BGP_REG + 0), a
                                    220 ;C:/Users/franc/Documents/Projets/Perso/GameBoyProjects/CrossZGB/common/src/main.c:98: OBP1_REG = DMG_PALETTE(DMG_WHITE, DMG_WHITE, DMG_DARK_GRAY, DMG_BLACK);
    000000AF 3E E0            [ 8]  221 	ld	a, #0xe0
    000000B1 E0r00            [12]  222 	ldh	(_OBP1_REG + 0), a
    000000B3                        223 00103$:
                                    224 ;C:/Users/franc/Documents/Projets/Perso/GameBoyProjects/CrossZGB/common/src/main.c:104: SpriteManagerReset();                           // reset sprite manager and remove all sprites
    000000B3 CDr00r00         [24]  225 	call	_SpriteManagerReset
                                    226 ;C:/Users/franc/Documents/Projets/Perso/GameBoyProjects/CrossZGB/common/src/main.c:105: scroll_target = NULL;                           // reset scroll target
    000000B6 AF               [ 4]  227 	xor	a, a
    000000B7 21r00r00         [12]  228 	ld	hl, #_scroll_target
    000000BA 22               [ 8]  229 	ld	(hl+), a
    000000BB 77               [ 8]  230 	ld	(hl), a
                                    231 ;C:/Users/franc/Documents/Projets/Perso/GameBoyProjects/CrossZGB/common/src/main.c:107: state_running = TRUE;
    000000BC 21r01r00         [12]  232 	ld	hl, #_state_running
    000000BF 36 01            [12]  233 	ld	(hl), #0x01
                                    234 ;C:/Users/franc/Documents/Projets/Perso/GameBoyProjects/CrossZGB/common/src/main.c:108: current_state = next_state;                     // switch to the next scene
    000000C1 FAr00r00         [16]  235 	ld	a, (#_next_state)
    000000C4 EAr01r00         [16]  236 	ld	(#_current_state),a
                                    237 ;C:/Users/franc/Documents/Projets/Perso/GameBoyProjects/CrossZGB/common/src/main.c:110: last_tile_loaded = 0;                           // reset tile allocator
                                    238 ;C:/Users/franc/Documents/Projets/Perso/GameBoyProjects/CrossZGB/common/src/main.c:114: scroll_x_vblank = scroll_offset_x = 0;          // reset the scroll position;
    000000C7 AF               [ 4]  239 	xor	a, a
    000000C8 EAr00r00         [16]  240 	ld	(#_last_tile_loaded), a
    000000CB EAr00r00         [16]  241 	ld	(#_scroll_offset_x),a
    000000CE AF               [ 4]  242 	xor	a, a
    000000CF 21r00r00         [12]  243 	ld	hl, #_scroll_x_vblank
    000000D2 22               [ 8]  244 	ld	(hl+), a
    000000D3 77               [ 8]  245 	ld	(hl), a
                                    246 ;C:/Users/franc/Documents/Projets/Perso/GameBoyProjects/CrossZGB/common/src/main.c:115: scroll_y_vblank = scroll_offset_y = 0;
    000000D4 AF               [ 4]  247 	xor	a, a
    000000D5 EAr00r00         [16]  248 	ld	(#_scroll_offset_y), a
    000000D8 21r00r00         [12]  249 	ld	hl, #_scroll_y_vblank
    000000DB 22               [ 8]  250 	ld	(hl+), a
    000000DC 77               [ 8]  251 	ld	(hl), a
                                    252 ;C:/Users/franc/Documents/Projets/Perso/GameBoyProjects/CrossZGB/common/src/main.c:117: HIDE_HUD;                                       // force hiding HUD
    000000DD AF               [ 4]  253 	xor	a, a
    000000DE F5               [16]  254 	push	af
    000000DF 33               [ 8]  255 	inc	sp
    000000E0 1E 00            [ 8]  256 	ld	e, #0x00
    000000E2 3E 07            [ 8]  257 	ld	a, #0x07
    000000E4 CDr00r00         [24]  258 	call	_SetWindowPos
                                    259 ;C:/Users/franc/Documents/Projets/Perso/GameBoyProjects/CrossZGB/common/src/main.c:119: SWITCH_ROM(stateBanks[current_state]);          // switch to the current state bank and stay
    000000E7 3Er00            [ 8]  260 	ld	a, #<(_stateBanks)
    000000E9 21r01r00         [12]  261 	ld	hl, #_current_state
    000000EC 86               [ 8]  262 	add	a, (hl)
    000000ED 4F               [ 4]  263 	ld	c, a
    000000EE 3Es00            [ 8]  264 	ld	a, #>(_stateBanks)
    000000F0 CE 00            [ 8]  265 	adc	a, #0x00
    000000F2 47               [ 4]  266 	ld	b, a
    000000F3 0A               [ 8]  267 	ld	a, (bc)
    000000F4 E0r00            [12]  268 	ldh	(__current_bank + 0), a
    000000F6 EAr00r00         [16]  269 	ld	(#_rROMB0),a
                                    270 ;C:/Users/franc/Documents/Projets/Perso/GameBoyProjects/CrossZGB/common/src/main.c:121: startFuncs[current_state]();                    // initialize current state
    000000F9 01r00r00         [12]  271 	ld	bc, #_startFuncs+0
    000000FC FAr01r00         [16]  272 	ld	a, (_current_state)
    000000FF 26 00            [ 8]  273 	ld	h, #0x00
    00000101 6F               [ 4]  274 	ld	l, a
    00000102 29               [ 8]  275 	add	hl, hl
    00000103 09               [ 8]  276 	add	hl, bc
    00000104 4E               [ 8]  277 	ld	c, (hl)
    00000105 23               [ 8]  278 	inc	hl
    00000106 46               [ 8]  279 	ld	b, (hl)
    00000107 69               [ 4]  280 	ld	l, c
    00000108 60               [ 4]  281 	ld	h, b
    00000109 CDr00r00         [24]  282 	call	___sdcc_call_hl
                                    283 ;C:/Users/franc/Documents/Projets/Perso/GameBoyProjects/CrossZGB/common/src/main.c:123: scroll_x_vblank = scroll_x, scroll_y_vblank = scroll_y;
    0000010C FAr00r00         [16]  284 	ld	a, (#_scroll_x)
    0000010F EAr00r00         [16]  285 	ld	(#_scroll_x_vblank),a
    00000112 FAr01r00         [16]  286 	ld	a, (#_scroll_x + 1)
    00000115 EAr01r00         [16]  287 	ld	(#_scroll_x_vblank + 1),a
    00000118 FAr00r00         [16]  288 	ld	a, (#_scroll_y)
    0000011B EAr00r00         [16]  289 	ld	(#_scroll_y_vblank),a
    0000011E FAr01r00         [16]  290 	ld	a, (#_scroll_y + 1)
    00000121 EAr01r00         [16]  291 	ld	(#_scroll_y_vblank + 1),a
                                    292 ;C:/Users/franc/Documents/Projets/Perso/GameBoyProjects/CrossZGB/common/src/main.c:125: if (VECTOR_LEN(sprite_manager_updatables)) {
    00000124 FAr00r00         [16]  293 	ld	a, (#_sprite_manager_updatables + 0)
    00000127 B7               [ 4]  294 	or	a, a
    00000128 28 06            [12]  295 	jr	Z, 00105$
                                    296 ;C:/Users/franc/Documents/Projets/Perso/GameBoyProjects/CrossZGB/common/src/main.c:126: SpriteManagerUpdate();                  // render sprites on screen if START() of the state spawns any
    0000012A CDr00r00         [24]  297 	call	_SpriteManagerUpdate
                                    298 ;C:/Users/franc/Documents/Projets/Perso/GameBoyProjects/CrossZGB/common/src/main.c:127: SyncVBlank();                           // wait until sprites are actually rendered to OAM
    0000012D CDr00r00         [24]  299 	call	_SyncVBlank
    00000130                        300 00105$:
                                    301 ;C:/Users/franc/Documents/Projets/Perso/GameBoyProjects/CrossZGB/common/src/main.c:130: if (state_running) {                            // initialization function may change state in START()
    00000130 FAr01r00         [16]  302 	ld	a, (#_state_running)
    00000133 B7               [ 4]  303 	or	a, a
    00000134 28 72            [12]  304 	jr	Z, 00116$
                                    305 ;C:/Users/franc/Documents/Projets/Perso/GameBoyProjects/CrossZGB/common/src/main.c:132: switch (fade_mode) {                    // show screen content
    00000136 FAr02r00         [16]  306 	ld	a, (#_fade_mode)
    00000139 3D               [ 4]  307 	dec	a
    0000013A 20 0A            [12]  308 	jr	NZ, 00107$
                                    309 ;C:/Users/franc/Documents/Projets/Perso/GameBoyProjects/CrossZGB/common/src/main.c:133: case FADE_ON : FadeOut(); break;
    0000013C 1Er00            [ 8]  310 	ld	e, #b_FadeOut
    0000013E 21r00r00         [12]  311 	ld	hl, #_FadeOut
    00000141 CDr00r00         [24]  312 	call	___sdcc_bcall_ehl
    00000144 18 06            [12]  313 	jr	00108$
                                    314 ;C:/Users/franc/Documents/Projets/Perso/GameBoyProjects/CrossZGB/common/src/main.c:134: default: DISPLAY_ON; break;
    00000146                        315 00107$:
    00000146 F0r00            [12]  316 	ldh	a, (_LCDC_REG + 0)
    00000148 F6 80            [ 8]  317 	or	a, #0x80
    0000014A E0r00            [12]  318 	ldh	(_LCDC_REG + 0), a
                                    319 ;C:/Users/franc/Documents/Projets/Perso/GameBoyProjects/CrossZGB/common/src/main.c:135: }
    0000014C                        320 00108$:
                                    321 ;C:/Users/franc/Documents/Projets/Perso/GameBoyProjects/CrossZGB/common/src/main.c:137: Void_Func_Void current_update = updateFuncs[current_state];
    0000014C 01r00r00         [12]  322 	ld	bc, #_updateFuncs+0
    0000014F FAr01r00         [16]  323 	ld	a, (_current_state)
    00000152 6F               [ 4]  324 	ld	l, a
    00000153 26 00            [ 8]  325 	ld	h, #0x00
    00000155 29               [ 8]  326 	add	hl, hl
    00000156 09               [ 8]  327 	add	hl, bc
    00000157 5D               [ 4]  328 	ld	e, l
    00000158 54               [ 4]  329 	ld	d, h
    00000159 1A               [ 8]  330 	ld	a, (de)
    0000015A F8 00            [12]  331 	ldhl	sp,	#0
    0000015C 22               [ 8]  332 	ld	(hl+), a
    0000015D 13               [ 8]  333 	inc	de
    0000015E 1A               [ 8]  334 	ld	a, (de)
    0000015F 77               [ 8]  335 	ld	(hl), a
                                    336 ;C:/Users/franc/Documents/Projets/Perso/GameBoyProjects/CrossZGB/common/src/main.c:139: while (state_running) {
    00000160                        337 00109$:
    00000160 FAr01r00         [16]  338 	ld	a, (#_state_running)
    00000163 B7               [ 4]  339 	or	a, a
    00000164 28 29            [12]  340 	jr	Z, 00111$
                                    341 ;C:/Users/franc/Documents/Projets/Perso/GameBoyProjects/CrossZGB/common/src/main.c:140: delta_time = SyncVBlank();      // wait VBlank if not slowdown
    00000166 CDr00r00         [24]  342 	call	_SyncVBlank
    00000169 EAr00r00         [16]  343 	ld	(#_delta_time),a
                                    344 ;C:/Users/franc/Documents/Projets/Perso/GameBoyProjects/CrossZGB/common/include/Keys.h:16: old_joypads.joy0 = joypads.joy0, old_joypads.joy1 = joypads.joy1, old_joypads.joy2 = joypads.joy2, old_joypads.joy3 = joypads.joy3;
    0000016C FAr01r00         [16]  345 	ld	a, (#(_joypads + 1) + 0)
    0000016F 21r01r00         [12]  346 	ld	hl, #(_old_joypads + 1)
    00000172 22               [ 8]  347 	ld	(hl+), a
    00000173 FAr02r00         [16]  348 	ld	a, (#(_joypads + 2) + 0)
    00000176 22               [ 8]  349 	ld	(hl+), a
    00000177 FAr03r00         [16]  350 	ld	a, (#(_joypads + 3) + 0)
    0000017A 22               [ 8]  351 	ld	(hl+), a
    0000017B FAr04r00         [16]  352 	ld	a, (#(_joypads + 4) + 0)
    0000017E 77               [ 8]  353 	ld	(hl), a
                                    354 ;C:/Users/franc/Documents/Projets/Perso/GameBoyProjects/CrossZGB/common/include/Keys.h:17: joypad_ex(&joypads);
    0000017F 11r00r00         [12]  355 	ld	de, #_joypads
    00000182 CDr00r00         [24]  356 	call	_joypad_ex
                                    357 ;C:/Users/franc/Documents/Projets/Perso/GameBoyProjects/CrossZGB/common/src/main.c:144: SpriteManagerUpdate();          // render sprites on screen
    00000185 CDr00r00         [24]  358 	call	_SpriteManagerUpdate
                                    359 ;C:/Users/franc/Documents/Projets/Perso/GameBoyProjects/CrossZGB/common/src/main.c:146: current_update();               // update current state
    00000188 E1               [12]  360 	pop	hl
    00000189 E5               [16]  361 	push	hl
    0000018A CDr00r00         [24]  362 	call	___sdcc_call_hl
    0000018D 18 D1            [12]  363 	jr	00109$
    0000018F                        364 00111$:
                                    365 ;C:/Users/franc/Documents/Projets/Perso/GameBoyProjects/CrossZGB/common/src/main.c:149: switch (fade_mode) {                    // hide screen content
    0000018F FAr02r00         [16]  366 	ld	a, (#_fade_mode)
    00000192 B7               [ 4]  367 	or	a, a
    00000193 28 10            [12]  368 	jr	Z, 00113$
    00000195 FAr02r00         [16]  369 	ld	a, (#_fade_mode)
    00000198 3D               [ 4]  370 	dec	a
    00000199 20 0D            [12]  371 	jr	NZ, 00116$
                                    372 ;C:/Users/franc/Documents/Projets/Perso/GameBoyProjects/CrossZGB/common/src/main.c:150: case FADE_ON : FadeIn(); break;
    0000019B 1Er00            [ 8]  373 	ld	e, #b_FadeIn
    0000019D 21r00r00         [12]  374 	ld	hl, #_FadeIn
    000001A0 CDr00r00         [24]  375 	call	___sdcc_bcall_ehl
    000001A3 18 03            [12]  376 	jr	00116$
                                    377 ;C:/Users/franc/Documents/Projets/Perso/GameBoyProjects/CrossZGB/common/src/main.c:151: case FADE_OFF: DISPLAY_OFF; break;
    000001A5                        378 00113$:
    000001A5 CDr00r00         [24]  379 	call	_display_off
                                    380 ;C:/Users/franc/Documents/Projets/Perso/GameBoyProjects/CrossZGB/common/src/main.c:152: }
    000001A8                        381 00116$:
                                    382 ;C:/Users/franc/Documents/Projets/Perso/GameBoyProjects/CrossZGB/common/src/main.c:155: destroyFuncs[current_state]();                  // destroy current state
    000001A8 FAr01r00         [16]  383 	ld	a, (_current_state)
    000001AB 6F               [ 4]  384 	ld	l, a
    000001AC 26 00            [ 8]  385 	ld	h, #0x00
    000001AE 29               [ 8]  386 	add	hl, hl
    000001AF 11r00r00         [12]  387 	ld	de, #_destroyFuncs
    000001B2 19               [ 8]  388 	add	hl, de
    000001B3 4E               [ 8]  389 	ld	c, (hl)
    000001B4 23               [ 8]  390 	inc	hl
    000001B5 46               [ 8]  391 	ld	b, (hl)
    000001B6 69               [ 4]  392 	ld	l, c
    000001B7 60               [ 4]  393 	ld	h, b
    000001B8 CDr00r00         [24]  394 	call	___sdcc_call_hl
    000001BB C3rA0r00         [16]  395 	jp	00118$
                                    396 ;C:/Users/franc/Documents/Projets/Perso/GameBoyProjects/CrossZGB/common/src/main.c:157: }
    000001BE 33               [ 8]  397 	inc	sp
    000001BF 33               [ 8]  398 	inc	sp
    000001C0 C9               [16]  399 	ret
                                    400 	.area _CODE
                                    401 	.area _INITIALIZER
    00000000                        402 __xinit___is_SGB:
    00000000 00                     403 	.db #0x00	; 0
    00000001                        404 __xinit__state_running:
    00000001 00                     405 	.db #0x00	; 0
    00000002                        406 __xinit__fade_mode:
    00000002 01                     407 	.db #0x01	; 1
    00000003                        408 __xinit__vbl_count:
    00000003 00                     409 	.db #0x00	; 0
                                    410 	.area _CABS (ABS)
