                                      1 ;--------------------------------------------------------
                                      2 ; File Created by SDCC : free open source ISO C Compiler
                                      3 ; Version 4.5.1 #15267 (MINGW64)
                                      4 ;--------------------------------------------------------
                                      5 	.module ScrollUpdateTile
                                      6 	
                                      7 ;--------------------------------------------------------
                                      8 ; Public variables in this module
                                      9 ;--------------------------------------------------------
                                     10 	.globl _UPDATE_TILE
                                     11 	.globl _GetTileReplacement
                                     12 	.globl _SpriteManagerAddEx
                                     13 	.globl _set_bkg_tile_xy
                                     14 ;--------------------------------------------------------
                                     15 ; special function registers
                                     16 ;--------------------------------------------------------
                                     17 	.area _HRAM
                                     18 ;--------------------------------------------------------
                                     19 ; ram data
                                     20 ;--------------------------------------------------------
                                     21 	.area _DATA
    00000000                         22 _UPDATE_TILE_replacement_10000_273:
    00000000                         23 	.ds 1
    00000001                         24 _UPDATE_TILE_type_30000_276:
    00000001                         25 	.ds 1
    00000002                         26 _UPDATE_TILE_i_50000_278:
    00000002                         27 	.ds 1
    00000003                         28 _UPDATE_TILE_id_50000_278:
    00000003                         29 	.ds 2
                                     30 ;--------------------------------------------------------
                                     31 ; ram data
                                     32 ;--------------------------------------------------------
                                     33 	.area _INITIALIZED
                                     34 ;--------------------------------------------------------
                                     35 ; absolute external ram data
                                     36 ;--------------------------------------------------------
                                     37 	.area _DABS (ABS)
                                     38 ;--------------------------------------------------------
                                     39 ; global & static initialisations
                                     40 ;--------------------------------------------------------
                                     41 	.area _HOME
                                     42 	.area _GSINIT
                                     43 	.area _GSFINAL
                                     44 	.area _GSINIT
                                     45 ;--------------------------------------------------------
                                     46 ; Home
                                     47 ;--------------------------------------------------------
                                     48 	.area _HOME
                                     49 	.area _HOME
                                     50 ;--------------------------------------------------------
                                     51 ; code
                                     52 ;--------------------------------------------------------
                                     53 	.area _CODE
                                     54 ;C:/Users/franc/Documents/Projets/Perso/GameBoyProjects/CrossZGB/common/src/ScrollUpdateTile.c:15: void UPDATE_TILE(INT16 x, INT16 y) {
                                     55 ;	---------------------------------
                                     56 ; Function UPDATE_TILE
                                     57 ; ---------------------------------
    00000000                         58 _UPDATE_TILE::
    00000000 E8 FB            [16]   59 	add	sp, #-5
    00000002 F8 03            [12]   60 	ldhl	sp,	#3
    00000004 7B               [ 4]   61 	ld	a, e
    00000005 22               [ 8]   62 	ld	(hl+), a
    00000006 72               [ 8]   63 	ld	(hl), d
    00000007 F8 01            [12]   64 	ldhl	sp,	#1
    00000009 79               [ 4]   65 	ld	a, c
    0000000A 22               [ 8]   66 	ld	(hl+), a
                                     67 ;C:/Users/franc/Documents/Projets/Perso/GameBoyProjects/CrossZGB/common/src/ScrollUpdateTile.c:18: if(((UINT16)x >= scroll_tiles_w) || ((UINT16)y >= scroll_tiles_h)) { //This also checks x < 0 || y < 0
    0000000B 78               [ 4]   68 	ld	a, b
    0000000C 22               [ 8]   69 	ld	(hl+), a
    0000000D 2A               [ 8]   70 	ld	a, (hl+)
    0000000E 4F               [ 4]   71 	ld	c, a
    0000000F 46               [ 8]   72 	ld	b, (hl)
    00000010 21r00r00         [12]   73 	ld	hl, #_scroll_tiles_w
    00000013 79               [ 4]   74 	ld	a, c
    00000014 96               [ 8]   75 	sub	a, (hl)
    00000015 23               [ 8]   76 	inc	hl
    00000016 78               [ 4]   77 	ld	a, b
    00000017 9E               [ 8]   78 	sbc	a, (hl)
    00000018 30 0F            [12]   79 	jr	NC, 00109$
    0000001A F8 01            [12]   80 	ldhl	sp,	#1
    0000001C 2A               [ 8]   81 	ld	a, (hl+)
    0000001D 4F               [ 4]   82 	ld	c, a
    0000001E 46               [ 8]   83 	ld	b, (hl)
    0000001F 21r00r00         [12]   84 	ld	hl, #_scroll_tiles_h
    00000022 79               [ 4]   85 	ld	a, c
    00000023 96               [ 8]   86 	sub	a, (hl)
    00000024 23               [ 8]   87 	inc	hl
    00000025 78               [ 4]   88 	ld	a, b
    00000026 9E               [ 8]   89 	sbc	a, (hl)
    00000027 38 07            [12]   90 	jr	C, 00110$
    00000029                         91 00109$:
                                     92 ;C:/Users/franc/Documents/Projets/Perso/GameBoyProjects/CrossZGB/common/src/ScrollUpdateTile.c:19: replacement = 0;
    00000029 AF               [ 4]   93 	xor	a, a
    0000002A EAr00r00         [16]   94 	ld	(#_UPDATE_TILE_replacement_10000_273),a
    0000002D C3r0Er01         [16]   95 	jp	00121$
    00000030                         96 00110$:
                                     97 ;C:/Users/franc/Documents/Projets/Perso/GameBoyProjects/CrossZGB/common/src/ScrollUpdateTile.c:22: replacement = *scroll_ptr;
    00000030 FAr00r00         [16]   98 	ld	a, (_scroll_ptr)
    00000033 21r01r00         [12]   99 	ld	hl, #_scroll_ptr + 1
    00000036 66               [ 8]  100 	ld	h, (hl)
    00000037 6F               [ 4]  101 	ld	l, a
    00000038 7E               [ 8]  102 	ld	a, (hl)
    00000039 EAr00r00         [16]  103 	ld	(#_UPDATE_TILE_replacement_10000_273),a
                                    104 ;C:/Users/franc/Documents/Projets/Perso/GameBoyProjects/CrossZGB/common/src/ScrollUpdateTile.c:23: type = GetTileReplacement(scroll_ptr, &replacement);
    0000003C 01r00r00         [12]  105 	ld	bc, #_UPDATE_TILE_replacement_10000_273
    0000003F FAr00r00         [16]  106 	ld	a, (_scroll_ptr)
    00000042 5F               [ 4]  107 	ld	e, a
    00000043 21r01r00         [12]  108 	ld	hl, #_scroll_ptr + 1
    00000046 56               [ 8]  109 	ld	d, (hl)
    00000047 CDr00r00         [24]  110 	call	_GetTileReplacement
    0000004A 21r01r00         [12]  111 	ld	hl, #_UPDATE_TILE_type_30000_276
    0000004D 77               [ 8]  112 	ld	(hl), a
                                    113 ;C:/Users/franc/Documents/Projets/Perso/GameBoyProjects/CrossZGB/common/src/ScrollUpdateTile.c:24: if(type != 255u) {
    0000004E 7E               [ 8]  114 	ld	a, (hl)
    0000004F 3C               [ 4]  115 	inc	a
    00000050 CAr0Er01         [16]  116 	jp	Z, 00121$
                                    117 ;C:/Users/franc/Documents/Projets/Perso/GameBoyProjects/CrossZGB/common/src/ScrollUpdateTile.c:27: id = SPRITE_UNIQUE_ID(x, y);
    00000053 F8 03            [12]  118 	ldhl	sp,	#3
    00000055 3A               [ 8]  119 	ld	a, (hl-)
    00000056 2B               [ 8]  120 	dec	hl
    00000057 0E 00            [ 8]  121 	ld	c, #0x00
    00000059 46               [ 8]  122 	ld	b, (hl)
    0000005A 1E 00            [ 8]  123 	ld	e, #0x00
    0000005C EAr03r00         [16]  124 	ld	(_UPDATE_TILE_id_50000_278), a
    0000005F 78               [ 4]  125 	ld	a, b
    00000060 EAr04r00         [16]  126 	ld	(_UPDATE_TILE_id_50000_278 + 1), a
                                    127 ;C:/Users/franc/Documents/Projets/Perso/GameBoyProjects/CrossZGB/common/src/ScrollUpdateTile.c:28: for (i = VECTOR_LEN(sprite_manager_updatables); (i); i--) {
    00000063 FAr00r00         [16]  128 	ld	a, (#_sprite_manager_updatables + 0)
    00000066 EAr02r00         [16]  129 	ld	(#_UPDATE_TILE_i_50000_278),a
    00000069                        130 00116$:
    00000069 21r02r00         [12]  131 	ld	hl, #_UPDATE_TILE_i_50000_278
    0000006C 7E               [ 8]  132 	ld	a, (hl)
    0000006D B7               [ 4]  133 	or	a, a
    0000006E 28 39            [12]  134 	jr	Z, 00104$
                                    135 ;C:/Users/franc/Documents/Projets/Perso/GameBoyProjects/CrossZGB/common/src/ScrollUpdateTile.c:29: Sprite* s = sprite_manager_sprites[sprite_manager_updatables[i]];
    00000070 3Er00            [ 8]  136 	ld	a, #<(_sprite_manager_updatables)
    00000072 86               [ 8]  137 	add	a, (hl)
    00000073 4F               [ 4]  138 	ld	c, a
    00000074 3Es00            [ 8]  139 	ld	a, #>(_sprite_manager_updatables)
    00000076 CE 00            [ 8]  140 	adc	a, #0x00
    00000078 47               [ 4]  141 	ld	b, a
    00000079 0A               [ 8]  142 	ld	a, (bc)
    0000007A 26 00            [ 8]  143 	ld	h, #0x00
    0000007C 6F               [ 4]  144 	ld	l, a
    0000007D 29               [ 8]  145 	add	hl, hl
    0000007E 11r00r00         [12]  146 	ld	de, #_sprite_manager_sprites
    00000081 19               [ 8]  147 	add	hl, de
    00000082 2A               [ 8]  148 	ld	a, (hl+)
    00000083 4F               [ 4]  149 	ld	c, a
    00000084 46               [ 8]  150 	ld	b, (hl)
                                    151 ;C:/Users/franc/Documents/Projets/Perso/GameBoyProjects/CrossZGB/common/src/ScrollUpdateTile.c:30: if ((s->type == type) && (s->unique_id == id)) {
    00000085 21 1D 00         [12]  152 	ld	hl, #0x001d
    00000088 09               [ 8]  153 	add	hl, bc
    00000089 7E               [ 8]  154 	ld	a, (hl)
    0000008A 21r01r00         [12]  155 	ld	hl, #_UPDATE_TILE_type_30000_276
    0000008D 96               [ 8]  156 	sub	a, (hl)
    0000008E 20 13            [12]  157 	jr	NZ, 00117$
    00000090 21 1F 00         [12]  158 	ld	hl, #0x001f
    00000093 09               [ 8]  159 	add	hl, bc
    00000094 2A               [ 8]  160 	ld	a, (hl+)
    00000095 4F               [ 4]  161 	ld	c, a
    00000096 46               [ 8]  162 	ld	b, (hl)
    00000097 21r03r00         [12]  163 	ld	hl, #_UPDATE_TILE_id_50000_278
    0000009A 7E               [ 8]  164 	ld	a, (hl)
    0000009B 91               [ 4]  165 	sub	a, c
    0000009C 20 05            [12]  166 	jr	NZ, 00168$
    0000009E 23               [ 8]  167 	inc	hl
    0000009F 7E               [ 8]  168 	ld	a, (hl)
    000000A0 90               [ 4]  169 	sub	a, b
    000000A1 28 06            [12]  170 	jr	Z, 00104$
    000000A3                        171 00168$:
                                    172 ;C:/Users/franc/Documents/Projets/Perso/GameBoyProjects/CrossZGB/common/src/ScrollUpdateTile.c:31: break;
    000000A3                        173 00117$:
                                    174 ;C:/Users/franc/Documents/Projets/Perso/GameBoyProjects/CrossZGB/common/src/ScrollUpdateTile.c:28: for (i = VECTOR_LEN(sprite_manager_updatables); (i); i--) {
    000000A3 21r02r00         [12]  175 	ld	hl, #_UPDATE_TILE_i_50000_278
    000000A6 35               [12]  176 	dec	(hl)
    000000A7 18 C0            [12]  177 	jr	00116$
    000000A9                        178 00104$:
                                    179 ;C:/Users/franc/Documents/Projets/Perso/GameBoyProjects/CrossZGB/common/src/ScrollUpdateTile.c:34: if (i == 0) {
    000000A9 FAr02r00         [16]  180 	ld	a, (#_UPDATE_TILE_i_50000_278)
    000000AC B7               [ 4]  181 	or	a, a
    000000AD 20 5F            [12]  182 	jr	NZ, 00121$
                                    183 ;C:/Users/franc/Documents/Projets/Perso/GameBoyProjects/CrossZGB/common/src/ScrollUpdateTile.c:35: UINT8 __save = CURRENT_BANK;
    000000AF F0r00            [12]  184 	ldh	a, (__current_bank + 0)
    000000B1 F8 00            [12]  185 	ldhl	sp,	#0
    000000B3 77               [ 8]  186 	ld	(hl), a
                                    187 ;C:/Users/franc/Documents/Projets/Perso/GameBoyProjects/CrossZGB/common/src/ScrollUpdateTile.c:36: SWITCH_ROM(spriteDataBanks[type]);
    000000B4 3Er00            [ 8]  188 	ld	a, #<(_spriteDataBanks)
    000000B6 21r01r00         [12]  189 	ld	hl, #_UPDATE_TILE_type_30000_276
    000000B9 86               [ 8]  190 	add	a, (hl)
    000000BA 4F               [ 4]  191 	ld	c, a
    000000BB 3Es00            [ 8]  192 	ld	a, #>(_spriteDataBanks)
    000000BD CE 00            [ 8]  193 	adc	a, #0x00
    000000BF 47               [ 4]  194 	ld	b, a
    000000C0 0A               [ 8]  195 	ld	a, (bc)
    000000C1 E0r00            [12]  196 	ldh	(__current_bank + 0), a
    000000C3 EAr00r00         [16]  197 	ld	(#_rROMB0),a
                                    198 ;C:/Users/franc/Documents/Projets/Perso/GameBoyProjects/CrossZGB/common/src/ScrollUpdateTile.c:37: UINT16 sprite_y = TILE_TO_PX(y + 1) - spriteDatas[type]->height;
    000000C6 F8 01            [12]  199 	ldhl	sp,	#1
    000000C8 2A               [ 8]  200 	ld	a, (hl+)
    000000C9 66               [ 8]  201 	ld	h, (hl)
    000000CA 6F               [ 4]  202 	ld	l, a
    000000CB 23               [ 8]  203 	inc	hl
    000000CC 29               [ 8]  204 	add	hl, hl
    000000CD 29               [ 8]  205 	add	hl, hl
    000000CE 29               [ 8]  206 	add	hl, hl
    000000CF 4D               [ 4]  207 	ld	c, l
    000000D0 44               [ 4]  208 	ld	b, h
    000000D1 11r00r00         [12]  209 	ld	de, #_spriteDatas+0
    000000D4 FAr01r00         [16]  210 	ld	a, (_UPDATE_TILE_type_30000_276)
    000000D7 26 00            [ 8]  211 	ld	h, #0x00
    000000D9 6F               [ 4]  212 	ld	l, a
    000000DA 29               [ 8]  213 	add	hl, hl
    000000DB 19               [ 8]  214 	add	hl, de
    000000DC 2A               [ 8]  215 	ld	a,	(hl+)
    000000DD 66               [ 8]  216 	ld	h, (hl)
    000000DE 6F               [ 4]  217 	ld	l, a
    000000DF 23               [ 8]  218 	inc	hl
    000000E0 5E               [ 8]  219 	ld	e, (hl)
    000000E1 16 00            [ 8]  220 	ld	d, #0x00
    000000E3 79               [ 4]  221 	ld	a, c
    000000E4 93               [ 4]  222 	sub	a, e
    000000E5 4F               [ 4]  223 	ld	c, a
    000000E6 78               [ 4]  224 	ld	a, b
    000000E7 9A               [ 4]  225 	sbc	a, d
    000000E8 47               [ 4]  226 	ld	b, a
                                    227 ;C:/Users/franc/Documents/Projets/Perso/GameBoyProjects/CrossZGB/common/src/ScrollUpdateTile.c:38: SWITCH_ROM(__save);
    000000E9 F8 00            [12]  228 	ldhl	sp,	#0
    000000EB 7E               [ 8]  229 	ld	a, (hl)
    000000EC E0r00            [12]  230 	ldh	(__current_bank + 0), a
    000000EE 7E               [ 8]  231 	ld	a, (hl)
    000000EF EAr00r00         [16]  232 	ld	(#_rROMB0),a
                                    233 ;C:/Users/franc/Documents/Projets/Perso/GameBoyProjects/CrossZGB/common/src/ScrollUpdateTile.c:39: SpriteManagerAdd(type, TILE_TO_PX(x), sprite_y);
    000000F2 F8 03            [12]  234 	ldhl	sp,	#3
    000000F4 2A               [ 8]  235 	ld	a, (hl+)
    000000F5 5F               [ 4]  236 	ld	e, a
    000000F6 56               [ 8]  237 	ld	d, (hl)
    000000F7 CB 23            [ 8]  238 	sla	e
    000000F9 CB 12            [ 8]  239 	rl	d
    000000FB CB 23            [ 8]  240 	sla	e
    000000FD CB 12            [ 8]  241 	rl	d
    000000FF CB 23            [ 8]  242 	sla	e
    00000101 CB 12            [ 8]  243 	rl	d
    00000103 FAr01r00         [16]  244 	ld	a, (_UPDATE_TILE_type_30000_276)
                                    245 ;C:/Users/franc/Documents/Projets/Perso/GameBoyProjects/CrossZGB/common/include/SpriteManager.h:45: return SpriteManagerAddEx(sprite_type, x, y, NULL);
    00000106 21 00 00         [12]  246 	ld	hl, #0x0000
    00000109 E5               [16]  247 	push	hl
    0000010A C5               [16]  248 	push	bc
    0000010B CDr00r00         [24]  249 	call	_SpriteManagerAddEx
                                    250 ;C:/Users/franc/Documents/Projets/Perso/GameBoyProjects/CrossZGB/common/src/ScrollUpdateTile.c:44: ScrollSetAttrTileXY(SCREEN_BKG_OFFSET_X + x + scroll_offset_x, y + scroll_offset_y, replacement, ((scroll_cptr) ? *scroll_cptr : scroll_tile_info[replacement]));
    0000010E                        251 00121$:
    0000010E FAr00r00         [16]  252 	ld	a, (_UPDATE_TILE_replacement_10000_273)
    00000111 47               [ 4]  253 	ld	b, a
    00000112 F8 01            [12]  254 	ldhl	sp,	#1
    00000114 2A               [ 8]  255 	ld	a, (hl+)
    00000115 23               [ 8]  256 	inc	hl
    00000116 4F               [ 4]  257 	ld	c, a
    00000117 FAr00r00         [16]  258 	ld	a, (_scroll_offset_y)
    0000011A 81               [ 4]  259 	add	a, c
    0000011B 5F               [ 4]  260 	ld	e, a
    0000011C 4E               [ 8]  261 	ld	c, (hl)
    0000011D FAr00r00         [16]  262 	ld	a, (_scroll_offset_x)
    00000120 81               [ 4]  263 	add	a, c
                                    264 ;C:/Users/franc/Documents/Projets/Perso/GameBoyProjects/CrossZGB/common/include/Scroll.h:181: UINT8* addr = set_bkg_tile_xy(x, y, t);
    00000121 C5               [16]  265 	push	bc
    00000122 33               [ 8]  266 	inc	sp
    00000123 CDr00r00         [24]  267 	call	_set_bkg_tile_xy
                                    268 ;C:/Users/franc/Documents/Projets/Perso/GameBoyProjects/CrossZGB/common/src/ScrollUpdateTile.c:44: ScrollSetAttrTileXY(SCREEN_BKG_OFFSET_X + x + scroll_offset_x, y + scroll_offset_y, replacement, ((scroll_cptr) ? *scroll_cptr : scroll_tile_info[replacement]));
                                    269 ;C:/Users/franc/Documents/Projets/Perso/GameBoyProjects/CrossZGB/common/src/ScrollUpdateTile.c:45: }
    00000126 E8 05            [16]  270 	add	sp, #5
    00000128 C9               [16]  271 	ret
                                    272 	.area _CODE
                                    273 	.area _INITIALIZER
                                    274 	.area _CABS (ABS)
