                                      1 ;--------------------------------------------------------
                                      2 ; File Created by SDCC : free open source ISO C Compiler
                                      3 ; Version 4.5.1 #15267 (MINGW64)
                                      4 ;--------------------------------------------------------
                                      5 	.module sfxplayer
                                      6 	
                                      7 ;--------------------------------------------------------
                                      8 ; Public variables in this module
                                      9 ;--------------------------------------------------------
                                     10 	.globl _sfx_play_sample
                                     11 	.globl _sfx_play_bank
                                     12 	.globl _sfx_frame_skip
                                     13 	.globl _sfx_play_isr
                                     14 ;--------------------------------------------------------
                                     15 ; special function registers
                                     16 ;--------------------------------------------------------
                                     17 	.area _HRAM
                                     18 ;--------------------------------------------------------
                                     19 ; ram data
                                     20 ;--------------------------------------------------------
                                     21 	.area _DATA
    00000000                         22 _sfx_frame_skip::
    00000000                         23 	.ds 1
                                     24 ;--------------------------------------------------------
                                     25 ; ram data
                                     26 ;--------------------------------------------------------
                                     27 	.area _INITIALIZED
    00000000                         28 _sfx_play_bank::
    00000000                         29 	.ds 1
    00000001                         30 _sfx_play_sample::
    00000001                         31 	.ds 2
                                     32 ;--------------------------------------------------------
                                     33 ; absolute external ram data
                                     34 ;--------------------------------------------------------
                                     35 	.area _DABS (ABS)
                                     36 ;--------------------------------------------------------
                                     37 ; global & static initialisations
                                     38 ;--------------------------------------------------------
                                     39 	.area _HOME
                                     40 	.area _GSINIT
                                     41 	.area _GSFINAL
                                     42 	.area _GSINIT
                                     43 ;--------------------------------------------------------
                                     44 ; Home
                                     45 ;--------------------------------------------------------
                                     46 	.area _HOME
                                     47 ;C:/Users/franc/Documents/Projets/Perso/GameBoyProjects/CrossZGB/common/src/duck/sfxplayer.c:18: UINT8 sfx_play_isr(void) NONBANKED NAKED {
                                     48 ;	---------------------------------
                                     49 ; Function sfx_play_isr
                                     50 ; ---------------------------------
    00000000                         51 _sfx_play_isr::
                                     52 ;C:/Users/franc/Documents/Projets/Perso/GameBoyProjects/CrossZGB/common/src/duck/sfxplayer.c:194: __endasm;
                                     53 	.macro	copy_reg reg, ?lbl
                                     54 	sla	b
                                     55 	jr	nc, lbl
                                     56 	ld	a, (hl+)
                                     57 	ldh	(reg), a
                                     58 lbl:
                                     59 	.endm
                                     60 	.macro	copy_swapped_reg reg, ?lbl
                                     61 	sla	b
                                     62 	jr	nc, lbl
                                     63 	ld	a, (hl+)
                                     64 	swap	a
                                     65 	ldh	(reg), a
                                     66 lbl:
                                     67 	.endm
                                     68 	.macro	copy_volume_reg reg, ?lbl
                                     69 	sla	b
                                     70 	jr	nc, lbl
                                     71 	ld	a, (hl+)
                                     72 	cpl
                                     73 	add	#0x20
                                     74 	and	#0x60
                                     75 	ldh	(reg), a
                                     76 lbl:
                                     77 	.endm
    00000000 21r01r00         [12]   78 	ld	hl, #_sfx_play_sample
    00000003 2A               [ 8]   79 	ld	a, (hl+)
    00000004 5F               [ 4]   80 	ld	e, a
    00000005 B6               [ 8]   81 	or	(hl)
    00000006 C8               [20]   82 	ret	z ; return 0
    00000007 56               [ 8]   83 	ld	d, (hl)
    00000008 21r00r00         [12]   84 	ld	hl, #_sfx_frame_skip
    0000000B AF               [ 4]   85 	xor	a
    0000000C B6               [ 8]   86 	or	(hl)
    0000000D 28 02            [12]   87 	jr	z, 7$
    0000000F 35               [12]   88 	dec	(hl)
    00000010 C9               [16]   89 	ret	; A != 0 that returns 1
    00000011                         90 7$:
    00000011 62               [ 4]   91 	ld	h, d
    00000012 6B               [ 4]   92 	ld	l, e ; HL = current position inside the sample
    00000013 F0r00            [12]   93 	ldh	a, (__current_bank) ; save bank and switch
    00000015 5F               [ 4]   94 	ld	e, a
    00000016 FAr00r00         [16]   95 	ld	a, (_sfx_play_bank)
    00000019 3C               [ 4]   96 	inc	a ; 0xffu ?
    0000001A C8               [20]   97 	ret	z ; return 0
    0000001B 3D               [ 4]   98 	dec	a
    0000001C E0r00            [12]   99 	ldh	(__current_bank), a
    0000001E EAr00r00         [16]  100 	ld	(_rROMB0), a
    00000021 16 0F            [ 8]  101 	ld	d, #0x0f
    00000023 7E               [ 8]  102 	ld	a, (hl)
    00000024 CB 37            [ 8]  103 	swap	a
    00000026 A2               [ 4]  104 	and	d
    00000027 EAr00r00         [16]  105 	ld	(_sfx_frame_skip), a
    0000002A 2A               [ 8]  106 	ld	a, (hl+)
    0000002B A2               [ 4]  107 	and	d
    0000002C 57               [ 4]  108 	ld	d, a ; d = frame channel count
    0000002D CAr64r01         [16]  109 	jp	z, 6$
    00000030                        110 2$:
    00000030 2A               [ 8]  111 	ld	a, (hl+)
    00000031 47               [ 4]  112 	ld	b, a ; a = b = channel no + register mask
    00000032 E6 07            [ 8]  113 	and	#0b00000111
    00000034 FE 05            [ 8]  114 	cp	#5
    00000036 38 65            [12]  115 	jr	c, 3$
    00000038 FE 07            [ 8]  116 	cp	#7
    0000003A 28 5A            [12]  117 	jr	z, 5$ ; terminator
    0000003C F0r00            [12]  118 	ldh	a, (_NR51_REG)
    0000003E 4F               [ 4]  119 	ld	c, a
    0000003F E6 BB            [ 8]  120 	and	#0b10111011
    00000041 E0r00            [12]  121 	ldh	(_NR51_REG), a
    00000043 AF               [ 4]  122 	xor	a
    00000044 EAr00r00         [16]  123 	ld	(_NR30_REG), a
                                    124 	.irp	ofs,0,1,2,3,4,5,6,7,8,9,10,11,12,13,14,15
                                    125 	ld	a, (hl+)
                                    126 	ldh	(__AUD3WAVERAM+ofs), a
                                    127 	.endm
    00000047 2A               [ 8]    1 	ld	a, (hl+)
    00000048 E0r00            [12]    2 	ldh	(__AUD3WAVERAM+0), a
    0000004A 2A               [ 8]    1 	ld	a, (hl+)
    0000004B E0r01            [12]    2 	ldh	(__AUD3WAVERAM+1), a
    0000004D 2A               [ 8]    1 	ld	a, (hl+)
    0000004E E0r02            [12]    2 	ldh	(__AUD3WAVERAM+2), a
    00000050 2A               [ 8]    1 	ld	a, (hl+)
    00000051 E0r03            [12]    2 	ldh	(__AUD3WAVERAM+3), a
    00000053 2A               [ 8]    1 	ld	a, (hl+)
    00000054 E0r04            [12]    2 	ldh	(__AUD3WAVERAM+4), a
    00000056 2A               [ 8]    1 	ld	a, (hl+)
    00000057 E0r05            [12]    2 	ldh	(__AUD3WAVERAM+5), a
    00000059 2A               [ 8]    1 	ld	a, (hl+)
    0000005A E0r06            [12]    2 	ldh	(__AUD3WAVERAM+6), a
    0000005C 2A               [ 8]    1 	ld	a, (hl+)
    0000005D E0r07            [12]    2 	ldh	(__AUD3WAVERAM+7), a
    0000005F 2A               [ 8]    1 	ld	a, (hl+)
    00000060 E0r08            [12]    2 	ldh	(__AUD3WAVERAM+8), a
    00000062 2A               [ 8]    1 	ld	a, (hl+)
    00000063 E0r09            [12]    2 	ldh	(__AUD3WAVERAM+9), a
    00000065 2A               [ 8]    1 	ld	a, (hl+)
    00000066 E0r0A            [12]    2 	ldh	(__AUD3WAVERAM+10), a
    00000068 2A               [ 8]    1 	ld	a, (hl+)
    00000069 E0r0B            [12]    2 	ldh	(__AUD3WAVERAM+11), a
    0000006B 2A               [ 8]    1 	ld	a, (hl+)
    0000006C E0r0C            [12]    2 	ldh	(__AUD3WAVERAM+12), a
    0000006E 2A               [ 8]    1 	ld	a, (hl+)
    0000006F E0r0D            [12]    2 	ldh	(__AUD3WAVERAM+13), a
    00000071 2A               [ 8]    1 	ld	a, (hl+)
    00000072 E0r0E            [12]    2 	ldh	(__AUD3WAVERAM+14), a
    00000074 2A               [ 8]    1 	ld	a, (hl+)
    00000075 E0r0F            [12]    2 	ldh	(__AUD3WAVERAM+15), a
    00000077 78               [ 4]  128 	ld	a, b
    00000078 FE 06            [ 8]  129 	cp	#6
    0000007A 20 14            [12]  130 	jr	nz, 9$ ; just load waveform, not play
    0000007C 3E 80            [ 8]  131 	ld	a, #0x80
    0000007E E0r00            [12]  132 	ldh	(_NR30_REG),a
    00000080 3E 3B            [ 8]  133 	ld	a, #((0x3b)) ; length of wave
    00000082 E0r00            [12]  134 	ldh	(_NR31_REG),a
    00000084 3E 60            [ 8]  135 	ld	a, #0x60 ; volume
    00000086 E0r00            [12]  136 	ldh	(_NR32_REG),a
    00000088 3E BB            [ 8]  137 	ld	a, #<((0x3BB | 0xc000))
    0000008A E0r00            [12]  138 	ldh	(_NR33_REG),a
    0000008C 3E C3            [ 8]  139 	ld	a, #>((0x3BB | 0xc000))
    0000008E E0r00            [12]  140 	ldh	(_NR34_REG),a
    00000090                        141 9$:
    00000090 79               [ 4]  142 	ld	a, c
    00000091 E0r00            [12]  143 	ldh	(_NR51_REG), a
    00000093 C3r60r01         [16]  144 	jp	4$
    00000096                        145 5$:
                                    146 ; terminator
    00000096 21 00 00         [12]  147 	ld	hl, #0
    00000099 55               [ 4]  148 	ld	d, l
    0000009A C3r65r01         [16]  149 	jp	0$
    0000009D                        150 3$:
    0000009D B7               [ 4]  151 	or	a
    0000009E 28 12            [12]  152 	jr	z, 10$
    000000A0 3D               [ 4]  153 	dec	a
    000000A1 28 37            [12]  154 	jr	z, 20$
    000000A3 3D               [ 4]  155 	dec	a
    000000A4 CArFDr00         [16]  156 	jp	z, 30$
    000000A7 3D               [ 4]  157 	dec	a
    000000A8 CAr27r01         [16]  158 	jp	z, 40$
    000000AB 3D               [ 4]  159 	dec	a
    000000AC CAr4Br01         [16]  160 	jp	z, 50$
    000000AF C3r60r01         [16]  161 	jp	4$
    000000B2                        162 10$:
                                    163 ; NR1x
    000000B2                        164 	copy_reg	_NR10_REG
    000000B2 CB 20            [ 8]    1 	sla	b
    000000B4 30 03            [12]    2 	jr	nc, 10000$
    000000B6 2A               [ 8]    3 	ld	a, (hl+)
    000000B7 E0r00            [12]    4 	ldh	(_NR10_REG), a
    000000B9                          5 10000$:
    000000B9                        165 	copy_reg	_NR11_REG
    000000B9 CB 20            [ 8]    1 	sla	b
    000000BB 30 03            [12]    2 	jr	nc, 10001$
    000000BD 2A               [ 8]    3 	ld	a, (hl+)
    000000BE E0r00            [12]    4 	ldh	(_NR11_REG), a
    000000C0                          5 10001$:
    000000C0                        166 	copy_swapped_reg	_NR12_REG
    000000C0 CB 20            [ 8]    1 	sla	b
    000000C2 30 05            [12]    2 	jr	nc, 10002$
    000000C4 2A               [ 8]    3 	ld	a, (hl+)
    000000C5 CB 37            [ 8]    4 	swap	a
    000000C7 E0r00            [12]    5 	ldh	(_NR12_REG), a
    000000C9                          6 10002$:
    000000C9                        167 	copy_reg	_NR13_REG
    000000C9 CB 20            [ 8]    1 	sla	b
    000000CB 30 03            [12]    2 	jr	nc, 10003$
    000000CD 2A               [ 8]    3 	ld	a, (hl+)
    000000CE E0r00            [12]    4 	ldh	(_NR13_REG), a
    000000D0                          5 10003$:
    000000D0                        168 	copy_reg	_NR14_REG
    000000D0 CB 20            [ 8]    1 	sla	b
    000000D2 30 03            [12]    2 	jr	nc, 10004$
    000000D4 2A               [ 8]    3 	ld	a, (hl+)
    000000D5 E0r00            [12]    4 	ldh	(_NR14_REG), a
    000000D7                          5 10004$:
    000000D7 C3r60r01         [16]  169 	jp	4$
    000000DA                        170 20$:
                                    171 ; NR2x
    000000DA CB 20            [ 8]  172 	sla	b
    000000DC                        173 	copy_reg	_NR21_REG
    000000DC CB 20            [ 8]    1 	sla	b
    000000DE 30 03            [12]    2 	jr	nc, 10005$
    000000E0 2A               [ 8]    3 	ld	a, (hl+)
    000000E1 E0r00            [12]    4 	ldh	(_NR21_REG), a
    000000E3                          5 10005$:
    000000E3                        174 	copy_swapped_reg	_NR22_REG
    000000E3 CB 20            [ 8]    1 	sla	b
    000000E5 30 05            [12]    2 	jr	nc, 10006$
    000000E7 2A               [ 8]    3 	ld	a, (hl+)
    000000E8 CB 37            [ 8]    4 	swap	a
    000000EA E0r00            [12]    5 	ldh	(_NR22_REG), a
    000000EC                          6 10006$:
    000000EC                        175 	copy_reg	_NR23_REG
    000000EC CB 20            [ 8]    1 	sla	b
    000000EE 30 03            [12]    2 	jr	nc, 10007$
    000000F0 2A               [ 8]    3 	ld	a, (hl+)
    000000F1 E0r00            [12]    4 	ldh	(_NR23_REG), a
    000000F3                          5 10007$:
    000000F3                        176 	copy_reg	_NR24_REG
    000000F3 CB 20            [ 8]    1 	sla	b
    000000F5 30 03            [12]    2 	jr	nc, 10008$
    000000F7 2A               [ 8]    3 	ld	a, (hl+)
    000000F8 E0r00            [12]    4 	ldh	(_NR24_REG), a
    000000FA                          5 10008$:
    000000FA C3r60r01         [16]  177 	jp	4$
    000000FD                        178 30$:
                                    179 ; NR3x
    000000FD                        180 	copy_reg	_NR30_REG
    000000FD CB 20            [ 8]    1 	sla	b
    000000FF 30 03            [12]    2 	jr	nc, 10009$
    00000101 2A               [ 8]    3 	ld	a, (hl+)
    00000102 E0r00            [12]    4 	ldh	(_NR30_REG), a
    00000104                          5 10009$:
    00000104                        181 	copy_reg	_NR31_REG
    00000104 CB 20            [ 8]    1 	sla	b
    00000106 30 03            [12]    2 	jr	nc, 10010$
    00000108 2A               [ 8]    3 	ld	a, (hl+)
    00000109 E0r00            [12]    4 	ldh	(_NR31_REG), a
    0000010B                          5 10010$:
    0000010B                        182 	copy_volume_reg	_NR32_REG
    0000010B CB 20            [ 8]    1 	sla	b
    0000010D 30 08            [12]    2 	jr	nc, 10011$
    0000010F 2A               [ 8]    3 	ld	a, (hl+)
    00000110 2F               [ 4]    4 	cpl
    00000111 C6 20            [ 8]    5 	add	#0x20
    00000113 E6 60            [ 8]    6 	and	#0x60
    00000115 E0r00            [12]    7 	ldh	(_NR32_REG), a
    00000117                          8 10011$:
    00000117                        183 	copy_reg	_NR33_REG
    00000117 CB 20            [ 8]    1 	sla	b
    00000119 30 03            [12]    2 	jr	nc, 10012$
    0000011B 2A               [ 8]    3 	ld	a, (hl+)
    0000011C E0r00            [12]    4 	ldh	(_NR33_REG), a
    0000011E                          5 10012$:
    0000011E                        184 	copy_reg	_NR34_REG
    0000011E CB 20            [ 8]    1 	sla	b
    00000120 30 03            [12]    2 	jr	nc, 10013$
    00000122 2A               [ 8]    3 	ld	a, (hl+)
    00000123 E0r00            [12]    4 	ldh	(_NR34_REG), a
    00000125                          5 10013$:
    00000125 18 39            [12]  185 	jr	4$
    00000127                        186 40$:
                                    187 ; NR4x
    00000127 CB 20            [ 8]  188 	sla	b
    00000129                        189 	copy_reg	_NR41_REG
    00000129 CB 20            [ 8]    1 	sla	b
    0000012B 30 03            [12]    2 	jr	nc, 10014$
    0000012D 2A               [ 8]    3 	ld	a, (hl+)
    0000012E E0r00            [12]    4 	ldh	(_NR41_REG), a
    00000130                          5 10014$:
    00000130                        190 	copy_swapped_reg	_NR42_REG
    00000130 CB 20            [ 8]    1 	sla	b
    00000132 30 05            [12]    2 	jr	nc, 10015$
    00000134 2A               [ 8]    3 	ld	a, (hl+)
    00000135 CB 37            [ 8]    4 	swap	a
    00000137 E0r00            [12]    5 	ldh	(_NR42_REG), a
    00000139                          6 10015$:
    00000139                        191 	copy_swapped_reg	_NR43_REG
    00000139 CB 20            [ 8]    1 	sla	b
    0000013B 30 05            [12]    2 	jr	nc, 10016$
    0000013D 2A               [ 8]    3 	ld	a, (hl+)
    0000013E CB 37            [ 8]    4 	swap	a
    00000140 E0r00            [12]    5 	ldh	(_NR43_REG), a
    00000142                          6 10016$:
    00000142                        192 	copy_reg	_NR44_REG
    00000142 CB 20            [ 8]    1 	sla	b
    00000144 30 03            [12]    2 	jr	nc, 10017$
    00000146 2A               [ 8]    3 	ld	a, (hl+)
    00000147 E0r00            [12]    4 	ldh	(_NR44_REG), a
    00000149                          5 10017$:
    00000149 18 15            [12]  193 	jr	4$
    0000014B                        194 50$:
                                    195 ; NR5x
    0000014B                        196 	copy_reg	_NR50_REG
    0000014B CB 20            [ 8]    1 	sla	b
    0000014D 30 03            [12]    2 	jr	nc, 10018$
    0000014F 2A               [ 8]    3 	ld	a, (hl+)
    00000150 E0r00            [12]    4 	ldh	(_NR50_REG), a
    00000152                          5 10018$:
    00000152                        197 	copy_reg	_NR51_REG
    00000152 CB 20            [ 8]    1 	sla	b
    00000154 30 03            [12]    2 	jr	nc, 10019$
    00000156 2A               [ 8]    3 	ld	a, (hl+)
    00000157 E0r00            [12]    4 	ldh	(_NR51_REG), a
    00000159                          5 10019$:
    00000159                        198 	copy_reg	_NR52_REG
    00000159 CB 20            [ 8]    1 	sla	b
    0000015B 30 03            [12]    2 	jr	nc, 10020$
    0000015D 2A               [ 8]    3 	ld	a, (hl+)
    0000015E E0r00            [12]    4 	ldh	(_NR52_REG), a
    00000160                          5 10020$:
    00000160                        199 4$:
    00000160 15               [ 4]  200 	dec	d
    00000161 C2r30r00         [16]  201 	jp	nz, 2$
    00000164                        202 6$:
    00000164 14               [ 4]  203 	inc	d ; return 1 if still playing
    00000165                        204 0$:
    00000165 7D               [ 4]  205 	ld	a, l ; save current position
    00000166 EAr01r00         [16]  206 	ld	(_sfx_play_sample), a
    00000169 7C               [ 4]  207 	ld	a, h
    0000016A EAr02r00         [16]  208 	ld	(_sfx_play_sample + 1), a
    0000016D 7B               [ 4]  209 	ld	a, e ; restore bank
    0000016E E0r00            [12]  210 	ldh	(__current_bank), a
    00000170 EAr00r00         [16]  211 	ld	(_rROMB0), a
    00000173 7A               [ 4]  212 	ld	a, d ; result in a
    00000174 C9               [16]  213 	ret
                                    214 ;C:/Users/franc/Documents/Projets/Perso/GameBoyProjects/CrossZGB/common/src/duck/sfxplayer.c:203: }
                                    215 	.area _HOME
                                    216 ;--------------------------------------------------------
                                    217 ; code
                                    218 ;--------------------------------------------------------
                                    219 	.area _CODE
                                    220 	.area _CODE
                                    221 	.area _INITIALIZER
    00000000                        222 __xinit__sfx_play_bank:
    00000000 FF                     223 	.db #0xff	; 255
    00000001                        224 __xinit__sfx_play_sample:
    00000001 00 00                  225 	.dw #0x0000
                                    226 	.area _CABS (ABS)
