                                      1 ;--------------------------------------------------------
                                      2 ; File Created by SDCC : free open source ISO C Compiler
                                      3 ; Version 4.5.1 #15267 (MINGW64)
                                      4 ;--------------------------------------------------------
                                      5 	.module SGB
                                      6 	
                                      7 ;--------------------------------------------------------
                                      8 ; Public variables in this module
                                      9 ;--------------------------------------------------------
                                     10 	.globl _LoadSGBBorder
                                     11 ;--------------------------------------------------------
                                     12 ; special function registers
                                     13 ;--------------------------------------------------------
                                     14 	.area _HRAM
                                     15 ;--------------------------------------------------------
                                     16 ; ram data
                                     17 ;--------------------------------------------------------
                                     18 	.area _DATA
                                     19 ;--------------------------------------------------------
                                     20 ; ram data
                                     21 ;--------------------------------------------------------
                                     22 	.area _INITIALIZED
                                     23 ;--------------------------------------------------------
                                     24 ; absolute external ram data
                                     25 ;--------------------------------------------------------
                                     26 	.area _DABS (ABS)
                                     27 ;--------------------------------------------------------
                                     28 ; global & static initialisations
                                     29 ;--------------------------------------------------------
                                     30 	.area _HOME
                                     31 	.area _GSINIT
                                     32 	.area _GSFINAL
                                     33 	.area _GSINIT
                                     34 ;--------------------------------------------------------
                                     35 ; Home
                                     36 ;--------------------------------------------------------
                                     37 	.area _HOME
                                     38 	.area _HOME
                                     39 ;--------------------------------------------------------
                                     40 ; code
                                     41 ;--------------------------------------------------------
                                     42 	.area _CODE
                                     43 ;C:/Users/franc/Documents/Projets/Perso/GameBoyProjects/CrossZGB/common/src/duck/SGB.c:3: void LoadSGBBorder(UINT8 map_bank, struct MapInfo* map) {
                                     44 ;	---------------------------------
                                     45 ; Function LoadSGBBorder
                                     46 ; ---------------------------------
    00000000                         47 _LoadSGBBorder::
                                     48 ;C:/Users/franc/Documents/Projets/Perso/GameBoyProjects/CrossZGB/common/src/duck/SGB.c:4: map_bank; map;
                                     49 ;C:/Users/franc/Documents/Projets/Perso/GameBoyProjects/CrossZGB/common/src/duck/SGB.c:5: }
    00000000 C9               [16]   50 	ret
                                     51 	.area _CODE
                                     52 	.area _INITIALIZER
                                     53 	.area _CABS (ABS)
