                                      1 ;--------------------------------------------------------
                                      2 ; File Created by SDCC : free open source ISO C Compiler
                                      3 ; Version 4.5.1 #15267 (MINGW64)
                                      4 ;--------------------------------------------------------
                                      5 	.module SRAM
                                      6 	
                                      7 ;--------------------------------------------------------
                                      8 ; Public variables in this module
                                      9 ;--------------------------------------------------------
                                     10 	.globl _memset
                                     11 	.globl _strcmp
                                     12 	.globl _strcpy
                                     13 	.globl b_CheckSRAMIntegrity
                                     14 	.globl _CheckSRAMIntegrity
                                     15 ;--------------------------------------------------------
                                     16 ; special function registers
                                     17 ;--------------------------------------------------------
                                     18 	.area _HRAM
                                     19 ;--------------------------------------------------------
                                     20 ; ram data
                                     21 ;--------------------------------------------------------
                                     22 	.area _DATA
                                     23 ;--------------------------------------------------------
                                     24 ; ram data
                                     25 ;--------------------------------------------------------
                                     26 	.area _INITIALIZED
                                     27 ;--------------------------------------------------------
                                     28 ; absolute external ram data
                                     29 ;--------------------------------------------------------
                                     30 	.area _DABS (ABS)
                                     31 ;--------------------------------------------------------
                                     32 ; global & static initialisations
                                     33 ;--------------------------------------------------------
                                     34 	.area _HOME
                                     35 	.area _GSINIT
                                     36 	.area _GSFINAL
                                     37 	.area _GSINIT
                                     38 ;--------------------------------------------------------
                                     39 ; Home
                                     40 ;--------------------------------------------------------
                                     41 	.area _HOME
                                     42 	.area _HOME
                                     43 ;--------------------------------------------------------
                                     44 ; code
                                     45 ;--------------------------------------------------------
                                     46 	.area _CODE_1
                                     47 ;C:/Users/franc/Documents/Projets/Perso/GameBoyProjects/CrossZGB/common/src/SRAM.c:10: void CheckSRAMIntegrity(UINT8* ptr, UINT16 size) BANKED {
                                     48 ;	---------------------------------
                                     49 ; Function CheckSRAMIntegrity
                                     50 ; ---------------------------------
                         00000001    51 	b_CheckSRAMIntegrity	= 1
    00000000                         52 _CheckSRAMIntegrity::
    00000000 E8 FC            [16]   53 	add	sp, #-4
                                     54 ;C:/Users/franc/Documents/Projets/Perso/GameBoyProjects/CrossZGB/common/src/SRAM.c:13: UINT16 bytes_to_clear = 0;
    00000002 01 00 00         [12]   55 	ld	bc, #0x0000
                                     56 ;C:/Users/franc/Documents/Projets/Perso/GameBoyProjects/CrossZGB/common/src/SRAM.c:14: UINT16* bytes_stored = (UINT16*)(ptr + MAGIC_LENGTH);
    00000005 F8 0A            [12]   57 	ldhl	sp,#10
    00000007 2A               [ 8]   58 	ld	a, (hl+)
    00000008 5F               [ 4]   59 	ld	e, a
    00000009 56               [ 8]   60 	ld	d, (hl)
    0000000A 21 09 00         [12]   61 	ld	hl, #0x0009
    0000000D 19               [ 8]   62 	add	hl, de
    0000000E 33               [ 8]   63 	inc	sp
    0000000F 33               [ 8]   64 	inc	sp
    00000010 E5               [16]   65 	push	hl
                                     66 ;C:/Users/franc/Documents/Projets/Perso/GameBoyProjects/CrossZGB/common/src/SRAM.c:15: if(strcmp((char*)ptr, MAGIC) != 0) {
    00000011 F8 0A            [12]   67 	ldhl	sp,	#10
    00000013 2A               [ 8]   68 	ld	a, (hl+)
    00000014 5F               [ 4]   69 	ld	e, a
    00000015 56               [ 8]   70 	ld	d, (hl)
    00000016 21rB2r00         [12]   71 	ld	hl, #___str_0
    00000019 E5               [16]   72 	push	hl
    0000001A D5               [16]   73 	push	de
    0000001B CDr00r00         [24]   74 	call	_strcmp
    0000001E E8 04            [16]   75 	add	sp, #4
    00000020 7A               [ 4]   76 	ld	a, d
    00000021 B3               [ 4]   77 	or	a, e
    00000022 28 20            [12]   78 	jr	Z, 00104$
                                     79 ;C:/Users/franc/Documents/Projets/Perso/GameBoyProjects/CrossZGB/common/src/SRAM.c:16: strcpy(ptr, MAGIC);
    00000024 11rB2r00         [12]   80 	ld	de, #___str_0
    00000027 D5               [16]   81 	push	de
    00000028 F8 0C            [12]   82 	ldhl	sp,	#12
    0000002A 2A               [ 8]   83 	ld	a, (hl+)
    0000002B 5F               [ 4]   84 	ld	e, a
    0000002C 56               [ 8]   85 	ld	d, (hl)
    0000002D D5               [16]   86 	push	de
    0000002E CDr00r00         [24]   87 	call	_strcpy
    00000031 E8 04            [16]   88 	add	sp, #4
                                     89 ;C:/Users/franc/Documents/Projets/Perso/GameBoyProjects/CrossZGB/common/src/SRAM.c:18: bytes_to_clear = size - MAGIC_LENGTH - 2;
    00000033 F8 0C            [12]   90 	ldhl	sp,#12
    00000035 2A               [ 8]   91 	ld	a, (hl+)
    00000036 5F               [ 4]   92 	ld	e, a
    00000037 56               [ 8]   93 	ld	d, (hl)
    00000038 21 0B 00         [12]   94 	ld	hl, #0x000b
    0000003B 7B               [ 4]   95 	ld	a, e
    0000003C 95               [ 4]   96 	sub	a, l
    0000003D 5F               [ 4]   97 	ld	e, a
    0000003E 7A               [ 4]   98 	ld	a, d
    0000003F 9C               [ 4]   99 	sbc	a, h
    00000040 47               [ 4]  100 	ld	b, a
    00000041 4B               [ 4]  101 	ld	c, e
    00000042 18 28            [12]  102 	jr	00105$
    00000044                        103 00104$:
                                    104 ;C:/Users/franc/Documents/Projets/Perso/GameBoyProjects/CrossZGB/common/src/SRAM.c:20: if(*bytes_stored < size) {
    00000044 D1               [12]  105 	pop	de
    00000045 D5               [16]  106 	push	de
    00000046 1A               [ 8]  107 	ld	a, (de)
    00000047 F8 02            [12]  108 	ldhl	sp,	#2
    00000049 22               [ 8]  109 	ld	(hl+), a
    0000004A 13               [ 8]  110 	inc	de
    0000004B 1A               [ 8]  111 	ld	a, (de)
    0000004C 77               [ 8]  112 	ld	(hl), a
    0000004D F8 02            [12]  113 	ldhl	sp,	#2
    0000004F 5D               [ 4]  114 	ld	e, l
    00000050 54               [ 4]  115 	ld	d, h
    00000051 F8 0C            [12]  116 	ldhl	sp,	#12
    00000053 1A               [ 8]  117 	ld	a, (de)
    00000054 13               [ 8]  118 	inc	de
    00000055 96               [ 8]  119 	sub	a, (hl)
    00000056 23               [ 8]  120 	inc	hl
    00000057 1A               [ 8]  121 	ld	a, (de)
    00000058 9E               [ 8]  122 	sbc	a, (hl)
    00000059 30 11            [12]  123 	jr	NC, 00105$
                                    124 ;C:/Users/franc/Documents/Projets/Perso/GameBoyProjects/CrossZGB/common/src/SRAM.c:21: bytes_to_clear = size - *bytes_stored;
    0000005B F8 0C            [12]  125 	ldhl	sp,#12
    0000005D 2A               [ 8]  126 	ld	a, (hl+)
    0000005E 5F               [ 4]  127 	ld	e, a
    0000005F 56               [ 8]  128 	ld	d, (hl)
    00000060 F8 02            [12]  129 	ldhl	sp,	#2
    00000062 2A               [ 8]  130 	ld	a,	(hl+)
    00000063 66               [ 8]  131 	ld	h, (hl)
    00000064 6F               [ 4]  132 	ld	l, a
    00000065 7B               [ 4]  133 	ld	a, e
    00000066 95               [ 4]  134 	sub	a, l
    00000067 5F               [ 4]  135 	ld	e, a
    00000068 7A               [ 4]  136 	ld	a, d
    00000069 9C               [ 4]  137 	sbc	a, h
    0000006A 47               [ 4]  138 	ld	b, a
    0000006B 4B               [ 4]  139 	ld	c, e
    0000006C                        140 00105$:
                                    141 ;C:/Users/franc/Documents/Projets/Perso/GameBoyProjects/CrossZGB/common/src/SRAM.c:25: if(*bytes_stored != size) {
    0000006C D1               [12]  142 	pop	de
    0000006D D5               [16]  143 	push	de
    0000006E 1A               [ 8]  144 	ld	a, (de)
    0000006F F8 02            [12]  145 	ldhl	sp,	#2
    00000071 22               [ 8]  146 	ld	(hl+), a
    00000072 13               [ 8]  147 	inc	de
    00000073 1A               [ 8]  148 	ld	a, (de)
    00000074 77               [ 8]  149 	ld	(hl), a
    00000075 F8 0C            [12]  150 	ldhl	sp,	#12
    00000077 7E               [ 8]  151 	ld	a, (hl)
    00000078 F8 02            [12]  152 	ldhl	sp,	#2
    0000007A 96               [ 8]  153 	sub	a, (hl)
    0000007B 20 08            [12]  154 	jr	NZ, 00140$
    0000007D F8 0D            [12]  155 	ldhl	sp,	#13
    0000007F 7E               [ 8]  156 	ld	a, (hl)
    00000080 F8 03            [12]  157 	ldhl	sp,	#3
    00000082 96               [ 8]  158 	sub	a, (hl)
    00000083 28 09            [12]  159 	jr	Z, 00107$
    00000085                        160 00140$:
                                    161 ;C:/Users/franc/Documents/Projets/Perso/GameBoyProjects/CrossZGB/common/src/SRAM.c:26: *bytes_stored = size;
    00000085 D1               [12]  162 	pop	de
    00000086 D5               [16]  163 	push	de
    00000087 F8 0C            [12]  164 	ldhl	sp,	#12
    00000089 2A               [ 8]  165 	ld	a, (hl+)
    0000008A 12               [ 8]  166 	ld	(de), a
    0000008B 13               [ 8]  167 	inc	de
    0000008C 7E               [ 8]  168 	ld	a, (hl)
    0000008D 12               [ 8]  169 	ld	(de), a
    0000008E                        170 00107$:
                                    171 ;C:/Users/franc/Documents/Projets/Perso/GameBoyProjects/CrossZGB/common/src/SRAM.c:29: if(bytes_to_clear > 0) {
    0000008E 78               [ 4]  172 	ld	a, b
    0000008F B1               [ 4]  173 	or	a, c
    00000090 28 1D            [12]  174 	jr	Z, 00110$
                                    175 ;C:/Users/franc/Documents/Projets/Perso/GameBoyProjects/CrossZGB/common/src/SRAM.c:30: memset(ptr + size - bytes_to_clear, 0, bytes_to_clear);
    00000092 F8 0A            [12]  176 	ldhl	sp,#10
    00000094 2A               [ 8]  177 	ld	a, (hl+)
    00000095 5F               [ 4]  178 	ld	e, a
    00000096 2A               [ 8]  179 	ld	a, (hl+)
    00000097 57               [ 4]  180 	ld	d, a
    00000098 2A               [ 8]  181 	ld	a,	(hl+)
    00000099 66               [ 8]  182 	ld	h, (hl)
    0000009A 6F               [ 4]  183 	ld	l, a
    0000009B 19               [ 8]  184 	add	hl, de
    0000009C 5D               [ 4]  185 	ld	e, l
    0000009D 54               [ 4]  186 	ld	d, h
    0000009E 7B               [ 4]  187 	ld	a, e
    0000009F 91               [ 4]  188 	sub	a, c
    000000A0 5F               [ 4]  189 	ld	e, a
    000000A1 7A               [ 4]  190 	ld	a, d
    000000A2 98               [ 4]  191 	sbc	a, b
    000000A3 C5               [16]  192 	push	bc
    000000A4 01 00 00         [12]  193 	ld	bc, #0x0000
    000000A7 C5               [16]  194 	push	bc
    000000A8 57               [ 4]  195 	ld	d, a
    000000A9 D5               [16]  196 	push	de
    000000AA CDr00r00         [24]  197 	call	_memset
    000000AD E8 06            [16]  198 	add	sp, #6
    000000AF                        199 00110$:
                                    200 ;C:/Users/franc/Documents/Projets/Perso/GameBoyProjects/CrossZGB/common/src/SRAM.c:33: }
    000000AF E8 04            [16]  201 	add	sp, #4
    000000B1 C9               [16]  202 	ret
    000000B2                        203 ___str_0:
    000000B2 5A 47 42 2D 53 41 56   204 	.ascii "ZGB-SAVE"
             45
    000000BA 00                     205 	.db 0x00
                                    206 	.area _CODE_1
                                    207 	.area _INITIALIZER
                                    208 	.area _CABS (ABS)
