ASxxxx Linker V03.00/V05.40 + sdld,  page 1.
Hexadecimal  [32-Bits]

Area                       Addr        Size        Decimal Bytes (Attributes)
--------------------       ----        ----        ------- ----- ------------
.  .ABS.               00000000    00000000 =           0. bytes (ABS,CON)

        Value  Global            Value  Global            Value  Global    
        -----  ------            -----  ------            -----  ------    
     00000000  .__.ABS.  |    00000000  _rMBC7_SR |    00000000  _rRAMG   
     00000000  l__BASE   |    00000000  l__BSS    |    00000000  l__CABS  
     00000000  l__CODE_0 |    00000000  l__DABS   |    00000000  l__HEADER
     00000000  l__HEADER |    00000000  l__HEADER |    00000000  l__HEAP  
     00000000  l__HEAP_E |    00000000  l__LIT    |    00000000  s__CABS  
     00000000  s__DABS   |    00000000  s__HEADER |    00000000  s__HEADER
     00000000  s__HEADER |    00000000  s__HEADER |    00000000  s__HEADER
     00000000  s__HEADER |    00000000  s__HEADER |    00000000  s__HEADER
     00000000  s__HEADER |    00000000  s__HEADER |    00000000  s__HEADER
     00000000  s__HEADER |    00000000  s__HEADER |    00000000  s__HEADER
     00000000  s__HEADER |    00000000  s__HEADER |    00000000  s__HEADER
     00000000  s__HEADER |    00000000  s__HEADER |    00000000  s__HEADER
     00000000  s__HEADER |    00000000  s__HEADER |    00000000  s__HEADER
     00000001  ___bank_S |    00000001  ___bank_S |    00000001  ___bank_S
     00000001  ___bank_S |    00000001  ___bank_b |    00000001  ___bank_e
     00000001  ___bank_f |    00000001  ___bank_m |    00000001  ___bank_m
     00000001  ___bank_p |    00000001  ___bank_t |    00000001  ___bank_t
     00000001  b_FadeIn  |    00000001  b_FadeOut |    00000001  b_InitSpr
     00000001  b_InitSta |    00000001  b_SetDefa |    00000001  l__GSFINA
     00000001  l__HEADER |    00000001  l__HEADER |    00000001  l__HEADER
     00000001  l__HEADER |    00000001  l__HEADER |    00000001  l__HEADER
     00000001  l__HEADER |    00000002  l__HEADER |    00000002  l__HEADER
     00000002  l__HEADER |    00000003  l__HEADER |    00000003  l__HEADER
     00000005  l__HEADER |    00000006  l__HEADER |    00000006  l__HEADER
     00000007  l__HEADER |    00000008  l__HEADER |    00000011  l__GSINIT
     00000013  l__HRAM   |    00000030  l__HEADER |    00000041  l__INITIA
     00000041  l__INITIA |    00000060  l__HEADER |    000000AB  l__HEADER
     00000200  s__CODE   |    000004D4  l__HOME   |    00000771  l__DATA  
     00000F2F  l__CODE_1 |    00002000  _rROMB0   |    00002118  l__CODE  
     00002318  s__HOME   |    000027EC  s__BASE   |    000027EC  s__CODE_0
     000027EC  s__INITIA |    000027EC  s__LIT    |    0000282D  s__GSINIT
     0000283E  s__GSFINA |    00003000  _rROMB1   |    00004000  _rMBC7_SR
     00004000  _rRAMB    |    00008000  __VRAM    |    00008000  __VRAM800
     00008800  __VRAM880 |    00009000  __VRAM900 |    00009800  __SCRN0  
     00009C00  __SCRN1   |    0000A000  __SRAM    |    0000A000  _rMBC7_LA
     0000A010  _rMBC7_LA |    0000A020  _rMBC7_AC |    0000A030  _rMBC7_AC
     0000A040  _rMBC7_AC |    0000A050  _rMBC7_AC |    0000C000  __RAM    
     0000C000  _shadow_O |    0000C0A0  s__DATA   |    0000C811  s__BSS   
     0000C811  s__INITIA |    0000C852  s__HEAP   |    0000C852  s__HEAP_E
     0000D000  __RAMBANK |    0000DF00  .STACK    |    0000DF00  _mirror_O
     0000DFA0  _font_rec |    0000FE00  __OAMRAM  |    0000FF00  _P1_REG  
     0000FF00  __IO      |    0000FF01  _SB_REG   |    0000FF02  _SC_REG  
     0000FF04  _DIV_REG  |    0000FF05  _TIMA_REG |    0000FF06  _TMA_REG 
     0000FF07  _TAC_REG  |    0000FF0F  _IF_REG   |    0000FF10  _NR10_REG
     0000FF11  _NR11_REG |    0000FF12  _NR12_REG |    0000FF13  _NR13_REG
     0000FF14  _NR14_REG |    0000FF16  _NR21_REG |    0000FF17  _NR22_REG
     0000FF18  _NR23_REG |    0000FF19  _NR24_REG |    0000FF1A  _NR30_REG
     0000FF1B  _NR31_REG |    0000FF1C  _NR32_REG |    0000FF1D  _NR33_REG
     0000FF1E  _NR34_REG |    0000FF20  _NR41_REG |    0000FF21  _NR42_REG
     0000FF22  _NR43_REG |    0000FF23  _NR44_REG |    0000FF24  _NR50_REG
ASxxxx Linker V03.00/V05.40 + sdld,  page 2.
Hexadecimal  [32-Bits]

Area                       Addr        Size        Decimal Bytes (Attributes)
--------------------       ----        ----        ------- ----- ------------
.  .ABS.               00000000    00000000 =           0. bytes (ABS,CON)

        Value  Global            Value  Global            Value  Global    
        -----  ------            -----  ------            -----  ------    
     0000FF25  _NR51_REG |    0000FF26  _NR52_REG |    0000FF30  _AUD3WAVE
     0000FF30  _PCM_SAMP |    0000FF30  __AUD3WAV |    0000FF40  _LCDC_REG
     0000FF41  _STAT_REG |    0000FF42  _SCY_REG  |    0000FF43  _SCX_REG 
     0000FF44  _LY_REG   |    0000FF45  _LYC_REG  |    0000FF46  _DMA_REG 
     0000FF47  _BGP_REG  |    0000FF48  _OBP0_REG |    0000FF49  _OBP1_REG
     0000FF4A  _WY_REG   |    0000FF4B  _WX_REG   |    0000FF4D  _KEY1_REG
     0000FF4F  _VBK_REG  |    0000FF51  _HDMA1_RE |    0000FF52  _HDMA2_RE
     0000FF53  _HDMA3_RE |    0000FF54  _HDMA4_RE |    0000FF55  _HDMA5_RE
     0000FF56  _RP_REG   |    0000FF68  _BCPS_REG |    0000FF69  _BCPD_REG
     0000FF6A  _OCPS_REG |    0000FF6B  _OCPD_REG |    0000FF70  _SVBK_REG
     0000FF76  _PCM12_RE |    0000FF77  _PCM34_RE |    0000FF80  __HRAM   
     0000FF80  s__HRAM   |    0000FFFF  _IE_REG   |    00014000  s__CODE_1
ASxxxx Linker V03.00/V05.40 + sdld,  page 3.
Hexadecimal  [32-Bits]

Area                       Addr        Size        Decimal Bytes (Attributes)
--------------------       ----        ----        ------- ----- ------------
_CODE                  00000200    00002118 =        8472. bytes (REL,CON)

        Value  Global            Value  Global            Value  Global    
        -----  ------            -----  ------            -----  ------    
     00000200  _GetTileR |    00000239  _SetState |    00000241  _main    
     00000411  _ScrollSe |    00000598  _UpdateMa |    000005FF  _LoadMap 
     0000078D  _ScrollSe |    00000860  _ScrollIn |    000008B7  _ScrollCo
     000008C8  _ScrollIn |    000008DA  _ScrollIn |    000008F1  _ScrollRe
     0000090B  _ScrollIn |    00000927  _ScrollSc |    000009A3  _InitScro
     000009C6  _ScrollUp |    00000A2E  _ScrollUp |    00000A86  _ScrollUp
     00000B0F  _ScrollUp |    00000B88  _ScrollUp |    00000BE0  _ScrollUp
     00000C89  _RefreshS |    00000D19  _MoveScro |    00000EA0  _GetScrol
     00000ED5  _GetMapSi |    00000F30  _set_spri |    00000F35  _set_bkg_
     00000F38  .set_pale |    00000F57  _set_spri |    00000F5C  _set_bkg_
     00000F5F  .set_pale |    00000F7B  _set_vram |    00000F84  _set_win_
     00000F8D  _set_bkg_ |    00000FBC  _SpriteMa |    000010D7  _SpriteMa
     000012D9  _SpriteMa |    00001446  _SpriteMa |    00001466  _SpriteMa
     00001472  _SpriteMa |    0000153D  _SpriteMa |    0000169E  _SwapOAMs
     000016EA  _ClearOAM |    000016F1  _InitOAMs |    00001712  _get_win_
     0000171D  _get_bkg_ |    0000173B  __mulsuch |    0000173E  __mulusch
     00001747  __mulscha |    0000174F  __mulint  |    0000176E  __mulucha
     00001780  _BufferEx |    00001793  _BufferRo |    000017A4  _VectorRe
     000017CB  _InitSpri |    0000197C  _SetSprit |    000019F3  _DrawSpri
     00001D9F  _CheckCol |    00001E66  ___move_m |    00001EA3  ___memcpy
     00001EA3  _memcpy   |    00001ED5  _SetWindo |    00001F2C  _InitWind
     00001F41  ___move_m |    00001F41  ___move_m |    00001F82  ___move_m
     00001F82  ___move_m |    00001FC3  ___move_m |    00001FC3  ___move_m
     00002006  _ClampScr |    00002097  .sgb_chec |    00002097  _sgb_chec
     000020DF  _sgb_tran |    000020E4  .sgb_tran |    00002125  _UPDATE_T
     0000228E  _cpu_slow |    000022A9  _cpu_fast |    000022B0  _hide_spr
     000022DF  _GetSprit
ASxxxx Linker V03.00/V05.40 + sdld,  page 4.
Hexadecimal  [32-Bits]

Area                       Addr        Size        Decimal Bytes (Attributes)
--------------------       ----        ----        ------- ----- ------------
_HEADER0               00000000    00000001 =           1. bytes (ABS,CON)

        Value  Global            Value  Global            Value  Global    
        -----  ------            -----  ------            -----  ------    
     00000020  .call_hl 
ASxxxx Linker V03.00/V05.40 + sdld,  page 5.
Hexadecimal  [32-Bits]

Area                       Addr        Size        Decimal Bytes (Attributes)
--------------------       ----        ----        ------- ----- ------------
_HEADER1               00000000    00000005 =           5. bytes (ABS,CON)

        Value  Global            Value  Global            Value  Global    
        -----  ------            -----  ------            -----  ------    
     00000028  .MemsetSm
ASxxxx Linker V03.00/V05.40 + sdld,  page 6.
Hexadecimal  [32-Bits]

Area                       Addr        Size        Decimal Bytes (Attributes)
--------------------       ----        ----        ------- ----- ------------
_HEADER2               00000000    00000007 =           7. bytes (ABS,CON)

        Value  Global            Value  Global            Value  Global    
        -----  ------            -----  ------            -----  ------    
     00000030  .MemcpySm
ASxxxx Linker V03.00/V05.40 + sdld,  page 7.
Hexadecimal  [32-Bits]

Area                       Addr        Size        Decimal Bytes (Attributes)
--------------------       ----        ----        ------- ----- ------------
_HEADER3               00000000    00000008 =           8. bytes (ABS,CON)

        Value  Global            Value  Global            Value  Global    
        -----  ------            -----  ------            -----  ------    
ASxxxx Linker V03.00/V05.40 + sdld,  page 8.
Hexadecimal  [32-Bits]

Area                       Addr        Size        Decimal Bytes (Attributes)
--------------------       ----        ----        ------- ----- ------------
_HEADER4               00000000    00000060 =          96. bytes (ABS,CON)

        Value  Global            Value  Global            Value  Global    
        -----  ------            -----  ------            -----  ------    
     00000080  .int      |    0000008F  _wait_int |    0000009C  __standar
     000000AB  _refresh_ |    000000CC  _set_inte
ASxxxx Linker V03.00/V05.40 + sdld,  page 9.
Hexadecimal  [32-Bits]

Area                       Addr        Size        Decimal Bytes (Attributes)
--------------------       ----        ----        ------- ----- ------------
_HEADER5               00000000    00000001 =           1. bytes (ABS,CON)

        Value  Global            Value  Global            Value  Global    
        -----  ------            -----  ------            -----  ------    
ASxxxx Linker V03.00/V05.40 + sdld,  page 10.
Hexadecimal  [32-Bits]

Area                       Addr        Size        Decimal Bytes (Attributes)
--------------------       ----        ----        ------- ----- ------------
_HEADER6               00000000    00000002 =           2. bytes (ABS,CON)

        Value  Global            Value  Global            Value  Global    
        -----  ------            -----  ------            -----  ------    
ASxxxx Linker V03.00/V05.40 + sdld,  page 11.
Hexadecimal  [32-Bits]

Area                       Addr        Size        Decimal Bytes (Attributes)
--------------------       ----        ----        ------- ----- ------------
_HEADER7               00000000    00000030 =          48. bytes (ABS,CON)

        Value  Global            Value  Global            Value  Global    
        -----  ------            -----  ------            -----  ------    
ASxxxx Linker V03.00/V05.40 + sdld,  page 12.
Hexadecimal  [32-Bits]

Area                       Addr        Size        Decimal Bytes (Attributes)
--------------------       ----        ----        ------- ----- ------------
_HEADER8               00000000    00000006 =           6. bytes (ABS,CON)

        Value  Global            Value  Global            Value  Global    
        -----  ------            -----  ------            -----  ------    
ASxxxx Linker V03.00/V05.40 + sdld,  page 13.
Hexadecimal  [32-Bits]

Area                       Addr        Size        Decimal Bytes (Attributes)
--------------------       ----        ----        ------- ----- ------------
_HEADER9               00000000    00000003 =           3. bytes (ABS,CON)

        Value  Global            Value  Global            Value  Global    
        -----  ------            -----  ------            -----  ------    
ASxxxx Linker V03.00/V05.40 + sdld,  page 14.
Hexadecimal  [32-Bits]

Area                       Addr        Size        Decimal Bytes (Attributes)
--------------------       ----        ----        ------- ----- ------------
_HEADERa               00000000    00000001 =           1. bytes (ABS,CON)

        Value  Global            Value  Global            Value  Global    
        -----  ------            -----  ------            -----  ------    
ASxxxx Linker V03.00/V05.40 + sdld,  page 15.
Hexadecimal  [32-Bits]

Area                       Addr        Size        Decimal Bytes (Attributes)
--------------------       ----        ----        ------- ----- ------------
_HEADERb               00000000    00000001 =           1. bytes (ABS,CON)

        Value  Global            Value  Global            Value  Global    
        -----  ------            -----  ------            -----  ------    
ASxxxx Linker V03.00/V05.40 + sdld,  page 16.
Hexadecimal  [32-Bits]

Area                       Addr        Size        Decimal Bytes (Attributes)
--------------------       ----        ----        ------- ----- ------------
_HEADERc               00000000    00000001 =           1. bytes (ABS,CON)

        Value  Global            Value  Global            Value  Global    
        -----  ------            -----  ------            -----  ------    
ASxxxx Linker V03.00/V05.40 + sdld,  page 17.
Hexadecimal  [32-Bits]

Area                       Addr        Size        Decimal Bytes (Attributes)
--------------------       ----        ----        ------- ----- ------------
_HEADERd               00000000    00000002 =           2. bytes (ABS,CON)

        Value  Global            Value  Global            Value  Global    
        -----  ------            -----  ------            -----  ------    
ASxxxx Linker V03.00/V05.40 + sdld,  page 18.
Hexadecimal  [32-Bits]

Area                       Addr        Size        Decimal Bytes (Attributes)
--------------------       ----        ----        ------- ----- ------------
_HEADERe               00000000    00000001 =           1. bytes (ABS,CON)

        Value  Global            Value  Global            Value  Global    
        -----  ------            -----  ------            -----  ------    
ASxxxx Linker V03.00/V05.40 + sdld,  page 19.
Hexadecimal  [32-Bits]

Area                       Addr        Size        Decimal Bytes (Attributes)
--------------------       ----        ----        ------- ----- ------------
_HEADERf               00000000    00000001 =           1. bytes (ABS,CON)

        Value  Global            Value  Global            Value  Global    
        -----  ------            -----  ------            -----  ------    
ASxxxx Linker V03.00/V05.40 + sdld,  page 20.
Hexadecimal  [32-Bits]

Area                       Addr        Size        Decimal Bytes (Attributes)
--------------------       ----        ----        ------- ----- ------------
_HEADER10              00000000    00000002 =           2. bytes (ABS,CON)

        Value  Global            Value  Global            Value  Global    
        -----  ------            -----  ------            -----  ------    
ASxxxx Linker V03.00/V05.40 + sdld,  page 21.
Hexadecimal  [32-Bits]

Area                       Addr        Size        Decimal Bytes (Attributes)
--------------------       ----        ----        ------- ----- ------------
_HEADER11              00000000    000000AB =         171. bytes (ABS,CON)

        Value  Global            Value  Global            Value  Global    
        -----  ------            -----  ------            -----  ------    
     00000150  .reset    |    00000150  _reset    |    00000157  .code_sta
     000001B9  _exit     |    000001BD  .wait_vbl |    000001BD  _vsync   
     000001BD  _wait_vbl |    000001CD  .remove_V |    000001CD  _remove_V
     000001D0  .remove_i |    000001ED  .add_VBL  |    000001ED  _add_VBL 
     000001F0  .add_int 
ASxxxx Linker V03.00/V05.40 + sdld,  page 22.
Hexadecimal  [32-Bits]

Area                       Addr        Size        Decimal Bytes (Attributes)
--------------------       ----        ----        ------- ----- ------------
_HOME                  00002318    000004D4 =        1236. bytes (REL,CON)

        Value  Global            Value  Global            Value  Global    
        -----  ------            -----  ------            -----  ------    
     00002318  .memset_s |    00002321  .memcpy_s |    0000233E  .display_
     0000233E  _display_ |    00002356  _StateDes |    00002357  _MUSIC_is
     000023BC  ___PlayMu |    00002406  _SetPalet |    000024E2  _set_spri
     0000250B  _memcmp   |    00002534  _joypad_i |    00002582  .joypad_e
     00002582  _joypad_e |    000025D3  _add_low_ |    000025D6  .add_TIM 
     000025DC  .remove_T |    000025DC  _remove_T |    000025E2  ___sdcc_c
     000025E3  _memset   |    00002616  _LCD_isr  |    0000264A  ___sdcc_b
     0000265E  _VBL_isr  |    0000267F  _sfx_play |    00002759  _set_tile
     0000275E  _set_bkg_ |    0000275E  _set_win_ |    00002766  _set_spri
     000027C5  .add_LCD  |    000027C5  _add_LCD  |    000027CB  .remove_L
     000027CB  _remove_L |    000027D1  _SyncVBla
ASxxxx Linker V03.00/V05.40 + sdld,  page 23.
Hexadecimal  [32-Bits]

Area                       Addr        Size        Decimal Bytes (Attributes)
--------------------       ----        ----        ------- ----- ------------
_INITIALIZER           000027EC    00000041 =          65. bytes (REL,CON)

        Value  Global            Value  Global            Value  Global    
        -----  ------            -----  ------            -----  ------    
ASxxxx Linker V03.00/V05.40 + sdld,  page 24.
Hexadecimal  [32-Bits]

Area                       Addr        Size        Decimal Bytes (Attributes)
--------------------       ----        ----        ------- ----- ------------
_GSINIT                0000282D    00000011 =          17. bytes (REL,CON)

        Value  Global            Value  Global            Value  Global    
        -----  ------            -----  ------            -----  ------    
     0000282D  gsinit   
ASxxxx Linker V03.00/V05.40 + sdld,  page 25.
Hexadecimal  [32-Bits]

Area                       Addr        Size        Decimal Bytes (Attributes)
--------------------       ----        ----        ------- ----- ------------
_GSFINAL               0000283E    00000001 =           1. bytes (REL,CON)

        Value  Global            Value  Global            Value  Global    
        -----  ------            -----  ------            -----  ------    
ASxxxx Linker V03.00/V05.40 + sdld,  page 26.
Hexadecimal  [32-Bits]

Area                       Addr        Size        Decimal Bytes (Attributes)
--------------------       ----        ----        ------- ----- ------------
_DATA                  0000C0A0    00000771 =        1905. bytes (REL,CON)

        Value  Global            Value  Global            Value  Global    
        -----  ------            -----  ------            -----  ------    
     0000C0A0  __cpu     |    0000C0A1  __is_GBA  |    0000C0A2  .mode    
     0000C0A3  .sys_time |    0000C0A3  _sys_time |    0000C0A5  .int_0x40
     0000C0B1  _stateBan |    0000C0B2  _startFun |    0000C0B4  _updateFu
     0000C0B6  _destroyF |    0000C0B8  _spriteBa |    0000C0BB  _spriteDa
     0000C0BE  _spriteSt |    0000C0C4  _spriteUp |    0000C0CA  _spriteDe
     0000C0D0  _spriteDa |    0000C0D6  _spriteFl |    0000C0D9  _spriteId
     0000C0DC  _spriteId |    0000C0DF  _spriteId |    0000C0E2  _spriteId
     0000C0E5  _spritePa |    0000C0E8  _delta_ti |    0000C0E9  _current_
     0000C0EA  _scroll_w |    0000C0EC  _scroll_h |    0000C0EE  _scroll_t
     0000C0F0  _scroll_t |    0000C0F2  _scroll_c |    0000C1F2  _scroll_t
     0000C2F2  _scroll_b |    0000C2F3  _pending_ |    0000C2F5  _pending_
     0000C2F7  _pending_ |    0000C2F8  _pending_ |    0000C2FA  _pending_
     0000C2FC  _pending_ |    0000C2FD  _hud_map_ |    0000C2FF  _tiles_ba
     0000C300  _tiles_0  |    0000C302  _scroll_p |    0000C304  _scroll_c
     0000C31D  _ZGB_Fadi |    0000C35D  _ZGB_Fadi |    0000C41E  _sprite_m
     0000C78E  _sprite_m |    0000C7B6  _sprite_m |    0000C7CA  _sprite_m
     0000C7DF  _sprite_m |    0000C7E0  _last_spr |    0000C7E2  _last_spr
     0000C7E3  _prev_scr |    0000C7E6  _joypads  |    0000C7EB  _old_joyp
     0000C7F4  .int_0x50 |    0000C7FE  ___curren |    0000C800  ___curren
     0000C801  ___curren |    0000C807  _sfx_fram |    0000C808  .int_0x48
ASxxxx Linker V03.00/V05.40 + sdld,  page 27.
Hexadecimal  [32-Bits]

Area                       Addr        Size        Decimal Bytes (Attributes)
--------------------       ----        ----        ------- ----- ------------
_INITIALIZED           0000C811    00000041 =          65. bytes (REL,CON)

        Value  Global            Value  Global            Value  Global    
        -----  ------            -----  ------            -----  ------    
     0000C811  _next_sta |    0000C812  __is_SGB  |    0000C813  _state_ru
     0000C814  _fade_mod |    0000C815  _vbl_coun |    0000C816  _scroll_t
     0000C817  _scroll_b |    0000C818  _scroll_m |    0000C81A  _scroll_c
     0000C81C  _scroll_x |    0000C81E  _scroll_y |    0000C820  _scroll_x
     0000C822  _scroll_y |    0000C824  _scroll_t |    0000C826  _scroll_o
     0000C827  _scroll_o |    0000C828  _scroll_h |    0000C82A  _clamp_en
     0000C82B  _pending_ |    0000C82D  _pending_ |    0000C82F  _pending_
     0000C831  _pending_ |    0000C833  _last_til |    0000C834  _music_pa
     0000C835  _music_mu |    0000C836  _sfx_prio |    0000C837  _last_mus
     0000C839  _last_mus |    0000C83A  _stop_mus |    0000C83B  _last_bg_
     0000C83C  _sprite_m |    0000C83E  _sprite_t |    0000C840  _enable_f
     0000C841  _THIS_IDX |    0000C842  _THIS     |    0000C844  _next_oam
     0000C845  _oam      |    0000C847  _oam0     |    0000C849  _oam1    
     0000C84B  ___render |    0000C84C  _win_star |    0000C84D  _win_stop
     0000C84E  _win_x    |    0000C84F  _sfx_play |    0000C850  _sfx_play
ASxxxx Linker V03.00/V05.40 + sdld,  page 28.
Hexadecimal  [32-Bits]

Area                       Addr        Size        Decimal Bytes (Attributes)
--------------------       ----        ----        ------- ----- ------------
_HRAM                  0000FF80    00000013 =          19. bytes (REL,CON)

        Value  Global            Value  Global            Value  Global    
        -----  ------            -----  ------            -----  ------    
     0000FF80  .refresh_ |    0000FF90  __current |    0000FF91  __vbl_don
     0000FF92  __shadow_
ASxxxx Linker V03.00/V05.40 + sdld,  page 29.
Hexadecimal  [32-Bits]

Area                       Addr        Size        Decimal Bytes (Attributes)
--------------------       ----        ----        ------- ----- ------------
_CODE_1                00014000    00000F2F =        3887. bytes (REL,CON)

        Value  Global            Value  Global            Value  Global    
        -----  ------            -----  ------            -----  ------    
     00014000  ___func_f |    00014000  _font_pal |    00014008  _font_tab
     00014088  _font_til |    00014378  _font_fon |    00014380  _font    
     00014388  ___func_m |    00014388  ___func_m |    00014388  _map_pale
     00014390  _map_tile |    000143B0  _map_tile |    000143B2  _map_tile
     000143BA  _map_map  |    0001468A  _map      |    00014698  _Start_Sp
     000146B5  _Update_S |    000148BC  _Destroy_ |    000148BD  _InitStat
     000148F9  _InitSpri |    00014981  _Start_Sp |    00014990  _Update_S
     000149FF  _Destroy_ |    00014A00  ___func_p |    00014A00  _player_p
     00014A08  _player_t |    00014A48  _player_m |    00014A54  _player_m
     00014A56  _player   |    00014A61  ___func_e |    00014A61  _enemy_pa
     00014A69  _enemy_ti |    00014AA9  _enemy_me |    00014AB5  _enemy_me
     00014AB7  _enemy    |    00014AC2  _Start_St |    00014B12  _Update_S
     00014B13  ___func_t |    00014B13  ___func_t |    00014B13  _tiles_pa
     00014B1B  _tiles_ti |    00014B3B  _tiles_ti |    00014B3D  _tiles_ti
     00014B45  _tiles_ma |    00014B47  _tiles    |    00014B55  ___func_b
     00014B55  _bullet_p |    00014B5D  _bullet_t |    00014B7D  _bullet_m
     00014B85  _bullet_m |    00014B87  _bullet   |    00014B92  _Start_Sp
     00014B93  _Update_S |    00014BC1  _Destroy_ |    00014BC2  _FadeDMG 
     00014D35  _UpdateCo |    00014DBB  _FadeStep |    00014E75  _FadeIn  
     00014E94  _FadeOut  |    00014EB4  _SetDefau |    00014EEF  _default_
ASxxxx Linker V03.00/V05.40 + sdld,  page 30.
Hexadecimal  [32-Bits]

Area                       Addr        Size        Decimal Bytes (Attributes)
--------------------       ----        ----        ------- ----- ------------
_HEADER_NESTED_TIM0    00000000    00000006 =           6. bytes (ABS,CON)

        Value  Global            Value  Global            Value  Global    
        -----  ------            -----  ------            -----  ------    
ASxxxx Linker V03.00/V05.40 + sdld,  page 31.
Hexadecimal  [32-Bits]

Area                       Addr        Size        Decimal Bytes (Attributes)
--------------------       ----        ----        ------- ----- ------------
_HEADER_LCD0           00000000    00000003 =           3. bytes (ABS,CON)

        Value  Global            Value  Global            Value  Global    
        -----  ------            -----  ------            -----  ------    
ASxxxx Linker V03.00/V05.40 + sdld,  page 32.

Files Linked                              [ module(s) ]

C:\Users\franc\Documents\Projets\Perso\GameBoyProjects\GBDK\lib/gb/crt0.o
                                          [ Runtime ]
../obj/Release/gbc/ZGBMain.rel            [ ZGBMain ]
../obj/Release/gbc/res/font.png.rel       [ font_png ]
../obj/Release/gbc/res/map.png.rel        [ map_png ]
../obj/Release/gbc/SpritePlayer.rel       [ SpritePlayer ]
../obj/Release/gbc/ZGBMain_Init.rel       [ ZGBMain_Init ]
../obj/Release/gbc/SpriteEnemy.rel        [ SpriteEnemy ]
../obj/Release/gbc/res/sprites/player.png.rel
                                          [ player_png ]
../obj/Release/gbc/res/sprites/enemy.png.rel
                                          [ enemy_png ]
../obj/Release/gbc/StateGame.rel          [ StateGame ]
../obj/Release/gbc/res/tiles.png.rel      [ tiles_png ]
../obj/Release/gbc/res/sprites/bullet.png.rel
                                          [ bullet_png ]
../obj/Release/gbc/SpriteBullet.rel       [ SpriteBullet ]


Libraries Linked                          [ object file ]

../obj/Release/gbc/zgb/zgb.lib            [ main.o ]
../obj/Release/gbc/zgb/zgb.lib            [ Scroll.o ]
../obj/Release/gbc/zgb/zgb.lib            [ Fade.o ]
C:\Users\franc\Documents\Projets\Perso\GameBoyProjects\GBDK\lib/gb/gb.lib
                                          [ cgb_palettes.o ]
C:\Users\franc\Documents\Projets\Perso\GameBoyProjects\GBDK\lib/gb/gb.lib
                                          [ sfr.o ]
../obj/Release/gbc/zgb/zgb.lib            [ Music.o ]
../obj/Release/gbc/zgb/zgb.lib            [ Palette.o ]
C:\Users\franc\Documents\Projets\Perso\GameBoyProjects\GBDK\lib/gb/gb.lib
                                          [ set_tile.o ]
../obj/Release/gbc/zgb/zgb.lib            [ SpriteManager.o ]
../obj/Release/gbc/zgb/zgb.lib            [ OAMManager.o ]
C:\Users\franc\Documents\Projets\Perso\GameBoyProjects\GBDK\lib/gb/gb.lib
                                          [ get_addr.o ]
C:\Users\franc\Documents\Projets\Perso\GameBoyProjects\GBDK\lib/sm83/sm83.lib
                                          [ mul.o ]
../obj/Release/gbc/zgb/zgb.lib            [ set_sprite_data.o ]
../obj/Release/gbc/zgb/zgb.lib            [ Keys.o ]
../obj/Release/gbc/zgb/zgb.lib            [ Vector.o ]
C:\Users\franc\Documents\Projets\Perso\GameBoyProjects\GBDK\lib/sm83/sm83.lib
                                          [ _memcmp.o ]
C:\Users\franc\Documents\Projets\Perso\GameBoyProjects\GBDK\lib/gb/gb.lib
                                          [ pad_ex.o ]
C:\Users\franc\Documents\Projets\Perso\GameBoyProjects\GBDK\lib/gb/gb.lib
                                          [ tim_nested.o ]
../obj/Release/gbc/zgb/zgb.lib            [ Sprite.o ]
C:\Users\franc\Documents\Projets\Perso\GameBoyProjects\GBDK\lib/gb/gb.lib
                                          [ tim_common.o ]
C:\Users\franc\Documents\Projets\Perso\GameBoyProjects\GBDK\lib/gb/gb.lib
                                          [ metasprites.o ]
C:\Users\franc\Documents\Projets\Perso\GameBoyProjects\GBDK\lib/sm83/sm83.lib
                                          [ __sdcc_call_hl.o ]
C:\Users\franc\Documents\Projets\Perso\GameBoyProjects\GBDK\lib/sm83/sm83.lib
                                          [ _memset.o ]
C:\Users\franc\Documents\Projets\Perso\GameBoyProjects\GBDK\lib/sm83/sm83.lib
                                          [ memcpy.o ]
../obj/Release/gbc/zgb/zgb.lib            [ Window.o ]
C:\Users\franc\Documents\Projets\Perso\GameBoyProjects\GBDK\lib/gb/gb.lib
                                          [ metasprites_flip.o ]
../obj/Release/gbc/zgb/zgb.lib            [ DefScrollLimits.o ]
C:\Users\franc\Documents\Projets\Perso\GameBoyProjects\GBDK\lib/gb/gb.lib
                                          [ sgb.o ]
../obj/Release/gbc/zgb/zgb.lib            [ ScrollUpdateTile.o ]
C:\Users\franc\Documents\Projets\Perso\GameBoyProjects\GBDK\lib/gb/gb.lib
                                          [ ___sdcc_bcall_ehl.o ]
../obj/Release/gbc/zgb/zgb.lib            [ DefVBlankHandler.o ]
../obj/Release/gbc/zgb/zgb.lib            [ sfxplayer.o ]
C:\Users\franc\Documents\Projets\Perso\GameBoyProjects\GBDK\lib/gb/gb.lib
                                          [ cgb.o ]
C:\Users\franc\Documents\Projets\Perso\GameBoyProjects\GBDK\lib/gb/gb.lib
                                          [ set_data.o ]
C:\Users\franc\Documents\Projets\Perso\GameBoyProjects\GBDK\lib/gb/gb.lib
                                          [ lcd.o ]
../obj/Release/gbc/zgb/zgb.lib            [ DefVSync.o ]
C:\Users\franc\Documents\Projets\Perso\GameBoyProjects\GBDK\lib/gb/gb.lib
                                          [ metasprites_hide_spr.o ]
../obj/Release/gbc/zgb/zgb.lib            [ DefAnimHandler.o ]

ASxxxx Linker V03.00/V05.40 + sdld,  page 33.

User Base Address Definitions

_DATA=0xC0A0
_CODE=0x0200
_HRAM=0xFF80
ASxxxx Linker V03.00/V05.40 + sdld,  page 34.

User Global Definitions

.STACK=0xDF00
_mirror_OAM=0xDF00
_font_recode_table=0xDFA0
_shadow_OAM=0xC000

