ASxxxx Linker V03.00/V05.40 + sdld,  page 1.
Hexadecimal  [32-Bits]

Area                       Addr        Size        Decimal Bytes (Attributes)
--------------------       ----        ----        ------- ----- ------------
.  .ABS.               00000000    00000000 =           0. bytes (ABS,CON)

        Value  Global            Value  Global            Value  Global    
        -----  ------            -----  ------            -----  ------    
     00000000  .__.ABS.  |    00000000  _rMBC7_SR |    00000000  _rRAMG   
     00000000  l__BASE   |    00000000  l__BSS    |    00000000  l__CABS  
     00000000  l__CODE_0 |    00000000  l__DABS   |    00000000  l__EMU_HE
     00000000  l__HEADER |    00000000  l__HEADER |    00000000  l__HEADER
     00000000  l__HEAP   |    00000000  l__HEAP_E |    00000000  l__LIT   
     00000000  s__CABS   |    00000000  s__DABS   |    00000000  s__EMU_HE
     00000000  s__EMU_HE |    00000000  s__HEADER |    00000000  s__HEADER
     00000000  s__HEADER |    00000000  s__HEADER |    00000000  s__HEADER
     00000000  s__HEADER |    00000000  s__HEADER |    00000000  s__HEADER
     00000000  s__HEADER |    00000000  s__HEADER |    00000000  s__HEADER
     00000000  s__HEADER |    00000000  s__HEADER |    00000000  s__HEADER
     00000000  s__HEADER |    00000000  s__HEADER |    00000000  s__HEADER
     00000000  s__HEADER |    00000000  s__HEADER |    00000000  s__HEADER
     00000000  s__HEADER |    00000000  s__HEADER |    00000000  s__HEADER
     00000001  ___bank_S |    00000001  ___bank_S |    00000001  ___bank_S
     00000001  ___bank_S |    00000001  ___bank_b |    00000001  ___bank_e
     00000001  ___bank_f |    00000001  ___bank_m |    00000001  ___bank_m
     00000001  ___bank_o |    00000001  ___bank_p |    00000001  ___bank_t
     00000001  ___bank_t |    00000001  b_FadeIn  |    00000001  b_FadeOut
     00000001  b_InitSpr |    00000001  b_InitSta |    00000001  b_SetDefa
     00000001  l__GSFINA |    00000001  l__HEADER |    00000001  l__HEADER
     00000001  l__HEADER |    00000001  l__HEADER |    00000001  l__HEADER
     00000001  l__HEADER |    00000001  l__HEADER |    00000002  l__HEADER
     00000002  l__HEADER |    00000002  l__HEADER |    00000003  l__EMU_HE
     00000003  l__HEADER |    00000003  l__HEADER |    00000005  l__HEADER
     00000006  l__HEADER |    00000006  l__HEADER |    00000007  l__HEADER
     00000008  l__HEADER |    00000011  l__GSINIT |    00000013  l__HRAM  
     00000030  l__HEADER |    00000044  l__INITIA |    00000044  l__INITIA
     00000060  l__HEADER |    000000AB  l__HEADER |    00000200  s__CODE  
     00000539  l__HOME   |    00000775  l__DATA   |    0000155F  l__CODE_1
     00002000  _rROMB0   |    00002594  l__CODE   |    00002794  s__HOME  
     00002CCD  s__BASE   |    00002CCD  s__CODE_0 |    00002CCD  s__INITIA
     00002CCD  s__LIT    |    00002D11  s__GSINIT |    00002D22  s__GSFINA
     00003000  _rROMB1   |    00004000  _rMBC7_SR |    00004000  _rRAMB   
     00008000  __VRAM    |    00008000  __VRAM800 |    00008800  __VRAM880
     00009000  __VRAM900 |    00009800  __SCRN0   |    00009C00  __SCRN1  
     0000A000  __SRAM    |    0000A000  _rMBC7_LA |    0000A010  _rMBC7_LA
     0000A020  _rMBC7_AC |    0000A030  _rMBC7_AC |    0000A040  _rMBC7_AC
     0000A050  _rMBC7_AC |    0000C000  __RAM     |    0000C000  _shadow_O
     0000C0A0  s__DATA   |    0000C815  s__BSS    |    0000C815  s__INITIA
     0000C859  s__HEAP   |    0000C859  s__HEAP_E |    0000D000  __RAMBANK
     0000DF00  .STACK    |    0000DF00  _mirror_O |    0000DFA0  _font_rec
     0000FE00  __OAMRAM  |    0000FF00  _P1_REG   |    0000FF00  __IO     
     0000FF01  _SB_REG   |    0000FF02  _SC_REG   |    0000FF04  _DIV_REG 
     0000FF05  _TIMA_REG |    0000FF06  _TMA_REG  |    0000FF07  _TAC_REG 
     0000FF0F  _IF_REG   |    0000FF10  _NR10_REG |    0000FF11  _NR11_REG
     0000FF12  _NR12_REG |    0000FF13  _NR13_REG |    0000FF14  _NR14_REG
     0000FF16  _NR21_REG |    0000FF17  _NR22_REG |    0000FF18  _NR23_REG
     0000FF19  _NR24_REG |    0000FF1A  _NR30_REG |    0000FF1B  _NR31_REG
     0000FF1C  _NR32_REG |    0000FF1D  _NR33_REG |    0000FF1E  _NR34_REG
ASxxxx Linker V03.00/V05.40 + sdld,  page 2.
Hexadecimal  [32-Bits]

Area                       Addr        Size        Decimal Bytes (Attributes)
--------------------       ----        ----        ------- ----- ------------
.  .ABS.               00000000    00000000 =           0. bytes (ABS,CON)

        Value  Global            Value  Global            Value  Global    
        -----  ------            -----  ------            -----  ------    
     0000FF20  _NR41_REG |    0000FF21  _NR42_REG |    0000FF22  _NR43_REG
     0000FF23  _NR44_REG |    0000FF24  _NR50_REG |    0000FF25  _NR51_REG
     0000FF26  _NR52_REG |    0000FF30  _AUD3WAVE |    0000FF30  _PCM_SAMP
     0000FF30  __AUD3WAV |    0000FF40  _LCDC_REG |    0000FF41  _STAT_REG
     0000FF42  _SCY_REG  |    0000FF43  _SCX_REG  |    0000FF44  _LY_REG  
     0000FF45  _LYC_REG  |    0000FF46  _DMA_REG  |    0000FF47  _BGP_REG 
     0000FF48  _OBP0_REG |    0000FF49  _OBP1_REG |    0000FF4A  _WY_REG  
     0000FF4B  _WX_REG   |    0000FF4D  _KEY1_REG |    0000FF4F  _VBK_REG 
     0000FF51  _HDMA1_RE |    0000FF52  _HDMA2_RE |    0000FF53  _HDMA3_RE
     0000FF54  _HDMA4_RE |    0000FF55  _HDMA5_RE |    0000FF56  _RP_REG  
     0000FF68  _BCPS_REG |    0000FF69  _BCPD_REG |    0000FF6A  _OCPS_REG
     0000FF6B  _OCPD_REG |    0000FF70  _SVBK_REG |    0000FF76  _PCM12_RE
     0000FF77  _PCM34_RE |    0000FF80  __HRAM    |    0000FF80  s__HRAM  
     0000FFFF  _IE_REG   |    00014000  s__CODE_1
ASxxxx Linker V03.00/V05.40 + sdld,  page 3.
Hexadecimal  [32-Bits]

Area                       Addr        Size        Decimal Bytes (Attributes)
--------------------       ----        ----        ------- ----- ------------
_CODE                  00000200    00002594 =        9620. bytes (REL,CON)

        Value  Global            Value  Global            Value  Global    
        -----  ------            -----  ------            -----  ------    
     00000200  _GetTileR |    00000239  _Translat |    000006B5  _SetState
     000006BD  _main     |    0000088D  _ScrollSe |    00000A14  _UpdateMa
     00000A7B  _LoadMap  |    00000C09  _ScrollSe |    00000CDC  _ScrollIn
     00000D33  _ScrollCo |    00000D44  _ScrollIn |    00000D56  _ScrollIn
     00000D6D  _ScrollRe |    00000D87  _ScrollIn |    00000DA3  _ScrollSc
     00000E1F  _InitScro |    00000E42  _ScrollUp |    00000EAA  _ScrollUp
     00000F02  _ScrollUp |    00000F8B  _ScrollUp |    00001004  _ScrollUp
     0000105C  _ScrollUp |    00001105  _RefreshS |    00001195  _MoveScro
     0000131C  _GetScrol |    00001351  _GetMapSi |    000013AC  _set_spri
     000013B1  _set_bkg_ |    000013B4  .set_pale |    000013D3  _set_spri
     000013D8  _set_bkg_ |    000013DB  .set_pale |    000013F7  _set_vram
     00001400  _set_win_ |    00001409  _set_bkg_ |    00001438  _SpriteMa
     00001553  _SpriteMa |    00001755  _SpriteMa |    000018C2  _SpriteMa
     000018E2  _SpriteMa |    000018EE  _SpriteMa |    000019B9  _SpriteMa
     00001B1A  _SwapOAMs |    00001B66  _ClearOAM |    00001B6D  _InitOAMs
     00001B8E  _get_win_ |    00001B99  _get_bkg_ |    00001BB7  __mulsuch
     00001BBA  __mulusch |    00001BC3  __mulscha |    00001BCB  __mulint 
     00001BEA  __mulucha |    00001BFC  _BufferEx |    00001C0F  _BufferRo
     00001C20  _VectorRe |    00001C47  _InitSpri |    00001DF8  _SetSprit
     00001E6F  _DrawSpri |    0000221B  _CheckCol |    000022E2  ___move_m
     0000231F  ___memcpy |    0000231F  _memcpy   |    00002351  _SetWindo
     000023A8  _InitWind |    000023BD  ___move_m |    000023BD  ___move_m
     000023FE  ___move_m |    000023FE  ___move_m |    0000243F  ___move_m
     0000243F  ___move_m |    00002482  _ClampScr |    00002513  .sgb_chec
     00002513  _sgb_chec |    0000255B  _sgb_tran |    00002560  .sgb_tran
     000025A1  _UPDATE_T |    0000270A  _cpu_slow |    00002725  _cpu_fast
     0000272C  _hide_spr |    0000275B  _GetSprit
ASxxxx Linker V03.00/V05.40 + sdld,  page 4.
Hexadecimal  [32-Bits]

Area                       Addr        Size        Decimal Bytes (Attributes)
--------------------       ----        ----        ------- ----- ------------
_HEADER0               00000000    00000001 =           1. bytes (ABS,CON)

        Value  Global            Value  Global            Value  Global    
        -----  ------            -----  ------            -----  ------    
     00000020  .call_hl 
ASxxxx Linker V03.00/V05.40 + sdld,  page 5.
Hexadecimal  [32-Bits]

Area                       Addr        Size        Decimal Bytes (Attributes)
--------------------       ----        ----        ------- ----- ------------
_HEADER1               00000000    00000005 =           5. bytes (ABS,CON)

        Value  Global            Value  Global            Value  Global    
        -----  ------            -----  ------            -----  ------    
     00000028  .MemsetSm
ASxxxx Linker V03.00/V05.40 + sdld,  page 6.
Hexadecimal  [32-Bits]

Area                       Addr        Size        Decimal Bytes (Attributes)
--------------------       ----        ----        ------- ----- ------------
_HEADER2               00000000    00000007 =           7. bytes (ABS,CON)

        Value  Global            Value  Global            Value  Global    
        -----  ------            -----  ------            -----  ------    
     00000030  .MemcpySm
ASxxxx Linker V03.00/V05.40 + sdld,  page 7.
Hexadecimal  [32-Bits]

Area                       Addr        Size        Decimal Bytes (Attributes)
--------------------       ----        ----        ------- ----- ------------
_HEADER3               00000000    00000008 =           8. bytes (ABS,CON)

        Value  Global            Value  Global            Value  Global    
        -----  ------            -----  ------            -----  ------    
ASxxxx Linker V03.00/V05.40 + sdld,  page 8.
Hexadecimal  [32-Bits]

Area                       Addr        Size        Decimal Bytes (Attributes)
--------------------       ----        ----        ------- ----- ------------
_HEADER4               00000000    00000060 =          96. bytes (ABS,CON)

        Value  Global            Value  Global            Value  Global    
        -----  ------            -----  ------            -----  ------    
     00000080  .int      |    0000008F  _wait_int |    0000009C  __standar
     000000AB  _refresh_ |    000000CC  _set_inte
ASxxxx Linker V03.00/V05.40 + sdld,  page 9.
Hexadecimal  [32-Bits]

Area                       Addr        Size        Decimal Bytes (Attributes)
--------------------       ----        ----        ------- ----- ------------
_HEADER5               00000000    00000001 =           1. bytes (ABS,CON)

        Value  Global            Value  Global            Value  Global    
        -----  ------            -----  ------            -----  ------    
ASxxxx Linker V03.00/V05.40 + sdld,  page 10.
Hexadecimal  [32-Bits]

Area                       Addr        Size        Decimal Bytes (Attributes)
--------------------       ----        ----        ------- ----- ------------
_HEADER6               00000000    00000002 =           2. bytes (ABS,CON)

        Value  Global            Value  Global            Value  Global    
        -----  ------            -----  ------            -----  ------    
ASxxxx Linker V03.00/V05.40 + sdld,  page 11.
Hexadecimal  [32-Bits]

Area                       Addr        Size        Decimal Bytes (Attributes)
--------------------       ----        ----        ------- ----- ------------
_HEADER7               00000000    00000030 =          48. bytes (ABS,CON)

        Value  Global            Value  Global            Value  Global    
        -----  ------            -----  ------            -----  ------    
ASxxxx Linker V03.00/V05.40 + sdld,  page 12.
Hexadecimal  [32-Bits]

Area                       Addr        Size        Decimal Bytes (Attributes)
--------------------       ----        ----        ------- ----- ------------
_HEADER8               00000000    00000006 =           6. bytes (ABS,CON)

        Value  Global            Value  Global            Value  Global    
        -----  ------            -----  ------            -----  ------    
ASxxxx Linker V03.00/V05.40 + sdld,  page 13.
Hexadecimal  [32-Bits]

Area                       Addr        Size        Decimal Bytes (Attributes)
--------------------       ----        ----        ------- ----- ------------
_HEADER9               00000000    00000003 =           3. bytes (ABS,CON)

        Value  Global            Value  Global            Value  Global    
        -----  ------            -----  ------            -----  ------    
ASxxxx Linker V03.00/V05.40 + sdld,  page 14.
Hexadecimal  [32-Bits]

Area                       Addr        Size        Decimal Bytes (Attributes)
--------------------       ----        ----        ------- ----- ------------
_HEADERa               00000000    00000001 =           1. bytes (ABS,CON)

        Value  Global            Value  Global            Value  Global    
        -----  ------            -----  ------            -----  ------    
ASxxxx Linker V03.00/V05.40 + sdld,  page 15.
Hexadecimal  [32-Bits]

Area                       Addr        Size        Decimal Bytes (Attributes)
--------------------       ----        ----        ------- ----- ------------
_HEADERb               00000000    00000001 =           1. bytes (ABS,CON)

        Value  Global            Value  Global            Value  Global    
        -----  ------            -----  ------            -----  ------    
ASxxxx Linker V03.00/V05.40 + sdld,  page 16.
Hexadecimal  [32-Bits]

Area                       Addr        Size        Decimal Bytes (Attributes)
--------------------       ----        ----        ------- ----- ------------
_HEADERc               00000000    00000001 =           1. bytes (ABS,CON)

        Value  Global            Value  Global            Value  Global    
        -----  ------            -----  ------            -----  ------    
ASxxxx Linker V03.00/V05.40 + sdld,  page 17.
Hexadecimal  [32-Bits]

Area                       Addr        Size        Decimal Bytes (Attributes)
--------------------       ----        ----        ------- ----- ------------
_HEADERd               00000000    00000002 =           2. bytes (ABS,CON)

        Value  Global            Value  Global            Value  Global    
        -----  ------            -----  ------            -----  ------    
ASxxxx Linker V03.00/V05.40 + sdld,  page 18.
Hexadecimal  [32-Bits]

Area                       Addr        Size        Decimal Bytes (Attributes)
--------------------       ----        ----        ------- ----- ------------
_HEADERe               00000000    00000001 =           1. bytes (ABS,CON)

        Value  Global            Value  Global            Value  Global    
        -----  ------            -----  ------            -----  ------    
ASxxxx Linker V03.00/V05.40 + sdld,  page 19.
Hexadecimal  [32-Bits]

Area                       Addr        Size        Decimal Bytes (Attributes)
--------------------       ----        ----        ------- ----- ------------
_HEADERf               00000000    00000001 =           1. bytes (ABS,CON)

        Value  Global            Value  Global            Value  Global    
        -----  ------            -----  ------            -----  ------    
ASxxxx Linker V03.00/V05.40 + sdld,  page 20.
Hexadecimal  [32-Bits]

Area                       Addr        Size        Decimal Bytes (Attributes)
--------------------       ----        ----        ------- ----- ------------
_HEADER10              00000000    00000002 =           2. bytes (ABS,CON)

        Value  Global            Value  Global            Value  Global    
        -----  ------            -----  ------            -----  ------    
ASxxxx Linker V03.00/V05.40 + sdld,  page 21.
Hexadecimal  [32-Bits]

Area                       Addr        Size        Decimal Bytes (Attributes)
--------------------       ----        ----        ------- ----- ------------
_HEADER11              00000000    000000AB =         171. bytes (ABS,CON)

        Value  Global            Value  Global            Value  Global    
        -----  ------            -----  ------            -----  ------    
     00000150  .reset    |    00000150  _reset    |    00000157  .code_sta
     000001B9  _exit     |    000001BD  .wait_vbl |    000001BD  _vsync   
     000001BD  _wait_vbl |    000001CD  .remove_V |    000001CD  _remove_V
     000001D0  .remove_i |    000001ED  .add_VBL  |    000001ED  _add_VBL 
     000001F0  .add_int 
ASxxxx Linker V03.00/V05.40 + sdld,  page 22.
Hexadecimal  [32-Bits]

Area                       Addr        Size        Decimal Bytes (Attributes)
--------------------       ----        ----        ------- ----- ------------
_HOME                  00002794    00000539 =        1337. bytes (REL,CON)

        Value  Global            Value  Global            Value  Global    
        -----  ------            -----  ------            -----  ------    
     00002794  .memset_s |    0000279D  .memcpy_s |    000027BA  .display_
     000027BA  _display_ |    000027D2  _StateDes |    000027D3  _EMU_prof
     0000281B  _MUSIC_is |    00002880  ___PlayMu |    000028CA  _SetPalet
     000029A6  _set_spri |    000029CF  _memcmp   |    000029F8  _joypad_i
     00002A46  .joypad_e |    00002A46  _joypad_e |    00002A97  _add_low_
     00002A9A  .add_TIM  |    00002AA0  .remove_T |    00002AA0  _remove_T
     00002AA6  ___sdcc_c |    00002AA7  _memset   |    00002ADA  _LCD_isr 
     00002B0E  ___sdcc_b |    00002B22  _VBL_isr  |    00002B43  _sfx_play
     00002C1D  _set_tile |    00002C22  _set_bkg_ |    00002C22  _set_win_
     00002C2A  _set_spri |    00002C5A  _EMU_prin |    00002C6B  _EMU_fmtb
     00002CA6  .add_LCD  |    00002CA6  _add_LCD  |    00002CAC  .remove_L
     00002CAC  _remove_L |    00002CB2  _SyncVBla
ASxxxx Linker V03.00/V05.40 + sdld,  page 23.
Hexadecimal  [32-Bits]

Area                       Addr        Size        Decimal Bytes (Attributes)
--------------------       ----        ----        ------- ----- ------------
_INITIALIZER           00002CCD    00000044 =          68. bytes (REL,CON)

        Value  Global            Value  Global            Value  Global    
        -----  ------            -----  ------            -----  ------    
ASxxxx Linker V03.00/V05.40 + sdld,  page 24.
Hexadecimal  [32-Bits]

Area                       Addr        Size        Decimal Bytes (Attributes)
--------------------       ----        ----        ------- ----- ------------
_GSINIT                00002D11    00000011 =          17. bytes (REL,CON)

        Value  Global            Value  Global            Value  Global    
        -----  ------            -----  ------            -----  ------    
     00002D11  gsinit   
ASxxxx Linker V03.00/V05.40 + sdld,  page 25.
Hexadecimal  [32-Bits]

Area                       Addr        Size        Decimal Bytes (Attributes)
--------------------       ----        ----        ------- ----- ------------
_GSFINAL               00002D22    00000001 =           1. bytes (REL,CON)

        Value  Global            Value  Global            Value  Global    
        -----  ------            -----  ------            -----  ------    
ASxxxx Linker V03.00/V05.40 + sdld,  page 26.
Hexadecimal  [32-Bits]

Area                       Addr        Size        Decimal Bytes (Attributes)
--------------------       ----        ----        ------- ----- ------------
_DATA                  0000C0A0    00000775 =        1909. bytes (REL,CON)

        Value  Global            Value  Global            Value  Global    
        -----  ------            -----  ------            -----  ------    
     0000C0A0  __cpu     |    0000C0A1  __is_GBA  |    0000C0A2  .mode    
     0000C0A3  .sys_time |    0000C0A3  _sys_time |    0000C0A5  .int_0x40
     0000C0B3  _stateBan |    0000C0B4  _startFun |    0000C0B6  _updateFu
     0000C0B8  _destroyF |    0000C0BA  _spriteBa |    0000C0BD  _spriteDa
     0000C0C0  _spriteSt |    0000C0C6  _spriteUp |    0000C0CC  _spriteDe
     0000C0D2  _spriteDa |    0000C0D8  _spriteFl |    0000C0DB  _spriteId
     0000C0DE  _spriteId |    0000C0E1  _spriteId |    0000C0E4  _spriteId
     0000C0E7  _spritePa |    0000C0EC  _delta_ti |    0000C0ED  _current_
     0000C0EE  _scroll_w |    0000C0F0  _scroll_h |    0000C0F2  _scroll_t
     0000C0F4  _scroll_t |    0000C0F6  _scroll_c |    0000C1F6  _scroll_t
     0000C2F6  _scroll_b |    0000C2F7  _pending_ |    0000C2F9  _pending_
     0000C2FB  _pending_ |    0000C2FC  _pending_ |    0000C2FE  _pending_
     0000C300  _pending_ |    0000C301  _hud_map_ |    0000C303  _tiles_ba
     0000C304  _tiles_0  |    0000C306  _scroll_p |    0000C308  _scroll_c
     0000C321  _ZGB_Fadi |    0000C361  _ZGB_Fadi |    0000C422  _sprite_m
     0000C792  _sprite_m |    0000C7BA  _sprite_m |    0000C7CE  _sprite_m
     0000C7E3  _sprite_m |    0000C7E4  _last_spr |    0000C7E6  _last_spr
     0000C7E7  _prev_scr |    0000C7EA  _joypads  |    0000C7EF  _old_joyp
     0000C7F8  .int_0x50 |    0000C802  ___curren |    0000C804  ___curren
     0000C805  ___curren |    0000C80B  _sfx_fram |    0000C80C  .int_0x48
ASxxxx Linker V03.00/V05.40 + sdld,  page 27.
Hexadecimal  [32-Bits]

Area                       Addr        Size        Decimal Bytes (Attributes)
--------------------       ----        ----        ------- ----- ------------
_INITIALIZED           0000C815    00000044 =          68. bytes (REL,CON)

        Value  Global            Value  Global            Value  Global    
        -----  ------            -----  ------            -----  ------    
     0000C815  _next_sta |    0000C819  __is_SGB  |    0000C81A  _state_ru
     0000C81B  _fade_mod |    0000C81C  _vbl_coun |    0000C81D  _scroll_t
     0000C81E  _scroll_b |    0000C81F  _scroll_m |    0000C821  _scroll_c
     0000C823  _scroll_x |    0000C825  _scroll_y |    0000C827  _scroll_x
     0000C829  _scroll_y |    0000C82B  _scroll_t |    0000C82D  _scroll_o
     0000C82E  _scroll_o |    0000C82F  _scroll_h |    0000C831  _clamp_en
     0000C832  _pending_ |    0000C834  _pending_ |    0000C836  _pending_
     0000C838  _pending_ |    0000C83A  _last_til |    0000C83B  _music_pa
     0000C83C  _music_mu |    0000C83D  _sfx_prio |    0000C83E  _last_mus
     0000C840  _last_mus |    0000C841  _stop_mus |    0000C842  _last_bg_
     0000C843  _sprite_m |    0000C845  _sprite_t |    0000C847  _enable_f
     0000C848  _THIS_IDX |    0000C849  _THIS     |    0000C84B  _next_oam
     0000C84C  _oam      |    0000C84E  _oam0     |    0000C850  _oam1    
     0000C852  ___render |    0000C853  _win_star |    0000C854  _win_stop
     0000C855  _win_x    |    0000C856  _sfx_play |    0000C857  _sfx_play
ASxxxx Linker V03.00/V05.40 + sdld,  page 28.
Hexadecimal  [32-Bits]

Area                       Addr        Size        Decimal Bytes (Attributes)
--------------------       ----        ----        ------- ----- ------------
_HRAM                  0000FF80    00000013 =          19. bytes (REL,CON)

        Value  Global            Value  Global            Value  Global    
        -----  ------            -----  ------            -----  ------    
     0000FF80  .refresh_ |    0000FF90  __current |    0000FF91  __vbl_don
     0000FF92  __shadow_
ASxxxx Linker V03.00/V05.40 + sdld,  page 29.
Hexadecimal  [32-Bits]

Area                       Addr        Size        Decimal Bytes (Attributes)
--------------------       ----        ----        ------- ----- ------------
_CODE_1                00014000    0000155F =        5471. bytes (REL,CON)

        Value  Global            Value  Global            Value  Global    
        -----  ------            -----  ------            -----  ------    
     00014000  ___func_m |    00014000  ___func_m |    00014000  _map_pale
     00014008  _map_tile |    00014028  _map_tile |    0001402A  _map_tile
     00014032  _map_map  |    00014636  _map      |    00014644  ___func_f
     00014644  _font_pal |    0001464C  _font_tab |    000146CC  _font_til
     000149BC  _font_fon |    000149C4  _font     |    000149CC  _Start_Sp
     00014A01  _Update_S |    00014CC1  _Destroy_ |    00014CC2  _Start_Sp
     00014DE7  _Update_S |    00014E83  _Destroy_ |    00014E84  _Start_St
     00014F0C  _Update_S |    00014F7C  _InitStat |    00014FB8  _InitSpri
     00015040  ___func_e |    00015040  _enemy_pa |    00015048  _enemy_ti
     00015088  _enemy_me |    00015094  _enemy_me |    00015096  _enemy   
     000150A1  ___func_o |    000150A1  _old_play |    000150A9  _old_play
     000150E9  _old_play |    000150F5  _old_play |    000150F7  _old_play
     00015102  ___func_t |    00015102  ___func_t |    00015102  _tiles_pa
     0001510A  _tiles_ti |    0001512A  _tiles_ti |    0001512C  _tiles_ti
     00015134  _tiles_ma |    00015136  _tiles    |    00015144  ___func_p
     00015144  _player_p |    0001514C  _player_t |    0001516C  _player_m
     00015178  _player_m |    0001517A  _player   |    00015185  ___func_b
     00015185  _bullet_p |    0001518D  _bullet_t |    000151AD  _bullet_m
     000151B5  _bullet_m |    000151B7  _bullet   |    000151C2  _Start_Sp
     000151C3  _Update_S |    000151F1  _Destroy_ |    000151F2  _FadeDMG 
     00015365  _UpdateCo |    000153EB  _FadeStep |    000154A5  _FadeIn  
     000154C4  _FadeOut  |    000154E4  _SetDefau |    0001551F  _default_
ASxxxx Linker V03.00/V05.40 + sdld,  page 30.
Hexadecimal  [32-Bits]

Area                       Addr        Size        Decimal Bytes (Attributes)
--------------------       ----        ----        ------- ----- ------------
_EMU_HEADER0           00000000    00000003 =           3. bytes (ABS,CON)

        Value  Global            Value  Global            Value  Global    
        -----  ------            -----  ------            -----  ------    
ASxxxx Linker V03.00/V05.40 + sdld,  page 31.
Hexadecimal  [32-Bits]

Area                       Addr        Size        Decimal Bytes (Attributes)
--------------------       ----        ----        ------- ----- ------------
_HEADER_NESTED_TIM0    00000000    00000006 =           6. bytes (ABS,CON)

        Value  Global            Value  Global            Value  Global    
        -----  ------            -----  ------            -----  ------    
ASxxxx Linker V03.00/V05.40 + sdld,  page 32.
Hexadecimal  [32-Bits]

Area                       Addr        Size        Decimal Bytes (Attributes)
--------------------       ----        ----        ------- ----- ------------
_HEADER_LCD0           00000000    00000003 =           3. bytes (ABS,CON)

        Value  Global            Value  Global            Value  Global    
        -----  ------            -----  ------            -----  ------    
ASxxxx Linker V03.00/V05.40 + sdld,  page 33.

Files Linked                              [ module(s) ]

C:\Users\franc\Documents\Projets\Perso\GameBoyProjects\GBDK\lib/gb/crt0.o
                                          [ Runtime ]
../obj/Release/gbc/ZGBMain.rel            [ ZGBMain ]
../obj/Release/gbc/res/map.png.rel        [ map_png ]
../obj/Release/gbc/res/font.png.rel       [ font_png ]
../obj/Release/gbc/SpritePlayer.rel       [ SpritePlayer ]
../obj/Release/gbc/SpriteEnemy.rel        [ SpriteEnemy ]
../obj/Release/gbc/StateGame.rel          [ StateGame ]
../obj/Release/gbc/ZGBMain_Init.rel       [ ZGBMain_Init ]
../obj/Release/gbc/res/sprites/enemy.png.rel
                                          [ enemy_png ]
../obj/Release/gbc/res/sprites/old_player.png.rel
                                          [ old_player_png ]
../obj/Release/gbc/res/tiles.png.rel      [ tiles_png ]
../obj/Release/gbc/res/sprites/player.png.rel
                                          [ player_png ]
../obj/Release/gbc/res/sprites/bullet.png.rel
                                          [ bullet_png ]
../obj/Release/gbc/SpriteBullet.rel       [ SpriteBullet ]


Libraries Linked                          [ object file ]

../obj/Release/gbc/zgb/zgb.lib            [ SpriteTranslateSprite.o ]
../obj/Release/gbc/zgb/zgb.lib            [ main.o ]
../obj/Release/gbc/zgb/zgb.lib            [ Scroll.o ]
../obj/Release/gbc/zgb/zgb.lib            [ Fade.o ]
C:\Users\franc\Documents\Projets\Perso\GameBoyProjects\GBDK\lib/gb/gb.lib
                                          [ cgb_palettes.o ]
C:\Users\franc\Documents\Projets\Perso\GameBoyProjects\GBDK\lib/gb/gb.lib
                                          [ sfr.o ]
C:\Users\franc\Documents\Projets\Perso\GameBoyProjects\GBDK\lib/gb/gb.lib
                                          [ emu_debug.o ]
../obj/Release/gbc/zgb/zgb.lib            [ Music.o ]
../obj/Release/gbc/zgb/zgb.lib            [ Palette.o ]
C:\Users\franc\Documents\Projets\Perso\GameBoyProjects\GBDK\lib/gb/gb.lib
                                          [ set_tile.o ]
../obj/Release/gbc/zgb/zgb.lib            [ SpriteManager.o ]
../obj/Release/gbc/zgb/zgb.lib            [ OAMManager.o ]
C:\Users\franc\Documents\Projets\Perso\GameBoyProjects\GBDK\lib/gb/gb.lib
                                          [ get_addr.o ]
C:\Users\franc\Documents\Projets\Perso\GameBoyProjects\GBDK\lib/sm83/sm83.lib
                                          [ mul.o ]
../obj/Release/gbc/zgb/zgb.lib            [ set_sprite_data.o ]
../obj/Release/gbc/zgb/zgb.lib            [ Keys.o ]
../obj/Release/gbc/zgb/zgb.lib            [ Vector.o ]
C:\Users\franc\Documents\Projets\Perso\GameBoyProjects\GBDK\lib/sm83/sm83.lib
                                          [ _memcmp.o ]
C:\Users\franc\Documents\Projets\Perso\GameBoyProjects\GBDK\lib/gb/gb.lib
                                          [ pad_ex.o ]
C:\Users\franc\Documents\Projets\Perso\GameBoyProjects\GBDK\lib/gb/gb.lib
                                          [ tim_nested.o ]
../obj/Release/gbc/zgb/zgb.lib            [ Sprite.o ]
C:\Users\franc\Documents\Projets\Perso\GameBoyProjects\GBDK\lib/gb/gb.lib
                                          [ tim_common.o ]
C:\Users\franc\Documents\Projets\Perso\GameBoyProjects\GBDK\lib/gb/gb.lib
                                          [ metasprites.o ]
C:\Users\franc\Documents\Projets\Perso\GameBoyProjects\GBDK\lib/sm83/sm83.lib
                                          [ __sdcc_call_hl.o ]
C:\Users\franc\Documents\Projets\Perso\GameBoyProjects\GBDK\lib/sm83/sm83.lib
                                          [ _memset.o ]
C:\Users\franc\Documents\Projets\Perso\GameBoyProjects\GBDK\lib/sm83/sm83.lib
                                          [ memcpy.o ]
../obj/Release/gbc/zgb/zgb.lib            [ Window.o ]
C:\Users\franc\Documents\Projets\Perso\GameBoyProjects\GBDK\lib/gb/gb.lib
                                          [ metasprites_flip.o ]
../obj/Release/gbc/zgb/zgb.lib            [ DefScrollLimits.o ]
C:\Users\franc\Documents\Projets\Perso\GameBoyProjects\GBDK\lib/gb/gb.lib
                                          [ sgb.o ]
../obj/Release/gbc/zgb/zgb.lib            [ ScrollUpdateTile.o ]
C:\Users\franc\Documents\Projets\Perso\GameBoyProjects\GBDK\lib/gb/gb.lib
                                          [ ___sdcc_bcall_ehl.o ]
../obj/Release/gbc/zgb/zgb.lib            [ DefVBlankHandler.o ]
../obj/Release/gbc/zgb/zgb.lib            [ sfxplayer.o ]
C:\Users\franc\Documents\Projets\Perso\GameBoyProjects\GBDK\lib/gb/gb.lib
                                          [ cgb.o ]
C:\Users\franc\Documents\Projets\Perso\GameBoyProjects\GBDK\lib/gb/gb.lib
                                          [ set_data.o ]
C:\Users\franc\Documents\Projets\Perso\GameBoyProjects\GBDK\lib/gb/gb.lib
                                          [ emu_debug_printf.o ]
C:\Users\franc\Documents\Projets\Perso\GameBoyProjects\GBDK\lib/gb/gb.lib
                                          [ lcd.o ]
../obj/Release/gbc/zgb/zgb.lib            [ DefVSync.o ]
C:\Users\franc\Documents\Projets\Perso\GameBoyProjects\GBDK\lib/gb/gb.lib
                                          [ metasprites_hide_spr.o ]
../obj/Release/gbc/zgb/zgb.lib            [ DefAnimHandler.o ]

ASxxxx Linker V03.00/V05.40 + sdld,  page 34.

User Base Address Definitions

_DATA=0xC0A0
_CODE=0x0200
_HRAM=0xFF80
ASxxxx Linker V03.00/V05.40 + sdld,  page 35.

User Global Definitions

.STACK=0xDF00
_mirror_OAM=0xDF00
_font_recode_table=0xDFA0
_shadow_OAM=0xC000

