                                      1 ;--------------------------------------------------------
                                      2 ; File Created by SDCC : free open source ISO C Compiler
                                      3 ; Version 4.5.1 #15267 (MINGW64)
                                      4 ;--------------------------------------------------------
                                      5 	.module SpritePlayer
                                      6 	
                                      7 ;--------------------------------------------------------
                                      8 ; Public variables in this module
                                      9 ;--------------------------------------------------------
                                     10 	.globl _Destroy_SpritePlayer
                                     11 	.globl _Update_SpritePlayer
                                     12 	.globl _Start_SpritePlayer
                                     13 	.globl _EMU_printf
                                     14 	.globl _SpriteManagerAddEx
                                     15 	.globl _TranslateSprite
                                     16 	.globl ___bank_SpritePlayer
                                     17 ;--------------------------------------------------------
                                     18 ; special function registers
                                     19 ;--------------------------------------------------------
                                     20 	.area _HRAM
                                     21 ;--------------------------------------------------------
                                     22 ; ram data
                                     23 ;--------------------------------------------------------
                                     24 	.area _DATA
                                     25 ;--------------------------------------------------------
                                     26 ; ram data
                                     27 ;--------------------------------------------------------
                                     28 	.area _INITIALIZED
    00000000                         29 ___EMU_PROFILER_INIT:
    00000000                         30 	.ds 2
                                     31 ;--------------------------------------------------------
                                     32 ; absolute external ram data
                                     33 ;--------------------------------------------------------
                                     34 	.area _DABS (ABS)
                                     35 ;--------------------------------------------------------
                                     36 ; global & static initialisations
                                     37 ;--------------------------------------------------------
                                     38 	.area _HOME
                                     39 	.area _GSINIT
                                     40 	.area _GSFINAL
                                     41 	.area _GSINIT
                                     42 ;--------------------------------------------------------
                                     43 ; Home
                                     44 ;--------------------------------------------------------
                                     45 	.area _HOME
                                     46 	.area _HOME
                                     47 ;--------------------------------------------------------
                                     48 ; code
                                     49 ;--------------------------------------------------------
                                     50 	.area _CODE_255
                                     51 ;SpritePlayer.c:25: void START(void* data) {
                                     52 ;	---------------------------------
                                     53 ; Function Start_SpritePlayer
                                     54 ; ---------------------------------
    00000000                         55 _Start_SpritePlayer::
                                     56 ;SpritePlayer.c:26: player_form   = FORM_OFFENSIVE;
    00000000 FAr00r00         [16]   57 	ld	a, (_THIS)
    00000003 21r01r00         [12]   58 	ld	hl, #_THIS + 1
    00000006 66               [ 8]   59 	ld	h, (hl)
    00000007 6F               [ 4]   60 	ld	l, a
    00000008 11 24 00         [12]   61 	ld	de, #0x0024
    0000000B 19               [ 8]   62 	add	hl, de
    0000000C 36 00            [12]   63 	ld	(hl), #0x00
                                     64 ;SpritePlayer.c:27: fire_cooldown = 0;
    0000000E FAr00r00         [16]   65 	ld	a, (_THIS)
    00000011 21r01r00         [12]   66 	ld	hl, #_THIS + 1
    00000014 66               [ 8]   67 	ld	h, (hl)
    00000015 6F               [ 4]   68 	ld	l, a
    00000016 11 25 00         [12]   69 	ld	de, #0x0025
    00000019 19               [ 8]   70 	add	hl, de
    0000001A 36 00            [12]   71 	ld	(hl), #0x00
                                     72 ;SpritePlayer.c:30: THIS->x -= 8;
    0000001C FAr00r00         [16]   73 	ld	a, (_THIS)
    0000001F 4F               [ 4]   74 	ld	c, a
    00000020 21r01r00         [12]   75 	ld	hl, #_THIS + 1
    00000023 46               [ 8]   76 	ld	b, (hl)
    00000024 69               [ 4]   77 	ld	l, c
    00000025 60               [ 4]   78 	ld	h, b
    00000026 2A               [ 8]   79 	ld	a,	(hl+)
    00000027 66               [ 8]   80 	ld	h, (hl)
    00000028 C6 F8            [ 8]   81 	add	a, #0xf8
    0000002A 5F               [ 4]   82 	ld	e, a
    0000002B 7C               [ 4]   83 	ld	a, h
    0000002C CE FF            [ 8]   84 	adc	a, #0xff
    0000002E 57               [ 4]   85 	ld	d, a
    0000002F 7B               [ 4]   86 	ld	a, e
    00000030 02               [ 8]   87 	ld	(bc), a
    00000031 03               [ 8]   88 	inc	bc
    00000032 7A               [ 4]   89 	ld	a, d
    00000033 02               [ 8]   90 	ld	(bc), a
                                     91 ;SpritePlayer.c:32: }
    00000034 C9               [16]   92 	ret
                         000000FF    93 ___bank_SpritePlayer	=	0x00ff
                                     94 ;SpritePlayer.c:34: void UPDATE(void) {
                                     95 ;	---------------------------------
                                     96 ; Function Update_SpritePlayer
                                     97 ; ---------------------------------
    00000035                         98 _Update_SpritePlayer::
    00000035 E8 F6            [16]   99 	add	sp, #-10
                                    100 ;SpritePlayer.c:35: INT8 dx = 0;
    00000037 0E 00            [ 8]  101 	ld	c, #0x00
                                    102 ;SpritePlayer.c:36: INT8 dy = 0;
    00000039 F8 09            [12]  103 	ldhl	sp,	#9
    0000003B 36 00            [12]  104 	ld	(hl), #0x00
                                    105 ;SpritePlayer.c:40: if (KEY_TICKED(J_B)) {
    0000003D 21r01r00         [12]  106 	ld	hl, #(_joypads + 1)
    00000040 46               [ 8]  107 	ld	b, (hl)
    00000041 FAr01r00         [16]  108 	ld	a, (#(_old_joypads + 1) + 0)
    00000044 A8               [ 4]  109 	xor	a, b
    00000045 A0               [ 4]  110 	and	a, b
    00000046 CB 6F            [ 8]  111 	bit	5, a
    00000048 28 14            [12]  112 	jr	Z, 00102$
                                    113 ;SpritePlayer.c:41: player_form = (player_form == FORM_OFFENSIVE) ? FORM_DEFENSIVE : FORM_OFFENSIVE;
    0000004A FAr00r00         [16]  114 	ld	a, (_THIS)
    0000004D 21r01r00         [12]  115 	ld	hl, #_THIS + 1
    00000050 66               [ 8]  116 	ld	h, (hl)
    00000051 6F               [ 4]  117 	ld	l, a
    00000052 11 24 00         [12]  118 	ld	de, #0x0024
    00000055 19               [ 8]  119 	add	hl, de
    00000056 7E               [ 8]  120 	ld	a, (hl)
    00000057 B7               [ 4]  121 	or	a, a
    00000058 3E 01            [ 8]  122 	ld	a, #0x01
    0000005A 28 01            [12]  123 	jr	Z, 00136$
    0000005C AF               [ 4]  124 	xor	a, a
    0000005D                        125 00136$:
    0000005D 77               [ 8]  126 	ld	(hl), a
    0000005E                        127 00102$:
    0000005E FAr00r00         [16]  128 	ld	a, (_THIS)
    00000061 21r01r00         [12]  129 	ld	hl, #_THIS + 1
    00000064 66               [ 8]  130 	ld	h, (hl)
                                    131 ;SpritePlayer.c:47: if (fire_cooldown > 0) {
    00000065 6F               [ 4]  132 	ld	l, a
    00000066 11 25 00         [12]  133 	ld	de, #0x0025
    00000069 19               [ 8]  134 	add	hl, de
    0000006A 7E               [ 8]  135 	ld	a, (hl)
    0000006B B7               [ 4]  136 	or	a, a
    0000006C 28 02            [12]  137 	jr	Z, 00104$
                                    138 ;SpritePlayer.c:48: fire_cooldown--;
    0000006E 3D               [ 4]  139 	dec	a
    0000006F 77               [ 8]  140 	ld	(hl), a
    00000070                        141 00104$:
                                    142 ;SpritePlayer.c:50: if (KEY_PRESSED(J_A) && fire_cooldown == 0) {
    00000070 FAr01r00         [16]  143 	ld	a, (#(_joypads + 1) + 0)
    00000073 CB 67            [ 8]  144 	bit	4, a
    00000075 28 5E            [12]  145 	jr	Z, 00106$
                                    146 ;SpritePlayer.c:41: player_form = (player_form == FORM_OFFENSIVE) ? FORM_DEFENSIVE : FORM_OFFENSIVE;
    00000077 FAr00r00         [16]  147 	ld	a, (_THIS)
    0000007A 5F               [ 4]  148 	ld	e, a
    0000007B 21r01r00         [12]  149 	ld	hl, #_THIS + 1
    0000007E 56               [ 8]  150 	ld	d, (hl)
                                    151 ;SpritePlayer.c:50: if (KEY_PRESSED(J_A) && fire_cooldown == 0) {
    0000007F 21 25 00         [12]  152 	ld	hl, #0x0025
    00000082 19               [ 8]  153 	add	hl, de
    00000083 7E               [ 8]  154 	ld	a, (hl)
    00000084 B7               [ 4]  155 	or	a, a
    00000085 20 4E            [12]  156 	jr	NZ, 00106$
                                    157 ;SpritePlayer.c:51: player_form = FORM_OFFENSIVE;
    00000087 21 24 00         [12]  158 	ld	hl, #0x0024
    0000008A 19               [ 8]  159 	add	hl, de
    0000008B 36 00            [12]  160 	ld	(hl), #0x00
                                    161 ;SpritePlayer.c:52: SpriteManagerAdd(SpriteBullet, THIS->x + 4, THIS->y);
    0000008D FAr00r00         [16]  162 	ld	a, (_THIS)
    00000090 21r01r00         [12]  163 	ld	hl, #_THIS + 1
    00000093 66               [ 8]  164 	ld	h, (hl)
    00000094 6F               [ 4]  165 	ld	l, a
    00000095 23               [ 8]  166 	inc	hl
    00000096 23               [ 8]  167 	inc	hl
    00000097 5D               [ 4]  168 	ld	e, l
    00000098 54               [ 4]  169 	ld	d, h
    00000099 1A               [ 8]  170 	ld	a, (de)
    0000009A F8 05            [12]  171 	ldhl	sp,	#5
    0000009C 22               [ 8]  172 	ld	(hl+), a
    0000009D 13               [ 8]  173 	inc	de
    0000009E 1A               [ 8]  174 	ld	a, (de)
    0000009F 77               [ 8]  175 	ld	(hl), a
    000000A0 21r00r00         [12]  176 	ld	hl, #_THIS
    000000A3 2A               [ 8]  177 	ld	a, (hl+)
    000000A4 5F               [ 4]  178 	ld	e, a
    000000A5 56               [ 8]  179 	ld	d, (hl)
    000000A6 1A               [ 8]  180 	ld	a, (de)
    000000A7 F8 07            [12]  181 	ldhl	sp,	#7
    000000A9 22               [ 8]  182 	ld	(hl+), a
    000000AA 13               [ 8]  183 	inc	de
    000000AB 1A               [ 8]  184 	ld	a, (de)
    000000AC 32               [ 8]  185 	ld	(hl-), a
    000000AD 2A               [ 8]  186 	ld	a, (hl+)
    000000AE 5F               [ 4]  187 	ld	e, a
    000000AF 56               [ 8]  188 	ld	d, (hl)
    000000B0 21 04 00         [12]  189 	ld	hl, #0x0004
    000000B3 19               [ 8]  190 	add	hl, de
    000000B4 5D               [ 4]  191 	ld	e, l
    000000B5 54               [ 4]  192 	ld	d, h
                                    193 ;C:/Users/franc/Documents/Projets/Perso/GameBoyProjects/CrossZGB/common/include/SpriteManager.h:45: return SpriteManagerAddEx(sprite_type, x, y, NULL);
    000000B6 C5               [16]  194 	push	bc
    000000B7 21 00 00         [12]  195 	ld	hl, #0x0000
    000000BA E5               [16]  196 	push	hl
    000000BB F8 09            [12]  197 	ldhl	sp,	#9
    000000BD 2A               [ 8]  198 	ld	a, (hl+)
    000000BE 66               [ 8]  199 	ld	h, (hl)
    000000BF 6F               [ 4]  200 	ld	l, a
    000000C0 E5               [16]  201 	push	hl
    000000C1 3E 01            [ 8]  202 	ld	a, #0x01
    000000C3 CDr00r00         [24]  203 	call	_SpriteManagerAddEx
    000000C6 C1               [12]  204 	pop	bc
                                    205 ;SpritePlayer.c:53: fire_cooldown = FIRE_COOLDOWN;
    000000C7 FAr00r00         [16]  206 	ld	a, (_THIS)
    000000CA 21r01r00         [12]  207 	ld	hl, #_THIS + 1
    000000CD 66               [ 8]  208 	ld	h, (hl)
    000000CE 6F               [ 4]  209 	ld	l, a
    000000CF 11 25 00         [12]  210 	ld	de, #0x0025
    000000D2 19               [ 8]  211 	add	hl, de
    000000D3 36 0F            [12]  212 	ld	(hl), #0x0f
    000000D5                        213 00106$:
                                    214 ;SpritePlayer.c:41: player_form = (player_form == FORM_OFFENSIVE) ? FORM_DEFENSIVE : FORM_OFFENSIVE;
    000000D5 FAr00r00         [16]  215 	ld	a, (#_THIS)
    000000D8 F8 07            [12]  216 	ldhl	sp,	#7
    000000DA 77               [ 8]  217 	ld	(hl), a
    000000DB FAr01r00         [16]  218 	ld	a, (#_THIS + 1)
    000000DE F8 08            [12]  219 	ldhl	sp,	#8
    000000E0 32               [ 8]  220 	ld	(hl-), a
    000000E1 2A               [ 8]  221 	ld	a, (hl+)
    000000E2 5F               [ 4]  222 	ld	e, a
    000000E3 56               [ 8]  223 	ld	d, (hl)
    000000E4 21 24 00         [12]  224 	ld	hl, #0x0024
    000000E7 19               [ 8]  225 	add	hl, de
    000000E8 5D               [ 4]  226 	ld	e, l
    000000E9 54               [ 4]  227 	ld	d, h
    000000EA 1A               [ 8]  228 	ld	a, (de)
                                    229 ;SpritePlayer.c:57: speed = (player_form == FORM_OFFENSIVE) ? SPEED_SLOW : SPEED_FAST;
    000000EB B7               [ 4]  230 	or	a, a
    000000EC 20 04            [12]  231 	jr	NZ, 00137$
    000000EE 06 01            [ 8]  232 	ld	b, #0x01
    000000F0 18 02            [12]  233 	jr	00138$
    000000F2                        234 00137$:
    000000F2 06 03            [ 8]  235 	ld	b, #0x03
    000000F4                        236 00138$:
    000000F4 F8 04            [12]  237 	ldhl	sp,	#4
    000000F6 70               [ 8]  238 	ld	(hl), b
                                    239 ;SpritePlayer.c:60: if (KEY_PRESSED(J_LEFT))  dx = -1;
    000000F7 21r01r00         [12]  240 	ld	hl, #(_joypads + 1)
    000000FA 46               [ 8]  241 	ld	b, (hl)
    000000FB CB 48            [ 8]  242 	bit	1, b
    000000FD 28 02            [12]  243 	jr	Z, 00109$
    000000FF 0E FF            [ 8]  244 	ld	c, #0xff
    00000101                        245 00109$:
                                    246 ;SpritePlayer.c:61: if (KEY_PRESSED(J_RIGHT)) dx = 1;
    00000101 CB 40            [ 8]  247 	bit	0, b
    00000103 28 02            [12]  248 	jr	Z, 00111$
    00000105 0E 01            [ 8]  249 	ld	c, #0x01
    00000107                        250 00111$:
                                    251 ;SpritePlayer.c:62: if (KEY_PRESSED(J_UP))    dy = -1;
    00000107 CB 50            [ 8]  252 	bit	2, b
    00000109 28 04            [12]  253 	jr	Z, 00113$
    0000010B F8 09            [12]  254 	ldhl	sp,	#9
    0000010D 36 FF            [12]  255 	ld	(hl), #0xff
    0000010F                        256 00113$:
                                    257 ;SpritePlayer.c:63: if (KEY_PRESSED(J_DOWN))  dy = 1;
    0000010F CB 58            [ 8]  258 	bit	3, b
    00000111 28 04            [12]  259 	jr	Z, 00115$
    00000113 F8 09            [12]  260 	ldhl	sp,	#9
    00000115 36 01            [12]  261 	ld	(hl), #0x01
    00000117                        262 00115$:
                                    263 ;SpritePlayer.c:66: UINT8 spd_diag = (player_form == FORM_OFFENSIVE) ? SPEED_SLOW_DIAG : SPEED_FAST_DIAG;
    00000117 B7               [ 4]  264 	or	a, a
    00000118 20 04            [12]  265 	jr	NZ, 00139$
    0000011A 06 01            [ 8]  266 	ld	b, #0x01
    0000011C 18 02            [12]  267 	jr	00140$
    0000011E                        268 00139$:
    0000011E 06 02            [ 8]  269 	ld	b, #0x02
    00000120                        270 00140$:
                                    271 ;SpritePlayer.c:70: dx = (dx > 0) ? (INT8)spd_diag : -(INT8)spd_diag;
    00000120 59               [ 4]  272 	ld	e, c
    00000121 AF               [ 4]  273 	xor	a, a
    00000122 57               [ 4]  274 	ld	d, a
    00000123 91               [ 4]  275 	sub	a, c
    00000124 CB 7B            [ 8]  276 	bit	7, e
    00000126 28 07            [12]  277 	jr	Z, 00316$
    00000128 CB 7A            [ 8]  278 	bit	7, d
    0000012A 20 08            [12]  279 	jr	NZ, 00317$
    0000012C BF               [ 4]  280 	cp	a, a
    0000012D 18 05            [12]  281 	jr	00317$
    0000012F                        282 00316$:
    0000012F CB 7A            [ 8]  283 	bit	7, d
    00000131 28 01            [12]  284 	jr	Z, 00317$
    00000133 37               [ 4]  285 	scf
    00000134                        286 00317$:
    00000134 3E 00            [ 8]  287 	ld	a, #0x00
    00000136 17               [ 4]  288 	rla
    00000137 F8 05            [12]  289 	ldhl	sp,	#5
    00000139 77               [ 8]  290 	ld	(hl), a
                                    291 ;SpritePlayer.c:71: dy = (dy > 0) ? (INT8)spd_diag : -(INT8)spd_diag;
    0000013A F8 09            [12]  292 	ldhl	sp,	#9
    0000013C 5E               [ 8]  293 	ld	e, (hl)
    0000013D AF               [ 4]  294 	xor	a, a
    0000013E 57               [ 4]  295 	ld	d, a
    0000013F 96               [ 8]  296 	sub	a, (hl)
    00000140 CB 7B            [ 8]  297 	bit	7, e
    00000142 28 07            [12]  298 	jr	Z, 00318$
    00000144 CB 7A            [ 8]  299 	bit	7, d
    00000146 20 08            [12]  300 	jr	NZ, 00319$
    00000148 BF               [ 4]  301 	cp	a, a
    00000149 18 05            [12]  302 	jr	00319$
    0000014B                        303 00318$:
    0000014B CB 7A            [ 8]  304 	bit	7, d
    0000014D 28 01            [12]  305 	jr	Z, 00319$
    0000014F 37               [ 4]  306 	scf
    00000150                        307 00319$:
    00000150 3E 00            [ 8]  308 	ld	a, #0x00
    00000152 17               [ 4]  309 	rla
    00000153 F8 06            [12]  310 	ldhl	sp,	#6
    00000155 77               [ 8]  311 	ld	(hl), a
                                    312 ;SpritePlayer.c:68: if (dx != 0 && dy != 0) {
    00000156 79               [ 4]  313 	ld	a, c
    00000157 B7               [ 4]  314 	or	a, a
    00000158 28 1F            [12]  315 	jr	Z, 00121$
    0000015A F8 09            [12]  316 	ldhl	sp,	#9
    0000015C 7E               [ 8]  317 	ld	a, (hl)
    0000015D B7               [ 4]  318 	or	a, a
    0000015E 28 19            [12]  319 	jr	Z, 00121$
                                    320 ;SpritePlayer.c:70: dx = (dx > 0) ? (INT8)spd_diag : -(INT8)spd_diag;
    00000160 AF               [ 4]  321 	xor	a, a
    00000161 90               [ 4]  322 	sub	a, b
    00000162 5F               [ 4]  323 	ld	e, a
    00000163 F8 05            [12]  324 	ldhl	sp,	#5
    00000165 7E               [ 8]  325 	ld	a, (hl)
    00000166 B7               [ 4]  326 	or	a, a
    00000167 28 03            [12]  327 	jr	Z, 00141$
    00000169 48               [ 4]  328 	ld	c, b
    0000016A 18 01            [12]  329 	jr	00142$
    0000016C                        330 00141$:
    0000016C 4B               [ 4]  331 	ld	c, e
    0000016D                        332 00142$:
                                    333 ;SpritePlayer.c:71: dy = (dy > 0) ? (INT8)spd_diag : -(INT8)spd_diag;
    0000016D F8 06            [12]  334 	ldhl	sp,	#6
    0000016F 7E               [ 8]  335 	ld	a, (hl)
    00000170 B7               [ 4]  336 	or	a, a
    00000171 20 01            [12]  337 	jr	NZ, 00144$
    00000173 43               [ 4]  338 	ld	b, e
    00000174                        339 00144$:
    00000174 F8 09            [12]  340 	ldhl	sp,	#9
    00000176 70               [ 8]  341 	ld	(hl), b
    00000177 18 23            [12]  342 	jr	00122$
    00000179                        343 00121$:
                                    344 ;SpritePlayer.c:74: if (dx != 0) dx = (dx > 0) ? (INT8)speed : -(INT8)speed;
    00000179 F8 04            [12]  345 	ldhl	sp,	#4
    0000017B 46               [ 8]  346 	ld	b, (hl)
    0000017C AF               [ 4]  347 	xor	a, a
    0000017D 90               [ 4]  348 	sub	a, b
    0000017E 5F               [ 4]  349 	ld	e, a
    0000017F 79               [ 4]  350 	ld	a, c
    00000180 B7               [ 4]  351 	or	a, a
    00000181 28 09            [12]  352 	jr	Z, 00117$
    00000183 23               [ 8]  353 	inc	hl
    00000184 7E               [ 8]  354 	ld	a, (hl)
    00000185 B7               [ 4]  355 	or	a, a
    00000186 28 03            [12]  356 	jr	Z, 00145$
    00000188 48               [ 4]  357 	ld	c, b
    00000189 18 01            [12]  358 	jr	00146$
    0000018B                        359 00145$:
    0000018B 4B               [ 4]  360 	ld	c, e
    0000018C                        361 00146$:
    0000018C                        362 00117$:
                                    363 ;SpritePlayer.c:75: if (dy != 0) dy = (dy > 0) ? (INT8)speed : -(INT8)speed;
    0000018C F8 09            [12]  364 	ldhl	sp,	#9
    0000018E 7E               [ 8]  365 	ld	a, (hl)
    0000018F B7               [ 4]  366 	or	a, a
    00000190 28 0A            [12]  367 	jr	Z, 00122$
    00000192 F8 06            [12]  368 	ldhl	sp,	#6
    00000194 7E               [ 8]  369 	ld	a, (hl)
    00000195 B7               [ 4]  370 	or	a, a
    00000196 28 01            [12]  371 	jr	Z, 00147$
    00000198 58               [ 4]  372 	ld	e, b
    00000199                        373 00147$:
    00000199 F8 09            [12]  374 	ldhl	sp,	#9
    0000019B 73               [ 8]  375 	ld	(hl), e
    0000019C                        376 00122$:
                                    377 ;SpritePlayer.c:79: INT16 new_x = (INT16)THIS->x + (INT16)dx;
    0000019C 21r00r00         [12]  378 	ld	hl, #_THIS
    0000019F 2A               [ 8]  379 	ld	a, (hl+)
    000001A0 5F               [ 4]  380 	ld	e, a
    000001A1 56               [ 8]  381 	ld	d, (hl)
    000001A2 1A               [ 8]  382 	ld	a, (de)
    000001A3 F8 00            [12]  383 	ldhl	sp,	#0
    000001A5 22               [ 8]  384 	ld	(hl+), a
    000001A6 13               [ 8]  385 	inc	de
    000001A7 1A               [ 8]  386 	ld	a, (de)
    000001A8 77               [ 8]  387 	ld	(hl), a
    000001A9 D1               [12]  388 	pop	de
    000001AA D5               [16]  389 	push	de
    000001AB 79               [ 4]  390 	ld	a, c
    000001AC 6F               [ 4]  391 	ld	l, a
    000001AD 07               [ 4]  392 	rlca
    000001AE 9F               [ 4]  393 	sbc	a, a
    000001AF 67               [ 4]  394 	ld	h, a
    000001B0 19               [ 8]  395 	add	hl, de
    000001B1 4D               [ 4]  396 	ld	c, l
    000001B2 44               [ 4]  397 	ld	b, h
                                    398 ;SpritePlayer.c:80: INT16 new_y = (INT16)THIS->y + (INT16)dy;
    000001B3 F8 07            [12]  399 	ldhl	sp,	#7
    000001B5 2A               [ 8]  400 	ld	a, (hl+)
    000001B6 66               [ 8]  401 	ld	h, (hl)
    000001B7 6F               [ 4]  402 	ld	l, a
    000001B8 23               [ 8]  403 	inc	hl
    000001B9 23               [ 8]  404 	inc	hl
    000001BA 5D               [ 4]  405 	ld	e, l
    000001BB 54               [ 4]  406 	ld	d, h
    000001BC 1A               [ 8]  407 	ld	a, (de)
    000001BD F8 02            [12]  408 	ldhl	sp,	#2
    000001BF 22               [ 8]  409 	ld	(hl+), a
    000001C0 13               [ 8]  410 	inc	de
    000001C1 1A               [ 8]  411 	ld	a, (de)
    000001C2 77               [ 8]  412 	ld	(hl), a
    000001C3 F8 02            [12]  413 	ldhl	sp,	#2
    000001C5 2A               [ 8]  414 	ld	a, (hl+)
    000001C6 5F               [ 4]  415 	ld	e, a
    000001C7 56               [ 8]  416 	ld	d, (hl)
    000001C8 F8 09            [12]  417 	ldhl	sp,	#9
    000001CA 3A               [ 8]  418 	ld	a, (hl-)
    000001CB 22               [ 8]  419 	ld	(hl+), a
    000001CC 07               [ 4]  420 	rlca
    000001CD 9F               [ 4]  421 	sbc	a, a
    000001CE 32               [ 8]  422 	ld	(hl-), a
    000001CF 2A               [ 8]  423 	ld	a,	(hl+)
    000001D0 66               [ 8]  424 	ld	h, (hl)
    000001D1 6F               [ 4]  425 	ld	l, a
    000001D2 19               [ 8]  426 	add	hl, de
    000001D3 E5               [16]  427 	push	hl
    000001D4 7D               [ 4]  428 	ld	a, l
    000001D5 F8 06            [12]  429 	ldhl	sp,	#6
    000001D7 77               [ 8]  430 	ld	(hl), a
    000001D8 E1               [12]  431 	pop	hl
    000001D9 7C               [ 4]  432 	ld	a, h
    000001DA F8 05            [12]  433 	ldhl	sp,	#5
    000001DC 77               [ 8]  434 	ld	(hl), a
                                    435 ;SpritePlayer.c:82: INT16 world_min_y = scroll_y + PLAYER_SCREEN_MIN_Y;
    000001DD 21r00r00         [12]  436 	ld	hl, #_scroll_y
    000001E0 2A               [ 8]  437 	ld	a, (hl+)
    000001E1 5F               [ 4]  438 	ld	e, a
    000001E2 56               [ 8]  439 	ld	d, (hl)
    000001E3 21 10 00         [12]  440 	ld	hl, #0x0010
    000001E6 19               [ 8]  441 	add	hl, de
    000001E7 E5               [16]  442 	push	hl
    000001E8 7D               [ 4]  443 	ld	a, l
    000001E9 F8 08            [12]  444 	ldhl	sp,	#8
    000001EB 77               [ 8]  445 	ld	(hl), a
    000001EC E1               [12]  446 	pop	hl
    000001ED 7C               [ 4]  447 	ld	a, h
    000001EE F8 07            [12]  448 	ldhl	sp,	#7
    000001F0 77               [ 8]  449 	ld	(hl), a
                                    450 ;SpritePlayer.c:83: INT16 world_max_y = scroll_y + PLAYER_SCREEN_MAX_Y;
    000001F1 21r00r00         [12]  451 	ld	hl, #_scroll_y
    000001F4 2A               [ 8]  452 	ld	a, (hl+)
    000001F5 5F               [ 4]  453 	ld	e, a
    000001F6 56               [ 8]  454 	ld	d, (hl)
    000001F7 21 80 00         [12]  455 	ld	hl, #0x0080
    000001FA 19               [ 8]  456 	add	hl, de
    000001FB E5               [16]  457 	push	hl
    000001FC 7D               [ 4]  458 	ld	a, l
    000001FD F8 0A            [12]  459 	ldhl	sp,	#10
    000001FF 77               [ 8]  460 	ld	(hl), a
    00000200 E1               [12]  461 	pop	hl
    00000201 7C               [ 4]  462 	ld	a, h
    00000202 F8 09            [12]  463 	ldhl	sp,	#9
    00000204 77               [ 8]  464 	ld	(hl), a
                                    465 ;SpritePlayer.c:84: if (new_x < PLAYER_MIN_X)  new_x = PLAYER_MIN_X;
    00000205 79               [ 4]  466 	ld	a, c
    00000206 D6 08            [ 8]  467 	sub	a, #0x08
    00000208 78               [ 4]  468 	ld	a, b
    00000209 17               [ 4]  469 	rla
    0000020A 3F               [ 4]  470 	ccf
    0000020B 1F               [ 4]  471 	rra
    0000020C DE 80            [ 8]  472 	sbc	a, #0x80
    0000020E 30 03            [12]  473 	jr	NC, 00125$
    00000210 01 08 00         [12]  474 	ld	bc, #0x0008
    00000213                        475 00125$:
                                    476 ;SpritePlayer.c:85: if (new_x > PLAYER_MAX_X)  new_x = PLAYER_MAX_X;
    00000213 3E 90            [ 8]  477 	ld	a, #0x90
    00000215 B9               [ 4]  478 	cp	a, c
    00000216 3E 00            [ 8]  479 	ld	a, #0x00
    00000218 98               [ 4]  480 	sbc	a, b
    00000219 30 03            [12]  481 	jr	NC, 00127$
    0000021B 01 90 00         [12]  482 	ld	bc, #0x0090
    0000021E                        483 00127$:
                                    484 ;SpritePlayer.c:86: if (new_y < world_min_y)   new_y = world_min_y;
    0000021E F8 04            [12]  485 	ldhl	sp,	#4
    00000220 5D               [ 4]  486 	ld	e, l
    00000221 54               [ 4]  487 	ld	d, h
    00000222 F8 06            [12]  488 	ldhl	sp,	#6
    00000224 1A               [ 8]  489 	ld	a, (de)
    00000225 13               [ 8]  490 	inc	de
    00000226 96               [ 8]  491 	sub	a, (hl)
    00000227 23               [ 8]  492 	inc	hl
    00000228 1A               [ 8]  493 	ld	a, (de)
    00000229 9E               [ 8]  494 	sbc	a, (hl)
    0000022A 1A               [ 8]  495 	ld	a, (de)
    0000022B 57               [ 4]  496 	ld	d, a
    0000022C CB 7E            [12]  497 	bit	7, (hl)
    0000022E 28 07            [12]  498 	jr	Z, 00320$
    00000230 CB 7A            [ 8]  499 	bit	7, d
    00000232 20 08            [12]  500 	jr	NZ, 00321$
    00000234 BF               [ 4]  501 	cp	a, a
    00000235 18 05            [12]  502 	jr	00321$
    00000237                        503 00320$:
    00000237 CB 7A            [ 8]  504 	bit	7, d
    00000239 28 01            [12]  505 	jr	Z, 00321$
    0000023B 37               [ 4]  506 	scf
    0000023C                        507 00321$:
    0000023C 30 0A            [12]  508 	jr	NC, 00129$
    0000023E F8 06            [12]  509 	ldhl	sp,	#6
    00000240 3A               [ 8]  510 	ld	a, (hl-)
    00000241 2B               [ 8]  511 	dec	hl
    00000242 77               [ 8]  512 	ld	(hl), a
    00000243 F8 07            [12]  513 	ldhl	sp,	#7
    00000245 3A               [ 8]  514 	ld	a, (hl-)
    00000246 2B               [ 8]  515 	dec	hl
    00000247 77               [ 8]  516 	ld	(hl), a
    00000248                        517 00129$:
                                    518 ;SpritePlayer.c:87: if (new_y > world_max_y)   new_y = world_max_y;
    00000248 F8 08            [12]  519 	ldhl	sp,	#8
    0000024A 5D               [ 4]  520 	ld	e, l
    0000024B 54               [ 4]  521 	ld	d, h
    0000024C F8 04            [12]  522 	ldhl	sp,	#4
    0000024E 1A               [ 8]  523 	ld	a, (de)
    0000024F 13               [ 8]  524 	inc	de
    00000250 96               [ 8]  525 	sub	a, (hl)
    00000251 23               [ 8]  526 	inc	hl
    00000252 1A               [ 8]  527 	ld	a, (de)
    00000253 9E               [ 8]  528 	sbc	a, (hl)
    00000254 1A               [ 8]  529 	ld	a, (de)
    00000255 57               [ 4]  530 	ld	d, a
    00000256 CB 7E            [12]  531 	bit	7, (hl)
    00000258 28 07            [12]  532 	jr	Z, 00322$
    0000025A CB 7A            [ 8]  533 	bit	7, d
    0000025C 20 08            [12]  534 	jr	NZ, 00323$
    0000025E BF               [ 4]  535 	cp	a, a
    0000025F 18 05            [12]  536 	jr	00323$
    00000261                        537 00322$:
    00000261 CB 7A            [ 8]  538 	bit	7, d
    00000263 28 01            [12]  539 	jr	Z, 00323$
    00000265 37               [ 4]  540 	scf
    00000266                        541 00323$:
    00000266 30 0C            [12]  542 	jr	NC, 00131$
    00000268 F8 08            [12]  543 	ldhl	sp,	#8
    0000026A 7E               [ 8]  544 	ld	a, (hl)
    0000026B F8 04            [12]  545 	ldhl	sp,	#4
    0000026D 77               [ 8]  546 	ld	(hl), a
    0000026E F8 09            [12]  547 	ldhl	sp,	#9
    00000270 7E               [ 8]  548 	ld	a, (hl)
    00000271 F8 05            [12]  549 	ldhl	sp,	#5
    00000273 77               [ 8]  550 	ld	(hl), a
    00000274                        551 00131$:
                                    552 ;SpritePlayer.c:89: TranslateSprite(THIS, (INT8)(new_x - (INT16)THIS->x), (INT8)(new_y - (INT16)THIS->y));
    00000274 F8 04            [12]  553 	ldhl	sp,	#4
    00000276 3A               [ 8]  554 	ld	a, (hl-)
    00000277 2B               [ 8]  555 	dec	hl
    00000278 5E               [ 8]  556 	ld	e, (hl)
    00000279 2B               [ 8]  557 	dec	hl
    0000027A 2B               [ 8]  558 	dec	hl
    0000027B 93               [ 4]  559 	sub	a, e
    0000027C 57               [ 4]  560 	ld	d, a
    0000027D 79               [ 4]  561 	ld	a, c
    0000027E 4E               [ 8]  562 	ld	c, (hl)
    0000027F 91               [ 4]  563 	sub	a, c
    00000280 D5               [16]  564 	push	de
    00000281 33               [ 8]  565 	inc	sp
    00000282 21r00r00         [12]  566 	ld	hl, #_THIS
    00000285 5E               [ 8]  567 	ld	e, (hl)
    00000286 23               [ 8]  568 	inc	hl
    00000287 56               [ 8]  569 	ld	d, (hl)
    00000288 CDr00r00         [24]  570 	call	_TranslateSprite
                                    571 ;SpritePlayer.c:41: player_form = (player_form == FORM_OFFENSIVE) ? FORM_DEFENSIVE : FORM_OFFENSIVE;
    0000028B FAr00r00         [16]  572 	ld	a, (_THIS)
    0000028E 4F               [ 4]  573 	ld	c, a
    0000028F 21r01r00         [12]  574 	ld	hl, #_THIS + 1
    00000292 46               [ 8]  575 	ld	b, (hl)
                                    576 ;SpritePlayer.c:90: EMU_printf("x=%d y=%d coll_w=%d coll_h=%d\n", THIS->x, THIS->y, THIS->coll_w, THIS->coll_h);
    00000293 21 05 00         [12]  577 	ld	hl, #0x0005
    00000296 09               [ 8]  578 	add	hl, bc
    00000297 7E               [ 8]  579 	ld	a, (hl)
    00000298 F8 04            [12]  580 	ldhl	sp,	#4
    0000029A 22               [ 8]  581 	ld	(hl+), a
    0000029B 36 00            [12]  582 	ld	(hl), #0x00
    0000029D 21 04 00         [12]  583 	ld	hl, #0x0004
    000002A0 09               [ 8]  584 	add	hl, bc
    000002A1 7E               [ 8]  585 	ld	a, (hl)
    000002A2 F8 06            [12]  586 	ldhl	sp,	#6
    000002A4 22               [ 8]  587 	ld	(hl+), a
    000002A5 AF               [ 4]  588 	xor	a, a
    000002A6 22               [ 8]  589 	ld	(hl+), a
    000002A7 03               [ 8]  590 	inc	bc
    000002A8 03               [ 8]  591 	inc	bc
    000002A9 59               [ 4]  592 	ld	e, c
    000002AA 50               [ 4]  593 	ld	d, b
    000002AB 1A               [ 8]  594 	ld	a, (de)
    000002AC 22               [ 8]  595 	ld	(hl+), a
    000002AD 13               [ 8]  596 	inc	de
    000002AE 1A               [ 8]  597 	ld	a, (de)
    000002AF 77               [ 8]  598 	ld	(hl), a
    000002B0 21r00r00         [12]  599 	ld	hl, #_THIS
    000002B3 2A               [ 8]  600 	ld	a,	(hl+)
    000002B4 66               [ 8]  601 	ld	h, (hl)
    000002B5 6F               [ 4]  602 	ld	l, a
    000002B6 4E               [ 8]  603 	ld	c, (hl)
    000002B7 23               [ 8]  604 	inc	hl
    000002B8 46               [ 8]  605 	ld	b, (hl)
    000002B9 F8 04            [12]  606 	ldhl	sp,	#4
    000002BB 5E               [ 8]  607 	ld	e, (hl)
    000002BC 23               [ 8]  608 	inc	hl
    000002BD 23               [ 8]  609 	inc	hl
    000002BE 16 00            [ 8]  610 	ld	d, #0x00
    000002C0 D5               [16]  611 	push	de
    000002C1 5E               [ 8]  612 	ld	e, (hl)
    000002C2 23               [ 8]  613 	inc	hl
    000002C3 23               [ 8]  614 	inc	hl
    000002C4 16 00            [ 8]  615 	ld	d, #0x00
    000002C6 D5               [16]  616 	push	de
    000002C7 5E               [ 8]  617 	ld	e, (hl)
    000002C8 23               [ 8]  618 	inc	hl
    000002C9 56               [ 8]  619 	ld	d, (hl)
    000002CA D5               [16]  620 	push	de
    000002CB C5               [16]  621 	push	bc
    000002CC 11rD6r02         [12]  622 	ld	de, #___str_0
    000002CF D5               [16]  623 	push	de
    000002D0 CDr00r00         [24]  624 	call	_EMU_printf
                                    625 ;SpritePlayer.c:91: }
    000002D3 E8 14            [16]  626 	add	sp, #20
    000002D5 C9               [16]  627 	ret
    000002D6                        628 ___str_0:
    000002D6 78 3D 25 64 20 79 3D   629 	.ascii "x=%d y=%d coll_w=%d coll_h=%d"
             25 64 20 63 6F 6C 6C
             5F 77 3D 25 64 20 63
             6F 6C 6C 5F 68 3D 25
             64
    000002F3 0A                     630 	.db 0x0a
    000002F4 00                     631 	.db 0x00
                                    632 ;SpritePlayer.c:93: void DESTROY(void) {
                                    633 ;	---------------------------------
                                    634 ; Function Destroy_SpritePlayer
                                    635 ; ---------------------------------
    000002F5                        636 _Destroy_SpritePlayer::
                                    637 ;SpritePlayer.c:94: }
    000002F5 C9               [16]  638 	ret
                                    639 	.area _CODE_255
                                    640 	.area _INITIALIZER
    00000000                        641 __xinit____EMU_PROFILER_INIT:
    00000000r00r00                  642 	.dw _EMU_profiler_message
                                    643 	.area _CABS (ABS)
