                                      1 ;--------------------------------------------------------
                                      2 ; File Created by SDCC : free open source ISO C Compiler
                                      3 ; Version 4.5.1 #15267 (MINGW64)
                                      4 ;--------------------------------------------------------
                                      5 	.module SpriteEnemy
                                      6 	
                                      7 ;--------------------------------------------------------
                                      8 ; Public variables in this module
                                      9 ;--------------------------------------------------------
                                     10 	.globl _Destroy_SpriteEnemy
                                     11 	.globl _Update_SpriteEnemy
                                     12 	.globl _Start_SpriteEnemy
                                     13 	.globl _SpriteManagerRemoveSprite
                                     14 	.globl _CheckCollision
                                     15 	.globl ___bank_SpriteEnemy
                                     16 ;--------------------------------------------------------
                                     17 ; special function registers
                                     18 ;--------------------------------------------------------
                                     19 	.area _HRAM
                                     20 ;--------------------------------------------------------
                                     21 ; ram data
                                     22 ;--------------------------------------------------------
                                     23 	.area _DATA
                                     24 ;--------------------------------------------------------
                                     25 ; ram data
                                     26 ;--------------------------------------------------------
                                     27 	.area _INITIALIZED
                                     28 ;--------------------------------------------------------
                                     29 ; absolute external ram data
                                     30 ;--------------------------------------------------------
                                     31 	.area _DABS (ABS)
                                     32 ;--------------------------------------------------------
                                     33 ; global & static initialisations
                                     34 ;--------------------------------------------------------
                                     35 	.area _HOME
                                     36 	.area _GSINIT
                                     37 	.area _GSFINAL
                                     38 	.area _GSINIT
                                     39 ;--------------------------------------------------------
                                     40 ; Home
                                     41 ;--------------------------------------------------------
                                     42 	.area _HOME
                                     43 	.area _HOME
                                     44 ;--------------------------------------------------------
                                     45 ; code
                                     46 ;--------------------------------------------------------
                                     47 	.area _CODE_255
                                     48 ;SpriteEnemy.c:27: void START(void* data) {
                                     49 ;	---------------------------------
                                     50 ; Function Start_SpriteEnemy
                                     51 ; ---------------------------------
    00000000                         52 _Start_SpriteEnemy::
                                     53 ;SpriteEnemy.c:28: enemy_move  = (UINT8)(UINT16)data;  // comportement passé via SpriteManagerAddEx
    00000000 FAr00r00         [16]   54 	ld	a, (_THIS)
    00000003 21r01r00         [12]   55 	ld	hl, #_THIS + 1
    00000006 66               [ 8]   56 	ld	h, (hl)
    00000007 6F               [ 4]   57 	ld	l, a
    00000008 01 25 00         [12]   58 	ld	bc, #0x0025
    0000000B 09               [ 8]   59 	add	hl, bc
    0000000C 73               [ 8]   60 	ld	(hl), e
                                     61 ;SpriteEnemy.c:29: enemy_timer = 0;
    0000000D FAr00r00         [16]   62 	ld	a, (_THIS)
    00000010 21r01r00         [12]   63 	ld	hl, #_THIS + 1
    00000013 66               [ 8]   64 	ld	h, (hl)
    00000014 6F               [ 4]   65 	ld	l, a
    00000015 11 26 00         [12]   66 	ld	de, #0x0026
    00000018 19               [ 8]   67 	add	hl, de
    00000019 36 00            [12]   68 	ld	(hl), #0x00
                                     69 ;SpriteEnemy.c:30: enemy_phase = 0;
    0000001B FAr00r00         [16]   70 	ld	a, (_THIS)
    0000001E 21r01r00         [12]   71 	ld	hl, #_THIS + 1
    00000021 66               [ 8]   72 	ld	h, (hl)
    00000022 6F               [ 4]   73 	ld	l, a
    00000023 11 27 00         [12]   74 	ld	de, #0x0027
    00000026 19               [ 8]   75 	add	hl, de
    00000027 36 00            [12]   76 	ld	(hl), #0x00
                                     77 ;SpriteEnemy.c:28: enemy_move  = (UINT8)(UINT16)data;  // comportement passé via SpriteManagerAddEx
    00000029 FAr00r00         [16]   78 	ld	a, (_THIS)
    0000002C 5F               [ 4]   79 	ld	e, a
    0000002D 21r01r00         [12]   80 	ld	hl, #_THIS + 1
    00000030 56               [ 8]   81 	ld	d, (hl)
                                     82 ;SpriteEnemy.c:33: switch (enemy_move) {
    00000031 21 25 00         [12]   83 	ld	hl, #0x0025
    00000034 19               [ 8]   84 	add	hl, de
    00000035 4E               [ 8]   85 	ld	c, (hl)
                                     86 ;SpriteEnemy.c:34: case MOVE_SINE:  enemy_hp = ENEMY_SINE_HP;  break;
    00000036 21 24 00         [12]   87 	ld	hl, #0x0024
    00000039 19               [ 8]   88 	add	hl, de
                                     89 ;SpriteEnemy.c:33: switch (enemy_move) {
    0000003A 79               [ 4]   90 	ld	a, c
    0000003B D6 02            [ 8]   91 	sub	a, #0x02
    0000003D 20 03            [12]   92 	jr	NZ, 00102$
                                     93 ;SpriteEnemy.c:34: case MOVE_SINE:  enemy_hp = ENEMY_SINE_HP;  break;
    0000003F 36 01            [12]   94 	ld	(hl), #0x01
    00000041 C9               [16]   95 	ret
                                     96 ;SpriteEnemy.c:35: default:         enemy_hp = ENEMY_BASIC_HP; break;
    00000042                         97 00102$:
    00000042 36 01            [12]   98 	ld	(hl), #0x01
                                     99 ;SpriteEnemy.c:36: }
                                    100 ;SpriteEnemy.c:37: }
    00000044 C9               [16]  101 	ret
                         000000FF   102 ___bank_SpriteEnemy	=	0x00ff
    00000045                        103 _sine_dx:
    00000045 00                     104 	.db #0x00	;  0
    00000046 00                     105 	.db #0x00	;  0
    00000047 00                     106 	.db #0x00	;  0
    00000048 01                     107 	.db #0x01	;  1
    00000049 01                     108 	.db #0x01	;  1
    0000004A 01                     109 	.db #0x01	;  1
    0000004B 01                     110 	.db #0x01	;  1
    0000004C 01                     111 	.db #0x01	;  1
    0000004D 01                     112 	.db #0x01	;  1
    0000004E 01                     113 	.db #0x01	;  1
    0000004F 01                     114 	.db #0x01	;  1
    00000050 01                     115 	.db #0x01	;  1
    00000051 01                     116 	.db #0x01	;  1
    00000052 01                     117 	.db #0x01	;  1
    00000053 00                     118 	.db #0x00	;  0
    00000054 00                     119 	.db #0x00	;  0
    00000055 00                     120 	.db #0x00	;  0
    00000056 00                     121 	.db #0x00	;  0
    00000057 00                     122 	.db #0x00	;  0
    00000058 FF                     123 	.db #0xff	; -1
    00000059 FF                     124 	.db #0xff	; -1
    0000005A FF                     125 	.db #0xff	; -1
    0000005B FF                     126 	.db #0xff	; -1
    0000005C FF                     127 	.db #0xff	; -1
    0000005D FF                     128 	.db #0xff	; -1
    0000005E FF                     129 	.db #0xff	; -1
    0000005F FF                     130 	.db #0xff	; -1
    00000060 FF                     131 	.db #0xff	; -1
    00000061 FF                     132 	.db #0xff	; -1
    00000062 FF                     133 	.db #0xff	; -1
    00000063 00                     134 	.db #0x00	;  0
    00000064 00                     135 	.db #0x00	;  0
                                    136 ;SpriteEnemy.c:39: static void UpdateMovement(void) {
                                    137 ;	---------------------------------
                                    138 ; Function UpdateMovement
                                    139 ; ---------------------------------
    00000065                        140 _UpdateMovement:
                                    141 ;SpriteEnemy.c:40: switch (enemy_move) {
    00000065 FAr00r00         [16]  142 	ld	a, (_THIS)
    00000068 4F               [ 4]  143 	ld	c, a
    00000069 21r01r00         [12]  144 	ld	hl, #_THIS + 1
    0000006C 46               [ 8]  145 	ld	b, (hl)
    0000006D 21 25 00         [12]  146 	ld	hl, #0x0025
    00000070 09               [ 8]  147 	add	hl, bc
    00000071 5E               [ 8]  148 	ld	e, (hl)
    00000072 3E 04            [ 8]  149 	ld	a, #0x04
    00000074 93               [ 4]  150 	sub	a, e
    00000075 D8               [20]  151 	ret	C
                                    152 ;SpriteEnemy.c:45: if (++enemy_timer >= ENEMY_BASIC_MOVE_EVERY) {
    00000076 21 26 00         [12]  153 	ld	hl, #0x0026
    00000079 09               [ 8]  154 	add	hl, bc
    0000007A 4D               [ 4]  155 	ld	c, l
    0000007B 44               [ 4]  156 	ld	b, h
                                    157 ;SpriteEnemy.c:40: switch (enemy_move) {
    0000007C 16 00            [ 8]  158 	ld	d, #0x00
    0000007E 21r88r00         [12]  159 	ld	hl, #00136$
    00000081 19               [ 8]  160 	add	hl, de
    00000082 19               [ 8]  161 	add	hl, de
    00000083 5E               [ 8]  162 	ld	e, (hl)
    00000084 23               [ 8]  163 	inc	hl
    00000085 66               [ 8]  164 	ld	h, (hl)
    00000086 6B               [ 4]  165 	ld	l, e
    00000087 E9               [ 4]  166 	jp	(hl)
    00000088                        167 00136$:
    00000088r24r01                  168 	.dw	00112$
    0000008Ar92r00                  169 	.dw	00102$
    0000008CrBCr00                  170 	.dw	00105$
    0000008Er24r01                  171 	.dw	00112$
    00000090r24r01                  172 	.dw	00112$
                                    173 ;SpriteEnemy.c:44: case MOVE_LINE:
    00000092                        174 00102$:
                                    175 ;SpriteEnemy.c:45: if (++enemy_timer >= ENEMY_BASIC_MOVE_EVERY) {
    00000092 0A               [ 8]  176 	ld	a, (bc)
    00000093 3C               [ 4]  177 	inc	a
    00000094 02               [ 8]  178 	ld	(bc), a
    00000095 D6 03            [ 8]  179 	sub	a, #0x03
    00000097 D8               [20]  180 	ret	C
                                    181 ;SpriteEnemy.c:46: enemy_timer = 0;
    00000098 FAr00r00         [16]  182 	ld	a, (_THIS)
    0000009B 21r01r00         [12]  183 	ld	hl, #_THIS + 1
    0000009E 66               [ 8]  184 	ld	h, (hl)
    0000009F 6F               [ 4]  185 	ld	l, a
    000000A0 11 26 00         [12]  186 	ld	de, #0x0026
    000000A3 19               [ 8]  187 	add	hl, de
    000000A4 36 00            [12]  188 	ld	(hl), #0x00
                                    189 ;SpriteEnemy.c:40: switch (enemy_move) {
    000000A6 FAr00r00         [16]  190 	ld	a, (_THIS)
    000000A9 21r01r00         [12]  191 	ld	hl, #_THIS + 1
    000000AC 46               [ 8]  192 	ld	b, (hl)
                                    193 ;SpriteEnemy.c:47: THIS->y += 1;
    000000AD 4F               [ 4]  194 	ld	c, a
    000000AE 03               [ 8]  195 	inc	bc
    000000AF 03               [ 8]  196 	inc	bc
    000000B0 69               [ 4]  197 	ld	l, c
    000000B1 60               [ 4]  198 	ld	h, b
    000000B2 2A               [ 8]  199 	ld	a,	(hl+)
    000000B3 66               [ 8]  200 	ld	h, (hl)
    000000B4 6F               [ 4]  201 	ld	l, a
    000000B5 23               [ 8]  202 	inc	hl
    000000B6 7D               [ 4]  203 	ld	a, l
    000000B7 02               [ 8]  204 	ld	(bc), a
    000000B8 03               [ 8]  205 	inc	bc
    000000B9 7C               [ 4]  206 	ld	a, h
    000000BA 02               [ 8]  207 	ld	(bc), a
                                    208 ;SpriteEnemy.c:49: break;
    000000BB C9               [16]  209 	ret
                                    210 ;SpriteEnemy.c:51: case MOVE_SINE:
    000000BC                        211 00105$:
                                    212 ;SpriteEnemy.c:52: if (++enemy_timer >= ENEMY_SINE_MOVE_EVERY) {
    000000BC 0A               [ 8]  213 	ld	a, (bc)
    000000BD 3C               [ 4]  214 	inc	a
    000000BE 02               [ 8]  215 	ld	(bc), a
    000000BF D6 02            [ 8]  216 	sub	a, #0x02
    000000C1 D8               [20]  217 	ret	C
                                    218 ;SpriteEnemy.c:53: enemy_timer = 0;
    000000C2 FAr00r00         [16]  219 	ld	a, (_THIS)
    000000C5 21r01r00         [12]  220 	ld	hl, #_THIS + 1
    000000C8 66               [ 8]  221 	ld	h, (hl)
    000000C9 6F               [ 4]  222 	ld	l, a
    000000CA 11 26 00         [12]  223 	ld	de, #0x0026
    000000CD 19               [ 8]  224 	add	hl, de
    000000CE 36 00            [12]  225 	ld	(hl), #0x00
                                    226 ;SpriteEnemy.c:40: switch (enemy_move) {
    000000D0 FAr00r00         [16]  227 	ld	a, (_THIS)
    000000D3 21r01r00         [12]  228 	ld	hl, #_THIS + 1
    000000D6 46               [ 8]  229 	ld	b, (hl)
                                    230 ;SpriteEnemy.c:47: THIS->y += 1;
    000000D7 4F               [ 4]  231 	ld	c, a
    000000D8 03               [ 8]  232 	inc	bc
    000000D9 03               [ 8]  233 	inc	bc
                                    234 ;SpriteEnemy.c:54: THIS->y += 1;
    000000DA 69               [ 4]  235 	ld	l, c
    000000DB 60               [ 4]  236 	ld	h, b
    000000DC 2A               [ 8]  237 	ld	a,	(hl+)
    000000DD 66               [ 8]  238 	ld	h, (hl)
    000000DE 6F               [ 4]  239 	ld	l, a
    000000DF 23               [ 8]  240 	inc	hl
    000000E0 7D               [ 4]  241 	ld	a, l
    000000E1 02               [ 8]  242 	ld	(bc), a
    000000E2 03               [ 8]  243 	inc	bc
    000000E3 7C               [ 4]  244 	ld	a, h
    000000E4 02               [ 8]  245 	ld	(bc), a
                                    246 ;SpriteEnemy.c:55: THIS->x = (UINT16)((INT16)THIS->x + (INT16)sine_dx[enemy_phase & 31u] * ENEMY_SINE_AMPLITUDE);
    000000E5 FAr00r00         [16]  247 	ld	a, (_THIS)
    000000E8 4F               [ 4]  248 	ld	c, a
    000000E9 21r01r00         [12]  249 	ld	hl, #_THIS + 1
    000000EC 46               [ 8]  250 	ld	b, (hl)
    000000ED 69               [ 4]  251 	ld	l, c
    000000EE 60               [ 4]  252 	ld	h, b
    000000EF 2A               [ 8]  253 	ld	a,	(hl+)
    000000F0 66               [ 8]  254 	ld	h, (hl)
    000000F1 5F               [ 4]  255 	ld	e, a
    000000F2 54               [ 4]  256 	ld	d, h
    000000F3 FAr00r00         [16]  257 	ld	a, (_THIS)
    000000F6 21r01r00         [12]  258 	ld	hl, #_THIS + 1
    000000F9 66               [ 8]  259 	ld	h, (hl)
    000000FA C6 27            [ 8]  260 	add	a, #0x27
    000000FC 6F               [ 4]  261 	ld	l, a
    000000FD 30 01            [12]  262 	jr	NC, 00137$
    000000FF 24               [ 4]  263 	inc	h
    00000100                        264 00137$:
    00000100 7E               [ 8]  265 	ld	a, (hl)
    00000101 E6 1F            [ 8]  266 	and	a, #0x1f
    00000103 C6r45            [ 8]  267 	add	a, #<(_sine_dx)
    00000105 6F               [ 4]  268 	ld	l, a
    00000106 3E 00            [ 8]  269 	ld	a, #0x00
    00000108 CEs00            [ 8]  270 	adc	a, #>(_sine_dx)
    0000010A 67               [ 4]  271 	ld	h, a
    0000010B 7E               [ 8]  272 	ld	a, (hl)
    0000010C 6F               [ 4]  273 	ld	l, a
    0000010D 07               [ 4]  274 	rlca
    0000010E 9F               [ 4]  275 	sbc	a, a
    0000010F 67               [ 4]  276 	ld	h, a
    00000110 29               [ 8]  277 	add	hl, hl
    00000111 19               [ 8]  278 	add	hl, de
    00000112 7D               [ 4]  279 	ld	a, l
    00000113 02               [ 8]  280 	ld	(bc), a
    00000114 03               [ 8]  281 	inc	bc
    00000115 7C               [ 4]  282 	ld	a, h
    00000116 02               [ 8]  283 	ld	(bc), a
                                    284 ;SpriteEnemy.c:40: switch (enemy_move) {
    00000117 FAr00r00         [16]  285 	ld	a, (_THIS)
    0000011A 21r01r00         [12]  286 	ld	hl, #_THIS + 1
    0000011D 66               [ 8]  287 	ld	h, (hl)
                                    288 ;SpriteEnemy.c:56: enemy_phase += ENEMY_SINE_PERIOD;
    0000011E 6F               [ 4]  289 	ld	l, a
    0000011F 11 27 00         [12]  290 	ld	de, #0x0027
    00000122 19               [ 8]  291 	add	hl, de
    00000123 34               [12]  292 	inc	(hl)
                                    293 ;SpriteEnemy.c:64: }
    00000124                        294 00112$:
                                    295 ;SpriteEnemy.c:65: }
    00000124 C9               [16]  296 	ret
                                    297 ;SpriteEnemy.c:67: void UPDATE(void) {
                                    298 ;	---------------------------------
                                    299 ; Function Update_SpriteEnemy
                                    300 ; ---------------------------------
    00000125                        301 _Update_SpriteEnemy::
    00000125 3B               [ 8]  302 	dec	sp
                                    303 ;SpriteEnemy.c:72: if (THIS->y >= (UINT16)scroll_y + DEVICE_SCREEN_PX_HEIGHT) {
    00000126 FAr00r00         [16]  304 	ld	a, (_THIS)
    00000129 21r01r00         [12]  305 	ld	hl, #_THIS + 1
    0000012C 66               [ 8]  306 	ld	h, (hl)
    0000012D 6F               [ 4]  307 	ld	l, a
    0000012E 23               [ 8]  308 	inc	hl
    0000012F 23               [ 8]  309 	inc	hl
    00000130 2A               [ 8]  310 	ld	a, (hl+)
    00000131 4F               [ 4]  311 	ld	c, a
    00000132 46               [ 8]  312 	ld	b, (hl)
    00000133 FAr00r00         [16]  313 	ld	a, (_scroll_y)
    00000136 21r01r00         [12]  314 	ld	hl, #_scroll_y + 1
    00000139 66               [ 8]  315 	ld	h, (hl)
    0000013A 6F               [ 4]  316 	ld	l, a
    0000013B 11 90 00         [12]  317 	ld	de, #0x0090
    0000013E 19               [ 8]  318 	add	hl, de
    0000013F 79               [ 4]  319 	ld	a, c
    00000140 95               [ 4]  320 	sub	a, l
    00000141 78               [ 4]  321 	ld	a, b
    00000142 9C               [ 4]  322 	sbc	a, h
    00000143 38 0E            [12]  323 	jr	C, 00102$
                                    324 ;SpriteEnemy.c:73: SpriteManagerRemoveSprite(THIS);
    00000145 FAr00r00         [16]  325 	ld	a, (_THIS)
    00000148 5F               [ 4]  326 	ld	e, a
    00000149 21r01r00         [12]  327 	ld	hl, #_THIS + 1
    0000014C 56               [ 8]  328 	ld	d, (hl)
    0000014D 33               [ 8]  329 	inc	sp
    0000014E C3r00r00         [16]  330 	jp	_SpriteManagerRemoveSprite
                                    331 ;SpriteEnemy.c:74: return;
    00000151 18 6C            [12]  332 	jr	00112$
    00000153                        333 00102$:
                                    334 ;SpriteEnemy.c:80: SPRITEMANAGER_ITERATE(i, spr) {
    00000153 21r01r00         [12]  335 	ld	hl, #_sprite_manager_updatables + 1
    00000156 6E               [ 8]  336 	ld	l, (hl)
    00000157 AF               [ 4]  337 	xor	a, a
    00000158 67               [ 4]  338 	ld	h, a
    00000159 29               [ 8]  339 	add	hl, hl
    0000015A 11r00r00         [12]  340 	ld	de, #_sprite_manager_sprites
    0000015D 19               [ 8]  341 	add	hl, de
    0000015E 2A               [ 8]  342 	ld	a, (hl+)
    0000015F 4F               [ 4]  343 	ld	c, a
    00000160 46               [ 8]  344 	ld	b, (hl)
    00000161 F8 00            [12]  345 	ldhl	sp,	#0
    00000163 36 00            [12]  346 	ld	(hl), #0x00
    00000165                        347 00110$:
    00000165 FAr00r00         [16]  348 	ld	a, (#_sprite_manager_updatables + 0)
    00000168 F8 00            [12]  349 	ldhl	sp,	#0
    0000016A 96               [ 8]  350 	sub	a, (hl)
    0000016B 28 52            [12]  351 	jr	Z, 00112$
                                    352 ;SpriteEnemy.c:81: if (spr->type == SpriteBullet && CheckCollision(THIS, spr)) {
    0000016D 21 1D 00         [12]  353 	ld	hl, #0x001d
    00000170 09               [ 8]  354 	add	hl, bc
    00000171 7E               [ 8]  355 	ld	a, (hl)
    00000172 3D               [ 4]  356 	dec	a
    00000173 20 32            [12]  357 	jr	NZ, 00111$
    00000175 C5               [16]  358 	push	bc
    00000176 FAr00r00         [16]  359 	ld	a, (_THIS)
    00000179 5F               [ 4]  360 	ld	e, a
    0000017A 21r01r00         [12]  361 	ld	hl, #_THIS + 1
    0000017D 56               [ 8]  362 	ld	d, (hl)
    0000017E CDr00r00         [24]  363 	call	_CheckCollision
    00000181 C1               [12]  364 	pop	bc
    00000182 B7               [ 4]  365 	or	a, a
    00000183 28 22            [12]  366 	jr	Z, 00111$
                                    367 ;SpriteEnemy.c:82: SpriteManagerRemoveSprite(spr);
    00000185 59               [ 4]  368 	ld	e, c
    00000186 50               [ 4]  369 	ld	d, b
    00000187 CDr00r00         [24]  370 	call	_SpriteManagerRemoveSprite
                                    371 ;SpriteEnemy.c:83: if (--enemy_hp == 0) {
    0000018A FAr00r00         [16]  372 	ld	a, (_THIS)
    0000018D 21r01r00         [12]  373 	ld	hl, #_THIS + 1
    00000190 66               [ 8]  374 	ld	h, (hl)
    00000191 6F               [ 4]  375 	ld	l, a
    00000192 11 24 00         [12]  376 	ld	de, #0x0024
    00000195 19               [ 8]  377 	add	hl, de
    00000196 35               [12]  378 	dec	(hl)
    00000197 20 0E            [12]  379 	jr	NZ, 00111$
                                    380 ;SpriteEnemy.c:84: SpriteManagerRemoveSprite(THIS);
    00000199 FAr00r00         [16]  381 	ld	a, (_THIS)
    0000019C 5F               [ 4]  382 	ld	e, a
    0000019D 21r01r00         [12]  383 	ld	hl, #_THIS + 1
    000001A0 56               [ 8]  384 	ld	d, (hl)
    000001A1 33               [ 8]  385 	inc	sp
    000001A2 C3r00r00         [16]  386 	jp	_SpriteManagerRemoveSprite
                                    387 ;SpriteEnemy.c:85: return;
    000001A5 18 18            [12]  388 	jr	00112$
    000001A7                        389 00111$:
                                    390 ;SpriteEnemy.c:80: SPRITEMANAGER_ITERATE(i, spr) {
    000001A7 F8 00            [12]  391 	ldhl	sp,	#0
    000001A9 34               [12]  392 	inc	(hl)
    000001AA 4E               [ 8]  393 	ld	c, (hl)
    000001AB AF               [ 4]  394 	xor	a, a
    000001AC 47               [ 4]  395 	ld	b, a
    000001AD 03               [ 8]  396 	inc	bc
    000001AE 21r00r00         [12]  397 	ld	hl, #_sprite_manager_updatables
    000001B1 09               [ 8]  398 	add	hl, bc
    000001B2 6E               [ 8]  399 	ld	l, (hl)
    000001B3 AF               [ 4]  400 	xor	a, a
    000001B4 67               [ 4]  401 	ld	h, a
    000001B5 29               [ 8]  402 	add	hl, hl
    000001B6 11r00r00         [12]  403 	ld	de, #_sprite_manager_sprites
    000001B9 19               [ 8]  404 	add	hl, de
    000001BA 2A               [ 8]  405 	ld	a, (hl+)
    000001BB 4F               [ 4]  406 	ld	c, a
    000001BC 46               [ 8]  407 	ld	b, (hl)
    000001BD 18 A6            [12]  408 	jr	00110$
    000001BF                        409 00112$:
                                    410 ;SpriteEnemy.c:89: }
    000001BF 33               [ 8]  411 	inc	sp
    000001C0 C9               [16]  412 	ret
                                    413 ;SpriteEnemy.c:91: void DESTROY(void) {
                                    414 ;	---------------------------------
                                    415 ; Function Destroy_SpriteEnemy
                                    416 ; ---------------------------------
    000001C1                        417 _Destroy_SpriteEnemy::
                                    418 ;SpriteEnemy.c:92: }
    000001C1 C9               [16]  419 	ret
                                    420 	.area _CODE_255
                                    421 	.area _INITIALIZER
                                    422 	.area _CABS (ABS)
