                                      1 ;--------------------------------------------------------
                                      2 ; File Created by SDCC : free open source ISO C Compiler
                                      3 ; Version 4.5.1 #15267 (MINGW64)
                                      4 ;--------------------------------------------------------
                                      5 	.module font_png
                                      6 	
                                      7 ;--------------------------------------------------------
                                      8 ; Public variables in this module
                                      9 ;--------------------------------------------------------
                                     10 	.globl _font
                                     11 	.globl _font_font
                                     12 	.globl _font_tiles
                                     13 	.globl _font_table
                                     14 	.globl _font_palettes
                                     15 	.globl b___func_font
                                     16 	.globl ___func_font
                                     17 ;--------------------------------------------------------
                                     18 ; special function registers
                                     19 ;--------------------------------------------------------
                                     20 	.area _HRAM
                                     21 ;--------------------------------------------------------
                                     22 ; ram data
                                     23 ;--------------------------------------------------------
                                     24 	.area _DATA
                                     25 ;--------------------------------------------------------
                                     26 ; ram data
                                     27 ;--------------------------------------------------------
                                     28 	.area _INITIALIZED
                                     29 ;--------------------------------------------------------
                                     30 ; absolute external ram data
                                     31 ;--------------------------------------------------------
                                     32 	.area _DABS (ABS)
                                     33 ;--------------------------------------------------------
                                     34 ; global & static initialisations
                                     35 ;--------------------------------------------------------
                                     36 	.area _HOME
                                     37 	.area _GSINIT
                                     38 	.area _GSFINAL
                                     39 	.area _GSINIT
                                     40 ;--------------------------------------------------------
                                     41 ; Home
                                     42 ;--------------------------------------------------------
                                     43 	.area _HOME
                                     44 	.area _HOME
                                     45 ;--------------------------------------------------------
                                     46 ; code
                                     47 ;--------------------------------------------------------
                                     48 	.area _CODE_255
                                     49 ;../obj/Release/gb/res/font.png.c:6: BANKREF(font)
                                     50 ;	---------------------------------
                                     51 ; Function __func_font
                                     52 ; ---------------------------------
                         000000FF    53 	b___func_font	= 255
    00000000                         54 ___func_font::
                                     55 	.local b___func_font 
                         000000FF    56 	___bank_font = b___func_font 
                                     57 	.globl ___bank_font 
                                     58 	.area _CODE_255
    00000000                         59 _font_palettes:
    00000000 BC 17                   60 	.dw #0x17bc
    00000002 E7 22                   61 	.dw #0x22e7
    00000004 C4 19                   62 	.dw #0x19c4
    00000006 E0 14                   63 	.dw #0x14e0
    00000008                         64 _font_table:
    00000008 00                      65 	.db #0x00	; 0
    00000009 00                      66 	.db #0x00	; 0
    0000000A 00                      67 	.db #0x00	; 0
    0000000B 00                      68 	.db #0x00	; 0
    0000000C 00                      69 	.db #0x00	; 0
    0000000D 00                      70 	.db #0x00	; 0
    0000000E 00                      71 	.db #0x00	; 0
    0000000F 00                      72 	.db #0x00	; 0
    00000010 00                      73 	.db #0x00	; 0
    00000011 00                      74 	.db #0x00	; 0
    00000012 00                      75 	.db #0x00	; 0
    00000013 00                      76 	.db #0x00	; 0
    00000014 00                      77 	.db #0x00	; 0
    00000015 00                      78 	.db #0x00	; 0
    00000016 00                      79 	.db #0x00	; 0
    00000017 00                      80 	.db #0x00	; 0
    00000018 00                      81 	.db #0x00	; 0
    00000019 00                      82 	.db #0x00	; 0
    0000001A 00                      83 	.db #0x00	; 0
    0000001B 00                      84 	.db #0x00	; 0
    0000001C 00                      85 	.db #0x00	; 0
    0000001D 00                      86 	.db #0x00	; 0
    0000001E 00                      87 	.db #0x00	; 0
    0000001F 00                      88 	.db #0x00	; 0
    00000020 00                      89 	.db #0x00	; 0
    00000021 00                      90 	.db #0x00	; 0
    00000022 00                      91 	.db #0x00	; 0
    00000023 00                      92 	.db #0x00	; 0
    00000024 00                      93 	.db #0x00	; 0
    00000025 00                      94 	.db #0x00	; 0
    00000026 00                      95 	.db #0x00	; 0
    00000027 00                      96 	.db #0x00	; 0
    00000028 00                      97 	.db #0x00	; 0
    00000029 01                      98 	.db #0x01	; 1
    0000002A 02                      99 	.db #0x02	; 2
    0000002B 00                     100 	.db #0x00	; 0
    0000002C 00                     101 	.db #0x00	; 0
    0000002D 00                     102 	.db #0x00	; 0
    0000002E 00                     103 	.db #0x00	; 0
    0000002F 02                     104 	.db #0x02	; 2
    00000030 03                     105 	.db #0x03	; 3
    00000031 04                     106 	.db #0x04	; 4
    00000032 00                     107 	.db #0x00	; 0
    00000033 00                     108 	.db #0x00	; 0
    00000034 00                     109 	.db #0x00	; 0
    00000035 05                     110 	.db #0x05	; 5
    00000036 06                     111 	.db #0x06	; 6
    00000037 00                     112 	.db #0x00	; 0
    00000038 07                     113 	.db #0x07	; 7
    00000039 08                     114 	.db #0x08	; 8
    0000003A 09                     115 	.db #0x09	; 9
    0000003B 0A                     116 	.db #0x0a	; 10
    0000003C 0B                     117 	.db #0x0b	; 11
    0000003D 0C                     118 	.db #0x0c	; 12
    0000003E 0D                     119 	.db #0x0d	; 13
    0000003F 0E                     120 	.db #0x0e	; 14
    00000040 0F                     121 	.db #0x0f	; 15
    00000041 10                     122 	.db #0x10	; 16
    00000042 11                     123 	.db #0x11	; 17
    00000043 00                     124 	.db #0x00	; 0
    00000044 03                     125 	.db #0x03	; 3
    00000045 00                     126 	.db #0x00	; 0
    00000046 04                     127 	.db #0x04	; 4
    00000047 12                     128 	.db #0x12	; 18
    00000048 00                     129 	.db #0x00	; 0
    00000049 13                     130 	.db #0x13	; 19
    0000004A 14                     131 	.db #0x14	; 20
    0000004B 15                     132 	.db #0x15	; 21
    0000004C 16                     133 	.db #0x16	; 22
    0000004D 17                     134 	.db #0x17	; 23
    0000004E 18                     135 	.db #0x18	; 24
    0000004F 19                     136 	.db #0x19	; 25
    00000050 1A                     137 	.db #0x1a	; 26
    00000051 1B                     138 	.db #0x1b	; 27
    00000052 1C                     139 	.db #0x1c	; 28
    00000053 1D                     140 	.db #0x1d	; 29
    00000054 1E                     141 	.db #0x1e	; 30
    00000055 1F                     142 	.db #0x1f	; 31
    00000056 20                     143 	.db #0x20	; 32
    00000057 21                     144 	.db #0x21	; 33
    00000058 22                     145 	.db #0x22	; 34
    00000059 23                     146 	.db #0x23	; 35
    0000005A 24                     147 	.db #0x24	; 36
    0000005B 25                     148 	.db #0x25	; 37
    0000005C 26                     149 	.db #0x26	; 38
    0000005D 27                     150 	.db #0x27	; 39
    0000005E 28                     151 	.db #0x28	; 40
    0000005F 29                     152 	.db #0x29	; 41
    00000060 2A                     153 	.db #0x2a	; 42
    00000061 2B                     154 	.db #0x2b	; 43
    00000062 2C                     155 	.db #0x2c	; 44
    00000063 2D                     156 	.db #0x2d	; 45
    00000064 00                     157 	.db #0x00	; 0
    00000065 2E                     158 	.db #0x2e	; 46
    00000066 00                     159 	.db #0x00	; 0
    00000067 00                     160 	.db #0x00	; 0
    00000068 02                     161 	.db #0x02	; 2
    00000069 13                     162 	.db #0x13	; 19
    0000006A 14                     163 	.db #0x14	; 20
    0000006B 15                     164 	.db #0x15	; 21
    0000006C 16                     165 	.db #0x16	; 22
    0000006D 17                     166 	.db #0x17	; 23
    0000006E 18                     167 	.db #0x18	; 24
    0000006F 19                     168 	.db #0x19	; 25
    00000070 1A                     169 	.db #0x1a	; 26
    00000071 1B                     170 	.db #0x1b	; 27
    00000072 1C                     171 	.db #0x1c	; 28
    00000073 1D                     172 	.db #0x1d	; 29
    00000074 1E                     173 	.db #0x1e	; 30
    00000075 1F                     174 	.db #0x1f	; 31
    00000076 20                     175 	.db #0x20	; 32
    00000077 21                     176 	.db #0x21	; 33
    00000078 22                     177 	.db #0x22	; 34
    00000079 23                     178 	.db #0x23	; 35
    0000007A 24                     179 	.db #0x24	; 36
    0000007B 25                     180 	.db #0x25	; 37
    0000007C 26                     181 	.db #0x26	; 38
    0000007D 27                     182 	.db #0x27	; 39
    0000007E 28                     183 	.db #0x28	; 40
    0000007F 29                     184 	.db #0x29	; 41
    00000080 2A                     185 	.db #0x2a	; 42
    00000081 2B                     186 	.db #0x2b	; 43
    00000082 2C                     187 	.db #0x2c	; 44
    00000083 03                     188 	.db #0x03	; 3
    00000084 00                     189 	.db #0x00	; 0
    00000085 04                     190 	.db #0x04	; 4
    00000086 00                     191 	.db #0x00	; 0
    00000087 00                     192 	.db #0x00	; 0
    00000088                        193 _font_tiles:
    00000088 00                     194 	.db #0x00	; 0
    00000089 00                     195 	.db #0x00	; 0
    0000008A 00                     196 	.db #0x00	; 0
    0000008B 00                     197 	.db #0x00	; 0
    0000008C 00                     198 	.db #0x00	; 0
    0000008D 00                     199 	.db #0x00	; 0
    0000008E 00                     200 	.db #0x00	; 0
    0000008F 00                     201 	.db #0x00	; 0
    00000090 00                     202 	.db #0x00	; 0
    00000091 00                     203 	.db #0x00	; 0
    00000092 00                     204 	.db #0x00	; 0
    00000093 00                     205 	.db #0x00	; 0
    00000094 00                     206 	.db #0x00	; 0
    00000095 00                     207 	.db #0x00	; 0
    00000096 00                     208 	.db #0x00	; 0
    00000097 00                     209 	.db #0x00	; 0
    00000098 00                     210 	.db #0x00	; 0
    00000099 10                     211 	.db #0x10	; 16
    0000009A 00                     212 	.db #0x00	; 0
    0000009B 10                     213 	.db #0x10	; 16
    0000009C 00                     214 	.db #0x00	; 0
    0000009D 10                     215 	.db #0x10	; 16
    0000009E 00                     216 	.db #0x00	; 0
    0000009F 10                     217 	.db #0x10	; 16
    000000A0 00                     218 	.db #0x00	; 0
    000000A1 10                     219 	.db #0x10	; 16
    000000A2 00                     220 	.db #0x00	; 0
    000000A3 00                     221 	.db #0x00	; 0
    000000A4 00                     222 	.db #0x00	; 0
    000000A5 10                     223 	.db #0x10	; 16
    000000A6 00                     224 	.db #0x00	; 0
    000000A7 00                     225 	.db #0x00	; 0
    000000A8 00                     226 	.db #0x00	; 0
    000000A9 08                     227 	.db #0x08	; 8
    000000AA 00                     228 	.db #0x00	; 0
    000000AB 08                     229 	.db #0x08	; 8
    000000AC 00                     230 	.db #0x00	; 0
    000000AD 10                     231 	.db #0x10	; 16
    000000AE 00                     232 	.db #0x00	; 0
    000000AF 00                     233 	.db #0x00	; 0
    000000B0 00                     234 	.db #0x00	; 0
    000000B1 00                     235 	.db #0x00	; 0
    000000B2 00                     236 	.db #0x00	; 0
    000000B3 00                     237 	.db #0x00	; 0
    000000B4 00                     238 	.db #0x00	; 0
    000000B5 00                     239 	.db #0x00	; 0
    000000B6 00                     240 	.db #0x00	; 0
    000000B7 00                     241 	.db #0x00	; 0
    000000B8 00                     242 	.db #0x00	; 0
    000000B9 10                     243 	.db #0x10	; 16
    000000BA 00                     244 	.db #0x00	; 0
    000000BB 20                     245 	.db #0x20	; 32
    000000BC 00                     246 	.db #0x00	; 0
    000000BD 20                     247 	.db #0x20	; 32
    000000BE 00                     248 	.db #0x00	; 0
    000000BF 20                     249 	.db #0x20	; 32
    000000C0 00                     250 	.db #0x00	; 0
    000000C1 20                     251 	.db #0x20	; 32
    000000C2 00                     252 	.db #0x00	; 0
    000000C3 20                     253 	.db #0x20	; 32
    000000C4 00                     254 	.db #0x00	; 0
    000000C5 10                     255 	.db #0x10	; 16
    000000C6 00                     256 	.db #0x00	; 0
    000000C7 00                     257 	.db #0x00	; 0
    000000C8 00                     258 	.db #0x00	; 0
    000000C9 10                     259 	.db #0x10	; 16
    000000CA 00                     260 	.db #0x00	; 0
    000000CB 08                     261 	.db #0x08	; 8
    000000CC 00                     262 	.db #0x00	; 0
    000000CD 08                     263 	.db #0x08	; 8
    000000CE 00                     264 	.db #0x00	; 0
    000000CF 08                     265 	.db #0x08	; 8
    000000D0 00                     266 	.db #0x00	; 0
    000000D1 08                     267 	.db #0x08	; 8
    000000D2 00                     268 	.db #0x00	; 0
    000000D3 08                     269 	.db #0x08	; 8
    000000D4 00                     270 	.db #0x00	; 0
    000000D5 10                     271 	.db #0x10	; 16
    000000D6 00                     272 	.db #0x00	; 0
    000000D7 00                     273 	.db #0x00	; 0
    000000D8 00                     274 	.db #0x00	; 0
    000000D9 00                     275 	.db #0x00	; 0
    000000DA 00                     276 	.db #0x00	; 0
    000000DB 00                     277 	.db #0x00	; 0
    000000DC 00                     278 	.db #0x00	; 0
    000000DD 00                     279 	.db #0x00	; 0
    000000DE 00                     280 	.db #0x00	; 0
    000000DF 7C                     281 	.db #0x7c	; 124
    000000E0 00                     282 	.db #0x00	; 0
    000000E1 00                     283 	.db #0x00	; 0
    000000E2 00                     284 	.db #0x00	; 0
    000000E3 00                     285 	.db #0x00	; 0
    000000E4 00                     286 	.db #0x00	; 0
    000000E5 00                     287 	.db #0x00	; 0
    000000E6 00                     288 	.db #0x00	; 0
    000000E7 00                     289 	.db #0x00	; 0
    000000E8 00                     290 	.db #0x00	; 0
    000000E9 00                     291 	.db #0x00	; 0
    000000EA 00                     292 	.db #0x00	; 0
    000000EB 00                     293 	.db #0x00	; 0
    000000EC 00                     294 	.db #0x00	; 0
    000000ED 00                     295 	.db #0x00	; 0
    000000EE 00                     296 	.db #0x00	; 0
    000000EF 00                     297 	.db #0x00	; 0
    000000F0 00                     298 	.db #0x00	; 0
    000000F1 00                     299 	.db #0x00	; 0
    000000F2 00                     300 	.db #0x00	; 0
    000000F3 00                     301 	.db #0x00	; 0
    000000F4 00                     302 	.db #0x00	; 0
    000000F5 10                     303 	.db #0x10	; 16
    000000F6 00                     304 	.db #0x00	; 0
    000000F7 00                     305 	.db #0x00	; 0
    000000F8 00                     306 	.db #0x00	; 0
    000000F9 7C                     307 	.db #0x7c	; 124
    000000FA 00                     308 	.db #0x00	; 0
    000000FB 86                     309 	.db #0x86	; 134
    000000FC 00                     310 	.db #0x00	; 0
    000000FD 8A                     311 	.db #0x8a	; 138
    000000FE 00                     312 	.db #0x00	; 0
    000000FF 92                     313 	.db #0x92	; 146
    00000100 00                     314 	.db #0x00	; 0
    00000101 A2                     315 	.db #0xa2	; 162
    00000102 00                     316 	.db #0x00	; 0
    00000103 C2                     317 	.db #0xc2	; 194
    00000104 00                     318 	.db #0x00	; 0
    00000105 7C                     319 	.db #0x7c	; 124
    00000106 00                     320 	.db #0x00	; 0
    00000107 00                     321 	.db #0x00	; 0
    00000108 00                     322 	.db #0x00	; 0
    00000109 18                     323 	.db #0x18	; 24
    0000010A 00                     324 	.db #0x00	; 0
    0000010B 28                     325 	.db #0x28	; 40
    0000010C 00                     326 	.db #0x00	; 0
    0000010D 48                     327 	.db #0x48	; 72	'H'
    0000010E 00                     328 	.db #0x00	; 0
    0000010F 08                     329 	.db #0x08	; 8
    00000110 00                     330 	.db #0x00	; 0
    00000111 08                     331 	.db #0x08	; 8
    00000112 00                     332 	.db #0x00	; 0
    00000113 08                     333 	.db #0x08	; 8
    00000114 00                     334 	.db #0x00	; 0
    00000115 7E                     335 	.db #0x7e	; 126
    00000116 00                     336 	.db #0x00	; 0
    00000117 00                     337 	.db #0x00	; 0
    00000118 00                     338 	.db #0x00	; 0
    00000119 7C                     339 	.db #0x7c	; 124
    0000011A 00                     340 	.db #0x00	; 0
    0000011B 82                     341 	.db #0x82	; 130
    0000011C 00                     342 	.db #0x00	; 0
    0000011D 02                     343 	.db #0x02	; 2
    0000011E 00                     344 	.db #0x00	; 0
    0000011F 1C                     345 	.db #0x1c	; 28
    00000120 00                     346 	.db #0x00	; 0
    00000121 60                     347 	.db #0x60	; 96
    00000122 00                     348 	.db #0x00	; 0
    00000123 80                     349 	.db #0x80	; 128
    00000124 00                     350 	.db #0x00	; 0
    00000125 FE                     351 	.db #0xfe	; 254
    00000126 00                     352 	.db #0x00	; 0
    00000127 00                     353 	.db #0x00	; 0
    00000128 00                     354 	.db #0x00	; 0
    00000129 7C                     355 	.db #0x7c	; 124
    0000012A 00                     356 	.db #0x00	; 0
    0000012B 82                     357 	.db #0x82	; 130
    0000012C 00                     358 	.db #0x00	; 0
    0000012D 02                     359 	.db #0x02	; 2
    0000012E 00                     360 	.db #0x00	; 0
    0000012F 1C                     361 	.db #0x1c	; 28
    00000130 00                     362 	.db #0x00	; 0
    00000131 02                     363 	.db #0x02	; 2
    00000132 00                     364 	.db #0x00	; 0
    00000133 82                     365 	.db #0x82	; 130
    00000134 00                     366 	.db #0x00	; 0
    00000135 7C                     367 	.db #0x7c	; 124
    00000136 00                     368 	.db #0x00	; 0
    00000137 00                     369 	.db #0x00	; 0
    00000138 00                     370 	.db #0x00	; 0
    00000139 18                     371 	.db #0x18	; 24
    0000013A 00                     372 	.db #0x00	; 0
    0000013B 28                     373 	.db #0x28	; 40
    0000013C 00                     374 	.db #0x00	; 0
    0000013D 48                     375 	.db #0x48	; 72	'H'
    0000013E 00                     376 	.db #0x00	; 0
    0000013F 88                     377 	.db #0x88	; 136
    00000140 00                     378 	.db #0x00	; 0
    00000141 FE                     379 	.db #0xfe	; 254
    00000142 00                     380 	.db #0x00	; 0
    00000143 08                     381 	.db #0x08	; 8
    00000144 00                     382 	.db #0x00	; 0
    00000145 08                     383 	.db #0x08	; 8
    00000146 00                     384 	.db #0x00	; 0
    00000147 00                     385 	.db #0x00	; 0
    00000148 00                     386 	.db #0x00	; 0
    00000149 FE                     387 	.db #0xfe	; 254
    0000014A 00                     388 	.db #0x00	; 0
    0000014B 80                     389 	.db #0x80	; 128
    0000014C 00                     390 	.db #0x00	; 0
    0000014D 80                     391 	.db #0x80	; 128
    0000014E 00                     392 	.db #0x00	; 0
    0000014F FC                     393 	.db #0xfc	; 252
    00000150 00                     394 	.db #0x00	; 0
    00000151 02                     395 	.db #0x02	; 2
    00000152 00                     396 	.db #0x00	; 0
    00000153 82                     397 	.db #0x82	; 130
    00000154 00                     398 	.db #0x00	; 0
    00000155 7C                     399 	.db #0x7c	; 124
    00000156 00                     400 	.db #0x00	; 0
    00000157 00                     401 	.db #0x00	; 0
    00000158 00                     402 	.db #0x00	; 0
    00000159 7C                     403 	.db #0x7c	; 124
    0000015A 00                     404 	.db #0x00	; 0
    0000015B 82                     405 	.db #0x82	; 130
    0000015C 00                     406 	.db #0x00	; 0
    0000015D 80                     407 	.db #0x80	; 128
    0000015E 00                     408 	.db #0x00	; 0
    0000015F FC                     409 	.db #0xfc	; 252
    00000160 00                     410 	.db #0x00	; 0
    00000161 82                     411 	.db #0x82	; 130
    00000162 00                     412 	.db #0x00	; 0
    00000163 82                     413 	.db #0x82	; 130
    00000164 00                     414 	.db #0x00	; 0
    00000165 7C                     415 	.db #0x7c	; 124
    00000166 00                     416 	.db #0x00	; 0
    00000167 00                     417 	.db #0x00	; 0
    00000168 00                     418 	.db #0x00	; 0
    00000169 FE                     419 	.db #0xfe	; 254
    0000016A 00                     420 	.db #0x00	; 0
    0000016B 82                     421 	.db #0x82	; 130
    0000016C 00                     422 	.db #0x00	; 0
    0000016D 04                     423 	.db #0x04	; 4
    0000016E 00                     424 	.db #0x00	; 0
    0000016F 1E                     425 	.db #0x1e	; 30
    00000170 00                     426 	.db #0x00	; 0
    00000171 08                     427 	.db #0x08	; 8
    00000172 00                     428 	.db #0x00	; 0
    00000173 08                     429 	.db #0x08	; 8
    00000174 00                     430 	.db #0x00	; 0
    00000175 10                     431 	.db #0x10	; 16
    00000176 00                     432 	.db #0x00	; 0
    00000177 00                     433 	.db #0x00	; 0
    00000178 00                     434 	.db #0x00	; 0
    00000179 7C                     435 	.db #0x7c	; 124
    0000017A 00                     436 	.db #0x00	; 0
    0000017B 82                     437 	.db #0x82	; 130
    0000017C 00                     438 	.db #0x00	; 0
    0000017D 82                     439 	.db #0x82	; 130
    0000017E 00                     440 	.db #0x00	; 0
    0000017F 7C                     441 	.db #0x7c	; 124
    00000180 00                     442 	.db #0x00	; 0
    00000181 82                     443 	.db #0x82	; 130
    00000182 00                     444 	.db #0x00	; 0
    00000183 82                     445 	.db #0x82	; 130
    00000184 00                     446 	.db #0x00	; 0
    00000185 7C                     447 	.db #0x7c	; 124
    00000186 00                     448 	.db #0x00	; 0
    00000187 00                     449 	.db #0x00	; 0
    00000188 00                     450 	.db #0x00	; 0
    00000189 7C                     451 	.db #0x7c	; 124
    0000018A 00                     452 	.db #0x00	; 0
    0000018B 82                     453 	.db #0x82	; 130
    0000018C 00                     454 	.db #0x00	; 0
    0000018D 86                     455 	.db #0x86	; 134
    0000018E 00                     456 	.db #0x00	; 0
    0000018F 7A                     457 	.db #0x7a	; 122	'z'
    00000190 00                     458 	.db #0x00	; 0
    00000191 02                     459 	.db #0x02	; 2
    00000192 00                     460 	.db #0x00	; 0
    00000193 82                     461 	.db #0x82	; 130
    00000194 00                     462 	.db #0x00	; 0
    00000195 7C                     463 	.db #0x7c	; 124
    00000196 00                     464 	.db #0x00	; 0
    00000197 00                     465 	.db #0x00	; 0
    00000198 00                     466 	.db #0x00	; 0
    00000199 00                     467 	.db #0x00	; 0
    0000019A 00                     468 	.db #0x00	; 0
    0000019B 00                     469 	.db #0x00	; 0
    0000019C 00                     470 	.db #0x00	; 0
    0000019D 10                     471 	.db #0x10	; 16
    0000019E 00                     472 	.db #0x00	; 0
    0000019F 00                     473 	.db #0x00	; 0
    000001A0 00                     474 	.db #0x00	; 0
    000001A1 00                     475 	.db #0x00	; 0
    000001A2 00                     476 	.db #0x00	; 0
    000001A3 00                     477 	.db #0x00	; 0
    000001A4 00                     478 	.db #0x00	; 0
    000001A5 10                     479 	.db #0x10	; 16
    000001A6 00                     480 	.db #0x00	; 0
    000001A7 00                     481 	.db #0x00	; 0
    000001A8 00                     482 	.db #0x00	; 0
    000001A9 7C                     483 	.db #0x7c	; 124
    000001AA 00                     484 	.db #0x00	; 0
    000001AB 82                     485 	.db #0x82	; 130
    000001AC 00                     486 	.db #0x00	; 0
    000001AD 02                     487 	.db #0x02	; 2
    000001AE 00                     488 	.db #0x00	; 0
    000001AF 0C                     489 	.db #0x0c	; 12
    000001B0 00                     490 	.db #0x00	; 0
    000001B1 10                     491 	.db #0x10	; 16
    000001B2 00                     492 	.db #0x00	; 0
    000001B3 00                     493 	.db #0x00	; 0
    000001B4 00                     494 	.db #0x00	; 0
    000001B5 10                     495 	.db #0x10	; 16
    000001B6 00                     496 	.db #0x00	; 0
    000001B7 00                     497 	.db #0x00	; 0
    000001B8 00                     498 	.db #0x00	; 0
    000001B9 7C                     499 	.db #0x7c	; 124
    000001BA 00                     500 	.db #0x00	; 0
    000001BB 82                     501 	.db #0x82	; 130
    000001BC 00                     502 	.db #0x00	; 0
    000001BD 82                     503 	.db #0x82	; 130
    000001BE 00                     504 	.db #0x00	; 0
    000001BF FE                     505 	.db #0xfe	; 254
    000001C0 00                     506 	.db #0x00	; 0
    000001C1 82                     507 	.db #0x82	; 130
    000001C2 00                     508 	.db #0x00	; 0
    000001C3 82                     509 	.db #0x82	; 130
    000001C4 00                     510 	.db #0x00	; 0
    000001C5 82                     511 	.db #0x82	; 130
    000001C6 00                     512 	.db #0x00	; 0
    000001C7 00                     513 	.db #0x00	; 0
    000001C8 00                     514 	.db #0x00	; 0
    000001C9 FC                     515 	.db #0xfc	; 252
    000001CA 00                     516 	.db #0x00	; 0
    000001CB 82                     517 	.db #0x82	; 130
    000001CC 00                     518 	.db #0x00	; 0
    000001CD 82                     519 	.db #0x82	; 130
    000001CE 00                     520 	.db #0x00	; 0
    000001CF FC                     521 	.db #0xfc	; 252
    000001D0 00                     522 	.db #0x00	; 0
    000001D1 82                     523 	.db #0x82	; 130
    000001D2 00                     524 	.db #0x00	; 0
    000001D3 82                     525 	.db #0x82	; 130
    000001D4 00                     526 	.db #0x00	; 0
    000001D5 FC                     527 	.db #0xfc	; 252
    000001D6 00                     528 	.db #0x00	; 0
    000001D7 00                     529 	.db #0x00	; 0
    000001D8 00                     530 	.db #0x00	; 0
    000001D9 7C                     531 	.db #0x7c	; 124
    000001DA 00                     532 	.db #0x00	; 0
    000001DB 82                     533 	.db #0x82	; 130
    000001DC 00                     534 	.db #0x00	; 0
    000001DD 80                     535 	.db #0x80	; 128
    000001DE 00                     536 	.db #0x00	; 0
    000001DF 80                     537 	.db #0x80	; 128
    000001E0 00                     538 	.db #0x00	; 0
    000001E1 80                     539 	.db #0x80	; 128
    000001E2 00                     540 	.db #0x00	; 0
    000001E3 82                     541 	.db #0x82	; 130
    000001E4 00                     542 	.db #0x00	; 0
    000001E5 7C                     543 	.db #0x7c	; 124
    000001E6 00                     544 	.db #0x00	; 0
    000001E7 00                     545 	.db #0x00	; 0
    000001E8 00                     546 	.db #0x00	; 0
    000001E9 F8                     547 	.db #0xf8	; 248
    000001EA 00                     548 	.db #0x00	; 0
    000001EB 84                     549 	.db #0x84	; 132
    000001EC 00                     550 	.db #0x00	; 0
    000001ED 82                     551 	.db #0x82	; 130
    000001EE 00                     552 	.db #0x00	; 0
    000001EF 82                     553 	.db #0x82	; 130
    000001F0 00                     554 	.db #0x00	; 0
    000001F1 82                     555 	.db #0x82	; 130
    000001F2 00                     556 	.db #0x00	; 0
    000001F3 84                     557 	.db #0x84	; 132
    000001F4 00                     558 	.db #0x00	; 0
    000001F5 F8                     559 	.db #0xf8	; 248
    000001F6 00                     560 	.db #0x00	; 0
    000001F7 00                     561 	.db #0x00	; 0
    000001F8 00                     562 	.db #0x00	; 0
    000001F9 FE                     563 	.db #0xfe	; 254
    000001FA 00                     564 	.db #0x00	; 0
    000001FB 80                     565 	.db #0x80	; 128
    000001FC 00                     566 	.db #0x00	; 0
    000001FD 80                     567 	.db #0x80	; 128
    000001FE 00                     568 	.db #0x00	; 0
    000001FF F8                     569 	.db #0xf8	; 248
    00000200 00                     570 	.db #0x00	; 0
    00000201 80                     571 	.db #0x80	; 128
    00000202 00                     572 	.db #0x00	; 0
    00000203 80                     573 	.db #0x80	; 128
    00000204 00                     574 	.db #0x00	; 0
    00000205 FE                     575 	.db #0xfe	; 254
    00000206 00                     576 	.db #0x00	; 0
    00000207 00                     577 	.db #0x00	; 0
    00000208 00                     578 	.db #0x00	; 0
    00000209 FE                     579 	.db #0xfe	; 254
    0000020A 00                     580 	.db #0x00	; 0
    0000020B 80                     581 	.db #0x80	; 128
    0000020C 00                     582 	.db #0x00	; 0
    0000020D 80                     583 	.db #0x80	; 128
    0000020E 00                     584 	.db #0x00	; 0
    0000020F F0                     585 	.db #0xf0	; 240
    00000210 00                     586 	.db #0x00	; 0
    00000211 80                     587 	.db #0x80	; 128
    00000212 00                     588 	.db #0x00	; 0
    00000213 80                     589 	.db #0x80	; 128
    00000214 00                     590 	.db #0x00	; 0
    00000215 80                     591 	.db #0x80	; 128
    00000216 00                     592 	.db #0x00	; 0
    00000217 00                     593 	.db #0x00	; 0
    00000218 00                     594 	.db #0x00	; 0
    00000219 7C                     595 	.db #0x7c	; 124
    0000021A 00                     596 	.db #0x00	; 0
    0000021B 82                     597 	.db #0x82	; 130
    0000021C 00                     598 	.db #0x00	; 0
    0000021D 80                     599 	.db #0x80	; 128
    0000021E 00                     600 	.db #0x00	; 0
    0000021F 9E                     601 	.db #0x9e	; 158
    00000220 00                     602 	.db #0x00	; 0
    00000221 82                     603 	.db #0x82	; 130
    00000222 00                     604 	.db #0x00	; 0
    00000223 82                     605 	.db #0x82	; 130
    00000224 00                     606 	.db #0x00	; 0
    00000225 7C                     607 	.db #0x7c	; 124
    00000226 00                     608 	.db #0x00	; 0
    00000227 00                     609 	.db #0x00	; 0
    00000228 00                     610 	.db #0x00	; 0
    00000229 82                     611 	.db #0x82	; 130
    0000022A 00                     612 	.db #0x00	; 0
    0000022B 82                     613 	.db #0x82	; 130
    0000022C 00                     614 	.db #0x00	; 0
    0000022D 82                     615 	.db #0x82	; 130
    0000022E 00                     616 	.db #0x00	; 0
    0000022F FE                     617 	.db #0xfe	; 254
    00000230 00                     618 	.db #0x00	; 0
    00000231 82                     619 	.db #0x82	; 130
    00000232 00                     620 	.db #0x00	; 0
    00000233 82                     621 	.db #0x82	; 130
    00000234 00                     622 	.db #0x00	; 0
    00000235 82                     623 	.db #0x82	; 130
    00000236 00                     624 	.db #0x00	; 0
    00000237 00                     625 	.db #0x00	; 0
    00000238 00                     626 	.db #0x00	; 0
    00000239 FE                     627 	.db #0xfe	; 254
    0000023A 00                     628 	.db #0x00	; 0
    0000023B 10                     629 	.db #0x10	; 16
    0000023C 00                     630 	.db #0x00	; 0
    0000023D 10                     631 	.db #0x10	; 16
    0000023E 00                     632 	.db #0x00	; 0
    0000023F 10                     633 	.db #0x10	; 16
    00000240 00                     634 	.db #0x00	; 0
    00000241 10                     635 	.db #0x10	; 16
    00000242 00                     636 	.db #0x00	; 0
    00000243 10                     637 	.db #0x10	; 16
    00000244 00                     638 	.db #0x00	; 0
    00000245 FE                     639 	.db #0xfe	; 254
    00000246 00                     640 	.db #0x00	; 0
    00000247 00                     641 	.db #0x00	; 0
    00000248 00                     642 	.db #0x00	; 0
    00000249 FE                     643 	.db #0xfe	; 254
    0000024A 00                     644 	.db #0x00	; 0
    0000024B 08                     645 	.db #0x08	; 8
    0000024C 00                     646 	.db #0x00	; 0
    0000024D 08                     647 	.db #0x08	; 8
    0000024E 00                     648 	.db #0x00	; 0
    0000024F 08                     649 	.db #0x08	; 8
    00000250 00                     650 	.db #0x00	; 0
    00000251 08                     651 	.db #0x08	; 8
    00000252 00                     652 	.db #0x00	; 0
    00000253 88                     653 	.db #0x88	; 136
    00000254 00                     654 	.db #0x00	; 0
    00000255 70                     655 	.db #0x70	; 112	'p'
    00000256 00                     656 	.db #0x00	; 0
    00000257 00                     657 	.db #0x00	; 0
    00000258 00                     658 	.db #0x00	; 0
    00000259 82                     659 	.db #0x82	; 130
    0000025A 00                     660 	.db #0x00	; 0
    0000025B 8C                     661 	.db #0x8c	; 140
    0000025C 00                     662 	.db #0x00	; 0
    0000025D B0                     663 	.db #0xb0	; 176
    0000025E 00                     664 	.db #0x00	; 0
    0000025F C0                     665 	.db #0xc0	; 192
    00000260 00                     666 	.db #0x00	; 0
    00000261 B0                     667 	.db #0xb0	; 176
    00000262 00                     668 	.db #0x00	; 0
    00000263 8C                     669 	.db #0x8c	; 140
    00000264 00                     670 	.db #0x00	; 0
    00000265 82                     671 	.db #0x82	; 130
    00000266 00                     672 	.db #0x00	; 0
    00000267 00                     673 	.db #0x00	; 0
    00000268 00                     674 	.db #0x00	; 0
    00000269 80                     675 	.db #0x80	; 128
    0000026A 00                     676 	.db #0x00	; 0
    0000026B 80                     677 	.db #0x80	; 128
    0000026C 00                     678 	.db #0x00	; 0
    0000026D 80                     679 	.db #0x80	; 128
    0000026E 00                     680 	.db #0x00	; 0
    0000026F 80                     681 	.db #0x80	; 128
    00000270 00                     682 	.db #0x00	; 0
    00000271 80                     683 	.db #0x80	; 128
    00000272 00                     684 	.db #0x00	; 0
    00000273 80                     685 	.db #0x80	; 128
    00000274 00                     686 	.db #0x00	; 0
    00000275 FE                     687 	.db #0xfe	; 254
    00000276 00                     688 	.db #0x00	; 0
    00000277 00                     689 	.db #0x00	; 0
    00000278 00                     690 	.db #0x00	; 0
    00000279 82                     691 	.db #0x82	; 130
    0000027A 00                     692 	.db #0x00	; 0
    0000027B C6                     693 	.db #0xc6	; 198
    0000027C 00                     694 	.db #0x00	; 0
    0000027D AA                     695 	.db #0xaa	; 170
    0000027E 00                     696 	.db #0x00	; 0
    0000027F 92                     697 	.db #0x92	; 146
    00000280 00                     698 	.db #0x00	; 0
    00000281 82                     699 	.db #0x82	; 130
    00000282 00                     700 	.db #0x00	; 0
    00000283 82                     701 	.db #0x82	; 130
    00000284 00                     702 	.db #0x00	; 0
    00000285 82                     703 	.db #0x82	; 130
    00000286 00                     704 	.db #0x00	; 0
    00000287 00                     705 	.db #0x00	; 0
    00000288 00                     706 	.db #0x00	; 0
    00000289 82                     707 	.db #0x82	; 130
    0000028A 00                     708 	.db #0x00	; 0
    0000028B C2                     709 	.db #0xc2	; 194
    0000028C 00                     710 	.db #0x00	; 0
    0000028D A2                     711 	.db #0xa2	; 162
    0000028E 00                     712 	.db #0x00	; 0
    0000028F 92                     713 	.db #0x92	; 146
    00000290 00                     714 	.db #0x00	; 0
    00000291 8A                     715 	.db #0x8a	; 138
    00000292 00                     716 	.db #0x00	; 0
    00000293 86                     717 	.db #0x86	; 134
    00000294 00                     718 	.db #0x00	; 0
    00000295 82                     719 	.db #0x82	; 130
    00000296 00                     720 	.db #0x00	; 0
    00000297 00                     721 	.db #0x00	; 0
    00000298 00                     722 	.db #0x00	; 0
    00000299 7C                     723 	.db #0x7c	; 124
    0000029A 00                     724 	.db #0x00	; 0
    0000029B 82                     725 	.db #0x82	; 130
    0000029C 00                     726 	.db #0x00	; 0
    0000029D 82                     727 	.db #0x82	; 130
    0000029E 00                     728 	.db #0x00	; 0
    0000029F 82                     729 	.db #0x82	; 130
    000002A0 00                     730 	.db #0x00	; 0
    000002A1 82                     731 	.db #0x82	; 130
    000002A2 00                     732 	.db #0x00	; 0
    000002A3 82                     733 	.db #0x82	; 130
    000002A4 00                     734 	.db #0x00	; 0
    000002A5 7C                     735 	.db #0x7c	; 124
    000002A6 00                     736 	.db #0x00	; 0
    000002A7 00                     737 	.db #0x00	; 0
    000002A8 00                     738 	.db #0x00	; 0
    000002A9 FC                     739 	.db #0xfc	; 252
    000002AA 00                     740 	.db #0x00	; 0
    000002AB 82                     741 	.db #0x82	; 130
    000002AC 00                     742 	.db #0x00	; 0
    000002AD 82                     743 	.db #0x82	; 130
    000002AE 00                     744 	.db #0x00	; 0
    000002AF 82                     745 	.db #0x82	; 130
    000002B0 00                     746 	.db #0x00	; 0
    000002B1 FC                     747 	.db #0xfc	; 252
    000002B2 00                     748 	.db #0x00	; 0
    000002B3 80                     749 	.db #0x80	; 128
    000002B4 00                     750 	.db #0x00	; 0
    000002B5 80                     751 	.db #0x80	; 128
    000002B6 00                     752 	.db #0x00	; 0
    000002B7 00                     753 	.db #0x00	; 0
    000002B8 00                     754 	.db #0x00	; 0
    000002B9 7C                     755 	.db #0x7c	; 124
    000002BA 00                     756 	.db #0x00	; 0
    000002BB 82                     757 	.db #0x82	; 130
    000002BC 00                     758 	.db #0x00	; 0
    000002BD 82                     759 	.db #0x82	; 130
    000002BE 00                     760 	.db #0x00	; 0
    000002BF 82                     761 	.db #0x82	; 130
    000002C0 00                     762 	.db #0x00	; 0
    000002C1 82                     763 	.db #0x82	; 130
    000002C2 00                     764 	.db #0x00	; 0
    000002C3 8A                     765 	.db #0x8a	; 138
    000002C4 00                     766 	.db #0x00	; 0
    000002C5 7C                     767 	.db #0x7c	; 124
    000002C6 00                     768 	.db #0x00	; 0
    000002C7 06                     769 	.db #0x06	; 6
    000002C8 00                     770 	.db #0x00	; 0
    000002C9 FC                     771 	.db #0xfc	; 252
    000002CA 00                     772 	.db #0x00	; 0
    000002CB 82                     773 	.db #0x82	; 130
    000002CC 00                     774 	.db #0x00	; 0
    000002CD 82                     775 	.db #0x82	; 130
    000002CE 00                     776 	.db #0x00	; 0
    000002CF FC                     777 	.db #0xfc	; 252
    000002D0 00                     778 	.db #0x00	; 0
    000002D1 88                     779 	.db #0x88	; 136
    000002D2 00                     780 	.db #0x00	; 0
    000002D3 84                     781 	.db #0x84	; 132
    000002D4 00                     782 	.db #0x00	; 0
    000002D5 82                     783 	.db #0x82	; 130
    000002D6 00                     784 	.db #0x00	; 0
    000002D7 00                     785 	.db #0x00	; 0
    000002D8 00                     786 	.db #0x00	; 0
    000002D9 7C                     787 	.db #0x7c	; 124
    000002DA 00                     788 	.db #0x00	; 0
    000002DB 82                     789 	.db #0x82	; 130
    000002DC 00                     790 	.db #0x00	; 0
    000002DD 80                     791 	.db #0x80	; 128
    000002DE 00                     792 	.db #0x00	; 0
    000002DF 7C                     793 	.db #0x7c	; 124
    000002E0 00                     794 	.db #0x00	; 0
    000002E1 02                     795 	.db #0x02	; 2
    000002E2 00                     796 	.db #0x00	; 0
    000002E3 82                     797 	.db #0x82	; 130
    000002E4 00                     798 	.db #0x00	; 0
    000002E5 7C                     799 	.db #0x7c	; 124
    000002E6 00                     800 	.db #0x00	; 0
    000002E7 00                     801 	.db #0x00	; 0
    000002E8 00                     802 	.db #0x00	; 0
    000002E9 FE                     803 	.db #0xfe	; 254
    000002EA 00                     804 	.db #0x00	; 0
    000002EB 10                     805 	.db #0x10	; 16
    000002EC 00                     806 	.db #0x00	; 0
    000002ED 10                     807 	.db #0x10	; 16
    000002EE 00                     808 	.db #0x00	; 0
    000002EF 10                     809 	.db #0x10	; 16
    000002F0 00                     810 	.db #0x00	; 0
    000002F1 10                     811 	.db #0x10	; 16
    000002F2 00                     812 	.db #0x00	; 0
    000002F3 10                     813 	.db #0x10	; 16
    000002F4 00                     814 	.db #0x00	; 0
    000002F5 10                     815 	.db #0x10	; 16
    000002F6 00                     816 	.db #0x00	; 0
    000002F7 00                     817 	.db #0x00	; 0
    000002F8 00                     818 	.db #0x00	; 0
    000002F9 82                     819 	.db #0x82	; 130
    000002FA 00                     820 	.db #0x00	; 0
    000002FB 82                     821 	.db #0x82	; 130
    000002FC 00                     822 	.db #0x00	; 0
    000002FD 82                     823 	.db #0x82	; 130
    000002FE 00                     824 	.db #0x00	; 0
    000002FF 82                     825 	.db #0x82	; 130
    00000300 00                     826 	.db #0x00	; 0
    00000301 82                     827 	.db #0x82	; 130
    00000302 00                     828 	.db #0x00	; 0
    00000303 82                     829 	.db #0x82	; 130
    00000304 00                     830 	.db #0x00	; 0
    00000305 7C                     831 	.db #0x7c	; 124
    00000306 00                     832 	.db #0x00	; 0
    00000307 00                     833 	.db #0x00	; 0
    00000308 00                     834 	.db #0x00	; 0
    00000309 82                     835 	.db #0x82	; 130
    0000030A 00                     836 	.db #0x00	; 0
    0000030B 82                     837 	.db #0x82	; 130
    0000030C 00                     838 	.db #0x00	; 0
    0000030D 44                     839 	.db #0x44	; 68	'D'
    0000030E 00                     840 	.db #0x00	; 0
    0000030F 44                     841 	.db #0x44	; 68	'D'
    00000310 00                     842 	.db #0x00	; 0
    00000311 28                     843 	.db #0x28	; 40
    00000312 00                     844 	.db #0x00	; 0
    00000313 28                     845 	.db #0x28	; 40
    00000314 00                     846 	.db #0x00	; 0
    00000315 10                     847 	.db #0x10	; 16
    00000316 00                     848 	.db #0x00	; 0
    00000317 00                     849 	.db #0x00	; 0
    00000318 00                     850 	.db #0x00	; 0
    00000319 82                     851 	.db #0x82	; 130
    0000031A 00                     852 	.db #0x00	; 0
    0000031B 82                     853 	.db #0x82	; 130
    0000031C 00                     854 	.db #0x00	; 0
    0000031D 82                     855 	.db #0x82	; 130
    0000031E 00                     856 	.db #0x00	; 0
    0000031F 44                     857 	.db #0x44	; 68	'D'
    00000320 00                     858 	.db #0x00	; 0
    00000321 54                     859 	.db #0x54	; 84	'T'
    00000322 00                     860 	.db #0x00	; 0
    00000323 54                     861 	.db #0x54	; 84	'T'
    00000324 00                     862 	.db #0x00	; 0
    00000325 38                     863 	.db #0x38	; 56	'8'
    00000326 00                     864 	.db #0x00	; 0
    00000327 00                     865 	.db #0x00	; 0
    00000328 00                     866 	.db #0x00	; 0
    00000329 82                     867 	.db #0x82	; 130
    0000032A 00                     868 	.db #0x00	; 0
    0000032B 44                     869 	.db #0x44	; 68	'D'
    0000032C 00                     870 	.db #0x00	; 0
    0000032D 28                     871 	.db #0x28	; 40
    0000032E 00                     872 	.db #0x00	; 0
    0000032F 10                     873 	.db #0x10	; 16
    00000330 00                     874 	.db #0x00	; 0
    00000331 28                     875 	.db #0x28	; 40
    00000332 00                     876 	.db #0x00	; 0
    00000333 44                     877 	.db #0x44	; 68	'D'
    00000334 00                     878 	.db #0x00	; 0
    00000335 82                     879 	.db #0x82	; 130
    00000336 00                     880 	.db #0x00	; 0
    00000337 00                     881 	.db #0x00	; 0
    00000338 00                     882 	.db #0x00	; 0
    00000339 82                     883 	.db #0x82	; 130
    0000033A 00                     884 	.db #0x00	; 0
    0000033B 44                     885 	.db #0x44	; 68	'D'
    0000033C 00                     886 	.db #0x00	; 0
    0000033D 28                     887 	.db #0x28	; 40
    0000033E 00                     888 	.db #0x00	; 0
    0000033F 10                     889 	.db #0x10	; 16
    00000340 00                     890 	.db #0x00	; 0
    00000341 10                     891 	.db #0x10	; 16
    00000342 00                     892 	.db #0x00	; 0
    00000343 10                     893 	.db #0x10	; 16
    00000344 00                     894 	.db #0x00	; 0
    00000345 10                     895 	.db #0x10	; 16
    00000346 00                     896 	.db #0x00	; 0
    00000347 00                     897 	.db #0x00	; 0
    00000348 00                     898 	.db #0x00	; 0
    00000349 FE                     899 	.db #0xfe	; 254
    0000034A 00                     900 	.db #0x00	; 0
    0000034B 04                     901 	.db #0x04	; 4
    0000034C 00                     902 	.db #0x00	; 0
    0000034D 08                     903 	.db #0x08	; 8
    0000034E 00                     904 	.db #0x00	; 0
    0000034F 10                     905 	.db #0x10	; 16
    00000350 00                     906 	.db #0x00	; 0
    00000351 20                     907 	.db #0x20	; 32
    00000352 00                     908 	.db #0x00	; 0
    00000353 40                     909 	.db #0x40	; 64
    00000354 00                     910 	.db #0x00	; 0
    00000355 FE                     911 	.db #0xfe	; 254
    00000356 00                     912 	.db #0x00	; 0
    00000357 00                     913 	.db #0x00	; 0
    00000358 00                     914 	.db #0x00	; 0
    00000359 00                     915 	.db #0x00	; 0
    0000035A 00                     916 	.db #0x00	; 0
    0000035B 10                     917 	.db #0x10	; 16
    0000035C 00                     918 	.db #0x00	; 0
    0000035D 20                     919 	.db #0x20	; 32
    0000035E 00                     920 	.db #0x00	; 0
    0000035F 20                     921 	.db #0x20	; 32
    00000360 00                     922 	.db #0x00	; 0
    00000361 20                     923 	.db #0x20	; 32
    00000362 00                     924 	.db #0x00	; 0
    00000363 20                     925 	.db #0x20	; 32
    00000364 00                     926 	.db #0x00	; 0
    00000365 20                     927 	.db #0x20	; 32
    00000366 00                     928 	.db #0x00	; 0
    00000367 10                     929 	.db #0x10	; 16
    00000368 00                     930 	.db #0x00	; 0
    00000369 00                     931 	.db #0x00	; 0
    0000036A 00                     932 	.db #0x00	; 0
    0000036B 10                     933 	.db #0x10	; 16
    0000036C 00                     934 	.db #0x00	; 0
    0000036D 08                     935 	.db #0x08	; 8
    0000036E 00                     936 	.db #0x00	; 0
    0000036F 08                     937 	.db #0x08	; 8
    00000370 00                     938 	.db #0x00	; 0
    00000371 08                     939 	.db #0x08	; 8
    00000372 00                     940 	.db #0x00	; 0
    00000373 08                     941 	.db #0x08	; 8
    00000374 00                     942 	.db #0x00	; 0
    00000375 08                     943 	.db #0x08	; 8
    00000376 00                     944 	.db #0x00	; 0
    00000377 10                     945 	.db #0x10	; 16
    00000378                        946 _font_font:
    00000378 01                     947 	.db #0x01	; 1
    00000379r08r00                  948 	.dw _font_table
    0000037B 00 00                  949 	.dw #0x0000
    0000037Dr88r00                  950 	.dw _font_tiles
    0000037F 00                     951 	.db #0x00	; 0
    00000380                        952 _font:
    00000380 2F                     953 	.db #0x2f	; 47
    00000381r88r00                  954 	.dw _font_tiles
    00000383 01                     955 	.db #0x01	; 1
    00000384r00r00                  956 	.dw _font_palettes
    00000386 00 00                  957 	.dw #0x0000
                                    958 	.area _INITIALIZER
                                    959 	.area _CABS (ABS)
