                                      1 ;--------------------------------------------------------
                                      2 ; File Created by SDCC : free open source ISO C Compiler
                                      3 ; Version 4.5.1 #15267 (MINGW64)
                                      4 ;--------------------------------------------------------
                                      5 	.module map_png
                                      6 	
                                      7 ;--------------------------------------------------------
                                      8 ; Public variables in this module
                                      9 ;--------------------------------------------------------
                                     10 	.globl _map
                                     11 	.globl _map_map
                                     12 	.globl b___func_map
                                     13 	.globl ___func_map
                                     14 ;--------------------------------------------------------
                                     15 ; special function registers
                                     16 ;--------------------------------------------------------
                                     17 	.area _HRAM
                                     18 ;--------------------------------------------------------
                                     19 ; ram data
                                     20 ;--------------------------------------------------------
                                     21 	.area _DATA
                                     22 ;--------------------------------------------------------
                                     23 ; ram data
                                     24 ;--------------------------------------------------------
                                     25 	.area _INITIALIZED
                                     26 ;--------------------------------------------------------
                                     27 ; absolute external ram data
                                     28 ;--------------------------------------------------------
                                     29 	.area _DABS (ABS)
                                     30 ;--------------------------------------------------------
                                     31 ; global & static initialisations
                                     32 ;--------------------------------------------------------
                                     33 	.area _HOME
                                     34 	.area _GSINIT
                                     35 	.area _GSFINAL
                                     36 	.area _GSINIT
                                     37 ;--------------------------------------------------------
                                     38 ; Home
                                     39 ;--------------------------------------------------------
                                     40 	.area _HOME
                                     41 	.area _HOME
                                     42 ;--------------------------------------------------------
                                     43 ; code
                                     44 ;--------------------------------------------------------
                                     45 	.area _CODE_255
                                     46 ;../obj/Release/duck/res/map.png.c:12: BANKREF(map)
                                     47 ;	---------------------------------
                                     48 ; Function __func_map
                                     49 ; ---------------------------------
                         000000FF    50 	b___func_map	= 255
    00000000                         51 ___func_map::
                                     52 	.local b___func_map 
                         000000FF    53 	___bank_map = b___func_map 
                                     54 	.globl ___bank_map 
                                     55 	.area _CODE_255
    00000000                         56 _map_map:
    00000000 01                      57 	.db #0x01	; 1
    00000001 01                      58 	.db #0x01	; 1
    00000002 01                      59 	.db #0x01	; 1
    00000003 01                      60 	.db #0x01	; 1
    00000004 01                      61 	.db #0x01	; 1
    00000005 01                      62 	.db #0x01	; 1
    00000006 01                      63 	.db #0x01	; 1
    00000007 01                      64 	.db #0x01	; 1
    00000008 01                      65 	.db #0x01	; 1
    00000009 01                      66 	.db #0x01	; 1
    0000000A 01                      67 	.db #0x01	; 1
    0000000B 01                      68 	.db #0x01	; 1
    0000000C 01                      69 	.db #0x01	; 1
    0000000D 01                      70 	.db #0x01	; 1
    0000000E 01                      71 	.db #0x01	; 1
    0000000F 01                      72 	.db #0x01	; 1
    00000010 01                      73 	.db #0x01	; 1
    00000011 01                      74 	.db #0x01	; 1
    00000012 01                      75 	.db #0x01	; 1
    00000013 01                      76 	.db #0x01	; 1
    00000014 01                      77 	.db #0x01	; 1
    00000015 01                      78 	.db #0x01	; 1
    00000016 01                      79 	.db #0x01	; 1
    00000017 01                      80 	.db #0x01	; 1
    00000018 01                      81 	.db #0x01	; 1
    00000019 01                      82 	.db #0x01	; 1
    0000001A 01                      83 	.db #0x01	; 1
    0000001B 01                      84 	.db #0x01	; 1
    0000001C 01                      85 	.db #0x01	; 1
    0000001D 01                      86 	.db #0x01	; 1
    0000001E 01                      87 	.db #0x01	; 1
    0000001F 01                      88 	.db #0x01	; 1
    00000020 01                      89 	.db #0x01	; 1
    00000021 01                      90 	.db #0x01	; 1
    00000022 01                      91 	.db #0x01	; 1
    00000023 01                      92 	.db #0x01	; 1
    00000024 01                      93 	.db #0x01	; 1
    00000025 01                      94 	.db #0x01	; 1
    00000026 01                      95 	.db #0x01	; 1
    00000027 01                      96 	.db #0x01	; 1
    00000028 01                      97 	.db #0x01	; 1
    00000029 00                      98 	.db #0x00	; 0
    0000002A 00                      99 	.db #0x00	; 0
    0000002B 00                     100 	.db #0x00	; 0
    0000002C 00                     101 	.db #0x00	; 0
    0000002D 00                     102 	.db #0x00	; 0
    0000002E 00                     103 	.db #0x00	; 0
    0000002F 00                     104 	.db #0x00	; 0
    00000030 00                     105 	.db #0x00	; 0
    00000031 00                     106 	.db #0x00	; 0
    00000032 00                     107 	.db #0x00	; 0
    00000033 00                     108 	.db #0x00	; 0
    00000034 00                     109 	.db #0x00	; 0
    00000035 00                     110 	.db #0x00	; 0
    00000036 00                     111 	.db #0x00	; 0
    00000037 00                     112 	.db #0x00	; 0
    00000038 00                     113 	.db #0x00	; 0
    00000039 00                     114 	.db #0x00	; 0
    0000003A 00                     115 	.db #0x00	; 0
    0000003B 00                     116 	.db #0x00	; 0
    0000003C 00                     117 	.db #0x00	; 0
    0000003D 00                     118 	.db #0x00	; 0
    0000003E 00                     119 	.db #0x00	; 0
    0000003F 00                     120 	.db #0x00	; 0
    00000040 00                     121 	.db #0x00	; 0
    00000041 00                     122 	.db #0x00	; 0
    00000042 00                     123 	.db #0x00	; 0
    00000043 00                     124 	.db #0x00	; 0
    00000044 00                     125 	.db #0x00	; 0
    00000045 00                     126 	.db #0x00	; 0
    00000046 00                     127 	.db #0x00	; 0
    00000047 00                     128 	.db #0x00	; 0
    00000048 00                     129 	.db #0x00	; 0
    00000049 00                     130 	.db #0x00	; 0
    0000004A 00                     131 	.db #0x00	; 0
    0000004B 00                     132 	.db #0x00	; 0
    0000004C 00                     133 	.db #0x00	; 0
    0000004D 00                     134 	.db #0x00	; 0
    0000004E 00                     135 	.db #0x00	; 0
    0000004F 01                     136 	.db #0x01	; 1
    00000050 01                     137 	.db #0x01	; 1
    00000051 00                     138 	.db #0x00	; 0
    00000052 00                     139 	.db #0x00	; 0
    00000053 00                     140 	.db #0x00	; 0
    00000054 00                     141 	.db #0x00	; 0
    00000055 00                     142 	.db #0x00	; 0
    00000056 00                     143 	.db #0x00	; 0
    00000057 00                     144 	.db #0x00	; 0
    00000058 00                     145 	.db #0x00	; 0
    00000059 00                     146 	.db #0x00	; 0
    0000005A 00                     147 	.db #0x00	; 0
    0000005B 00                     148 	.db #0x00	; 0
    0000005C 00                     149 	.db #0x00	; 0
    0000005D 00                     150 	.db #0x00	; 0
    0000005E 00                     151 	.db #0x00	; 0
    0000005F 00                     152 	.db #0x00	; 0
    00000060 00                     153 	.db #0x00	; 0
    00000061 00                     154 	.db #0x00	; 0
    00000062 00                     155 	.db #0x00	; 0
    00000063 00                     156 	.db #0x00	; 0
    00000064 00                     157 	.db #0x00	; 0
    00000065 00                     158 	.db #0x00	; 0
    00000066 00                     159 	.db #0x00	; 0
    00000067 00                     160 	.db #0x00	; 0
    00000068 00                     161 	.db #0x00	; 0
    00000069 00                     162 	.db #0x00	; 0
    0000006A 00                     163 	.db #0x00	; 0
    0000006B 00                     164 	.db #0x00	; 0
    0000006C 00                     165 	.db #0x00	; 0
    0000006D 00                     166 	.db #0x00	; 0
    0000006E 00                     167 	.db #0x00	; 0
    0000006F 00                     168 	.db #0x00	; 0
    00000070 00                     169 	.db #0x00	; 0
    00000071 00                     170 	.db #0x00	; 0
    00000072 00                     171 	.db #0x00	; 0
    00000073 00                     172 	.db #0x00	; 0
    00000074 00                     173 	.db #0x00	; 0
    00000075 00                     174 	.db #0x00	; 0
    00000076 00                     175 	.db #0x00	; 0
    00000077 01                     176 	.db #0x01	; 1
    00000078 01                     177 	.db #0x01	; 1
    00000079 00                     178 	.db #0x00	; 0
    0000007A 00                     179 	.db #0x00	; 0
    0000007B 00                     180 	.db #0x00	; 0
    0000007C 00                     181 	.db #0x00	; 0
    0000007D 00                     182 	.db #0x00	; 0
    0000007E 00                     183 	.db #0x00	; 0
    0000007F 00                     184 	.db #0x00	; 0
    00000080 00                     185 	.db #0x00	; 0
    00000081 00                     186 	.db #0x00	; 0
    00000082 00                     187 	.db #0x00	; 0
    00000083 00                     188 	.db #0x00	; 0
    00000084 00                     189 	.db #0x00	; 0
    00000085 00                     190 	.db #0x00	; 0
    00000086 00                     191 	.db #0x00	; 0
    00000087 00                     192 	.db #0x00	; 0
    00000088 00                     193 	.db #0x00	; 0
    00000089 00                     194 	.db #0x00	; 0
    0000008A 00                     195 	.db #0x00	; 0
    0000008B 00                     196 	.db #0x00	; 0
    0000008C 00                     197 	.db #0x00	; 0
    0000008D 00                     198 	.db #0x00	; 0
    0000008E 00                     199 	.db #0x00	; 0
    0000008F 00                     200 	.db #0x00	; 0
    00000090 00                     201 	.db #0x00	; 0
    00000091 00                     202 	.db #0x00	; 0
    00000092 00                     203 	.db #0x00	; 0
    00000093 00                     204 	.db #0x00	; 0
    00000094 00                     205 	.db #0x00	; 0
    00000095 00                     206 	.db #0x00	; 0
    00000096 00                     207 	.db #0x00	; 0
    00000097 00                     208 	.db #0x00	; 0
    00000098 00                     209 	.db #0x00	; 0
    00000099 00                     210 	.db #0x00	; 0
    0000009A 00                     211 	.db #0x00	; 0
    0000009B 00                     212 	.db #0x00	; 0
    0000009C 00                     213 	.db #0x00	; 0
    0000009D 00                     214 	.db #0x00	; 0
    0000009E 00                     215 	.db #0x00	; 0
    0000009F 01                     216 	.db #0x01	; 1
    000000A0 01                     217 	.db #0x01	; 1
    000000A1 00                     218 	.db #0x00	; 0
    000000A2 00                     219 	.db #0x00	; 0
    000000A3 00                     220 	.db #0x00	; 0
    000000A4 00                     221 	.db #0x00	; 0
    000000A5 00                     222 	.db #0x00	; 0
    000000A6 00                     223 	.db #0x00	; 0
    000000A7 00                     224 	.db #0x00	; 0
    000000A8 00                     225 	.db #0x00	; 0
    000000A9 00                     226 	.db #0x00	; 0
    000000AA 00                     227 	.db #0x00	; 0
    000000AB 00                     228 	.db #0x00	; 0
    000000AC 00                     229 	.db #0x00	; 0
    000000AD 00                     230 	.db #0x00	; 0
    000000AE 00                     231 	.db #0x00	; 0
    000000AF 00                     232 	.db #0x00	; 0
    000000B0 00                     233 	.db #0x00	; 0
    000000B1 00                     234 	.db #0x00	; 0
    000000B2 00                     235 	.db #0x00	; 0
    000000B3 00                     236 	.db #0x00	; 0
    000000B4 00                     237 	.db #0x00	; 0
    000000B5 00                     238 	.db #0x00	; 0
    000000B6 00                     239 	.db #0x00	; 0
    000000B7 00                     240 	.db #0x00	; 0
    000000B8 00                     241 	.db #0x00	; 0
    000000B9 00                     242 	.db #0x00	; 0
    000000BA 00                     243 	.db #0x00	; 0
    000000BB 00                     244 	.db #0x00	; 0
    000000BC 00                     245 	.db #0x00	; 0
    000000BD 00                     246 	.db #0x00	; 0
    000000BE 00                     247 	.db #0x00	; 0
    000000BF 00                     248 	.db #0x00	; 0
    000000C0 00                     249 	.db #0x00	; 0
    000000C1 00                     250 	.db #0x00	; 0
    000000C2 00                     251 	.db #0x00	; 0
    000000C3 00                     252 	.db #0x00	; 0
    000000C4 00                     253 	.db #0x00	; 0
    000000C5 00                     254 	.db #0x00	; 0
    000000C6 00                     255 	.db #0x00	; 0
    000000C7 01                     256 	.db #0x01	; 1
    000000C8 01                     257 	.db #0x01	; 1
    000000C9 00                     258 	.db #0x00	; 0
    000000CA 00                     259 	.db #0x00	; 0
    000000CB 00                     260 	.db #0x00	; 0
    000000CC 00                     261 	.db #0x00	; 0
    000000CD 00                     262 	.db #0x00	; 0
    000000CE 00                     263 	.db #0x00	; 0
    000000CF 00                     264 	.db #0x00	; 0
    000000D0 00                     265 	.db #0x00	; 0
    000000D1 00                     266 	.db #0x00	; 0
    000000D2 00                     267 	.db #0x00	; 0
    000000D3 00                     268 	.db #0x00	; 0
    000000D4 00                     269 	.db #0x00	; 0
    000000D5 00                     270 	.db #0x00	; 0
    000000D6 00                     271 	.db #0x00	; 0
    000000D7 00                     272 	.db #0x00	; 0
    000000D8 00                     273 	.db #0x00	; 0
    000000D9 00                     274 	.db #0x00	; 0
    000000DA 00                     275 	.db #0x00	; 0
    000000DB 00                     276 	.db #0x00	; 0
    000000DC 00                     277 	.db #0x00	; 0
    000000DD 00                     278 	.db #0x00	; 0
    000000DE 00                     279 	.db #0x00	; 0
    000000DF 00                     280 	.db #0x00	; 0
    000000E0 00                     281 	.db #0x00	; 0
    000000E1 00                     282 	.db #0x00	; 0
    000000E2 00                     283 	.db #0x00	; 0
    000000E3 00                     284 	.db #0x00	; 0
    000000E4 00                     285 	.db #0x00	; 0
    000000E5 00                     286 	.db #0x00	; 0
    000000E6 00                     287 	.db #0x00	; 0
    000000E7 00                     288 	.db #0x00	; 0
    000000E8 00                     289 	.db #0x00	; 0
    000000E9 00                     290 	.db #0x00	; 0
    000000EA 00                     291 	.db #0x00	; 0
    000000EB 00                     292 	.db #0x00	; 0
    000000EC 00                     293 	.db #0x00	; 0
    000000ED 00                     294 	.db #0x00	; 0
    000000EE 00                     295 	.db #0x00	; 0
    000000EF 01                     296 	.db #0x01	; 1
    000000F0 01                     297 	.db #0x01	; 1
    000000F1 00                     298 	.db #0x00	; 0
    000000F2 00                     299 	.db #0x00	; 0
    000000F3 00                     300 	.db #0x00	; 0
    000000F4 00                     301 	.db #0x00	; 0
    000000F5 00                     302 	.db #0x00	; 0
    000000F6 00                     303 	.db #0x00	; 0
    000000F7 00                     304 	.db #0x00	; 0
    000000F8 00                     305 	.db #0x00	; 0
    000000F9 00                     306 	.db #0x00	; 0
    000000FA 00                     307 	.db #0x00	; 0
    000000FB 00                     308 	.db #0x00	; 0
    000000FC 00                     309 	.db #0x00	; 0
    000000FD 00                     310 	.db #0x00	; 0
    000000FE 00                     311 	.db #0x00	; 0
    000000FF 00                     312 	.db #0x00	; 0
    00000100 00                     313 	.db #0x00	; 0
    00000101 00                     314 	.db #0x00	; 0
    00000102 00                     315 	.db #0x00	; 0
    00000103 00                     316 	.db #0x00	; 0
    00000104 00                     317 	.db #0x00	; 0
    00000105 00                     318 	.db #0x00	; 0
    00000106 00                     319 	.db #0x00	; 0
    00000107 00                     320 	.db #0x00	; 0
    00000108 00                     321 	.db #0x00	; 0
    00000109 00                     322 	.db #0x00	; 0
    0000010A 00                     323 	.db #0x00	; 0
    0000010B 00                     324 	.db #0x00	; 0
    0000010C 00                     325 	.db #0x00	; 0
    0000010D 00                     326 	.db #0x00	; 0
    0000010E 00                     327 	.db #0x00	; 0
    0000010F 00                     328 	.db #0x00	; 0
    00000110 00                     329 	.db #0x00	; 0
    00000111 00                     330 	.db #0x00	; 0
    00000112 00                     331 	.db #0x00	; 0
    00000113 00                     332 	.db #0x00	; 0
    00000114 00                     333 	.db #0x00	; 0
    00000115 00                     334 	.db #0x00	; 0
    00000116 00                     335 	.db #0x00	; 0
    00000117 01                     336 	.db #0x01	; 1
    00000118 01                     337 	.db #0x01	; 1
    00000119 00                     338 	.db #0x00	; 0
    0000011A 00                     339 	.db #0x00	; 0
    0000011B 00                     340 	.db #0x00	; 0
    0000011C 00                     341 	.db #0x00	; 0
    0000011D 00                     342 	.db #0x00	; 0
    0000011E 00                     343 	.db #0x00	; 0
    0000011F 00                     344 	.db #0x00	; 0
    00000120 00                     345 	.db #0x00	; 0
    00000121 00                     346 	.db #0x00	; 0
    00000122 00                     347 	.db #0x00	; 0
    00000123 00                     348 	.db #0x00	; 0
    00000124 00                     349 	.db #0x00	; 0
    00000125 00                     350 	.db #0x00	; 0
    00000126 00                     351 	.db #0x00	; 0
    00000127 00                     352 	.db #0x00	; 0
    00000128 00                     353 	.db #0x00	; 0
    00000129 00                     354 	.db #0x00	; 0
    0000012A 00                     355 	.db #0x00	; 0
    0000012B 00                     356 	.db #0x00	; 0
    0000012C 00                     357 	.db #0x00	; 0
    0000012D 00                     358 	.db #0x00	; 0
    0000012E 00                     359 	.db #0x00	; 0
    0000012F 00                     360 	.db #0x00	; 0
    00000130 00                     361 	.db #0x00	; 0
    00000131 00                     362 	.db #0x00	; 0
    00000132 00                     363 	.db #0x00	; 0
    00000133 00                     364 	.db #0x00	; 0
    00000134 00                     365 	.db #0x00	; 0
    00000135 00                     366 	.db #0x00	; 0
    00000136 00                     367 	.db #0x00	; 0
    00000137 00                     368 	.db #0x00	; 0
    00000138 00                     369 	.db #0x00	; 0
    00000139 00                     370 	.db #0x00	; 0
    0000013A 00                     371 	.db #0x00	; 0
    0000013B 00                     372 	.db #0x00	; 0
    0000013C 00                     373 	.db #0x00	; 0
    0000013D 00                     374 	.db #0x00	; 0
    0000013E 00                     375 	.db #0x00	; 0
    0000013F 01                     376 	.db #0x01	; 1
    00000140 01                     377 	.db #0x01	; 1
    00000141 00                     378 	.db #0x00	; 0
    00000142 00                     379 	.db #0x00	; 0
    00000143 00                     380 	.db #0x00	; 0
    00000144 00                     381 	.db #0x00	; 0
    00000145 00                     382 	.db #0x00	; 0
    00000146 00                     383 	.db #0x00	; 0
    00000147 00                     384 	.db #0x00	; 0
    00000148 00                     385 	.db #0x00	; 0
    00000149 00                     386 	.db #0x00	; 0
    0000014A 00                     387 	.db #0x00	; 0
    0000014B 00                     388 	.db #0x00	; 0
    0000014C 00                     389 	.db #0x00	; 0
    0000014D 00                     390 	.db #0x00	; 0
    0000014E 00                     391 	.db #0x00	; 0
    0000014F 00                     392 	.db #0x00	; 0
    00000150 00                     393 	.db #0x00	; 0
    00000151 00                     394 	.db #0x00	; 0
    00000152 00                     395 	.db #0x00	; 0
    00000153 00                     396 	.db #0x00	; 0
    00000154 00                     397 	.db #0x00	; 0
    00000155 00                     398 	.db #0x00	; 0
    00000156 00                     399 	.db #0x00	; 0
    00000157 00                     400 	.db #0x00	; 0
    00000158 00                     401 	.db #0x00	; 0
    00000159 00                     402 	.db #0x00	; 0
    0000015A 00                     403 	.db #0x00	; 0
    0000015B 00                     404 	.db #0x00	; 0
    0000015C 00                     405 	.db #0x00	; 0
    0000015D 00                     406 	.db #0x00	; 0
    0000015E 00                     407 	.db #0x00	; 0
    0000015F 00                     408 	.db #0x00	; 0
    00000160 00                     409 	.db #0x00	; 0
    00000161 00                     410 	.db #0x00	; 0
    00000162 00                     411 	.db #0x00	; 0
    00000163 00                     412 	.db #0x00	; 0
    00000164 00                     413 	.db #0x00	; 0
    00000165 00                     414 	.db #0x00	; 0
    00000166 00                     415 	.db #0x00	; 0
    00000167 01                     416 	.db #0x01	; 1
    00000168 01                     417 	.db #0x01	; 1
    00000169 00                     418 	.db #0x00	; 0
    0000016A 00                     419 	.db #0x00	; 0
    0000016B 00                     420 	.db #0x00	; 0
    0000016C 00                     421 	.db #0x00	; 0
    0000016D 00                     422 	.db #0x00	; 0
    0000016E 00                     423 	.db #0x00	; 0
    0000016F 00                     424 	.db #0x00	; 0
    00000170 00                     425 	.db #0x00	; 0
    00000171 00                     426 	.db #0x00	; 0
    00000172 00                     427 	.db #0x00	; 0
    00000173 00                     428 	.db #0x00	; 0
    00000174 00                     429 	.db #0x00	; 0
    00000175 00                     430 	.db #0x00	; 0
    00000176 00                     431 	.db #0x00	; 0
    00000177 00                     432 	.db #0x00	; 0
    00000178 00                     433 	.db #0x00	; 0
    00000179 00                     434 	.db #0x00	; 0
    0000017A 00                     435 	.db #0x00	; 0
    0000017B 00                     436 	.db #0x00	; 0
    0000017C 00                     437 	.db #0x00	; 0
    0000017D 00                     438 	.db #0x00	; 0
    0000017E 00                     439 	.db #0x00	; 0
    0000017F 00                     440 	.db #0x00	; 0
    00000180 00                     441 	.db #0x00	; 0
    00000181 00                     442 	.db #0x00	; 0
    00000182 00                     443 	.db #0x00	; 0
    00000183 00                     444 	.db #0x00	; 0
    00000184 00                     445 	.db #0x00	; 0
    00000185 00                     446 	.db #0x00	; 0
    00000186 00                     447 	.db #0x00	; 0
    00000187 00                     448 	.db #0x00	; 0
    00000188 00                     449 	.db #0x00	; 0
    00000189 00                     450 	.db #0x00	; 0
    0000018A 00                     451 	.db #0x00	; 0
    0000018B 00                     452 	.db #0x00	; 0
    0000018C 00                     453 	.db #0x00	; 0
    0000018D 00                     454 	.db #0x00	; 0
    0000018E 00                     455 	.db #0x00	; 0
    0000018F 01                     456 	.db #0x01	; 1
    00000190 01                     457 	.db #0x01	; 1
    00000191 00                     458 	.db #0x00	; 0
    00000192 00                     459 	.db #0x00	; 0
    00000193 00                     460 	.db #0x00	; 0
    00000194 00                     461 	.db #0x00	; 0
    00000195 00                     462 	.db #0x00	; 0
    00000196 00                     463 	.db #0x00	; 0
    00000197 00                     464 	.db #0x00	; 0
    00000198 00                     465 	.db #0x00	; 0
    00000199 00                     466 	.db #0x00	; 0
    0000019A 00                     467 	.db #0x00	; 0
    0000019B 00                     468 	.db #0x00	; 0
    0000019C 00                     469 	.db #0x00	; 0
    0000019D 00                     470 	.db #0x00	; 0
    0000019E 00                     471 	.db #0x00	; 0
    0000019F 00                     472 	.db #0x00	; 0
    000001A0 00                     473 	.db #0x00	; 0
    000001A1 00                     474 	.db #0x00	; 0
    000001A2 00                     475 	.db #0x00	; 0
    000001A3 00                     476 	.db #0x00	; 0
    000001A4 00                     477 	.db #0x00	; 0
    000001A5 00                     478 	.db #0x00	; 0
    000001A6 00                     479 	.db #0x00	; 0
    000001A7 00                     480 	.db #0x00	; 0
    000001A8 00                     481 	.db #0x00	; 0
    000001A9 00                     482 	.db #0x00	; 0
    000001AA 00                     483 	.db #0x00	; 0
    000001AB 00                     484 	.db #0x00	; 0
    000001AC 00                     485 	.db #0x00	; 0
    000001AD 00                     486 	.db #0x00	; 0
    000001AE 00                     487 	.db #0x00	; 0
    000001AF 00                     488 	.db #0x00	; 0
    000001B0 00                     489 	.db #0x00	; 0
    000001B1 00                     490 	.db #0x00	; 0
    000001B2 00                     491 	.db #0x00	; 0
    000001B3 00                     492 	.db #0x00	; 0
    000001B4 00                     493 	.db #0x00	; 0
    000001B5 00                     494 	.db #0x00	; 0
    000001B6 00                     495 	.db #0x00	; 0
    000001B7 01                     496 	.db #0x01	; 1
    000001B8 01                     497 	.db #0x01	; 1
    000001B9 00                     498 	.db #0x00	; 0
    000001BA 00                     499 	.db #0x00	; 0
    000001BB 00                     500 	.db #0x00	; 0
    000001BC 00                     501 	.db #0x00	; 0
    000001BD 00                     502 	.db #0x00	; 0
    000001BE 00                     503 	.db #0x00	; 0
    000001BF 00                     504 	.db #0x00	; 0
    000001C0 00                     505 	.db #0x00	; 0
    000001C1 00                     506 	.db #0x00	; 0
    000001C2 00                     507 	.db #0x00	; 0
    000001C3 00                     508 	.db #0x00	; 0
    000001C4 00                     509 	.db #0x00	; 0
    000001C5 00                     510 	.db #0x00	; 0
    000001C6 00                     511 	.db #0x00	; 0
    000001C7 00                     512 	.db #0x00	; 0
    000001C8 00                     513 	.db #0x00	; 0
    000001C9 00                     514 	.db #0x00	; 0
    000001CA 00                     515 	.db #0x00	; 0
    000001CB 00                     516 	.db #0x00	; 0
    000001CC 00                     517 	.db #0x00	; 0
    000001CD 00                     518 	.db #0x00	; 0
    000001CE 00                     519 	.db #0x00	; 0
    000001CF 00                     520 	.db #0x00	; 0
    000001D0 00                     521 	.db #0x00	; 0
    000001D1 00                     522 	.db #0x00	; 0
    000001D2 00                     523 	.db #0x00	; 0
    000001D3 00                     524 	.db #0x00	; 0
    000001D4 00                     525 	.db #0x00	; 0
    000001D5 00                     526 	.db #0x00	; 0
    000001D6 00                     527 	.db #0x00	; 0
    000001D7 00                     528 	.db #0x00	; 0
    000001D8 00                     529 	.db #0x00	; 0
    000001D9 00                     530 	.db #0x00	; 0
    000001DA 00                     531 	.db #0x00	; 0
    000001DB 00                     532 	.db #0x00	; 0
    000001DC 00                     533 	.db #0x00	; 0
    000001DD 00                     534 	.db #0x00	; 0
    000001DE 00                     535 	.db #0x00	; 0
    000001DF 01                     536 	.db #0x01	; 1
    000001E0 01                     537 	.db #0x01	; 1
    000001E1 00                     538 	.db #0x00	; 0
    000001E2 00                     539 	.db #0x00	; 0
    000001E3 00                     540 	.db #0x00	; 0
    000001E4 00                     541 	.db #0x00	; 0
    000001E5 00                     542 	.db #0x00	; 0
    000001E6 00                     543 	.db #0x00	; 0
    000001E7 00                     544 	.db #0x00	; 0
    000001E8 00                     545 	.db #0x00	; 0
    000001E9 00                     546 	.db #0x00	; 0
    000001EA 00                     547 	.db #0x00	; 0
    000001EB 00                     548 	.db #0x00	; 0
    000001EC 00                     549 	.db #0x00	; 0
    000001ED 00                     550 	.db #0x00	; 0
    000001EE 00                     551 	.db #0x00	; 0
    000001EF 00                     552 	.db #0x00	; 0
    000001F0 00                     553 	.db #0x00	; 0
    000001F1 00                     554 	.db #0x00	; 0
    000001F2 00                     555 	.db #0x00	; 0
    000001F3 00                     556 	.db #0x00	; 0
    000001F4 00                     557 	.db #0x00	; 0
    000001F5 00                     558 	.db #0x00	; 0
    000001F6 00                     559 	.db #0x00	; 0
    000001F7 00                     560 	.db #0x00	; 0
    000001F8 00                     561 	.db #0x00	; 0
    000001F9 00                     562 	.db #0x00	; 0
    000001FA 00                     563 	.db #0x00	; 0
    000001FB 00                     564 	.db #0x00	; 0
    000001FC 00                     565 	.db #0x00	; 0
    000001FD 00                     566 	.db #0x00	; 0
    000001FE 00                     567 	.db #0x00	; 0
    000001FF 00                     568 	.db #0x00	; 0
    00000200 00                     569 	.db #0x00	; 0
    00000201 00                     570 	.db #0x00	; 0
    00000202 00                     571 	.db #0x00	; 0
    00000203 00                     572 	.db #0x00	; 0
    00000204 00                     573 	.db #0x00	; 0
    00000205 00                     574 	.db #0x00	; 0
    00000206 00                     575 	.db #0x00	; 0
    00000207 01                     576 	.db #0x01	; 1
    00000208 01                     577 	.db #0x01	; 1
    00000209 00                     578 	.db #0x00	; 0
    0000020A 00                     579 	.db #0x00	; 0
    0000020B 00                     580 	.db #0x00	; 0
    0000020C 00                     581 	.db #0x00	; 0
    0000020D 00                     582 	.db #0x00	; 0
    0000020E 00                     583 	.db #0x00	; 0
    0000020F 00                     584 	.db #0x00	; 0
    00000210 00                     585 	.db #0x00	; 0
    00000211 00                     586 	.db #0x00	; 0
    00000212 00                     587 	.db #0x00	; 0
    00000213 00                     588 	.db #0x00	; 0
    00000214 00                     589 	.db #0x00	; 0
    00000215 00                     590 	.db #0x00	; 0
    00000216 00                     591 	.db #0x00	; 0
    00000217 00                     592 	.db #0x00	; 0
    00000218 00                     593 	.db #0x00	; 0
    00000219 00                     594 	.db #0x00	; 0
    0000021A 00                     595 	.db #0x00	; 0
    0000021B 00                     596 	.db #0x00	; 0
    0000021C 00                     597 	.db #0x00	; 0
    0000021D 00                     598 	.db #0x00	; 0
    0000021E 00                     599 	.db #0x00	; 0
    0000021F 00                     600 	.db #0x00	; 0
    00000220 00                     601 	.db #0x00	; 0
    00000221 00                     602 	.db #0x00	; 0
    00000222 00                     603 	.db #0x00	; 0
    00000223 00                     604 	.db #0x00	; 0
    00000224 00                     605 	.db #0x00	; 0
    00000225 00                     606 	.db #0x00	; 0
    00000226 00                     607 	.db #0x00	; 0
    00000227 00                     608 	.db #0x00	; 0
    00000228 00                     609 	.db #0x00	; 0
    00000229 00                     610 	.db #0x00	; 0
    0000022A 00                     611 	.db #0x00	; 0
    0000022B 00                     612 	.db #0x00	; 0
    0000022C 00                     613 	.db #0x00	; 0
    0000022D 00                     614 	.db #0x00	; 0
    0000022E 00                     615 	.db #0x00	; 0
    0000022F 01                     616 	.db #0x01	; 1
    00000230 01                     617 	.db #0x01	; 1
    00000231 00                     618 	.db #0x00	; 0
    00000232 00                     619 	.db #0x00	; 0
    00000233 00                     620 	.db #0x00	; 0
    00000234 00                     621 	.db #0x00	; 0
    00000235 00                     622 	.db #0x00	; 0
    00000236 00                     623 	.db #0x00	; 0
    00000237 00                     624 	.db #0x00	; 0
    00000238 00                     625 	.db #0x00	; 0
    00000239 00                     626 	.db #0x00	; 0
    0000023A 00                     627 	.db #0x00	; 0
    0000023B 00                     628 	.db #0x00	; 0
    0000023C 00                     629 	.db #0x00	; 0
    0000023D 00                     630 	.db #0x00	; 0
    0000023E 00                     631 	.db #0x00	; 0
    0000023F 00                     632 	.db #0x00	; 0
    00000240 00                     633 	.db #0x00	; 0
    00000241 00                     634 	.db #0x00	; 0
    00000242 00                     635 	.db #0x00	; 0
    00000243 00                     636 	.db #0x00	; 0
    00000244 00                     637 	.db #0x00	; 0
    00000245 00                     638 	.db #0x00	; 0
    00000246 00                     639 	.db #0x00	; 0
    00000247 00                     640 	.db #0x00	; 0
    00000248 00                     641 	.db #0x00	; 0
    00000249 00                     642 	.db #0x00	; 0
    0000024A 00                     643 	.db #0x00	; 0
    0000024B 00                     644 	.db #0x00	; 0
    0000024C 00                     645 	.db #0x00	; 0
    0000024D 00                     646 	.db #0x00	; 0
    0000024E 00                     647 	.db #0x00	; 0
    0000024F 00                     648 	.db #0x00	; 0
    00000250 00                     649 	.db #0x00	; 0
    00000251 00                     650 	.db #0x00	; 0
    00000252 00                     651 	.db #0x00	; 0
    00000253 00                     652 	.db #0x00	; 0
    00000254 00                     653 	.db #0x00	; 0
    00000255 00                     654 	.db #0x00	; 0
    00000256 00                     655 	.db #0x00	; 0
    00000257 01                     656 	.db #0x01	; 1
    00000258 01                     657 	.db #0x01	; 1
    00000259 00                     658 	.db #0x00	; 0
    0000025A 00                     659 	.db #0x00	; 0
    0000025B 00                     660 	.db #0x00	; 0
    0000025C 00                     661 	.db #0x00	; 0
    0000025D 00                     662 	.db #0x00	; 0
    0000025E 00                     663 	.db #0x00	; 0
    0000025F 00                     664 	.db #0x00	; 0
    00000260 00                     665 	.db #0x00	; 0
    00000261 00                     666 	.db #0x00	; 0
    00000262 00                     667 	.db #0x00	; 0
    00000263 00                     668 	.db #0x00	; 0
    00000264 00                     669 	.db #0x00	; 0
    00000265 00                     670 	.db #0x00	; 0
    00000266 00                     671 	.db #0x00	; 0
    00000267 00                     672 	.db #0x00	; 0
    00000268 00                     673 	.db #0x00	; 0
    00000269 00                     674 	.db #0x00	; 0
    0000026A 00                     675 	.db #0x00	; 0
    0000026B 00                     676 	.db #0x00	; 0
    0000026C 00                     677 	.db #0x00	; 0
    0000026D 00                     678 	.db #0x00	; 0
    0000026E 00                     679 	.db #0x00	; 0
    0000026F 00                     680 	.db #0x00	; 0
    00000270 00                     681 	.db #0x00	; 0
    00000271 00                     682 	.db #0x00	; 0
    00000272 00                     683 	.db #0x00	; 0
    00000273 00                     684 	.db #0x00	; 0
    00000274 00                     685 	.db #0x00	; 0
    00000275 00                     686 	.db #0x00	; 0
    00000276 00                     687 	.db #0x00	; 0
    00000277 00                     688 	.db #0x00	; 0
    00000278 00                     689 	.db #0x00	; 0
    00000279 00                     690 	.db #0x00	; 0
    0000027A 00                     691 	.db #0x00	; 0
    0000027B 00                     692 	.db #0x00	; 0
    0000027C 00                     693 	.db #0x00	; 0
    0000027D 00                     694 	.db #0x00	; 0
    0000027E 00                     695 	.db #0x00	; 0
    0000027F 01                     696 	.db #0x01	; 1
    00000280 01                     697 	.db #0x01	; 1
    00000281 00                     698 	.db #0x00	; 0
    00000282 00                     699 	.db #0x00	; 0
    00000283 00                     700 	.db #0x00	; 0
    00000284 00                     701 	.db #0x00	; 0
    00000285 00                     702 	.db #0x00	; 0
    00000286 00                     703 	.db #0x00	; 0
    00000287 00                     704 	.db #0x00	; 0
    00000288 00                     705 	.db #0x00	; 0
    00000289 00                     706 	.db #0x00	; 0
    0000028A 00                     707 	.db #0x00	; 0
    0000028B 00                     708 	.db #0x00	; 0
    0000028C 00                     709 	.db #0x00	; 0
    0000028D 00                     710 	.db #0x00	; 0
    0000028E 00                     711 	.db #0x00	; 0
    0000028F 00                     712 	.db #0x00	; 0
    00000290 00                     713 	.db #0x00	; 0
    00000291 00                     714 	.db #0x00	; 0
    00000292 00                     715 	.db #0x00	; 0
    00000293 00                     716 	.db #0x00	; 0
    00000294 00                     717 	.db #0x00	; 0
    00000295 00                     718 	.db #0x00	; 0
    00000296 00                     719 	.db #0x00	; 0
    00000297 00                     720 	.db #0x00	; 0
    00000298 00                     721 	.db #0x00	; 0
    00000299 00                     722 	.db #0x00	; 0
    0000029A 00                     723 	.db #0x00	; 0
    0000029B 00                     724 	.db #0x00	; 0
    0000029C 00                     725 	.db #0x00	; 0
    0000029D 00                     726 	.db #0x00	; 0
    0000029E 00                     727 	.db #0x00	; 0
    0000029F 00                     728 	.db #0x00	; 0
    000002A0 00                     729 	.db #0x00	; 0
    000002A1 00                     730 	.db #0x00	; 0
    000002A2 00                     731 	.db #0x00	; 0
    000002A3 00                     732 	.db #0x00	; 0
    000002A4 00                     733 	.db #0x00	; 0
    000002A5 00                     734 	.db #0x00	; 0
    000002A6 00                     735 	.db #0x00	; 0
    000002A7 01                     736 	.db #0x01	; 1
    000002A8 01                     737 	.db #0x01	; 1
    000002A9 01                     738 	.db #0x01	; 1
    000002AA 01                     739 	.db #0x01	; 1
    000002AB 01                     740 	.db #0x01	; 1
    000002AC 01                     741 	.db #0x01	; 1
    000002AD 01                     742 	.db #0x01	; 1
    000002AE 01                     743 	.db #0x01	; 1
    000002AF 01                     744 	.db #0x01	; 1
    000002B0 01                     745 	.db #0x01	; 1
    000002B1 01                     746 	.db #0x01	; 1
    000002B2 01                     747 	.db #0x01	; 1
    000002B3 01                     748 	.db #0x01	; 1
    000002B4 01                     749 	.db #0x01	; 1
    000002B5 01                     750 	.db #0x01	; 1
    000002B6 01                     751 	.db #0x01	; 1
    000002B7 01                     752 	.db #0x01	; 1
    000002B8 01                     753 	.db #0x01	; 1
    000002B9 01                     754 	.db #0x01	; 1
    000002BA 01                     755 	.db #0x01	; 1
    000002BB 01                     756 	.db #0x01	; 1
    000002BC 01                     757 	.db #0x01	; 1
    000002BD 01                     758 	.db #0x01	; 1
    000002BE 01                     759 	.db #0x01	; 1
    000002BF 01                     760 	.db #0x01	; 1
    000002C0 01                     761 	.db #0x01	; 1
    000002C1 01                     762 	.db #0x01	; 1
    000002C2 01                     763 	.db #0x01	; 1
    000002C3 01                     764 	.db #0x01	; 1
    000002C4 01                     765 	.db #0x01	; 1
    000002C5 01                     766 	.db #0x01	; 1
    000002C6 01                     767 	.db #0x01	; 1
    000002C7 01                     768 	.db #0x01	; 1
    000002C8 01                     769 	.db #0x01	; 1
    000002C9 01                     770 	.db #0x01	; 1
    000002CA 01                     771 	.db #0x01	; 1
    000002CB 01                     772 	.db #0x01	; 1
    000002CC 01                     773 	.db #0x01	; 1
    000002CD 01                     774 	.db #0x01	; 1
    000002CE 01                     775 	.db #0x01	; 1
    000002CF 01                     776 	.db #0x01	; 1
    000002D0                        777 _map:
    000002D0r00r00                  778 	.dw _map_map
    000002D2 28 00                  779 	.dw #0x0028
    000002D4 12 00                  780 	.dw #0x0012
    000002D6 00 00                  781 	.dw #0x0000
    000002D8r00                     782 	.byte ___bank_tiles
    000002D9r00r00                  783 	.dw _tiles
    000002DB 00                     784 	.db #0x00	; 0
    000002DC 00 00                  785 	.dw #0x0000
                                    786 	.area _INITIALIZER
                                    787 	.area _CABS (ABS)
