                                      1 ;--------------------------------------------------------
                                      2 ; File Created by SDCC : free open source ISO C Compiler
                                      3 ; Version 4.5.1 #15267 (MINGW64)
                                      4 ;--------------------------------------------------------
                                      5 	.module tiles_png
                                      6 	
                                      7 ;--------------------------------------------------------
                                      8 ; Public variables in this module
                                      9 ;--------------------------------------------------------
                                     10 	.globl _tiles
                                     11 	.globl _tiles_tile_pals
                                     12 	.globl _tiles_tiles
                                     13 	.globl _tiles_palettes
                                     14 	.globl b___func_tiles
                                     15 	.globl ___func_tiles
                                     16 ;--------------------------------------------------------
                                     17 ; special function registers
                                     18 ;--------------------------------------------------------
                                     19 	.area _HRAM
                                     20 ;--------------------------------------------------------
                                     21 ; ram data
                                     22 ;--------------------------------------------------------
                                     23 	.area _DATA
                                     24 ;--------------------------------------------------------
                                     25 ; ram data
                                     26 ;--------------------------------------------------------
                                     27 	.area _INITIALIZED
                                     28 ;--------------------------------------------------------
                                     29 ; absolute external ram data
                                     30 ;--------------------------------------------------------
                                     31 	.area _DABS (ABS)
                                     32 ;--------------------------------------------------------
                                     33 ; global & static initialisations
                                     34 ;--------------------------------------------------------
                                     35 	.area _HOME
                                     36 	.area _GSINIT
                                     37 	.area _GSFINAL
                                     38 	.area _GSINIT
                                     39 ;--------------------------------------------------------
                                     40 ; Home
                                     41 ;--------------------------------------------------------
                                     42 	.area _HOME
                                     43 	.area _HOME
                                     44 ;--------------------------------------------------------
                                     45 ; code
                                     46 ;--------------------------------------------------------
                                     47 	.area _CODE_255
                                     48 ;../obj/Release/duck/res/tiles.png.c:11: BANKREF(tiles)
                                     49 ;	---------------------------------
                                     50 ; Function __func_tiles
                                     51 ; ---------------------------------
                         000000FF    52 	b___func_tiles	= 255
    00000000                         53 ___func_tiles::
                                     54 	.local b___func_tiles 
                         000000FF    55 	___bank_tiles = b___func_tiles 
                                     56 	.globl ___bank_tiles 
                                     57 	.area _CODE_255
    00000000                         58 _tiles_palettes:
    00000000 BC 17                   59 	.dw #0x17bc
    00000002 E7 22                   60 	.dw #0x22e7
    00000004 C4 19                   61 	.dw #0x19c4
    00000006 E0 14                   62 	.dw #0x14e0
    00000008                         63 _tiles_tiles:
    00000008 00                      64 	.db #0x00	; 0
    00000009 00                      65 	.db #0x00	; 0
    0000000A 00                      66 	.db #0x00	; 0
    0000000B 00                      67 	.db #0x00	; 0
    0000000C 00                      68 	.db #0x00	; 0
    0000000D 00                      69 	.db #0x00	; 0
    0000000E 00                      70 	.db #0x00	; 0
    0000000F 00                      71 	.db #0x00	; 0
    00000010 00                      72 	.db #0x00	; 0
    00000011 00                      73 	.db #0x00	; 0
    00000012 00                      74 	.db #0x00	; 0
    00000013 00                      75 	.db #0x00	; 0
    00000014 00                      76 	.db #0x00	; 0
    00000015 00                      77 	.db #0x00	; 0
    00000016 00                      78 	.db #0x00	; 0
    00000017 00                      79 	.db #0x00	; 0
    00000018 CF                      80 	.db #0xcf	; 207
    00000019 20                      81 	.db #0x20	; 32
    0000001A C3                      82 	.db #0xc3	; 195
    0000001B 20                      83 	.db #0x20	; 32
    0000001C 00                      84 	.db #0x00	; 0
    0000001D FF                      85 	.db #0xff	; 255
    0000001E FB                      86 	.db #0xfb	; 251
    0000001F 04                      87 	.db #0x04	; 4
    00000020 F9                      88 	.db #0xf9	; 249
    00000021 04                      89 	.db #0x04	; 4
    00000022 78                      90 	.db #0x78	; 120	'x'
    00000023 04                      91 	.db #0x04	; 4
    00000024 00                      92 	.db #0x00	; 0
    00000025 FF                      93 	.db #0xff	; 255
    00000026 DF                      94 	.db #0xdf	; 223
    00000027 20                      95 	.db #0x20	; 32
    00000028                         96 _tiles_tile_pals:
    00000028 00                      97 	.db #0x00	; 0
    00000029 00                      98 	.db #0x00	; 0
    0000002A                         99 _tiles:
    0000002A 02                     100 	.db #0x02	; 2
    0000002Br08r00                  101 	.dw _tiles_tiles
    0000002D 01                     102 	.db #0x01	; 1
    0000002Er00r00                  103 	.dw _tiles_palettes
    00000030r28r00                  104 	.dw _tiles_tile_pals
                                    105 	.area _INITIALIZER
                                    106 	.area _CABS (ABS)
