                                      1 ;--------------------------------------------------------
                                      2 ; File Created by SDCC : free open source ISO C Compiler
                                      3 ; Version 4.5.1 #15267 (MINGW64)
                                      4 ;--------------------------------------------------------
                                      5 	.module CoroutinesRunner
                                      6 	
                                      7 ;--------------------------------------------------------
                                      8 ; Public variables in this module
                                      9 ;--------------------------------------------------------
                                     10 	.globl _coro_init
                                     11 	.globl _coro_free_ctx
                                     12 	.globl _coro_contexts
                                     13 	.globl _coro_runner_init
                                     14 	.globl _coro_runner_alloc_ex
                                     15 	.globl _coro_runner_free
                                     16 	.globl b_NONE
                                     17 	.globl _NONE
                                     18 ;--------------------------------------------------------
                                     19 ; special function registers
                                     20 ;--------------------------------------------------------
                                     21 	.area _HRAM
                                     22 ;--------------------------------------------------------
                                     23 ; ram data
                                     24 ;--------------------------------------------------------
                                     25 	.area _DATA
    00000000                         26 _coro_contexts::
    00000000                         27 	.ds 1680
                                     28 ;--------------------------------------------------------
                                     29 ; ram data
                                     30 ;--------------------------------------------------------
                                     31 	.area _INITIALIZED
    00000000                         32 _coro_free_ctx::
    00000000                         33 	.ds 2
                                     34 ;--------------------------------------------------------
                                     35 ; absolute external ram data
                                     36 ;--------------------------------------------------------
                                     37 	.area _DABS (ABS)
                                     38 ;--------------------------------------------------------
                                     39 ; global & static initialisations
                                     40 ;--------------------------------------------------------
                                     41 	.area _HOME
                                     42 	.area _GSINIT
                                     43 	.area _GSFINAL
                                     44 	.area _GSINIT
                                     45 ;--------------------------------------------------------
                                     46 ; Home
                                     47 ;--------------------------------------------------------
                                     48 	.area _HOME
                                     49 ;C:/Users/franc/Documents/Projets/Perso/GameBoyProjects/CrossZGB/common/src/CoroutinesRunner.c:31: static void coro_call_handler(void * handler, uint16_t bank, void * data) NONBANKED NAKED {
                                     50 ;	---------------------------------
                                     51 ; Function coro_call_handler
                                     52 ; ---------------------------------
    00000000                         53 _coro_call_handler:
                                     54 ;C:/Users/franc/Documents/Projets/Perso/GameBoyProjects/CrossZGB/common/src/CoroutinesRunner.c:75: __endasm;
    00000000 7A               [ 4]   55 	ld	a, d
    00000001 B3               [ 4]   56 	or	e
    00000002 28 10            [12]   57 	jr	z, 1$
    00000004 F8 02            [12]   58 	ldhl	sp, #2
    00000006 2A               [ 8]   59 	ld	a, (hl+)
    00000007 66               [ 8]   60 	ld	h, (hl)
    00000008 6F               [ 4]   61 	ld	l, a
    00000009 E5               [16]   62 	push	hl
    0000000A 62               [ 4]   63 	ld	h, d
    0000000B 6B               [ 4]   64 	ld	l, e
    0000000C 59               [ 4]   65 	ld	e, c
    0000000D CDr00r00         [24]   66 	call	___sdcc_bcall_ehl
    00000010 E1               [12]   67 	pop	hl
    00000011 E1               [12]   68 	pop	hl
    00000012 C1               [12]   69 	pop	bc
    00000013 E9               [ 4]   70 	jp	(hl)
    00000014                         71 1$:
    00000014 E1               [12]   72 	pop	hl
    00000015 C1               [12]   73 	pop	bc
    00000016 E9               [ 4]   74 	jp	(hl)
                                     75 ;C:/Users/franc/Documents/Projets/Perso/GameBoyProjects/CrossZGB/common/src/CoroutinesRunner.c:76: }
                                     76 ;C:/Users/franc/Documents/Projets/Perso/GameBoyProjects/CrossZGB/common/src/CoroutinesRunner.c:89: static void __initializer__(void) NONBANKED NAKED {
                                     77 ;	---------------------------------
                                     78 ; Function __initializer__
                                     79 ; ---------------------------------
    00000017                         80 ___initializer__:
                                     81 ;C:/Users/franc/Documents/Projets/Perso/GameBoyProjects/CrossZGB/common/src/CoroutinesRunner.c:101: __endasm;
                                     82 ;	we inject the call to the coro_runner_init() in the _GSINIT section,
                                     83 ;	so there will be no need to call it explicitly in the game code
                                     84 	.AREA	_GSINIT
    00000000 CDr00r00         [24]   85 	call	_coro_runner_init
                                     86 ;C:/Users/franc/Documents/Projets/Perso/GameBoyProjects/CrossZGB/common/src/CoroutinesRunner.c:102: }
                                     87 	.area _HOME
                                     88 ;--------------------------------------------------------
                                     89 ; code
                                     90 ;--------------------------------------------------------
                                     91 	.area _CODE
                                     92 ;C:/Users/franc/Documents/Projets/Perso/GameBoyProjects/CrossZGB/common/src/CoroutinesRunner.c:10: void coro_runner_init(void) {
                                     93 ;	---------------------------------
                                     94 ; Function coro_runner_init
                                     95 ; ---------------------------------
    00000000                         96 _coro_runner_init::
                                     97 ;C:/Users/franc/Documents/Projets/Perso/GameBoyProjects/CrossZGB/common/src/CoroutinesRunner.c:11: coro_free_ctx = NULL;
    00000000 AF               [ 4]   98 	xor	a, a
    00000001 21r00r00         [12]   99 	ld	hl, #_coro_free_ctx
    00000004 22               [ 8]  100 	ld	(hl+), a
    00000005 77               [ 8]  101 	ld	(hl), a
                                    102 ;C:/Users/franc/Documents/Projets/Perso/GameBoyProjects/CrossZGB/common/src/CoroutinesRunner.c:12: for (coro_runner_context_t * i = coro_contexts; i != (coro_contexts + CORO_MAX_CONTEXTS); i++) {
    00000006 01r00r00         [12]  103 	ld	bc, #_coro_contexts
    00000009                        104 00103$:
    00000009 3Er90            [ 8]  105 	ld	a, #<((_coro_contexts + 1680))
    0000000B 91               [ 4]  106 	sub	a, c
    0000000C 20 04            [12]  107 	jr	NZ, 00122$
    0000000E 3Es06            [ 8]  108 	ld	a, #>((_coro_contexts + 1680))
    00000010 90               [ 4]  109 	sub	a, b
    00000011 C8               [20]  110 	ret	Z
    00000012                        111 00122$:
                                    112 ;C:/Users/franc/Documents/Projets/Perso/GameBoyProjects/CrossZGB/common/src/CoroutinesRunner.c:13: i->next = coro_free_ctx;
    00000012 21 67 00         [12]  113 	ld	hl, #0x0067
    00000015 09               [ 8]  114 	add	hl, bc
    00000016 FAr00r00         [16]  115 	ld	a, (_coro_free_ctx)
    00000019 22               [ 8]  116 	ld	(hl+), a
    0000001A FAr01r00         [16]  117 	ld	a, (_coro_free_ctx + 1)
    0000001D 77               [ 8]  118 	ld	(hl), a
                                    119 ;C:/Users/franc/Documents/Projets/Perso/GameBoyProjects/CrossZGB/common/src/CoroutinesRunner.c:14: coro_free_ctx = i;
    0000001E 21r00r00         [12]  120 	ld	hl, #_coro_free_ctx
    00000021 79               [ 4]  121 	ld	a, c
    00000022 22               [ 8]  122 	ld	(hl+), a
    00000023 70               [ 8]  123 	ld	(hl), b
                                    124 ;C:/Users/franc/Documents/Projets/Perso/GameBoyProjects/CrossZGB/common/src/CoroutinesRunner.c:12: for (coro_runner_context_t * i = coro_contexts; i != (coro_contexts + CORO_MAX_CONTEXTS); i++) {
    00000024 21 69 00         [12]  125 	ld	hl, #0x0069
    00000027 09               [ 8]  126 	add	hl, bc
    00000028 4D               [ 4]  127 	ld	c, l
    00000029 44               [ 4]  128 	ld	b, h
                                    129 ;C:/Users/franc/Documents/Projets/Perso/GameBoyProjects/CrossZGB/common/src/CoroutinesRunner.c:16: }
    0000002A 18 DD            [12]  130 	jr	00103$
                                    131 ;C:/Users/franc/Documents/Projets/Perso/GameBoyProjects/CrossZGB/common/src/CoroutinesRunner.c:18: void * coro_runner_alloc_ex(coro_t coro, uint8_t coro_bank, void * user_data, coro_t destr, uint8_t destr_bank) {
                                    132 ;	---------------------------------
                                    133 ; Function coro_runner_alloc_ex
                                    134 ; ---------------------------------
    0000002C                        135 _coro_runner_alloc_ex::
    0000002C E8 FB            [16]  136 	add	sp, #-5
    0000002E F8 03            [12]  137 	ldhl	sp,	#3
    00000030 73               [ 8]  138 	ld	(hl), e
    00000031 23               [ 8]  139 	inc	hl
    00000032 72               [ 8]  140 	ld	(hl), d
    00000033 2B               [ 8]  141 	dec	hl
    00000034 2B               [ 8]  142 	dec	hl
    00000035 77               [ 8]  143 	ld	(hl), a
                                    144 ;C:/Users/franc/Documents/Projets/Perso/GameBoyProjects/CrossZGB/common/src/CoroutinesRunner.c:19: if (coro_free_ctx) {
    00000036 21r01r00         [12]  145 	ld	hl, #_coro_free_ctx + 1
    00000039 3A               [ 8]  146 	ld	a, (hl-)
    0000003A B6               [ 8]  147 	or	a, (hl)
    0000003B 28 64            [12]  148 	jr	Z, 00102$
                                    149 ;C:/Users/franc/Documents/Projets/Perso/GameBoyProjects/CrossZGB/common/src/CoroutinesRunner.c:20: coro_runner_context_t * tmp = coro_free_ctx;
    0000003D 7E               [ 8]  150 	ld	a, (hl)
    0000003E F8 00            [12]  151 	ldhl	sp,	#0
    00000040 77               [ 8]  152 	ld	(hl), a
    00000041 FAr01r00         [16]  153 	ld	a, (#_coro_free_ctx + 1)
    00000044 F8 01            [12]  154 	ldhl	sp,	#1
    00000046 77               [ 8]  155 	ld	(hl), a
                                    156 ;C:/Users/franc/Documents/Projets/Perso/GameBoyProjects/CrossZGB/common/src/CoroutinesRunner.c:21: coro_free_ctx = tmp->next;
    00000047 D1               [12]  157 	pop	de
    00000048 D5               [16]  158 	push	de
    00000049 21 67 00         [12]  159 	ld	hl, #0x0067
    0000004C 19               [ 8]  160 	add	hl, de
    0000004D 4D               [ 4]  161 	ld	c, l
    0000004E 44               [ 4]  162 	ld	b, h
    0000004F 59               [ 4]  163 	ld	e, c
    00000050 50               [ 4]  164 	ld	d, b
    00000051 1A               [ 8]  165 	ld	a, (de)
    00000052 21r00r00         [12]  166 	ld	hl, #_coro_free_ctx
    00000055 22               [ 8]  167 	ld	(hl+), a
    00000056 13               [ 8]  168 	inc	de
    00000057 1A               [ 8]  169 	ld	a, (de)
    00000058 77               [ 8]  170 	ld	(hl), a
                                    171 ;C:/Users/franc/Documents/Projets/Perso/GameBoyProjects/CrossZGB/common/src/CoroutinesRunner.c:22: coro_init(&tmp->coro_context, coro, coro_bank, user_data, CORO_STACK_SIZE);
    00000059 D1               [12]  172 	pop	de
    0000005A D5               [16]  173 	push	de
    0000005B 01 60 00         [12]  174 	ld	bc, #0x0060
    0000005E C5               [16]  175 	push	bc
    0000005F F8 09            [12]  176 	ldhl	sp,	#9
    00000061 2A               [ 8]  177 	ld	a, (hl+)
    00000062 4F               [ 4]  178 	ld	c, a
    00000063 46               [ 8]  179 	ld	b, (hl)
    00000064 C5               [16]  180 	push	bc
    00000065 F8 06            [12]  181 	ldhl	sp,	#6
    00000067 2A               [ 8]  182 	ld	a, (hl+)
    00000068 F5               [16]  183 	push	af
    00000069 33               [ 8]  184 	inc	sp
    0000006A 2A               [ 8]  185 	ld	a, (hl+)
    0000006B 4F               [ 4]  186 	ld	c, a
    0000006C 46               [ 8]  187 	ld	b, (hl)
    0000006D CDr00r00         [24]  188 	call	_coro_init
                                    189 ;C:/Users/franc/Documents/Projets/Perso/GameBoyProjects/CrossZGB/common/src/CoroutinesRunner.c:23: tmp->destructor = (uint16_t *)destr;
    00000070 D1               [12]  190 	pop	de
    00000071 D5               [16]  191 	push	de
    00000072 21 62 00         [12]  192 	ld	hl, #0x0062
    00000075 19               [ 8]  193 	add	hl, de
    00000076 4D               [ 4]  194 	ld	c, l
    00000077 44               [ 4]  195 	ld	b, h
    00000078 F8 09            [12]  196 	ldhl	sp,	#9
    0000007A 2A               [ 8]  197 	ld	a, (hl+)
    0000007B 5F               [ 4]  198 	ld	e, a
    0000007C 56               [ 8]  199 	ld	d, (hl)
    0000007D 7B               [ 4]  200 	ld	a, e
    0000007E 02               [ 8]  201 	ld	(bc), a
    0000007F 03               [ 8]  202 	inc	bc
    00000080 7A               [ 4]  203 	ld	a, d
    00000081 02               [ 8]  204 	ld	(bc), a
                                    205 ;C:/Users/franc/Documents/Projets/Perso/GameBoyProjects/CrossZGB/common/src/CoroutinesRunner.c:24: tmp->bank = destr_bank;
    00000082 D1               [12]  206 	pop	de
    00000083 D5               [16]  207 	push	de
    00000084 21 64 00         [12]  208 	ld	hl, #0x0064
    00000087 19               [ 8]  209 	add	hl, de
    00000088 4D               [ 4]  210 	ld	c, l
    00000089 44               [ 4]  211 	ld	b, h
    0000008A F8 0B            [12]  212 	ldhl	sp,	#11
    0000008C 7E               [ 8]  213 	ld	a, (hl)
    0000008D 02               [ 8]  214 	ld	(bc), a
                                    215 ;C:/Users/franc/Documents/Projets/Perso/GameBoyProjects/CrossZGB/common/src/CoroutinesRunner.c:25: tmp->data = user_data;
    0000008E D1               [12]  216 	pop	de
    0000008F D5               [16]  217 	push	de
    00000090 21 65 00         [12]  218 	ld	hl, #0x0065
    00000093 19               [ 8]  219 	add	hl, de
    00000094 4D               [ 4]  220 	ld	c, l
    00000095 44               [ 4]  221 	ld	b, h
    00000096 F8 07            [12]  222 	ldhl	sp,	#7
    00000098 2A               [ 8]  223 	ld	a, (hl+)
    00000099 02               [ 8]  224 	ld	(bc), a
    0000009A 03               [ 8]  225 	inc	bc
    0000009B 7E               [ 8]  226 	ld	a, (hl)
    0000009C 02               [ 8]  227 	ld	(bc), a
                                    228 ;C:/Users/franc/Documents/Projets/Perso/GameBoyProjects/CrossZGB/common/src/CoroutinesRunner.c:26: return tmp;
    0000009D C1               [12]  229 	pop	bc
    0000009E C5               [16]  230 	push	bc
    0000009F 18 03            [12]  231 	jr	00103$
    000000A1                        232 00102$:
                                    233 ;C:/Users/franc/Documents/Projets/Perso/GameBoyProjects/CrossZGB/common/src/CoroutinesRunner.c:28: return NULL;
    000000A1 01 00 00         [12]  234 	ld	bc, #0x0000
    000000A4                        235 00103$:
                                    236 ;C:/Users/franc/Documents/Projets/Perso/GameBoyProjects/CrossZGB/common/src/CoroutinesRunner.c:29: }
    000000A4 E8 05            [16]  237 	add	sp, #5
    000000A6 E1               [12]  238 	pop	hl
    000000A7 E8 05            [16]  239 	add	sp, #5
    000000A9 E9               [ 4]  240 	jp	(hl)
                                    241 ;C:/Users/franc/Documents/Projets/Perso/GameBoyProjects/CrossZGB/common/src/CoroutinesRunner.c:78: void coro_runner_free(void * ctx) {
                                    242 ;	---------------------------------
                                    243 ; Function coro_runner_free
                                    244 ; ---------------------------------
    000000AA                        245 _coro_runner_free::
    000000AA E8 FA            [16]  246 	add	sp, #-6
    000000AC F8 04            [12]  247 	ldhl	sp,	#4
    000000AE 7B               [ 4]  248 	ld	a, e
                                    249 ;C:/Users/franc/Documents/Projets/Perso/GameBoyProjects/CrossZGB/common/src/CoroutinesRunner.c:79: if (!ctx) return;
    000000AF 22               [ 8]  250 	ld	(hl+), a
    000000B0 72               [ 8]  251 	ld	(hl), d
    000000B1 B2               [ 4]  252 	or	a, d
    000000B2 28 64            [12]  253 	jr	Z, 00103$
                                    254 ;C:/Users/franc/Documents/Projets/Perso/GameBoyProjects/CrossZGB/common/src/CoroutinesRunner.c:80: coro_call_handler(((coro_runner_context_t *)ctx)->destructor, ((coro_runner_context_t *)ctx)->bank, ((coro_runner_context_t *)ctx)->data);
    000000B4 F8 04            [12]  255 	ldhl	sp,#4
    000000B6 2A               [ 8]  256 	ld	a, (hl+)
    000000B7 5F               [ 4]  257 	ld	e, a
    000000B8 56               [ 8]  258 	ld	d, (hl)
    000000B9 21 65 00         [12]  259 	ld	hl, #0x0065
    000000BC 19               [ 8]  260 	add	hl, de
    000000BD 2A               [ 8]  261 	ld	a, (hl+)
    000000BE 4F               [ 4]  262 	ld	c, a
    000000BF 46               [ 8]  263 	ld	b, (hl)
    000000C0 F8 04            [12]  264 	ldhl	sp,#4
    000000C2 2A               [ 8]  265 	ld	a, (hl+)
    000000C3 5F               [ 4]  266 	ld	e, a
    000000C4 56               [ 8]  267 	ld	d, (hl)
    000000C5 21 64 00         [12]  268 	ld	hl, #0x0064
    000000C8 19               [ 8]  269 	add	hl, de
    000000C9 5D               [ 4]  270 	ld	e, l
    000000CA 54               [ 4]  271 	ld	d, h
    000000CB 1A               [ 8]  272 	ld	a, (de)
    000000CC F8 00            [12]  273 	ldhl	sp,	#0
    000000CE 22               [ 8]  274 	ld	(hl+), a
    000000CF 36 00            [12]  275 	ld	(hl), #0x00
    000000D1 F8 04            [12]  276 	ldhl	sp,#4
    000000D3 2A               [ 8]  277 	ld	a, (hl+)
    000000D4 5F               [ 4]  278 	ld	e, a
    000000D5 56               [ 8]  279 	ld	d, (hl)
    000000D6 21 62 00         [12]  280 	ld	hl, #0x0062
    000000D9 19               [ 8]  281 	add	hl, de
    000000DA E5               [16]  282 	push	hl
    000000DB 7D               [ 4]  283 	ld	a, l
    000000DC F8 04            [12]  284 	ldhl	sp,	#4
    000000DE 77               [ 8]  285 	ld	(hl), a
    000000DF E1               [12]  286 	pop	hl
    000000E0 7C               [ 4]  287 	ld	a, h
    000000E1 F8 03            [12]  288 	ldhl	sp,	#3
    000000E3 32               [ 8]  289 	ld	(hl-), a
    000000E4 2A               [ 8]  290 	ld	a, (hl+)
    000000E5 5F               [ 4]  291 	ld	e, a
    000000E6 56               [ 8]  292 	ld	d, (hl)
    000000E7 1A               [ 8]  293 	ld	a, (de)
    000000E8 6F               [ 4]  294 	ld	l, a
    000000E9 13               [ 8]  295 	inc	de
    000000EA 1A               [ 8]  296 	ld	a, (de)
    000000EB C5               [16]  297 	push	bc
    000000EC E5               [16]  298 	push	hl
    000000ED F8 04            [12]  299 	ldhl	sp,	#4
    000000EF 4E               [ 8]  300 	ld	c, (hl)
    000000F0 06 00            [ 8]  301 	ld	b, #0x00
    000000F2 E1               [12]  302 	pop	hl
    000000F3 5D               [ 4]  303 	ld	e, l
    000000F4 57               [ 4]  304 	ld	d, a
    000000F5 CDr00r00         [24]  305 	call	_coro_call_handler
                                    306 ;C:/Users/franc/Documents/Projets/Perso/GameBoyProjects/CrossZGB/common/src/CoroutinesRunner.c:81: ((coro_runner_context_t *)ctx)->next = coro_free_ctx;
    000000F8 F8 04            [12]  307 	ldhl	sp,#4
    000000FA 2A               [ 8]  308 	ld	a, (hl+)
    000000FB 5F               [ 4]  309 	ld	e, a
    000000FC 56               [ 8]  310 	ld	d, (hl)
    000000FD 21 67 00         [12]  311 	ld	hl, #0x0067
    00000100 19               [ 8]  312 	add	hl, de
    00000101 4D               [ 4]  313 	ld	c, l
    00000102 44               [ 4]  314 	ld	b, h
    00000103 FAr00r00         [16]  315 	ld	a, (_coro_free_ctx)
    00000106 02               [ 8]  316 	ld	(bc), a
    00000107 03               [ 8]  317 	inc	bc
    00000108 FAr01r00         [16]  318 	ld	a, (_coro_free_ctx + 1)
    0000010B 02               [ 8]  319 	ld	(bc), a
                                    320 ;C:/Users/franc/Documents/Projets/Perso/GameBoyProjects/CrossZGB/common/src/CoroutinesRunner.c:82: coro_free_ctx = (coro_runner_context_t *)ctx;
    0000010C F8 04            [12]  321 	ldhl	sp,	#4
    0000010E 7E               [ 8]  322 	ld	a, (hl)
    0000010F EAr00r00         [16]  323 	ld	(#_coro_free_ctx),a
    00000112 F8 05            [12]  324 	ldhl	sp,	#5
    00000114 7E               [ 8]  325 	ld	a, (hl)
    00000115 EAr01r00         [16]  326 	ld	(#_coro_free_ctx + 1),a
    00000118                        327 00103$:
                                    328 ;C:/Users/franc/Documents/Projets/Perso/GameBoyProjects/CrossZGB/common/src/CoroutinesRunner.c:83: }
    00000118 E8 06            [16]  329 	add	sp, #6
    0000011A C9               [16]  330 	ret
                                    331 ;C:/Users/franc/Documents/Projets/Perso/GameBoyProjects/CrossZGB/common/src/CoroutinesRunner.c:85: void NONE(void * data) BANKED {
                                    332 ;	---------------------------------
                                    333 ; Function NONE
                                    334 ; ---------------------------------
                         00000000   335 	b_NONE	= 0
    0000011B                        336 _NONE::
                                    337 ;C:/Users/franc/Documents/Projets/Perso/GameBoyProjects/CrossZGB/common/src/CoroutinesRunner.c:86: (void)data;
                                    338 ;C:/Users/franc/Documents/Projets/Perso/GameBoyProjects/CrossZGB/common/src/CoroutinesRunner.c:87: }
    0000011B C9               [16]  339 	ret
                                    340 	.area _CODE
                                    341 	.area _INITIALIZER
    00000000                        342 __xinit__coro_free_ctx:
    00000000 00 00                  343 	.dw #0x0000
                                    344 	.area _CABS (ABS)
