                                      1 ;--------------------------------------------------------
                                      2 ; File Created by SDCC : free open source ISO C Compiler
                                      3 ; Version 4.5.1 #15267 (MINGW64)
                                      4 ;--------------------------------------------------------
                                      5 	.module ScrollUpdateTile
                                      6 	
                                      7 ;--------------------------------------------------------
                                      8 ; Public variables in this module
                                      9 ;--------------------------------------------------------
                                     10 	.globl _UPDATE_TILE
                                     11 	.globl _GetTileReplacement
                                     12 	.globl _SpriteManagerAddEx
                                     13 	.globl _set_bkg_tile_xy
                                     14 	.globl _set_vram_byte
                                     15 ;--------------------------------------------------------
                                     16 ; special function registers
                                     17 ;--------------------------------------------------------
                                     18 	.area _HRAM
                                     19 ;--------------------------------------------------------
                                     20 ; ram data
                                     21 ;--------------------------------------------------------
                                     22 	.area _DATA
    00000000                         23 _UPDATE_TILE_replacement_10000_277:
    00000000                         24 	.ds 1
    00000001                         25 _UPDATE_TILE_type_30000_280:
    00000001                         26 	.ds 1
    00000002                         27 _UPDATE_TILE_i_50000_282:
    00000002                         28 	.ds 1
    00000003                         29 _UPDATE_TILE_id_50000_282:
    00000003                         30 	.ds 2
                                     31 ;--------------------------------------------------------
                                     32 ; ram data
                                     33 ;--------------------------------------------------------
                                     34 	.area _INITIALIZED
                                     35 ;--------------------------------------------------------
                                     36 ; absolute external ram data
                                     37 ;--------------------------------------------------------
                                     38 	.area _DABS (ABS)
                                     39 ;--------------------------------------------------------
                                     40 ; global & static initialisations
                                     41 ;--------------------------------------------------------
                                     42 	.area _HOME
                                     43 	.area _GSINIT
                                     44 	.area _GSFINAL
                                     45 	.area _GSINIT
                                     46 ;--------------------------------------------------------
                                     47 ; Home
                                     48 ;--------------------------------------------------------
                                     49 	.area _HOME
                                     50 	.area _HOME
                                     51 ;--------------------------------------------------------
                                     52 ; code
                                     53 ;--------------------------------------------------------
                                     54 	.area _CODE
                                     55 ;C:/Users/franc/Documents/Projets/Perso/GameBoyProjects/CrossZGB/common/src/ScrollUpdateTile.c:15: void UPDATE_TILE(INT16 x, INT16 y) {
                                     56 ;	---------------------------------
                                     57 ; Function UPDATE_TILE
                                     58 ; ---------------------------------
    00000000                         59 _UPDATE_TILE::
    00000000 E8 F8            [16]   60 	add	sp, #-8
    00000002 F8 06            [12]   61 	ldhl	sp,	#6
    00000004 7B               [ 4]   62 	ld	a, e
    00000005 22               [ 8]   63 	ld	(hl+), a
    00000006 72               [ 8]   64 	ld	(hl), d
    00000007 F8 04            [12]   65 	ldhl	sp,	#4
    00000009 79               [ 4]   66 	ld	a, c
    0000000A 22               [ 8]   67 	ld	(hl+), a
                                     68 ;C:/Users/franc/Documents/Projets/Perso/GameBoyProjects/CrossZGB/common/src/ScrollUpdateTile.c:18: if(((UINT16)x >= scroll_tiles_w) || ((UINT16)y >= scroll_tiles_h)) { //This also checks x < 0 || y < 0
    0000000B 78               [ 4]   69 	ld	a, b
    0000000C 22               [ 8]   70 	ld	(hl+), a
    0000000D 2A               [ 8]   71 	ld	a, (hl+)
    0000000E 4F               [ 4]   72 	ld	c, a
    0000000F 46               [ 8]   73 	ld	b, (hl)
    00000010 21r00r00         [12]   74 	ld	hl, #_scroll_tiles_w
    00000013 79               [ 4]   75 	ld	a, c
    00000014 96               [ 8]   76 	sub	a, (hl)
    00000015 23               [ 8]   77 	inc	hl
    00000016 78               [ 4]   78 	ld	a, b
    00000017 9E               [ 8]   79 	sbc	a, (hl)
    00000018 30 0F            [12]   80 	jr	NC, 00109$
    0000001A F8 04            [12]   81 	ldhl	sp,	#4
    0000001C 2A               [ 8]   82 	ld	a, (hl+)
    0000001D 4F               [ 4]   83 	ld	c, a
    0000001E 46               [ 8]   84 	ld	b, (hl)
    0000001F 21r00r00         [12]   85 	ld	hl, #_scroll_tiles_h
    00000022 79               [ 4]   86 	ld	a, c
    00000023 96               [ 8]   87 	sub	a, (hl)
    00000024 23               [ 8]   88 	inc	hl
    00000025 78               [ 4]   89 	ld	a, b
    00000026 9E               [ 8]   90 	sbc	a, (hl)
    00000027 38 07            [12]   91 	jr	C, 00110$
    00000029                         92 00109$:
                                     93 ;C:/Users/franc/Documents/Projets/Perso/GameBoyProjects/CrossZGB/common/src/ScrollUpdateTile.c:19: replacement = 0;
    00000029 AF               [ 4]   94 	xor	a, a
    0000002A EAr00r00         [16]   95 	ld	(#_UPDATE_TILE_replacement_10000_277),a
    0000002D C3r0Er01         [16]   96 	jp	00111$
    00000030                         97 00110$:
                                     98 ;C:/Users/franc/Documents/Projets/Perso/GameBoyProjects/CrossZGB/common/src/ScrollUpdateTile.c:22: replacement = *scroll_ptr;
    00000030 FAr00r00         [16]   99 	ld	a, (_scroll_ptr)
    00000033 21r01r00         [12]  100 	ld	hl, #_scroll_ptr + 1
    00000036 66               [ 8]  101 	ld	h, (hl)
    00000037 6F               [ 4]  102 	ld	l, a
    00000038 7E               [ 8]  103 	ld	a, (hl)
    00000039 EAr00r00         [16]  104 	ld	(#_UPDATE_TILE_replacement_10000_277),a
                                    105 ;C:/Users/franc/Documents/Projets/Perso/GameBoyProjects/CrossZGB/common/src/ScrollUpdateTile.c:23: type = GetTileReplacement(scroll_ptr, &replacement);
    0000003C 01r00r00         [12]  106 	ld	bc, #_UPDATE_TILE_replacement_10000_277
    0000003F FAr00r00         [16]  107 	ld	a, (_scroll_ptr)
    00000042 5F               [ 4]  108 	ld	e, a
    00000043 21r01r00         [12]  109 	ld	hl, #_scroll_ptr + 1
    00000046 56               [ 8]  110 	ld	d, (hl)
    00000047 CDr00r00         [24]  111 	call	_GetTileReplacement
    0000004A 21r01r00         [12]  112 	ld	hl, #_UPDATE_TILE_type_30000_280
    0000004D 77               [ 8]  113 	ld	(hl), a
                                    114 ;C:/Users/franc/Documents/Projets/Perso/GameBoyProjects/CrossZGB/common/src/ScrollUpdateTile.c:24: if(type != 255u) {
    0000004E 7E               [ 8]  115 	ld	a, (hl)
    0000004F 3C               [ 4]  116 	inc	a
    00000050 CAr0Er01         [16]  117 	jp	Z, 00111$
                                    118 ;C:/Users/franc/Documents/Projets/Perso/GameBoyProjects/CrossZGB/common/src/ScrollUpdateTile.c:27: id = SPRITE_UNIQUE_ID(x, y);
    00000053 F8 06            [12]  119 	ldhl	sp,	#6
    00000055 3A               [ 8]  120 	ld	a, (hl-)
    00000056 2B               [ 8]  121 	dec	hl
    00000057 0E 00            [ 8]  122 	ld	c, #0x00
    00000059 46               [ 8]  123 	ld	b, (hl)
    0000005A 1E 00            [ 8]  124 	ld	e, #0x00
    0000005C EAr03r00         [16]  125 	ld	(_UPDATE_TILE_id_50000_282), a
    0000005F 78               [ 4]  126 	ld	a, b
    00000060 EAr04r00         [16]  127 	ld	(_UPDATE_TILE_id_50000_282 + 1), a
                                    128 ;C:/Users/franc/Documents/Projets/Perso/GameBoyProjects/CrossZGB/common/src/ScrollUpdateTile.c:28: for (i = VECTOR_LEN(sprite_manager_updatables); (i); i--) {
    00000063 FAr00r00         [16]  129 	ld	a, (#_sprite_manager_updatables + 0)
    00000066 EAr02r00         [16]  130 	ld	(#_UPDATE_TILE_i_50000_282),a
    00000069                        131 00118$:
    00000069 21r02r00         [12]  132 	ld	hl, #_UPDATE_TILE_i_50000_282
    0000006C 7E               [ 8]  133 	ld	a, (hl)
    0000006D B7               [ 4]  134 	or	a, a
    0000006E 28 39            [12]  135 	jr	Z, 00104$
                                    136 ;C:/Users/franc/Documents/Projets/Perso/GameBoyProjects/CrossZGB/common/src/ScrollUpdateTile.c:29: Sprite* s = sprite_manager_sprites[sprite_manager_updatables[i]];
    00000070 3Er00            [ 8]  137 	ld	a, #<(_sprite_manager_updatables)
    00000072 86               [ 8]  138 	add	a, (hl)
    00000073 4F               [ 4]  139 	ld	c, a
    00000074 3Es00            [ 8]  140 	ld	a, #>(_sprite_manager_updatables)
    00000076 CE 00            [ 8]  141 	adc	a, #0x00
    00000078 47               [ 4]  142 	ld	b, a
    00000079 0A               [ 8]  143 	ld	a, (bc)
    0000007A 26 00            [ 8]  144 	ld	h, #0x00
    0000007C 6F               [ 4]  145 	ld	l, a
    0000007D 29               [ 8]  146 	add	hl, hl
    0000007E 11r00r00         [12]  147 	ld	de, #_sprite_manager_sprites
    00000081 19               [ 8]  148 	add	hl, de
    00000082 2A               [ 8]  149 	ld	a, (hl+)
    00000083 4F               [ 4]  150 	ld	c, a
    00000084 46               [ 8]  151 	ld	b, (hl)
                                    152 ;C:/Users/franc/Documents/Projets/Perso/GameBoyProjects/CrossZGB/common/src/ScrollUpdateTile.c:30: if ((s->type == type) && (s->unique_id == id)) {
    00000085 21 1D 00         [12]  153 	ld	hl, #0x001d
    00000088 09               [ 8]  154 	add	hl, bc
    00000089 7E               [ 8]  155 	ld	a, (hl)
    0000008A 21r01r00         [12]  156 	ld	hl, #_UPDATE_TILE_type_30000_280
    0000008D 96               [ 8]  157 	sub	a, (hl)
    0000008E 20 13            [12]  158 	jr	NZ, 00119$
    00000090 21 1F 00         [12]  159 	ld	hl, #0x001f
    00000093 09               [ 8]  160 	add	hl, bc
    00000094 2A               [ 8]  161 	ld	a, (hl+)
    00000095 4F               [ 4]  162 	ld	c, a
    00000096 46               [ 8]  163 	ld	b, (hl)
    00000097 21r03r00         [12]  164 	ld	hl, #_UPDATE_TILE_id_50000_282
    0000009A 7E               [ 8]  165 	ld	a, (hl)
    0000009B 91               [ 4]  166 	sub	a, c
    0000009C 20 05            [12]  167 	jr	NZ, 00183$
    0000009E 23               [ 8]  168 	inc	hl
    0000009F 7E               [ 8]  169 	ld	a, (hl)
    000000A0 90               [ 4]  170 	sub	a, b
    000000A1 28 06            [12]  171 	jr	Z, 00104$
    000000A3                        172 00183$:
                                    173 ;C:/Users/franc/Documents/Projets/Perso/GameBoyProjects/CrossZGB/common/src/ScrollUpdateTile.c:31: break;
    000000A3                        174 00119$:
                                    175 ;C:/Users/franc/Documents/Projets/Perso/GameBoyProjects/CrossZGB/common/src/ScrollUpdateTile.c:28: for (i = VECTOR_LEN(sprite_manager_updatables); (i); i--) {
    000000A3 21r02r00         [12]  176 	ld	hl, #_UPDATE_TILE_i_50000_282
    000000A6 35               [12]  177 	dec	(hl)
    000000A7 18 C0            [12]  178 	jr	00118$
    000000A9                        179 00104$:
                                    180 ;C:/Users/franc/Documents/Projets/Perso/GameBoyProjects/CrossZGB/common/src/ScrollUpdateTile.c:34: if (i == 0) {
    000000A9 FAr02r00         [16]  181 	ld	a, (#_UPDATE_TILE_i_50000_282)
    000000AC B7               [ 4]  182 	or	a, a
    000000AD 20 5F            [12]  183 	jr	NZ, 00111$
                                    184 ;C:/Users/franc/Documents/Projets/Perso/GameBoyProjects/CrossZGB/common/src/ScrollUpdateTile.c:35: UINT8 __save = CURRENT_BANK;
    000000AF F0r00            [12]  185 	ldh	a, (__current_bank + 0)
    000000B1 F8 03            [12]  186 	ldhl	sp,	#3
    000000B3 77               [ 8]  187 	ld	(hl), a
                                    188 ;C:/Users/franc/Documents/Projets/Perso/GameBoyProjects/CrossZGB/common/src/ScrollUpdateTile.c:36: SWITCH_ROM(spriteDataBanks[type]);
    000000B4 3Er00            [ 8]  189 	ld	a, #<(_spriteDataBanks)
    000000B6 21r01r00         [12]  190 	ld	hl, #_UPDATE_TILE_type_30000_280
    000000B9 86               [ 8]  191 	add	a, (hl)
    000000BA 4F               [ 4]  192 	ld	c, a
    000000BB 3Es00            [ 8]  193 	ld	a, #>(_spriteDataBanks)
    000000BD CE 00            [ 8]  194 	adc	a, #0x00
    000000BF 47               [ 4]  195 	ld	b, a
    000000C0 0A               [ 8]  196 	ld	a, (bc)
    000000C1 E0r00            [12]  197 	ldh	(__current_bank + 0), a
    000000C3 EAr00r00         [16]  198 	ld	(#_rROMB0),a
                                    199 ;C:/Users/franc/Documents/Projets/Perso/GameBoyProjects/CrossZGB/common/src/ScrollUpdateTile.c:37: UINT16 sprite_y = TILE_TO_PX(y + 1) - spriteDatas[type]->height;
    000000C6 F8 04            [12]  200 	ldhl	sp,	#4
    000000C8 2A               [ 8]  201 	ld	a, (hl+)
    000000C9 66               [ 8]  202 	ld	h, (hl)
    000000CA 6F               [ 4]  203 	ld	l, a
    000000CB 23               [ 8]  204 	inc	hl
    000000CC 29               [ 8]  205 	add	hl, hl
    000000CD 29               [ 8]  206 	add	hl, hl
    000000CE 29               [ 8]  207 	add	hl, hl
    000000CF 4D               [ 4]  208 	ld	c, l
    000000D0 44               [ 4]  209 	ld	b, h
    000000D1 FAr01r00         [16]  210 	ld	a, (_UPDATE_TILE_type_30000_280)
    000000D4 26 00            [ 8]  211 	ld	h, #0x00
    000000D6 6F               [ 4]  212 	ld	l, a
    000000D7 29               [ 8]  213 	add	hl, hl
    000000D8 11r00r00         [12]  214 	ld	de, #_spriteDatas
    000000DB 19               [ 8]  215 	add	hl, de
    000000DC 2A               [ 8]  216 	ld	a,	(hl+)
    000000DD 66               [ 8]  217 	ld	h, (hl)
    000000DE 6F               [ 4]  218 	ld	l, a
    000000DF 23               [ 8]  219 	inc	hl
    000000E0 5E               [ 8]  220 	ld	e, (hl)
    000000E1 16 00            [ 8]  221 	ld	d, #0x00
    000000E3 79               [ 4]  222 	ld	a, c
    000000E4 93               [ 4]  223 	sub	a, e
    000000E5 4F               [ 4]  224 	ld	c, a
    000000E6 78               [ 4]  225 	ld	a, b
    000000E7 9A               [ 4]  226 	sbc	a, d
    000000E8 47               [ 4]  227 	ld	b, a
                                    228 ;C:/Users/franc/Documents/Projets/Perso/GameBoyProjects/CrossZGB/common/src/ScrollUpdateTile.c:38: SWITCH_ROM(__save);
    000000E9 F8 03            [12]  229 	ldhl	sp,	#3
    000000EB 7E               [ 8]  230 	ld	a, (hl)
    000000EC E0r00            [12]  231 	ldh	(__current_bank + 0), a
    000000EE 7E               [ 8]  232 	ld	a, (hl)
    000000EF EAr00r00         [16]  233 	ld	(#_rROMB0),a
                                    234 ;C:/Users/franc/Documents/Projets/Perso/GameBoyProjects/CrossZGB/common/src/ScrollUpdateTile.c:39: SpriteManagerAdd(type, TILE_TO_PX(x), sprite_y);
    000000F2 F8 06            [12]  235 	ldhl	sp,	#6
    000000F4 2A               [ 8]  236 	ld	a, (hl+)
    000000F5 5F               [ 4]  237 	ld	e, a
    000000F6 56               [ 8]  238 	ld	d, (hl)
    000000F7 CB 23            [ 8]  239 	sla	e
    000000F9 CB 12            [ 8]  240 	rl	d
    000000FB CB 23            [ 8]  241 	sla	e
    000000FD CB 12            [ 8]  242 	rl	d
    000000FF CB 23            [ 8]  243 	sla	e
    00000101 CB 12            [ 8]  244 	rl	d
    00000103 FAr01r00         [16]  245 	ld	a, (_UPDATE_TILE_type_30000_280)
                                    246 ;C:/Users/franc/Documents/Projets/Perso/GameBoyProjects/CrossZGB/common/include/SpriteManager.h:45: return SpriteManagerAddEx(sprite_type, x, y, NULL);
    00000106 21 00 00         [12]  247 	ld	hl, #0x0000
    00000109 E5               [16]  248 	push	hl
    0000010A C5               [16]  249 	push	bc
    0000010B CDr00r00         [24]  250 	call	_SpriteManagerAddEx
                                    251 ;C:/Users/franc/Documents/Projets/Perso/GameBoyProjects/CrossZGB/common/src/ScrollUpdateTile.c:39: SpriteManagerAdd(type, TILE_TO_PX(x), sprite_y);
    0000010E                        252 00111$:
                                    253 ;C:/Users/franc/Documents/Projets/Perso/GameBoyProjects/CrossZGB/common/src/ScrollUpdateTile.c:44: ScrollSetAttrTileXY(SCREEN_BKG_OFFSET_X + x + scroll_offset_x, y + scroll_offset_y, replacement, ((scroll_cptr) ? *scroll_cptr : scroll_tile_info[replacement]));
    0000010E 21r01r00         [12]  254 	ld	hl, #_scroll_cptr + 1
    00000111 3A               [ 8]  255 	ld	a, (hl-)
    00000112 B6               [ 8]  256 	or	a, (hl)
    00000113 28 06            [12]  257 	jr	Z, 00122$
    00000115 2A               [ 8]  258 	ld	a, (hl+)
    00000116 66               [ 8]  259 	ld	h, (hl)
    00000117 6F               [ 4]  260 	ld	l, a
    00000118 7E               [ 8]  261 	ld	a, (hl)
    00000119 18 0D            [12]  262 	jr	00123$
    0000011B                        263 00122$:
    0000011B 3Er00            [ 8]  264 	ld	a, #<(_scroll_tile_info)
    0000011D 21r00r00         [12]  265 	ld	hl, #_UPDATE_TILE_replacement_10000_277
    00000120 86               [ 8]  266 	add	a, (hl)
    00000121 4F               [ 4]  267 	ld	c, a
    00000122 3Es00            [ 8]  268 	ld	a, #>(_scroll_tile_info)
    00000124 CE 00            [ 8]  269 	adc	a, #0x00
    00000126 47               [ 4]  270 	ld	b, a
    00000127 0A               [ 8]  271 	ld	a, (bc)
    00000128                        272 00123$:
    00000128 F8 00            [12]  273 	ldhl	sp,	#0
    0000012A 77               [ 8]  274 	ld	(hl), a
    0000012B FAr00r00         [16]  275 	ld	a, (#_UPDATE_TILE_replacement_10000_277)
    0000012E F8 01            [12]  276 	ldhl	sp,	#1
    00000130 77               [ 8]  277 	ld	(hl), a
    00000131 F8 04            [12]  278 	ldhl	sp,	#4
    00000133 3A               [ 8]  279 	ld	a, (hl-)
    00000134 77               [ 8]  280 	ld	(hl), a
    00000135 FAr00r00         [16]  281 	ld	a, (_scroll_offset_y)
    00000138 86               [ 8]  282 	add	a, (hl)
    00000139 2B               [ 8]  283 	dec	hl
    0000013A 77               [ 8]  284 	ld	(hl), a
    0000013B F8 06            [12]  285 	ldhl	sp,	#6
    0000013D 7E               [ 8]  286 	ld	a, (hl)
    0000013E F8 03            [12]  287 	ldhl	sp,	#3
    00000140 77               [ 8]  288 	ld	(hl), a
    00000141 FAr00r00         [16]  289 	ld	a, (_scroll_offset_x)
    00000144 86               [ 8]  290 	add	a, (hl)
                                    291 ;C:/Users/franc/Documents/Projets/Perso/GameBoyProjects/CrossZGB/common/include/Scroll.h:181: UINT8* addr = set_bkg_tile_xy(x, y, t);
    00000145 2B               [ 8]  292 	dec	hl
    00000146 2B               [ 8]  293 	dec	hl
    00000147 66               [ 8]  294 	ld	h, (hl)
    00000148 E5               [16]  295 	push	hl
    00000149 33               [ 8]  296 	inc	sp
    0000014A F8 03            [12]  297 	ldhl	sp,	#3
    0000014C 5E               [ 8]  298 	ld	e, (hl)
    0000014D CDr00r00         [24]  299 	call	_set_bkg_tile_xy
                                    300 ;C:/Users/franc/Documents/Projets/Perso/GameBoyProjects/CrossZGB/common/include/Scroll.h:183: if (_cpu == CGB_TYPE) {
    00000150 FAr00r00         [16]  301 	ld	a, (#__cpu)
    00000153 D6 11            [ 8]  302 	sub	a, #0x11
    00000155 20 0F            [12]  303 	jr	NZ, 00120$
                                    304 ;C:/Users/franc/Documents/Projets/Perso/GameBoyProjects/CrossZGB/common/include/Scroll.h:184: VBK_REG = 1;
    00000157 3E 01            [ 8]  305 	ld	a, #0x01
    00000159 E0r00            [12]  306 	ldh	(_VBK_REG + 0), a
                                    307 ;C:/Users/franc/Documents/Projets/Perso/GameBoyProjects/CrossZGB/common/include/Scroll.h:185: set_vram_byte(addr, c);
    0000015B F8 00            [12]  308 	ldhl	sp,	#0
    0000015D 7E               [ 8]  309 	ld	a, (hl)
    0000015E 59               [ 4]  310 	ld	e, c
    0000015F 50               [ 4]  311 	ld	d, b
    00000160 CDr00r00         [24]  312 	call	_set_vram_byte
                                    313 ;C:/Users/franc/Documents/Projets/Perso/GameBoyProjects/CrossZGB/common/include/Scroll.h:186: VBK_REG = 0;
    00000163 AF               [ 4]  314 	xor	a, a
    00000164 E0r00            [12]  315 	ldh	(_VBK_REG + 0), a
                                    316 ;C:/Users/franc/Documents/Projets/Perso/GameBoyProjects/CrossZGB/common/src/ScrollUpdateTile.c:44: ScrollSetAttrTileXY(SCREEN_BKG_OFFSET_X + x + scroll_offset_x, y + scroll_offset_y, replacement, ((scroll_cptr) ? *scroll_cptr : scroll_tile_info[replacement]));
    00000166                        317 00120$:
                                    318 ;C:/Users/franc/Documents/Projets/Perso/GameBoyProjects/CrossZGB/common/src/ScrollUpdateTile.c:45: }
    00000166 E8 08            [16]  319 	add	sp, #8
    00000168 C9               [16]  320 	ret
                                    321 	.area _CODE
                                    322 	.area _INITIALIZER
                                    323 	.area _CABS (ABS)
